[fold_2] 0,0.296991,1.022486,1.023342
[fold_2] 1,0.978445,1.020331,1.021195
[fold_2] 25,1.029660,0.910132,0.910871
[fold_2] 50,0.588355,0.642183,0.641766
[fold_2] 75,0.021603,0.336476,0.334868
[fold_2] 100,0.024992,0.252287,0.249812
[fold_2] 125,0.130663,0.213454,0.210435
[fold_2] 150,0.004375,0.184891,0.182477
[fold_2] 175,0.057943,0.167675,0.164102
[fold_2] 200,0.000804,0.146312,0.142557
[fold_2] 225,0.012340,0.163415,0.160890
[fold_2] 250,0.017887,0.129390,0.126293
[fold_2] 275,0.027784,0.146685,0.143500
[fold_2] 300,0.011278,0.112185,0.108198
[fold_2] 325,0.013319,0.097994,0.093962
[fold_2] 350,0.014867,0.099466,0.095461
[fold_2] 375,0.024648,0.098141,0.094124
[fold_2] 400,0.002712,0.090939,0.086750
[fold_2] 425,0.002675,0.098982,0.095275
[fold_2] 450,0.039033,0.093492,0.089550
[fold_2] 475,0.038597,0.089737,0.085637
[fold_2] 500,0.012203,0.089021,0.084853
[fold_2] 525,0.105830,0.089307,0.084998
[fold_2] 550,0.017693,0.085746,0.081496
[fold_2] 575,0.025530,0.098108,0.094805
[fold_2] 600,0.036289,0.090265,0.086053
[fold_2] 625,0.002032,0.087222,0.083158
[fold_2] 650,0.009138,0.081198,0.077069
[fold_2] 675,0.005879,0.083964,0.079983
[fold_2] 700,0.011842,0.079515,0.075261
[fold_2] 725,0.003533,0.081258,0.077127
[fold_2] 750,0.014387,0.079571,0.075390
[fold_2] 775,0.011726,0.080045,0.075973
[fold_2] 800,0.022585,0.076495,0.072248
[fold_2] 825,0.002662,0.076148,0.071726
[fold_2] 850,0.011218,0.075247,0.070772
[fold_2] 875,0.003220,0.075231,0.070882
[fold_2] 900,0.001948,0.074364,0.069893
[fold_2] 925,0.000468,0.074237,0.069756
[fold_2] 950,0.026625,0.077611,0.073397
[fold_2] 975,0.009051,0.073290,0.068893
[fold_2] 1000,0.001329,0.074508,0.070076
[fold_2] 1025,0.004928,0.073489,0.069049
[fold_2] 1050,0.006543,0.073499,0.069031
[fold_2] 1075,0.011104,0.072542,0.068125
[fold_2] 1100,0.001880,0.072877,0.068465
[fold_2] 1125,0.001635,0.072134,0.067678
[fold_2] 1150,0.165813,0.072769,0.068359
[fold_2] 1175,0.000503,0.071604,0.067093
[fold_2] 1200,0.004375,0.072752,0.068230
[fold_2] 1225,0.001146,0.072921,0.068572
[fold_2] 1250,0.001441,0.071205,0.066629
[fold_2] 1275,0.005316,0.071261,0.066693
[fold_2] 1300,0.009233,0.070885,0.066310
[fold_2] 1325,0.013649,0.071073,0.066574
[fold_2] 1350,0.000534,0.073720,0.069334
[fold_2] 1375,0.003096,0.071216,0.066657
[fold_2] 1400,0.000867,0.070723,0.066126
[fold_2] 1425,0.002178,0.070242,0.065635
[fold_2] 1450,0.002417,0.070248,0.065654
[fold_2] 1475,0.012959,0.070324,0.065732
[fold_2] 1500,0.004331,0.070259,0.065634
[fold_2] 1525,0.050157,0.069972,0.065358
[fold_2] 1550,0.001342,0.069891,0.065284
[fold_2] 1575,0.001609,0.069874,0.065273
[fold_2] 1600,0.004799,0.070297,0.065731
[fold_2] 1625,0.006718,0.069821,0.065199
[fold_2] 1650,0.000676,0.069801,0.065181
[fold_2] 1675,0.035323,0.069702,0.065075
[fold_2] 1700,0.001454,0.069681,0.065072
[fold_2] 1725,0.001204,0.070013,0.065437
[fold_2] 1750,0.022171,0.069654,0.065047
[fold_2] 1775,0.015244,0.069624,0.065022
[fold_2] 1800,0.004466,0.069611,0.065001
[fold_2] 1825,0.005396,0.069581,0.064978
[fold_2] 1850,0.002429,0.069839,0.065248
[fold_2] 1875,0.001500,0.069574,0.064952
[fold_2] 1900,0.004751,0.069313,0.064710
[fold_2] 1925,0.025646,0.069404,0.064796
[fold_2] 1950,0.008524,0.069391,0.064776
[fold_2] 1975,0.011989,0.069323,0.064689
[fold_2] 2000,0.014095,0.069191,0.064559
[fold_2] 2025,0.010200,0.069155,0.064546
[fold_2] 2050,0.010741,0.069452,0.064874
[fold_2] 2075,0.001477,0.069146,0.064527
[fold_2] 2100,0.011865,0.069433,0.064846
[fold_2] 2125,0.001318,0.069305,0.064699
[fold_2] 2150,0.001490,0.068980,0.064350
[fold_2] 2175,0.013090,0.069088,0.064468
[fold_2] 2200,0.015602,0.069192,0.064584
[fold_2] 2225,0.013388,0.069220,0.064600
[fold_2] 2250,0.004518,0.068874,0.064240
[fold_2] 2275,0.001405,0.068782,0.064137
[fold_2] 2300,0.005534,0.068810,0.064182
[fold_2] 2325,0.004362,0.068760,0.064137
[fold_2] 2350,0.000655,0.068718,0.064081
[fold_2] 2375,0.002129,0.068737,0.064084
[fold_2] 2400,0.004405,0.068664,0.064033
[fold_2] 2425,0.000568,0.068694,0.064048
[fold_2] 2450,0.004274,0.068633,0.063997
[fold_2] 2475,0.007798,0.068599,0.063959
[fold_2] 2500,0.005850,0.068661,0.063999
[fold_2] 2525,0.004627,0.068568,0.063907
[fold_2] 2550,0.014930,0.068685,0.064048
[fold_2] 2575,0.001366,0.068611,0.063957
[fold_2] 2600,0.051533,0.068615,0.063950
[fold_2] 2625,0.001230,0.068540,0.063868
[fold_2] 2650,0.001352,0.068568,0.063892
[fold_2] 2675,0.006048,0.068526,0.063865
[fold_2] 2700,0.004021,0.068455,0.063799
[fold_2] 2725,0.001311,0.068454,0.063802
[fold_2] 2750,0.004574,0.068453,0.063811
[fold_2] 2775,0.002220,0.068517,0.063878
[fold_2] 2800,0.002000,0.068426,0.063774
[fold_2] 2825,0.049664,0.068392,0.063748
[fold_2] 2850,0.001223,0.068548,0.063924
[fold_2] 2875,0.004949,0.068375,0.063727
[fold_2] 2900,0.004751,0.068432,0.063796
[fold_2] 2925,0.000550,0.068426,0.063793
[fold_2] 2950,0.000479,0.068381,0.063749
[fold_2] 2975,0.000499,0.068487,0.063852
[fold_2] 3000,0.000690,0.068423,0.063778
[fold_2] 3025,0.000936,0.068371,0.063720
[fold_2] 3050,0.077147,0.068298,0.063648
[fold_2] 3075,0.002810,0.068281,0.063643
[fold_2] 3100,0.035598,0.068232,0.063580
[fold_2] 3125,0.002891,0.068225,0.063569
[fold_2] 3150,0.001919,0.068236,0.063584
[fold_2] 3175,0.004915,0.068256,0.063602
[fold_2] 3200,0.018238,0.068189,0.063521
[fold_2] 3225,0.002257,0.068167,0.063509
[fold_2] 3250,0.017347,0.068142,0.063494
[fold_2] 3275,0.004243,0.068133,0.063481
[fold_2] 3300,0.007500,0.068144,0.063486
[fold_2] 3325,0.005872,0.068221,0.063568
[fold_2] 3350,0.005261,0.068116,0.063448
[fold_2] 3375,0.007358,0.068216,0.063551
[fold_2] 3400,0.008216,0.068143,0.063464
[fold_2] 3425,0.004934,0.068098,0.063438
[fold_2] 3450,0.004842,0.068067,0.063408
[fold_2] 3475,0.001625,0.068069,0.063416
[fold_2] 3500,0.058650,0.068029,0.063369
[fold_2] 3525,0.002340,0.068001,0.063338
[fold_2] 3550,0.004823,0.068006,0.063342
[fold_2] 3575,0.010366,0.068018,0.063352
[fold_2] 3600,0.005332,0.068137,0.063484
[fold_2] 3625,0.001005,0.067954,0.063284
[fold_2] 3650,0.000771,0.067929,0.063253
[fold_2] 3675,0.036072,0.067940,0.063252
[fold_2] 3700,0.000626,0.067968,0.063307
[fold_2] 3725,0.002837,0.067885,0.063223
[fold_2] 3750,0.017020,0.067871,0.063216
[fold_2] 3775,0.005612,0.067850,0.063191
[fold_2] 3800,0.025988,0.067870,0.063207
[fold_2] 3825,0.017088,0.067914,0.063249
[fold_2] 3850,0.001526,0.067831,0.063148
[fold_2] 3875,0.002443,0.067811,0.063143
[fold_2] 3900,0.003040,0.067758,0.063092
[fold_2] 3925,0.039873,0.067747,0.063082
[fold_2] 3950,0.012057,0.067820,0.063157
[fold_2] 3975,0.015656,0.067897,0.063235
[fold_2] 4000,0.004451,0.067683,0.063009
[fold_2] 4025,0.002300,0.067671,0.062991
[fold_2] 4050,0.005640,0.067746,0.063067
[fold_2] 4075,0.022390,0.067654,0.062974
[fold_2] 4100,0.035116,0.067677,0.063015
[fold_2] 4125,0.004735,0.067608,0.062935
[fold_2] 4150,0.013406,0.067600,0.062915
[fold_2] 4175,0.002134,0.067670,0.062990
[fold_2] 4200,0.002841,0.067581,0.062887
[fold_2] 4225,0.001267,0.067605,0.062910
[fold_2] 4250,0.000668,0.067631,0.062953
[fold_2] 4275,0.001305,0.067556,0.062870
[fold_2] 4300,0.000455,0.067512,0.062830
[fold_2] 4325,0.001818,0.067493,0.062806
[fold_2] 4350,0.002240,0.067632,0.062951
[fold_2] 4375,0.005407,0.067488,0.062790
[fold_2] 4400,0.004793,0.067477,0.062794
[fold_2] 4425,0.022690,0.067595,0.062918
[fold_2] 4450,0.001750,0.067498,0.062801
[fold_2] 4475,0.000462,0.067432,0.062732
[fold_2] 4500,0.003190,0.067470,0.062768
[fold_2] 4525,0.003994,0.067571,0.062871
[fold_2] 4550,0.000428,0.067429,0.062722
[fold_2] 4575,0.033365,0.067620,0.062938
[fold_2] 4600,0.000651,0.067353,0.062657
[fold_2] 4625,0.000483,0.067359,0.062657
[fold_2] 4650,0.012403,0.067364,0.062668
[fold_2] 4675,0.001203,0.067576,0.062905
[fold_2] 4700,0.000326,0.067505,0.062827
[fold_2] 4725,0.018169,0.067398,0.062735
[fold_2] 4750,0.000724,0.067327,0.062637
[fold_2] 4775,0.001288,0.067414,0.062720
[fold_2] 4800,0.068752,0.067301,0.062616
[fold_2] 4825,0.000600,0.067242,0.062549
[fold_2] 4850,0.002341,0.067215,0.062522
[fold_2] 4875,0.006012,0.067222,0.062514
[fold_2] 4900,0.008571,0.067327,0.062636
[fold_2] 4925,0.055124,0.067229,0.062517
[fold_2] 4950,0.004323,0.067233,0.062533
[fold_2] 4975,0.009057,0.067236,0.062551[fold_4] 0,0.488645,1.022463,1.023939
[fold_4] 1,1.720709,1.014205,1.015708
[fold_4] 25,1.182881,0.891179,0.891908
[fold_4] 50,0.072186,0.598538,0.597885
[fold_4] 75,0.278279,0.311754,0.311384
[fold_4] 100,0.126202,0.233814,0.233313
[fold_4] 125,0.025977,0.211708,0.209791
[fold_4] 150,0.027691,0.196469,0.194412
[fold_4] 175,0.096478,0.179283,0.176351
[fold_4] 200,0.007419,0.144694,0.142645
[fold_4] 225,0.005633,0.137503,0.134889
[fold_4] 250,0.033852,0.118355,0.114678
[fold_4] 275,0.033060,0.129579,0.126049
[fold_4] 300,0.009119,0.112313,0.109252
[fold_4] 325,0.011256,0.122740,0.119740
[fold_4] 350,0.003612,0.107110,0.104520
[fold_4] 375,0.006272,0.108315,0.104377
[fold_4] 400,0.018607,0.093663,0.089311
[fold_4] 425,0.013164,0.098887,0.095069
[fold_4] 450,0.016200,0.092825,0.088951
[fold_4] 475,0.002037,0.087735,0.083692
[fold_4] 500,0.008140,0.089672,0.085343
[fold_4] 525,0.015097,0.091229,0.087456
[fold_4] 550,0.012321,0.085419,0.081767
[fold_4] 575,0.002434,0.086308,0.082754
[fold_4] 600,0.004591,0.085778,0.082606
[fold_4] 625,0.001075,0.085125,0.081506
[fold_4] 650,0.008394,0.080408,0.076753
[fold_4] 675,0.000436,0.087023,0.084100
[fold_4] 700,0.067149,0.082230,0.078660
[fold_4] 725,0.002965,0.079765,0.075896
[fold_4] 750,0.047494,0.075668,0.072177
[fold_4] 775,0.013028,0.075854,0.072069
[fold_4] 800,0.003322,0.073017,0.069251
[fold_4] 825,0.005229,0.073127,0.069293
[fold_4] 850,0.002717,0.078728,0.075485
[fold_4] 875,0.013666,0.074190,0.070854
[fold_4] 900,0.081608,0.069842,0.066141
[fold_4] 925,0.012457,0.070412,0.066463
[fold_4] 950,0.000854,0.069833,0.066032
[fold_4] 975,0.000618,0.069333,0.065580
[fold_4] 1000,0.013411,0.068097,0.064282
[fold_4] 1025,0.001841,0.068956,0.065532
[fold_4] 1050,0.004085,0.068575,0.064975
[fold_4] 1075,0.004919,0.066421,0.062628
[fold_4] 1100,0.001552,0.066159,0.062399
[fold_4] 1125,0.011987,0.066549,0.062825
[fold_4] 1150,0.006779,0.070436,0.067151
[fold_4] 1175,0.003570,0.067955,0.064093
[fold_4] 1200,0.003485,0.065415,0.061467
[fold_4] 1225,0.001760,0.065553,0.061607
[fold_4] 1250,0.002199,0.065151,0.061339
[fold_4] 1275,0.005499,0.064621,0.060639
[fold_4] 1300,0.005712,0.064293,0.060306
[fold_4] 1325,0.007279,0.064362,0.060490
[fold_4] 1350,0.004276,0.064420,0.060376
[fold_4] 1375,0.102987,0.064440,0.060501
[fold_4] 1400,0.001544,0.063992,0.060078
[fold_4] 1425,0.015166,0.063761,0.059796
[fold_4] 1450,0.066653,0.063675,0.059731
[fold_4] 1475,0.010398,0.063690,0.059657
[fold_4] 1500,0.053403,0.063665,0.059766
[fold_4] 1525,0.002851,0.063593,0.059581
[fold_4] 1550,0.002225,0.063739,0.059798
[fold_4] 1575,0.004077,0.064042,0.060084
[fold_4] 1600,0.000704,0.063932,0.059895
[fold_4] 1625,0.000488,0.063295,0.059364
[fold_4] 1650,0.007884,0.063852,0.060010
[fold_4] 1675,0.003538,0.063161,0.059101
[fold_4] 1700,0.001007,0.063073,0.059079
[fold_4] 1725,0.001098,0.063166,0.059183
[fold_4] 1750,0.002893,0.063168,0.059249
[fold_4] 1775,0.007573,0.062809,0.058809
[fold_4] 1800,0.005062,0.063281,0.059238
[fold_4] 1825,0.001522,0.062828,0.058841
[fold_4] 1850,0.028803,0.062684,0.058663
[fold_4] 1875,0.001210,0.062846,0.058859
[fold_4] 1900,0.008166,0.062723,0.058689
[fold_4] 1925,0.001218,0.062701,0.058694
[fold_4] 1950,0.028769,0.062811,0.058826
[fold_4] 1975,0.017576,0.062542,0.058521
[fold_4] 2000,0.000367,0.062728,0.058677
[fold_4] 2025,0.002590,0.062766,0.058720
[fold_4] 2050,0.000526,0.062577,0.058551
[fold_4] 2075,0.001664,0.062556,0.058492
[fold_4] 2100,0.016480,0.062458,0.058426
[fold_4] 2125,0.013315,0.062469,0.058438
[fold_4] 2150,0.000978,0.062510,0.058463
[fold_4] 2175,0.008818,0.062581,0.058517
[fold_4] 2200,0.000718,0.062491,0.058429
[fold_4] 2225,0.001680,0.062505,0.058442
[fold_4] 2250,0.007698,0.062476,0.058419
[fold_4] 2275,0.001360,0.062427,0.058388
[fold_4] 2300,0.015100,0.062435,0.058403
[fold_4] 2325,0.006994,0.062499,0.058454
[fold_4] 2350,0.002150,0.062408,0.058353
[fold_4] 2375,0.006923,0.062400,0.058351
[fold_4] 2400,0.006116,0.062389,0.058350
[fold_4] 2425,0.012130,0.062443,0.058427
[fold_4] 2450,0.008343,0.062362,0.058313
[fold_4] 2475,0.017138,0.062358,0.058293
[fold_4] 2500,0.016843,0.062390,0.058319
[fold_4] 2525,0.008194,0.062395,0.058350
[fold_4] 2550,0.011807,0.062424,0.058381
[fold_4] 2575,0.007990,0.062333,0.058278
[fold_4] 2600,0.003016,0.062321,0.058267
[fold_4] 2625,0.007294,0.062311,0.058255
[fold_4] 2650,0.000539,0.062320,0.058251
[fold_4] 2675,0.004518,0.062289,0.058244
[fold_4] 2700,0.003459,0.062319,0.058289
[fold_4] 2725,0.004987,0.062278,0.058217
[fold_4] 2750,0.001829,0.062264,0.058206
[fold_4] 2775,0.001674,0.062267,0.058216
[fold_4] 2800,0.028383,0.062246,0.058185
[fold_4] 2825,0.001572,0.062286,0.058218
[fold_4] 2850,0.004440,0.062242,0.058191
[fold_4] 2875,0.001914,0.062259,0.058212
[fold_4] 2900,0.001007,0.062297,0.058229
[fold_4] 2925,0.003390,0.062252,0.058201
[fold_4] 2950,0.001583,0.062202,0.058148
[fold_4] 2975,0.013793,0.062262,0.058222
[fold_4] 3000,0.000491,0.062183,0.058126
[fold_4] 3025,0.006928,0.062245,0.058179
[fold_4] 3050,0.000509,0.062204,0.058138
[fold_4] 3075,0.004345,0.062230,0.058164
[fold_4] 3100,0.003121,0.062197,0.058128
[fold_4] 3125,0.001021,0.062234,0.058157
[fold_4] 3150,0.005874,0.062201,0.058150
[fold_4] 3175,0.000435,0.062147,0.058101
[fold_4] 3200,0.006462,0.062133,0.058103
[fold_4] 3225,0.000677,0.062139,0.058078
[fold_4] 3250,0.000685,0.062127,0.058076
[fold_4] 3275,0.015418,0.062129,0.058083
[fold_4] 3300,0.000348,0.062123,0.058087
[fold_4] 3325,0.018444,0.062117,0.058063
[fold_4] 3350,0.003627,0.062157,0.058106
[fold_4] 3375,0.003745,0.062106,0.058052
[fold_4] 3400,0.012594,0.062090,0.058034
[fold_4] 3425,0.001317,0.062099,0.058054
[fold_4] 3450,0.009466,0.062179,0.058105
[fold_4] 3475,0.003905,0.062176,0.058119
[fold_4] 3500,0.000610,0.062081,0.057994
[fold_4] 3525,0.002570,0.062035,0.057984
[fold_4] 3550,0.000432,0.062096,0.058030
[fold_4] 3575,0.062163,0.062042,0.058002
[fold_4] 3600,0.002930,0.062001,0.057957
[fold_4] 3625,0.004175,0.062008,0.057943
[fold_4] 3650,0.026884,0.062038,0.057984
[fold_4] 3675,0.001253,0.062130,0.058100
[fold_4] 3700,0.000431,0.062001,0.057931
[fold_4] 3725,0.020315,0.061969,0.057902
[fold_4] 3750,0.003372,0.061938,0.057887
[fold_4] 3775,0.001471,0.061985,0.057930
[fold_4] 3800,0.007788,0.061943,0.057888
[fold_4] 3825,0.011630,0.061914,0.057852
[fold_4] 3850,0.034035,0.061943,0.057876
[fold_4] 3875,0.002178,0.061936,0.057894
[fold_4] 3900,0.060306,0.061909,0.057844
[fold_4] 3925,0.000393,0.061911,0.057852
[fold_4] 3950,0.004744,0.061897,0.057851
[fold_4] 3975,0.001784,0.061875,0.057838
[fold_4] 4000,0.000707,0.062001,0.057966
[fold_4] 4025,0.003552,0.061876,0.057813
[fold_4] 4050,0.001570,0.061839,0.057782
[fold_4] 4075,0.009582,0.061850,0.057794
[fold_4] 4100,0.001261,0.061876,0.057801
[fold_4] 4125,0.005162,0.061867,0.057809
[fold_4] 4150,0.012817,0.061885,0.057824
[fold_4] 4175,0.003233,0.061880,0.057788
[fold_4] 4200,0.007416,0.061819,0.057742
[fold_4] 4225,0.000320,0.061808,0.057777
[fold_4] 4250,0.000418,0.061797,0.057743
[fold_4] 4275,0.001226,0.061824,0.057784
[fold_4] 4300,0.001817,0.061779,0.057705
[fold_4] 4325,0.021274,0.061902,0.057859
[fold_4] 4350,0.007254,0.061765,0.057732
[fold_4] 4375,0.007569,0.061729,0.057656
[fold_4] 4400,0.003833,0.061717,0.057654
[fold_4] 4425,0.005566,0.061712,0.057662
[fold_4] 4450,0.034544,0.061708,0.057646
[fold_4] 4475,0.000424,0.061732,0.057655
[fold_4] 4500,0.004779,0.061762,0.057683
[fold_4] 4525,0.004599,0.061706,0.057632
[fold_4] 4550,0.034958,0.061749,0.057705
[fold_4] 4575,0.006958,0.061666,0.057613
[fold_4] 4600,0.031274,0.061680,0.057599
[fold_4] 4625,0.010242,0.061665,0.057581
[fold_4] 4650,0.005051,0.061647,0.057569
[fold_4] 4675,0.001962,0.061617,0.057562
[fold_4] 4700,0.005355,0.061658,0.057583
[fold_4] 4725,0.000797,0.061668,0.057632
[fold_4] 4750,0.005110,0.061736,0.057699
[fold_4] 4775,0.003455,0.061601,0.057543
[fold_4] 4800,0.007129,0.061593,0.057523
[fold_4] 4825,0.002852,0.061605,0.057557
[fold_4] 4850,0.005157,0.061572,0.057491
[fold_4] 4875,0.005727,0.061631,0.057551
[fold_4] 4900,0.001883,0.061623,0.057528
[fold_4] 4925,0.003308,0.061662,0.057575
[fold_4] 4950,0.000920,0.061589,0.057532
[fold_4] 4975,0.000283,0.061554,0.057498[fold_1] 0,2.355094,1.022439,1.022069
[fold_1] 1,0.262890,1.031963,1.031748
[fold_1] 25,0.704535,0.884893,0.885257
[fold_1] 50,0.089355,0.562419,0.562838
[fold_1] 75,0.016631,0.309530,0.308923
[fold_1] 100,0.065032,0.277722,0.276765
[fold_1] 125,0.108268,0.222370,0.221353
[fold_1] 150,0.017572,0.182396,0.181137
[fold_1] 175,0.050731,0.155365,0.154467
[fold_1] 200,0.045850,0.133520,0.132394
[fold_1] 225,0.005180,0.125698,0.124604
[fold_1] 250,0.010540,0.123637,0.122682
[fold_1] 275,0.001521,0.120187,0.118959
[fold_1] 300,0.011900,0.113668,0.112712
[fold_1] 325,0.002946,0.107836,0.106501
[fold_1] 350,0.003425,0.111218,0.110152
[fold_1] 375,0.004676,0.101294,0.100119
[fold_1] 400,0.015703,0.104867,0.103798
[fold_1] 425,0.005819,0.102869,0.101826
[fold_1] 450,0.018399,0.090015,0.088783
[fold_1] 475,0.000782,0.088525,0.087270
[fold_1] 500,0.010612,0.097507,0.096712
[fold_1] 525,0.007152,0.101192,0.100381
[fold_1] 550,0.029040,0.091026,0.089685
[fold_1] 575,0.004863,0.085224,0.084098
[fold_1] 600,0.015139,0.086992,0.085691
[fold_1] 625,0.005022,0.085493,0.084353
[fold_1] 650,0.000807,0.083408,0.082113
[fold_1] 675,0.001601,0.083343,0.082044
[fold_1] 700,0.037832,0.083218,0.081795
[fold_1] 725,0.012829,0.084292,0.083090
[fold_1] 750,0.007200,0.086048,0.084914
[fold_1] 775,0.075982,0.086022,0.084993
[fold_1] 800,0.001766,0.084488,0.083238
[fold_1] 825,0.091368,0.083689,0.082349
[fold_1] 850,0.000403,0.084079,0.082717
[fold_1] 875,0.011667,0.082421,0.081123
[fold_1] 900,0.030112,0.082294,0.080923
[fold_1] 925,0.008701,0.082503,0.081057
[fold_1] 950,0.013207,0.081919,0.080600
[fold_1] 975,0.001513,0.081774,0.080377
[fold_1] 1000,0.008626,0.082017,0.080656
[fold_1] 1025,0.000602,0.081809,0.080363
[fold_1] 1050,0.022819,0.081978,0.080554
[fold_1] 1075,0.001174,0.081525,0.080127
[fold_1] 1100,0.006705,0.081730,0.080347
[fold_1] 1125,0.014003,0.082675,0.081147
[fold_1] 1150,0.039550,0.081725,0.080358
[fold_1] 1175,0.007270,0.081390,0.079953
[fold_1] 1200,0.039558,0.081371,0.079924
[fold_1] 1225,0.007241,0.081870,0.080470
[fold_1] 1250,0.000912,0.081341,0.079908
[fold_1] 1275,0.000729,0.081325,0.079835
[fold_1] 1300,0.006803,0.081343,0.079910
[fold_1] 1325,0.036809,0.081613,0.080208
[fold_1] 1350,0.021813,0.081261,0.079819
[fold_1] 1375,0.030578,0.081138,0.079719
[fold_1] 1400,0.017013,0.081169,0.079749
[fold_1] 1425,0.000734,0.081507,0.080077
[fold_1] 1450,0.035089,0.081957,0.080426
[fold_1] 1475,0.022691,0.081429,0.080036
[fold_1] 1500,0.006212,0.081077,0.079595
[fold_1] 1525,0.000861,0.081358,0.079975
[fold_1] 1550,0.002168,0.081173,0.079706
[fold_1] 1575,0.006981,0.081316,0.079875
[fold_1] 1600,0.007757,0.081125,0.079670
[fold_1] 1625,0.011627,0.081194,0.079746
[fold_1] 1650,0.030153,0.081067,0.079593
[fold_1] 1675,0.010459,0.081112,0.079628
[fold_1] 1700,0.000650,0.081048,0.079584
[fold_1] 1725,0.000609,0.081003,0.079593
[fold_1] 1750,0.012908,0.081055,0.079666
[fold_1] 1775,0.013227,0.081000,0.079596
[fold_1] 1800,0.000631,0.080987,0.079572
[fold_1] 1825,0.019230,0.080963,0.079534
[fold_1] 1850,0.030644,0.080885,0.079432
[fold_1] 1875,0.024808,0.080879,0.079430
[fold_1] 1900,0.068873,0.080890,0.079457
[fold_1] 1925,0.004552,0.080870,0.079412
[fold_1] 1950,0.009275,0.080862,0.079393
[fold_1] 1975,0.003303,0.080875,0.079421
[fold_1] 2000,0.012792,0.080882,0.079437
[fold_1] 2025,0.000623,0.080883,0.079432
[fold_1] 2050,0.044004,0.080871,0.079392
[fold_1] 2075,0.005423,0.080866,0.079399
[fold_1] 2100,0.015185,0.080870,0.079408
[fold_1] 2125,0.014020,0.080860,0.079402
[fold_1] 2150,0.010014,0.080841,0.079401
[fold_1] 2175,0.018847,0.080873,0.079439
[fold_1] 2200,0.004368,0.080914,0.079475
[fold_1] 2225,0.012355,0.080961,0.079543
[fold_1] 2250,0.002903,0.081143,0.079732
[fold_1] 2275,0.005430,0.080957,0.079549
[fold_1] 2300,0.002008,0.080840,0.079419
[fold_5] 0,0.320297,1.022419,1.020961
[fold_5] 1,0.040549,1.032316,1.030854
[fold_5] 25,1.956719,0.887320,0.886057
[fold_5] 50,0.678431,0.519215,0.518987
[fold_5] 75,0.068392,0.273995,0.275674
[fold_5] 100,0.020799,0.228150,0.230671
[fold_5] 125,0.049120,0.201564,0.204689
[fold_5] 150,0.008010,0.176885,0.181016
[fold_5] 175,0.026489,0.184539,0.187472
[fold_5] 200,0.029066,0.154147,0.157576
[fold_5] 225,0.037571,0.128766,0.133347
[fold_5] 250,0.029172,0.115998,0.121506
[fold_5] 275,0.014991,0.129938,0.134231
[fold_5] 300,0.013044,0.116982,0.122450
[fold_5] 325,0.068672,0.126389,0.131329
[fold_5] 350,0.035382,0.096115,0.102087
[fold_5] 375,0.002967,0.097818,0.103788
[fold_5] 400,0.003830,0.096569,0.102247
[fold_5] 425,0.015920,0.092534,0.098675
[fold_5] 450,0.001895,0.093387,0.099274
[fold_5] 475,0.008965,0.094895,0.100732
[fold_5] 500,0.022851,0.092916,0.098824
[fold_5] 525,0.026096,0.090804,0.096776
[fold_5] 550,0.006216,0.087096,0.093339
[fold_5] 575,0.002820,0.086908,0.093205
[fold_5] 600,0.008317,0.086192,0.092488
[fold_5] 625,0.017849,0.085501,0.091882
[fold_5] 650,0.023091,0.085761,0.092047
[fold_5] 675,0.002675,0.084623,0.090995
[fold_5] 700,0.015323,0.084680,0.090956
[fold_5] 725,0.001667,0.083602,0.090074
[fold_5] 750,0.008475,0.083372,0.089784
[fold_5] 775,0.034698,0.084325,0.090725
[fold_5] 800,0.030895,0.083873,0.090323
[fold_5] 825,0.007214,0.084511,0.090841
[fold_5] 850,0.006539,0.082649,0.089143
[fold_5] 875,0.002238,0.083006,0.089386
[fold_5] 900,0.008579,0.082564,0.089055
[fold_5] 925,0.017150,0.082055,0.088518
[fold_5] 950,0.014456,0.082097,0.088589
[fold_5] 975,0.002172,0.082475,0.088874
[fold_5] 1000,0.012120,0.082722,0.089088
[fold_5] 1025,0.007209,0.081698,0.088173
[fold_5] 1050,0.016355,0.081693,0.088168
[fold_5] 1075,0.001607,0.082027,0.088529
[fold_5] 1100,0.000930,0.081621,0.088130
[fold_5] 1125,0.185685,0.081606,0.088102
[fold_5] 1150,0.003699,0.081428,0.087886
[fold_5] 1175,0.000803,0.081220,0.087713
[fold_5] 1200,0.047620,0.081273,0.087765
[fold_5] 1225,0.010818,0.081223,0.087697
[fold_5] 1250,0.001587,0.081264,0.087762
[fold_5] 1275,0.010386,0.081088,0.087582
[fold_5] 1300,0.016514,0.081045,0.087564
[fold_5] 1325,0.001900,0.081499,0.087966
[fold_5] 1350,0.000868,0.080967,0.087461
[fold_5] 1375,0.001243,0.081968,0.088446
[fold_5] 1400,0.009353,0.081198,0.087685
[fold_5] 1425,0.032850,0.080971,0.087481
[fold_5] 1450,0.001775,0.080837,0.087323
[fold_5] 1475,0.003634,0.080822,0.087315
[fold_5] 1500,0.007157,0.080926,0.087386
[fold_5] 1525,0.003012,0.081024,0.087473
[fold_5] 1550,0.004694,0.080752,0.087218
[fold_5] 1575,0.004856,0.080624,0.087112
[fold_5] 1600,0.025034,0.080604,0.087092
[fold_5] 1625,0.010030,0.080624,0.087121
[fold_5] 1650,0.000775,0.080566,0.087069
[fold_5] 1675,0.028429,0.080626,0.087134
[fold_5] 1700,0.000676,0.080541,0.087045
[fold_5] 1725,0.000828,0.080606,0.087099
[fold_5] 1750,0.002673,0.080561,0.087051
[fold_5] 1775,0.037681,0.080547,0.087039
[fold_5] 1800,0.009656,0.080528,0.087015
[fold_5] 1825,0.015077,0.080634,0.087107
[fold_5] 1850,0.013542,0.080582,0.087073
[fold_5] 1875,0.000727,0.080505,0.087001
[fold_5] 1900,0.026056,0.080474,0.086964
[fold_5] 1925,0.020648,0.080517,0.087015
[fold_5] 1950,0.004313,0.080557,0.087050
[fold_5] 1975,0.011235,0.080497,0.086979
[fold_5] 2000,0.004293,0.080485,0.086973
[fold_5] 2025,0.004956,0.080478,0.086975
[fold_5] 2050,0.011221,0.080479,0.086966
[fold_5] 2075,0.015972,0.080581,0.087056
[fold_5] 2100,0.003564,0.080596,0.087062
[fold_5] 2125,0.008679,0.080430,0.086916
[fold_5] 2150,0.001643,0.080402,0.086910
[fold_5] 2175,0.002672,0.080575,0.087086
[fold_5] 2200,0.020227,0.080440,0.086954
[fold_5] 2225,0.006616,0.080471,0.086951
[fold_5] 2250,0.016474,0.080410,0.086895
[fold_5] 2275,0.000875,0.080368,0.086856
[fold_5] 2300,0.015813,0.080339,0.086833
[fold_5] 2325,0.001679,0.080317,0.086811
[fold_5] 2350,0.000953,0.080426,0.086903
[fold_5] 2375,0.018478,0.080317,0.086810
[fold_5] 2400,0.004567,0.080290,0.086791
[fold_5] 2425,0.000581,0.080383,0.086892
[fold_5] 2450,0.056041,0.080278,0.086775
[fold_5] 2475,0.003701,0.080349,0.086829
[fold_5] 2500,0.006374,0.080347,0.086828
[fold_5] 2525,0.008233,0.080260,0.086750
[fold_5] 2550,0.000674,0.080248,0.086752
[fold_5] 2575,0.000926,0.080257,0.086746
[fold_5] 2600,0.018591,0.080239,0.086737
[fold_5] 2625,0.029973,0.080192,0.086684
[fold_5] 2650,0.000807,0.080217,0.086716
[fold_5] 2675,0.000769,0.080238,0.086719
[fold_5] 2700,0.002936,0.080280,0.086762
[fold_5] 2725,0.001405,0.080292,0.086786
[fold_5] 2750,0.001295,0.080326,0.086828
[fold_5] 2775,0.009320,0.080377,0.086876
[fold_5] 2800,0.003675,0.080202,0.086711
[fold_5] 2825,0.025544,0.080240,0.086748
[fold_5] 2850,0.016697,0.080163,0.086664
[fold_5] 2875,0.045319,0.080124,0.086625
[fold_5] 2900,0.010469,0.080176,0.086667
[fold_5] 2925,0.003982,0.080083,0.086584
[fold_5] 2950,0.004631,0.080096,0.086591
[fold_5] 2975,0.005796,0.080130,0.086636
[fold_5] 3000,0.012074,0.080098,0.086608
[fold_5] 3025,0.020678,0.080113,0.086618
[fold_5] 3050,0.015363,0.080220,0.086714
[fold_5] 3075,0.000818,0.080232,0.086720
[fold_5] 3100,0.031663,0.080160,0.086661
[fold_5] 3125,0.003647,0.080166,0.086666
[fold_5] 3150,0.043144,0.080102,0.086604
[fold_5] 3175,0.001074,0.080149,0.086623

[fold_2] 5000,0.003344,0.067182,0.062488
[fold_2] 5025,0.000846,0.067136,0.062435
[fold_2] 5050,0.008974,0.067117,0.062412
[fold_2] 5075,0.043594,0.067099,0.062399
[fold_2] 5100,0.002102,0.067105,0.062420
[fold_2] 5125,0.007803,0.067372,0.062678
[fold_2] 5150,0.002390,0.067235,0.062526
[fold_2] 5175,0.030111,0.067203,0.062522
[fold_2] 5200,0.011616,0.067069,0.062381
[fold_2] 5225,0.004947,0.067032,0.062340
[fold_2] 5250,0.002663,0.066989,0.062294
[fold_2] 5275,0.002057,0.066959,0.062271
[fold_2] 5300,0.005435,0.066920,0.062233
[fold_2] 5325,0.004305,0.066913,0.062226
[fold_2] 5350,0.000415,0.066976,0.062290
[fold_2] 5375,0.000753,0.066890,0.062199
[fold_2] 5400,0.000903,0.066869,0.062176
[fold_2] 5425,0.005027,0.066841,0.062149
[fold_2] 5450,0.008787,0.066982,0.062289
[fold_2] 5475,0.002189,0.066873,0.062184
[fold_2] 5500,0.000606,0.066789,0.062096
[fold_2] 5525,0.000409,0.066865,0.062171
[fold_2] 5550,0.009038,0.066952,0.062263
[fold_2] 5575,0.001029,0.066774,0.062091
[fold_2] 5600,0.028493,0.066807,0.062133
[fold_2] 5625,0.018623,0.066754,0.062062
[fold_2] 5650,0.059823,0.066766,0.062070
[fold_2] 5675,0.007378,0.066768,0.062063
[fold_2] 5700,0.008614,0.066718,0.062015
[fold_2] 5725,0.002625,0.066714,0.062022
[fold_2] 5750,0.002337,0.066657,0.061961
[fold_2] 5775,0.001101,0.066653,0.061939
[fold_2] 5800,0.062210,0.066638,0.061937
[fold_2] 5825,0.010230,0.066658,0.061972
[fold_2] 5850,0.039189,0.066615,0.061921
[fold_2] 5875,0.000627,0.066617,0.061941
[fold_2] 5900,0.003406,0.066612,0.061929
[fold_2] 5925,0.000532,0.066598,0.061912
[fold_2] 5950,0.001527,0.066573,0.061874
[fold_2] 5975,0.000854,0.066567,0.061864
[fold_2] 6000,0.000482,0.066521,0.061814
[fold_2] 6025,0.028928,0.066499,0.061799
[fold_2] 6050,0.001519,0.066524,0.061808
[fold_2] 6075,0.008842,0.066533,0.061818
[fold_2] 6100,0.016024,0.066554,0.061843
[fold_2] 6125,0.005192,0.066661,0.061966
[fold_2] 6150,0.000353,0.066556,0.061857
[fold_2] 6175,0.010056,0.066623,0.061925
[fold_2] 6200,0.000508,0.066399,0.061693
[fold_2] 6225,0.015715,0.066385,0.061674
[fold_2] 6250,0.000416,0.066392,0.061680
[fold_2] 6275,0.012347,0.066455,0.061750
[fold_2] 6300,0.030820,0.066495,0.061793
[fold_2] 6325,0.008633,0.066415,0.061690
[fold_2] 6350,0.000461,0.066384,0.061663
[fold_2] 6375,0.004548,0.066379,0.061687
[fold_2] 6400,0.002839,0.066329,0.061614
[fold_2] 6425,0.009704,0.066318,0.061609
[fold_2] 6450,0.002275,0.066279,0.061564
[fold_2] 6475,0.003005,0.066272,0.061553
[fold_2] 6500,0.008243,0.066561,0.061839
[fold_2] 6525,0.019326,0.066274,0.061533
[fold_2] 6550,0.004764,0.066374,0.061646
[fold_2] 6575,0.013504,0.066554,0.061856
[fold_2] 6600,0.007166,0.066263,0.061536
[fold_2] 6625,0.000478,0.066368,0.061665
[fold_2] 6650,0.003269,0.066201,0.061486
[fold_2] 6675,0.001235,0.066231,0.061505
[fold_2] 6700,0.012272,0.066189,0.061462
[fold_2] 6725,0.000351,0.066205,0.061479
[fold_2] 6750,0.004344,0.066123,0.061400
[fold_2] 6775,0.058745,0.066124,0.061400
[fold_2] 6800,0.000620,0.066109,0.061386
[fold_2] 6825,0.002076,0.066108,0.061380
[fold_2] 6850,0.020256,0.066229,0.061527
[fold_2] 6875,0.001469,0.066138,0.061418
[fold_2] 6900,0.050244,0.066071,0.061357
[fold_2] 6925,0.003551,0.066039,0.061327
[fold_2] 6950,0.007926,0.066111,0.061380

[fold_4] 5000,0.006556,0.061519,0.057460
[fold_4] 5025,0.010372,0.061551,0.057469
[fold_4] 5050,0.000327,0.061518,0.057457
[fold_4] 5075,0.005252,0.061540,0.057468
[fold_4] 5100,0.000468,0.061513,0.057424
[fold_4] 5125,0.001701,0.061478,0.057409
[fold_4] 5150,0.002573,0.061478,0.057395
[fold_4] 5175,0.001774,0.061518,0.057438
[fold_4] 5200,0.000348,0.061452,0.057379
[fold_4] 5225,0.000438,0.061480,0.057413
[fold_4] 5250,0.005115,0.061438,0.057356
[fold_4] 5275,0.003239,0.061546,0.057464
[fold_4] 5300,0.000321,0.061448,0.057350
[fold_4] 5325,0.000343,0.061442,0.057350
[fold_4] 5350,0.003712,0.061469,0.057361
[fold_4] 5375,0.001302,0.061475,0.057373
[fold_4] 5400,0.005350,0.061430,0.057360
[fold_4] 5425,0.016251,0.061425,0.057354
[fold_4] 5450,0.001751,0.061385,0.057272
[fold_4] 5475,0.003913,0.061407,0.057281
[fold_4] 5500,0.001315,0.061376,0.057261
[fold_4] 5525,0.008841,0.061356,0.057289
[fold_4] 5550,0.005065,0.061343,0.057246
[fold_4] 5575,0.032842,0.061399,0.057295
[fold_4] 5600,0.006952,0.061334,0.057267
[fold_4] 5625,0.022216,0.061336,0.057239
[fold_4] 5650,0.000282,0.061333,0.057216
[fold_4] 5675,0.001988,0.061321,0.057209
[fold_4] 5700,0.007619,0.061312,0.057197
[fold_4] 5725,0.001755,0.061281,0.057189
[fold_4] 5750,0.001431,0.061367,0.057258
[fold_4] 5775,0.023286,0.061322,0.057216
[fold_4] 5800,0.020111,0.061347,0.057268
[fold_4] 5825,0.006776,0.061393,0.057296
[fold_4] 5850,0.031937,0.061278,0.057170
[fold_4] 5875,0.007556,0.061257,0.057147
[fold_4] 5900,0.006418,0.061269,0.057150
[fold_4] 5925,0.001494,0.061240,0.057122
[fold_4] 5950,0.007708,0.061412,0.057304
[fold_4] 5975,0.001515,0.061252,0.057150
[fold_4] 6000,0.007524,0.061272,0.057138
[fold_4] 6025,0.003022,0.061202,0.057067
[fold_4] 6050,0.006489,0.061227,0.057085
[fold_4] 6075,0.004068,0.061258,0.057109
[fold_4] 6100,0.000910,0.061208,0.057078
[fold_4] 6125,0.004023,0.061222,0.057101
[fold_4] 6150,0.004780,0.061217,0.057117
[fold_4] 6175,0.000365,0.061149,0.057039
[fold_4] 6200,0.041051,0.061155,0.057042
[fold_4] 6225,0.006569,0.061111,0.056995
[fold_4] 6250,0.001110,0.061226,0.057165
[fold_4] 6275,0.003596,0.061123,0.057036
[fold_4] 6300,0.048486,0.061146,0.057024
[fold_4] 6325,0.003852,0.061106,0.056993
[fold_4] 6350,0.001449,0.061198,0.057078
[fold_4] 6375,0.001102,0.061153,0.057056
[fold_4] 6400,0.000949,0.061197,0.057113
[fold_4] 6425,0.002523,0.061087,0.056972
[fold_4] 6450,0.003012,0.061062,0.056947
[fold_4] 6475,0.000346,0.061122,0.057004
[fold_4] 6500,0.008382,0.061155,0.057027
[fold_4] 6525,0.027733,0.061141,0.057003
[fold_4] 6550,0.006860,0.061067,0.056956
[fold_4] 6575,0.001967,0.061074,0.056978
[fold_4] 6600,0.000316,0.061058,0.056938
[fold_4] 6625,0.005673,0.061056,0.056936
[fold_4] 6650,0.025343,0.061058,0.056948
[fold_4] 6675,0.015732,0.061065,0.056947
[fold_4] 6700,0.016357,0.061051,0.056963
[fold_4] 6725,0.087536,0.061095,0.056977
[fold_4] 6750,0.050415,0.060950,0.056817
[fold_4] 6775,0.003842,0.060969,0.056830
[fold_4] 6800,0.006054,0.061078,0.056939
[fold_4] 6825,0.011861,0.061036,0.056908
[fold_4] 6850,0.002628,0.061006,0.056881
[fold_4] 6875,0.007426,0.060998,0.056864
[fold_4] 6900,0.002223,0.060927,0.056803
[fold_4] 6925,0.005134,0.060958,0.056807
[fold_4] 6950,0.000263,0.060920,0.056772
[fold_3] 0,0.308512,1.022363,1.021859
[fold_3] 1,1.643721,1.014488,1.013998
[fold_3] 25,0.064968,0.881610,0.881413
[fold_3] 50,0.039948,0.545618,0.546746
[fold_3] 75,0.099962,0.283444,0.284957
[fold_3] 100,0.057422,0.235485,0.237670
[fold_3] 125,0.077796,0.210623,0.212286
[fold_3] 150,0.029936,0.177386,0.179571
[fold_3] 175,0.015508,0.160078,0.162147
[fold_3] 200,0.009804,0.138550,0.141338
[fold_3] 225,0.047363,0.139448,0.142028
[fold_3] 250,0.003570,0.132500,0.135268
[fold_3] 275,0.006311,0.107202,0.110177
[fold_3] 300,0.011024,0.117328,0.120167
[fold_3] 325,0.000965,0.108074,0.110991
[fold_3] 350,0.012985,0.099533,0.102791
[fold_3] 375,0.021031,0.093381,0.096135
[fold_3] 400,0.004147,0.098226,0.100561
[fold_3] 425,0.005963,0.112449,0.114103
[fold_3] 450,0.008186,0.092156,0.095042
[fold_3] 475,0.003252,0.088410,0.091228
[fold_3] 500,0.002963,0.090824,0.093352
[fold_3] 525,0.003463,0.083713,0.086731
[fold_3] 550,0.003393,0.087082,0.089605
[fold_3] 575,0.000312,0.086000,0.088890
[fold_3] 600,0.000367,0.082862,0.085974
[fold_3] 625,0.007824,0.081958,0.084998
[fold_3] 650,0.001302,0.084449,0.087425
[fold_3] 675,0.019766,0.091788,0.094217
[fold_3] 700,0.000471,0.083268,0.086350
[fold_3] 725,0.011517,0.079731,0.082798
[fold_3] 750,0.000418,0.087402,0.089855
[fold_3] 775,0.012030,0.080426,0.083523
[fold_3] 800,0.001252,0.082856,0.085916
[fold_3] 825,0.023755,0.079405,0.082464
[fold_3] 850,0.000397,0.083054,0.085779
[fold_3] 875,0.006649,0.079565,0.082647
[fold_3] 900,0.013197,0.079324,0.082464
[fold_3] 925,0.098075,0.079349,0.082330
[fold_3] 950,0.040236,0.079042,0.082091
[fold_3] 975,0.000626,0.079289,0.082383
[fold_3] 1000,0.024195,0.079263,0.082284
[fold_3] 1025,0.006123,0.078786,0.081817
[fold_3] 1050,0.005624,0.079016,0.082108
[fold_3] 1075,0.007065,0.078758,0.081801
[fold_3] 1100,0.001560,0.078826,0.081933
[fold_3] 1125,0.000722,0.078991,0.082110
[fold_3] 1150,0.009172,0.079469,0.082602
[fold_3] 1175,0.008070,0.079174,0.082299
[fold_3] 1200,0.028695,0.078761,0.081788
[fold_3] 1225,0.006039,0.078843,0.081950
[fold_3] 1250,0.000497,0.078805,0.081920
[fold_3] 1275,0.000493,0.078721,0.081772
[fold_3] 1300,0.010235,0.078783,0.081899
[fold_3] 1325,0.001972,0.078998,0.082159
[fold_3] 1350,0.000524,0.078947,0.081918
[fold_3] 1375,0.014230,0.078651,0.081693
[fold_3] 1400,0.013882,0.078521,0.081604
[fold_3] 1425,0.011831,0.078702,0.081753
[fold_3] 1450,0.007173,0.078541,0.081650
[fold_3] 1475,0.016189,0.078644,0.081644
[fold_3] 1500,0.018772,0.078544,0.081567
[fold_3] 1525,0.010814,0.078453,0.081520
[fold_3] 1550,0.002102,0.078447,0.081508
[fold_3] 1575,0.059341,0.078462,0.081508
[fold_3] 1600,0.014939,0.078530,0.081618
[fold_3] 1625,0.003085,0.078490,0.081552
[fold_3] 1650,0.001753,0.078453,0.081523
[fold_3] 1675,0.014261,0.078415,0.081496
[fold_3] 1700,0.024295,0.078413,0.081496
[fold_3] 1725,0.000706,0.078420,0.081503
[fold_3] 1750,0.004188,0.078396,0.081478
[fold_3] 1775,0.034740,0.078412,0.081495
[fold_3] 1800,0.002737,0.078444,0.081535
[fold_3] 1825,0.000555,0.078435,0.081510
[fold_3] 1850,0.001129,0.078411,0.081472
[fold_3] 1875,0.000680,0.078385,0.081465
[fold_3] 1900,0.017296,0.078384,0.081458
[fold_3] 1925,0.000529,0.078451,0.081548
[fold_3] 1950,0.023758,0.078413,0.081494
[fold_3] 1975,0.020662,0.078381,0.081446
[fold_3] 2000,0.015102,0.078380,0.081446
[fold_3] 2025,0.000446,0.078419,0.081515
[fold_3] 2050,0.003268,0.078364,0.081431
[fold_3] 2075,0.010753,0.078364,0.081438
[fold_3] 2100,0.010687,0.078382,0.081471
[fold_3] 2125,0.006871,0.078409,0.081493
[fold_3] 2150,0.009842,0.078366,0.081441
[fold_3] 2175,0.029172,0.078347,0.081426
[fold_3] 2200,0.000726,0.078334,0.081403
[fold_3] 2225,0.050232,0.078332,0.081395
[fold_3] 2250,0.004914,0.078393,0.081420
[fold_3] 2275,0.013855,0.078396,0.081422
[fold_3] 2300,0.010600,0.078339,0.081419
[fold_3] 2325,0.013034,0.078347,0.081438
[fold_3] 2350,0.016612,0.078311,0.081388
[fold_3] 2375,0.000433,0.078320,0.081404
[fold_3] 2400,0.000456,0.078335,0.081392
[fold_3] 2425,0.080351,0.078323,0.081385
[fold_3] 2450,0.000619,0.078352,0.081400
[fold_3] 2475,0.001855,0.078310,0.081365
[fold_3] 2500,0.065490,0.078296,0.081369
[fold_3] 2525,0.006930,0.078310,0.081394
[fold_3] 2550,0.009435,0.078331,0.081428
[fold_3] 2575,0.013891,0.078344,0.081404
[fold_3] 2600,0.002935,0.078312,0.081364
[fold_3] 2625,0.006459,0.078268,0.081336
[fold_3] 2650,0.004331,0.078270,0.081337
[fold_3] 2675,0.008307,0.078283,0.081353
[fold_3] 2700,0.005285,0.078284,0.081346
[fold_3] 2725,0.005542,0.078277,0.081341
[fold_3] 2750,0.016252,0.078285,0.081367
[fold_3] 2775,0.001754,0.078320,0.081370
[fold_3] 2800,0.000409,0.078265,0.081339
[fold_3] 2825,0.001680,0.078302,0.081399
[fold_3] 2850,0.000643,0.078326,0.081419
[fold_3] 2875,0.015876,0.078267,0.081343

Cross-validation summary
Mean train RMSE norm      : 0.073236
Mean validation RMSE norm : 0.073082
Median best epoch         : 2925
Best-so-far checkpoint    : kept previous
Training-curve plot       : plots/cross_validation_curves.png
