[fold_4] 0,0.808456,1.029113,1.030833
[fold_4] 1,2.215111,1.017403,1.019096
[fold_4] 25,0.996438,0.744892,0.745434
[fold_4] 50,0.196584,0.285774,0.284703
[fold_4] 75,0.023947,0.184444,0.182659
[fold_4] 100,0.013762,0.136958,0.135363
[fold_4] 125,0.008798,0.132401,0.129567
[fold_4] 150,0.015563,0.107156,0.103947
[fold_4] 175,0.004707,0.109021,0.105664
[fold_4] 200,0.021956,0.100394,0.097556
[fold_4] 225,0.004354,0.086956,0.083203
[fold_4] 250,0.016195,0.084404,0.080706
[fold_4] 275,0.001853,0.085678,0.082303
[fold_4] 300,0.003740,0.082434,0.078712
[fold_4] 325,0.013778,0.080124,0.076251
[fold_4] 350,0.000296,0.082196,0.078444
[fold_4] 375,0.020418,0.080943,0.077377
[fold_4] 400,0.010211,0.093390,0.089996
[fold_4] 425,0.007992,0.078745,0.075138
[fold_4] 450,0.002047,0.077405,0.073506
[fold_4] 475,0.005072,0.080239,0.076512
[fold_4] 500,0.003238,0.079401,0.075468
[fold_4] 525,0.003532,0.077131,0.073234
[fold_4] 550,0.001737,0.076123,0.072064
[fold_4] 575,0.000798,0.075542,0.071606
[fold_4] 600,0.004407,0.077465,0.073503
[fold_4] 625,0.067182,0.079670,0.076025
[fold_4] 650,0.001852,0.074813,0.070789
[fold_4] 675,0.004462,0.073872,0.069947
[fold_4] 700,0.002448,0.073255,0.069262
[fold_4] 725,0.011172,0.072828,0.068647
[fold_4] 750,0.001944,0.071738,0.067613
[fold_4] 775,0.003304,0.072199,0.067976
[fold_4] 800,0.003661,0.075324,0.071589
[fold_4] 825,0.001972,0.086725,0.082939
[fold_4] 850,0.002905,0.070997,0.066691
[fold_4] 875,0.008567,0.075053,0.071122
[fold_4] 900,0.007927,0.069662,0.065549
[fold_4] 925,0.002440,0.070322,0.066161
[fold_4] 950,0.000207,0.069201,0.065037
[fold_4] 975,0.003793,0.068743,0.064478
[fold_4] 1000,0.030287,0.067721,0.063376
[fold_4] 1025,0.000447,0.067975,0.063593
[fold_4] 1050,0.015043,0.070437,0.066459
[fold_4] 1075,0.000266,0.068287,0.064168
[fold_4] 1100,0.005351,0.067742,0.063304
[fold_4] 1125,0.011879,0.067033,0.062648
[fold_4] 1150,0.003188,0.066809,0.062403
[fold_4] 1175,0.000399,0.066702,0.062286
[fold_4] 1200,0.001275,0.067954,0.063669
[fold_4] 1225,0.005375,0.067106,0.062758
[fold_4] 1250,0.000869,0.067151,0.062765
[fold_4] 1275,0.009374,0.066603,0.062268
[fold_4] 1300,0.004104,0.066381,0.061992
[fold_4] 1325,0.002864,0.066399,0.062059
[fold_4] 1350,0.006496,0.066234,0.061792
[fold_4] 1375,0.009712,0.066154,0.061729
[fold_4] 1400,0.009351,0.066094,0.061664
[fold_4] 1425,0.015502,0.066286,0.061916
[fold_4] 1450,0.016125,0.066101,0.061652
[fold_4] 1475,0.030714,0.066161,0.061731
[fold_4] 1500,0.002081,0.066477,0.062090
[fold_4] 1525,0.000358,0.066119,0.061653
[fold_4] 1550,0.000396,0.066013,0.061580
[fold_4] 1575,0.002757,0.066116,0.061756
[fold_4] 1600,0.000229,0.065807,0.061405
[fold_4] 1625,0.003793,0.065788,0.061376
[fold_4] 1650,0.000417,0.065734,0.061332
[fold_4] 1675,0.001061,0.065694,0.061271
[fold_4] 1700,0.014420,0.065792,0.061373
[fold_4] 1725,0.006993,0.065804,0.061417
[fold_4] 1750,0.000401,0.066081,0.061706
[fold_4] 1775,0.029925,0.065686,0.061295
[fold_4] 1800,0.002435,0.065573,0.061139
[fold_4] 1825,0.014223,0.065603,0.061202
[fold_4] 1850,0.002630,0.065578,0.061183
[fold_4] 1875,0.002865,0.065689,0.061274
[fold_4] 1900,0.001311,0.065507,0.061086
[fold_4] 1925,0.061124,0.065579,0.061166
[fold_4] 1950,0.012660,0.065532,0.061103
[fold_4] 1975,0.014554,0.065499,0.061067
[fold_4] 2000,0.001042,0.065786,0.061368
[fold_4] 2025,0.000241,0.065472,0.061036
[fold_4] 2050,0.000338,0.065471,0.061055
[fold_4] 2075,0.008552,0.065459,0.061031
[fold_4] 2100,0.000792,0.065439,0.061018
[fold_4] 2125,0.006838,0.065437,0.061010
[fold_4] 2150,0.015298,0.065410,0.060987
[fold_4] 2175,0.030716,0.065510,0.061067
[fold_4] 2200,0.000231,0.065425,0.060991
[fold_4] 2225,0.001045,0.065415,0.060974
[fold_4] 2250,0.000277,0.065455,0.061011
[fold_4] 2275,0.006829,0.065398,0.060970
[fold_4] 2300,0.001940,0.065363,0.060943
[fold_4] 2325,0.000465,0.065356,0.060911
[fold_4] 2350,0.012170,0.065350,0.060917
[fold_4] 2375,0.000884,0.065350,0.060914
[fold_4] 2400,0.019590,0.065678,0.061269
[fold_4] 2425,0.000224,0.065325,0.060869
[fold_4] 2450,0.001424,0.065300,0.060869
[fold_4] 2475,0.004107,0.065436,0.061049
[fold_4] 2500,0.001256,0.065473,0.061023
[fold_4] 2525,0.014830,0.065301,0.060841
[fold_4] 2550,0.000586,0.065269,0.060818
[fold_4] 2575,0.004556,0.065275,0.060831
[fold_4] 2600,0.000278,0.065243,0.060790
[fold_4] 2625,0.000355,0.065318,0.060868
[fold_4] 2650,0.000493,0.065451,0.061036
[fold_4] 2675,0.010282,0.065275,0.060818
[fold_4] 2700,0.020322,0.065219,0.060744
[fold_4] 2725,0.005814,0.065182,0.060724
[fold_4] 2750,0.004437,0.065186,0.060726
[fold_4] 2775,0.000536,0.065287,0.060841
[fold_4] 2800,0.024735,0.065275,0.060823
[fold_4] 2825,0.000268,0.065154,0.060690
[fold_4] 2850,0.000297,0.065393,0.060995
[fold_4] 2875,0.000333,0.065281,0.060857
[fold_4] 2900,0.014477,0.065135,0.060692
[fold_4] 2925,0.005835,0.065108,0.060664
[fold_4] 2950,0.005143,0.065114,0.060654
[fold_4] 2975,0.008473,0.065133,0.060660
[fold_4] 3000,0.001294,0.065093,0.060621
[fold_4] 3025,0.015519,0.065090,0.060639
[fold_4] 3050,0.001747,0.065145,0.060730
[fold_4] 3075,0.011965,0.065086,0.060645
[fold_4] 3100,0.001372,0.065013,0.060556
[fold_4] 3125,0.018685,0.065135,0.060702
[fold_4] 3150,0.005088,0.065078,0.060656
[fold_4] 3175,0.004078,0.065070,0.060603
[fold_4] 3200,0.011555,0.064965,0.060505
[fold_4] 3225,0.001881,0.064989,0.060564
[fold_4] 3250,0.008339,0.064982,0.060555
[fold_4] 3275,0.000270,0.064938,0.060507
[fold_4] 3300,0.035291,0.064944,0.060479
[fold_4] 3325,0.000285,0.064998,0.060524
[fold_4] 3350,0.013769,0.065022,0.060548
[fold_4] 3375,0.000398,0.065022,0.060571
[fold_4] 3400,0.002150,0.064958,0.060488
[fold_4] 3425,0.000240,0.064905,0.060445
[fold_4] 3450,0.000317,0.064973,0.060527
[fold_4] 3475,0.000765,0.064954,0.060507
[fold_4] 3500,0.000320,0.064854,0.060400
[fold_5] 0,0.836970,1.029141,1.027512
[fold_5] 1,0.456795,1.019002,1.017387
[fold_5] 25,0.647588,0.769318,0.768244
[fold_5] 50,0.072525,0.314333,0.315211
[fold_5] 75,0.001408,0.193984,0.196212
[fold_5] 100,0.027741,0.147574,0.151005
[fold_5] 125,0.000685,0.119776,0.123558
[fold_5] 150,0.003799,0.112793,0.116793
[fold_5] 175,0.020506,0.108248,0.112226
[fold_5] 200,0.000365,0.098294,0.103074
[fold_5] 225,0.004497,0.097308,0.102206
[fold_5] 250,0.034963,0.091923,0.096967
[fold_5] 275,0.013422,0.091288,0.096316
[fold_5] 300,0.019878,0.085964,0.091413
[fold_5] 325,0.009352,0.097857,0.102996
[fold_5] 350,0.002820,0.088004,0.093497
[fold_5] 375,0.012241,0.097754,0.102848
[fold_5] 400,0.013434,0.086574,0.092067
[fold_5] 425,0.004783,0.084239,0.089880
[fold_5] 450,0.000366,0.083678,0.089417
[fold_5] 475,0.000506,0.079685,0.085527
[fold_5] 500,0.000441,0.079655,0.085422
[fold_5] 525,0.062480,0.084261,0.089605
[fold_5] 550,0.002113,0.086781,0.092212
[fold_5] 575,0.096047,0.080043,0.085832
[fold_5] 600,0.037358,0.077369,0.083286
[fold_5] 625,0.018254,0.077084,0.083024
[fold_5] 650,0.001253,0.077334,0.083318
[fold_5] 675,0.000452,0.076898,0.082831
[fold_5] 700,0.082689,0.077086,0.082988
[fold_5] 725,0.002184,0.078473,0.084407
[fold_5] 750,0.005228,0.076176,0.082166
[fold_5] 775,0.006608,0.077419,0.083213
[fold_5] 800,0.013432,0.075186,0.081270
[fold_5] 825,0.020710,0.074973,0.081027
[fold_5] 850,0.033706,0.074608,0.080741
[fold_5] 875,0.001437,0.074056,0.080114
[fold_5] 900,0.008160,0.073403,0.079539
[fold_5] 925,0.006113,0.073558,0.079691
[fold_5] 950,0.004193,0.074098,0.080094
[fold_5] 975,0.001007,0.073435,0.079476
[fold_5] 1000,0.027842,0.072921,0.079095
[fold_5] 1025,0.001950,0.072324,0.078409
[fold_5] 1050,0.031832,0.071736,0.077872
[fold_5] 1075,0.004987,0.071102,0.077269
[fold_5] 1100,0.000504,0.070125,0.076432
[fold_5] 1125,0.000351,0.071977,0.078154
[fold_5] 1150,0.002901,0.072452,0.078552
[fold_5] 1175,0.019013,0.071058,0.077297
[fold_5] 1200,0.010421,0.068871,0.075235
[fold_5] 1225,0.000479,0.070720,0.077037
[fold_5] 1250,0.002749,0.069753,0.076118
[fold_5] 1275,0.001948,0.068338,0.074735
[fold_5] 1300,0.000796,0.068240,0.074687
[fold_5] 1325,0.003780,0.070069,0.076272
[fold_5] 1350,0.007733,0.068183,0.074582
[fold_5] 1375,0.000414,0.067544,0.074040
[fold_5] 1400,0.011923,0.067494,0.073988
[fold_5] 1425,0.000284,0.068181,0.074688
[fold_5] 1450,0.002895,0.067124,0.073658
[fold_5] 1475,0.001133,0.067821,0.074359
[fold_5] 1500,0.036867,0.066903,0.073474
[fold_5] 1525,0.000795,0.067354,0.073882
[fold_5] 1550,0.001335,0.066739,0.073259
[fold_5] 1575,0.010891,0.070786,0.077128
[fold_5] 1600,0.000652,0.066841,0.073423
[fold_5] 1625,0.010014,0.066327,0.072876
[fold_5] 1650,0.011012,0.066220,0.072752
[fold_5] 1675,0.007965,0.066004,0.072558
[fold_5] 1700,0.010944,0.065688,0.072319
[fold_5] 1725,0.002316,0.065321,0.071943
[fold_5] 1750,0.011773,0.065106,0.071790
[fold_5] 1775,0.000446,0.066887,0.073471
[fold_5] 1800,0.024648,0.065014,0.071673
[fold_5] 1825,0.001607,0.064989,0.071717
[fold_5] 1850,0.001568,0.065412,0.072087
[fold_5] 1875,0.008695,0.064807,0.071483
[fold_5] 1900,0.002809,0.064765,0.071425
[fold_5] 1925,0.002896,0.064717,0.071469
[fold_5] 1950,0.003154,0.064096,0.070830
[fold_5] 1975,0.006943,0.063845,0.070607
[fold_5] 2000,0.000437,0.064610,0.071366
[fold_5] 2025,0.009554,0.064893,0.071573
[fold_5] 2050,0.000976,0.066862,0.073468
[fold_5] 2075,0.000865,0.063852,0.070656
[fold_5] 2100,0.001872,0.063363,0.070195
[fold_5] 2125,0.084380,0.063706,0.070551
[fold_5] 2150,0.005986,0.063163,0.070000
[fold_5] 2175,0.002917,0.063805,0.070634
[fold_5] 2200,0.127469,0.064282,0.071079
[fold_5] 2225,0.000378,0.063071,0.069929
[fold_5] 2250,0.003500,0.062935,0.069812
[fold_5] 2275,0.026846,0.063415,0.070221
[fold_5] 2300,0.000554,0.062777,0.069659
[fold_5] 2325,0.000840,0.062918,0.069757
[fold_5] 2350,0.000282,0.063032,0.069862
[fold_5] 2375,0.023513,0.062893,0.069718
[fold_5] 2400,0.001681,0.063094,0.069961
[fold_5] 2425,0.006378,0.062682,0.069576
[fold_5] 2450,0.000245,0.062571,0.069467
[fold_5] 2475,0.000525,0.062492,0.069383
[fold_5] 2500,0.000312,0.062516,0.069407
[fold_5] 2525,0.004300,0.062735,0.069574
[fold_5] 2550,0.002146,0.062539,0.069425
[fold_5] 2575,0.007068,0.062413,0.069296
[fold_5] 2600,0.005410,0.062388,0.069284
[fold_5] 2625,0.012498,0.062717,0.069608
[fold_5] 2650,0.003357,0.062501,0.069368
[fold_5] 2675,0.001045,0.062370,0.069274
[fold_5] 2700,0.005125,0.062499,0.069397
[fold_5] 2725,0.010626,0.062312,0.069209
[fold_5] 2750,0.002794,0.062330,0.069230
[fold_5] 2775,0.008035,0.062404,0.069292
[fold_5] 2800,0.002433,0.062428,0.069294
[fold_5] 2825,0.008739,0.062337,0.069232
[fold_5] 2850,0.004051,0.062315,0.069232
[fold_5] 2875,0.018888,0.062310,0.069206
[fold_5] 2900,0.000270,0.062247,0.069165
[fold_5] 2925,0.005955,0.062236,0.069145
[fold_5] 2950,0.011810,0.062250,0.069172
[fold_5] 2975,0.004678,0.062300,0.069192
[fold_5] 3000,0.008442,0.062217,0.069133
[fold_5] 3025,0.001682,0.062345,0.069238
[fold_5] 3050,0.023604,0.062249,0.069175
[fold_5] 3075,0.002078,0.062254,0.069159
[fold_5] 3100,0.003081,0.062186,0.069113
[fold_5] 3125,0.006480,0.062141,0.069058
[fold_5] 3150,0.002248,0.062186,0.069110
[fold_5] 3175,0.001713,0.062124,0.069051
[fold_5] 3200,0.007023,0.062121,0.069040
[fold_5] 3225,0.001129,0.062115,0.069028
[fold_5] 3250,0.000299,0.062108,0.069025
[fold_5] 3275,0.000315,0.062092,0.069018
[fold_5] 3300,0.011398,0.062075,0.068993
[fold_5] 3325,0.000275,0.062074,0.068997
[fold_5] 3350,0.007247,0.062050,0.068967
[fold_5] 3375,0.000279,0.062051,0.068979
[fold_5] 3400,0.007871,0.062054,0.068975
[fold_5] 3425,0.026461,0.062169,0.069091
[fold_5] 3450,0.000455,0.062022,0.068940
[fold_5] 3475,0.000239,0.062175,0.069102
[fold_5] 3500,0.013696,0.062126,0.069020
[fold_5] 3525,0.001021,0.062061,0.068983
[fold_5] 3550,0.017167,0.062187,0.069125
[fold_5] 3575,0.000402,0.061991,0.068905
[fold_5] 3600,0.018884,0.061955,0.068876
[fold_5] 3625,0.000390,0.061938,0.068868
[fold_5] 3650,0.021174,0.061974,0.068916
[fold_5] 3675,0.005892,0.061985,0.068909
[fold_5] 3700,0.002607,0.061977,0.068895
[fold_5] 3725,0.002767,0.061938,0.068879
[fold_5] 3750,0.198852,0.061903,0.068844
[fold_5] 3775,0.000663,0.061970,0.068918
[fold_5] 3800,0.000382,0.061882,0.068822
[fold_5] 3825,0.001300,0.061949,0.068891
[fold_5] 3850,0.001677,0.061985,0.068927
[fold_5] 3875,0.025835,0.061944,0.068859
[fold_5] 3900,0.003278,0.061881,0.068819
[fold_5] 3925,0.006125,0.061810,0.068751
[fold_5] 3950,0.007697,0.061797,0.068738
[fold_5] 3975,0.006161,0.061875,0.068815
[fold_5] 4000,0.009759,0.061881,0.068794
[fold_5] 4025,0.002641,0.061760,0.068709
[fold_5] 4050,0.001428,0.061781,0.068738
[fold_5] 4075,0.009585,0.061761,0.068707
[fold_5] 4100,0.002484,0.061855,0.068793
[fold_5] 4125,0.002127,0.061835,0.068770
[fold_5] 4150,0.007945,0.061717,0.068662
[fold_5] 4175,0.000250,0.061846,0.068793
[fold_5] 4200,0.002074,0.061716,0.068665
[fold_2] 0,0.098552,1.029108,1.030313
[fold_2] 1,0.921401,1.017487,1.018679
[fold_2] 25,0.181137,0.748050,0.748721
[fold_2] 50,0.004221,0.302158,0.300653
[fold_2] 75,0.035000,0.173515,0.171235
[fold_2] 100,0.018244,0.132010,0.129002
[fold_2] 125,0.000756,0.110717,0.107513
[fold_2] 150,0.002438,0.103767,0.100352
[fold_2] 175,0.004735,0.093985,0.090379
[fold_2] 200,0.040529,0.087355,0.083775
[fold_2] 225,0.004640,0.090280,0.086770
[fold_2] 250,0.000866,0.084297,0.080571
[fold_2] 275,0.007550,0.088906,0.085401
[fold_2] 300,0.002229,0.082715,0.078808
[fold_2] 325,0.002554,0.080987,0.077317
[fold_2] 350,0.009631,0.081326,0.077313
[fold_2] 375,0.013284,0.078427,0.074332
[fold_2] 400,0.000936,0.079373,0.075406
[fold_2] 425,0.014023,0.075459,0.071263
[fold_2] 450,0.030694,0.080860,0.077091
[fold_2] 475,0.012999,0.095509,0.092299
[fold_2] 500,0.019383,0.089386,0.086049
[fold_2] 525,0.006046,0.072946,0.068667
[fold_2] 550,0.006552,0.071192,0.066816
[fold_2] 575,0.002071,0.072001,0.067612
[fold_2] 600,0.004825,0.071600,0.067417
[fold_2] 625,0.002016,0.069647,0.065165
[fold_2] 650,0.018439,0.069335,0.064969
[fold_2] 675,0.004193,0.076588,0.072596
[fold_2] 700,0.002888,0.068532,0.064101
[fold_2] 725,0.001494,0.072682,0.068741
[fold_2] 750,0.008682,0.067363,0.062842
[fold_2] 775,0.001196,0.073037,0.068860
[fold_2] 800,0.013090,0.068313,0.063860
[fold_2] 825,0.000813,0.067606,0.063114
[fold_2] 850,0.071453,0.067035,0.062431
[fold_2] 875,0.000459,0.066288,0.061682
[fold_2] 900,0.000870,0.066620,0.062089
[fold_2] 925,0.011315,0.066331,0.061680
[fold_2] 950,0.012636,0.066422,0.061754
[fold_2] 975,0.017097,0.066279,0.061698
[fold_2] 1000,0.012343,0.065798,0.061167
[fold_2] 1025,0.034609,0.065666,0.061013
[fold_2] 1050,0.002675,0.065573,0.060921
[fold_2] 1075,0.007033,0.065761,0.061139
[fold_2] 1100,0.006334,0.065442,0.060829
[fold_2] 1125,0.009039,0.065434,0.060819
[fold_2] 1150,0.001774,0.065280,0.060633
[fold_2] 1175,0.006459,0.065263,0.060654
[fold_2] 1200,0.001843,0.065307,0.060680
[fold_2] 1225,0.000722,0.066099,0.061537
[fold_2] 1250,0.000323,0.065054,0.060439
[fold_2] 1275,0.000207,0.065006,0.060368
[fold_2] 1300,0.002773,0.064943,0.060301
[fold_2] 1325,0.021533,0.065065,0.060443
[fold_2] 1350,0.000454,0.065105,0.060439
[fold_2] 1375,0.001774,0.065099,0.060472
[fold_2] 1400,0.011786,0.064937,0.060290
[fold_2] 1425,0.013821,0.064857,0.060209
[fold_2] 1450,0.023913,0.064951,0.060309
[fold_2] 1475,0.003610,0.064840,0.060149
[fold_2] 1500,0.000922,0.064738,0.060068
[fold_2] 1525,0.004775,0.064707,0.060043
[fold_2] 1550,0.010741,0.064724,0.060051
[fold_2] 1575,0.008884,0.064973,0.060303
[fold_2] 1600,0.009447,0.064838,0.060181
[fold_2] 1625,0.021655,0.064683,0.059989
[fold_2] 1650,0.005562,0.064634,0.059958
[fold_2] 1675,0.001749,0.064588,0.059928
[fold_2] 1700,0.000306,0.064579,0.059921
[fold_2] 1725,0.018290,0.064578,0.059925
[fold_2] 1750,0.001258,0.064573,0.059917
[fold_2] 1775,0.008272,0.064697,0.060016
[fold_2] 1800,0.000536,0.064560,0.059882
[fold_2] 1825,0.013832,0.064594,0.059921
[fold_2] 1850,0.008225,0.064536,0.059857
[fold_2] 1875,0.000305,0.064546,0.059856
[fold_2] 1900,0.001698,0.064692,0.059999
[fold_2] 1925,0.000245,0.064530,0.059842
[fold_2] 1950,0.012788,0.064497,0.059821
[fold_2] 1975,0.016423,0.064493,0.059830
[fold_2] 2000,0.004708,0.064479,0.059809
[fold_2] 2025,0.007262,0.064453,0.059786
[fold_2] 2050,0.008460,0.064581,0.059907
[fold_2] 2075,0.003498,0.064811,0.060172
[fold_2] 2100,0.005985,0.064521,0.059876
[fold_2] 2125,0.002532,0.064454,0.059789
[fold_2] 2150,0.005548,0.064446,0.059760
[fold_2] 2175,0.009037,0.064420,0.059735
[fold_2] 2200,0.005836,0.064412,0.059749
[fold_2] 2225,0.002993,0.064402,0.059727
[fold_2] 2250,0.003232,0.064439,0.059773
[fold_2] 2275,0.007651,0.064391,0.059713
[fold_2] 2300,0.003767,0.064387,0.059712
[fold_2] 2325,0.020693,0.064384,0.059715
[fold_2] 2350,0.001446,0.064385,0.059730
[fold_2] 2375,0.000406,0.064610,0.059938
[fold_2] 2400,0.021659,0.064340,0.059669
[fold_2] 2425,0.002464,0.064381,0.059715
[fold_2] 2450,0.000358,0.064330,0.059652
[fold_2] 2475,0.018716,0.064357,0.059679
[fold_2] 2500,0.016040,0.064409,0.059716
[fold_2] 2525,0.006710,0.064389,0.059719
[fold_2] 2550,0.004818,0.064284,0.059594
[fold_2] 2575,0.000240,0.064305,0.059640
[fold_2] 2600,0.034462,0.064281,0.059588
[fold_2] 2625,0.065815,0.064312,0.059615
[fold_2] 2650,0.027910,0.064314,0.059637
[fold_2] 2675,0.000301,0.064344,0.059656
[fold_2] 2700,0.007193,0.064238,0.059560
[fold_2] 2725,0.021334,0.064216,0.059534
[fold_2] 2750,0.003999,0.064264,0.059571
[fold_2] 2775,0.000437,0.064235,0.059533
[fold_2] 2800,0.010956,0.064211,0.059519
[fold_2] 2825,0.000533,0.064288,0.059582
[fold_2] 2850,0.002496,0.064332,0.059638
[fold_2] 2875,0.002625,0.064195,0.059514
[fold_2] 2900,0.047486,0.064307,0.059622
[fold_2] 2925,0.004735,0.064206,0.059532
[fold_2] 2950,0.012816,0.064142,0.059461
[fold_2] 2975,0.005270,0.064199,0.059523
[fold_2] 3000,0.008256,0.064153,0.059482
[fold_2] 3025,0.006028,0.064128,0.059439
[fold_2] 3050,0.003849,0.064260,0.059572
[fold_2] 3075,0.000327,0.064195,0.059513
[fold_2] 3100,0.004372,0.064120,0.059442
[fold_2] 3125,0.057008,0.064196,0.059530
[fold_2] 3150,0.002261,0.064184,0.059514
[fold_2] 3175,0.069550,0.064085,0.059391
[fold_2] 3200,0.010594,0.064064,0.059399
[fold_2] 3225,0.009382,0.064056,0.059378
[fold_2] 3250,0.001876,0.064121,0.059454
[fold_2] 3275,0.015678,0.064154,0.059458
[fold_2] 3300,0.006834,0.064051,0.059364
[fold_2] 3325,0.004232,0.064041,0.059363
[fold_2] 3350,0.005986,0.064024,0.059330
[fold_2] 3375,0.031003,0.064007,0.059321
[fold_2] 3400,0.000263,0.064036,0.059364
[fold_2] 3425,0.004247,0.064018,0.059330
[fold_2] 3450,0.000430,0.064011,0.059329
[fold_2] 3475,0.000448,0.063967,0.059270
[fold_2] 3500,0.001826,0.064052,0.059361
[fold_2] 3525,0.002512,0.064011,0.059335
[fold_2] 3550,0.001110,0.063981,0.059316
[fold_2] 3575,0.064373,0.063954,0.059249
[fold_2] 3600,0.005845,0.063958,0.059247
[fold_2] 3625,0.000512,0.063985,0.059271
[fold_2] 3650,0.116985,0.063981,0.059292
[fold_2] 3675,0.007859,0.063919,0.059223
[fold_2] 3700,0.000742,0.063972,0.059303
[fold_2] 3725,0.003598,0.063890,0.059212
[fold_2] 3750,0.029712,0.063912,0.059223
[fold_2] 3775,0.014021,0.064104,0.059417
[fold_2] 3800,0.017150,0.063837,0.059148
[fold_2] 3825,0.004149,0.063944,0.059274
[fold_2] 3850,0.000854,0.063869,0.059169
[fold_2] 3875,0.006287,0.063912,0.059217
[fold_2] 3900,0.001616,0.063943,0.059253
[fold_2] 3925,0.016182,0.063845,0.059159
[fold_2] 3950,0.010357,0.063816,0.059135
[fold_2] 3975,0.001073,0.063794,0.059091
[fold_2] 4000,0.000288,0.063803,0.059097
[fold_2] 4025,0.007531,0.063905,0.059208
[fold_2] 4050,0.001276,0.063774,0.059090
[fold_2] 4075,0.000312,0.063762,0.059065
[fold_3] 0,0.088660,1.029089,1.028359
[fold_3] 1,0.376773,1.018326,1.017596
[fold_3] 25,0.454717,0.775265,0.775026
[fold_3] 50,0.088076,0.303585,0.304858
[fold_3] 75,0.008002,0.158992,0.161108
[fold_3] 100,0.013210,0.121651,0.123741
[fold_3] 125,0.015504,0.103507,0.105968
[fold_3] 150,0.012428,0.095775,0.098189
[fold_3] 175,0.005123,0.105825,0.107623
[fold_3] 200,0.039598,0.097222,0.099901
[fold_3] 225,0.008012,0.093046,0.095865
[fold_3] 250,0.009581,0.082686,0.085522
[fold_3] 275,0.021470,0.084900,0.087876
[fold_3] 300,0.013732,0.085109,0.088057
[fold_3] 325,0.029895,0.079163,0.082199
[fold_3] 350,0.009560,0.090270,0.093144
[fold_3] 375,0.002317,0.086954,0.089573
[fold_3] 400,0.000410,0.077126,0.080153
[fold_3] 425,0.016474,0.080049,0.083156
[fold_3] 450,0.007849,0.078614,0.081559
[fold_3] 475,0.030095,0.081274,0.084202
[fold_3] 500,0.004457,0.075345,0.078700
[fold_3] 525,0.009071,0.073369,0.076679
[fold_3] 550,0.001663,0.072745,0.076269
[fold_3] 575,0.004821,0.071827,0.075157
[fold_3] 600,0.065104,0.075635,0.079004
[fold_3] 625,0.001405,0.072663,0.075877
[fold_3] 650,0.009575,0.071555,0.074972
[fold_3] 675,0.000387,0.073811,0.076981
[fold_3] 700,0.001263,0.069886,0.073399
[fold_3] 725,0.004575,0.069961,0.073533
[fold_3] 750,0.010187,0.073350,0.076734
[fold_3] 775,0.007017,0.067784,0.071391
[fold_3] 800,0.000898,0.067685,0.071338
[fold_3] 825,0.003241,0.075215,0.078590
[fold_3] 850,0.004501,0.068840,0.072429
[fold_3] 875,0.004432,0.067370,0.070866
[fold_3] 900,0.005868,0.067107,0.070606
[fold_3] 925,0.002804,0.065098,0.068820
[fold_3] 950,0.026036,0.067893,0.071560
[fold_3] 975,0.001243,0.065456,0.069158
[fold_3] 1000,0.013224,0.067691,0.071229
[fold_3] 1025,0.016638,0.067708,0.071134
[fold_3] 1050,0.003872,0.064333,0.068035
[fold_3] 1075,0.000921,0.064669,0.068320
[fold_3] 1100,0.000354,0.064388,0.067983
[fold_3] 1125,0.004830,0.064018,0.067657
[fold_3] 1150,0.002263,0.066245,0.069878
[fold_3] 1175,0.000184,0.063703,0.067390
[fold_3] 1200,0.000314,0.063674,0.067338
[fold_3] 1225,0.001675,0.064435,0.068123
[fold_3] 1250,0.000200,0.064243,0.067897
[fold_3] 1275,0.011624,0.064705,0.068428
[fold_3] 1300,0.003366,0.064567,0.068292
[fold_3] 1325,0.003571,0.063531,0.067214
[fold_3] 1350,0.000714,0.062679,0.066456
[fold_3] 1375,0.002372,0.063463,0.067204
[fold_3] 1400,0.001225,0.065969,0.069572
[fold_3] 1425,0.001171,0.062642,0.066426
[fold_3] 1450,0.000440,0.062435,0.066271
[fold_3] 1475,0.002978,0.063733,0.067542
[fold_3] 1500,0.000969,0.062490,0.066263
[fold_3] 1525,0.007827,0.063257,0.067044
[fold_3] 1550,0.021114,0.062550,0.066290
[fold_3] 1575,0.009437,0.062356,0.066159
[fold_3] 1600,0.011238,0.061965,0.065757
[fold_3] 1625,0.015935,0.063193,0.066901
[fold_3] 1650,0.012003,0.062095,0.065883
[fold_3] 1675,0.014565,0.061870,0.065710
[fold_3] 1700,0.001870,0.061767,0.065595
[fold_3] 1725,0.002403,0.061775,0.065566
[fold_3] 1750,0.005742,0.061811,0.065613
[fold_3] 1775,0.025652,0.062133,0.065953
[fold_3] 1800,0.058389,0.061867,0.065664
[fold_3] 1825,0.004562,0.062305,0.066049
[fold_3] 1850,0.001654,0.061429,0.065281
[fold_3] 1875,0.006758,0.061763,0.065553
[fold_3] 1900,0.013867,0.061241,0.065095
[fold_3] 1925,0.057038,0.061283,0.065106
[fold_3] 1950,0.003360,0.061146,0.065002
[fold_3] 1975,0.003678,0.061853,0.065643
[fold_3] 2000,0.004937,0.061031,0.064900
[fold_3] 2025,0.007013,0.061837,0.065681
[fold_3] 2050,0.003248,0.061550,0.065319
[fold_3] 2075,0.009216,0.061516,0.065334
[fold_3] 2100,0.006524,0.060952,0.064792
[fold_3] 2125,0.005397,0.060960,0.064800
[fold_3] 2150,0.017956,0.060927,0.064769
[fold_3] 2175,0.003858,0.061068,0.064909
[fold_3] 2200,0.000316,0.060984,0.064814
[fold_3] 2225,0.001682,0.061029,0.064871
[fold_3] 2250,0.010824,0.060947,0.064781
[fold_3] 2275,0.000687,0.060921,0.064762
[fold_3] 2300,0.013552,0.061037,0.064854
[fold_3] 2325,0.002838,0.061028,0.064856
[fold_3] 2350,0.003491,0.060924,0.064744
[fold_3] 2375,0.009757,0.061031,0.064837
[fold_3] 2400,0.000369,0.060834,0.064667
[fold_3] 2425,0.022964,0.060841,0.064668
[fold_3] 2450,0.008481,0.060805,0.064644
[fold_3] 2475,0.000327,0.060795,0.064634
[fold_3] 2500,0.000813,0.060888,0.064700
[fold_3] 2525,0.004261,0.060790,0.064633
[fold_3] 2550,0.006708,0.060792,0.064632
[fold_3] 2575,0.007140,0.060737,0.064573
[fold_3] 2600,0.009785,0.060722,0.064566
[fold_3] 2625,0.015659,0.060752,0.064592
[fold_3] 2650,0.005328,0.060715,0.064559
[fold_3] 2675,0.000677,0.060729,0.064580
[fold_3] 2700,0.001666,0.060713,0.064559
[fold_3] 2725,0.003165,0.060687,0.064535
[fold_3] 2750,0.002908,0.060801,0.064625
[fold_3] 2775,0.000251,0.060757,0.064616
[fold_3] 2800,0.012177,0.060689,0.064546
[fold_3] 2825,0.000442,0.060647,0.064499
[fold_3] 2850,0.001214,0.060642,0.064499
[fold_3] 2875,0.016333,0.060656,0.064501
[fold_3] 2900,0.017374,0.060666,0.064514
[fold_3] 2925,0.006561,0.060739,0.064586
[fold_3] 2950,0.023907,0.060720,0.064545
[fold_3] 2975,0.006626,0.060612,0.064466
[fold_3] 3000,0.002787,0.060625,0.064476
[fold_3] 3025,0.003058,0.060681,0.064511
[fold_3] 3050,0.004003,0.060658,0.064503
[fold_3] 3075,0.000190,0.060609,0.064462
[fold_3] 3100,0.000247,0.060601,0.064438
[fold_3] 3125,0.000929,0.060689,0.064524
[fold_3] 3150,0.000935,0.060570,0.064417
[fold_3] 3175,0.000803,0.060603,0.064448
[fold_3] 3200,0.003432,0.060767,0.064597
[fold_3] 3225,0.002191,0.060569,0.064424
[fold_3] 3250,0.007165,0.060693,0.064569
[fold_3] 3275,0.003664,0.060905,0.064771
[fold_3] 3300,0.003671,0.060509,0.064370
[fold_3] 3325,0.017768,0.060540,0.064404
[fold_3] 3350,0.000271,0.060530,0.064399
[fold_3] 3375,0.000295,0.060511,0.064369
[fold_3] 3400,0.011166,0.060959,0.064759
[fold_3] 3425,0.011119,0.060464,0.064331
[fold_3] 3450,0.006936,0.060477,0.064334
[fold_3] 3475,0.000234,0.060476,0.064348
[fold_3] 3500,0.003149,0.060465,0.064333
[fold_3] 3525,0.017262,0.060454,0.064329
[fold_3] 3550,0.012301,0.060461,0.064340
[fold_3] 3575,0.001196,0.060464,0.064345
[fold_3] 3600,0.006331,0.060470,0.064341
[fold_3] 3625,0.003977,0.060416,0.064280
[fold_3] 3650,0.000841,0.060474,0.064357
[fold_3] 3675,0.014240,0.060424,0.064306
[fold_1] 0,2.500983,1.029093,1.028526
[fold_1] 1,0.106643,1.020138,1.019606
[fold_1] 25,1.413323,0.787513,0.787346
[fold_1] 50,0.061118,0.334464,0.334768
[fold_1] 75,0.080459,0.189075,0.188325
[fold_1] 100,0.012919,0.131462,0.130834
[fold_1] 125,0.007736,0.129574,0.129325
[fold_1] 150,0.000262,0.106097,0.105496
[fold_1] 175,0.024183,0.094706,0.093628
[fold_1] 200,0.004508,0.097148,0.096469
[fold_1] 225,0.000453,0.089644,0.088661
[fold_1] 250,0.000561,0.089354,0.088289
[fold_1] 275,0.009973,0.091668,0.090683
[fold_1] 300,0.002202,0.080261,0.079048
[fold_1] 325,0.005944,0.079450,0.077999
[fold_1] 350,0.009339,0.077627,0.076245
[fold_1] 375,0.003367,0.080480,0.079407
[fold_1] 400,0.015223,0.078529,0.077213
[fold_1] 425,0.020283,0.076180,0.074848
[fold_1] 450,0.020497,0.087193,0.085803
[fold_1] 475,0.002613,0.071224,0.069467
[fold_1] 500,0.002951,0.073765,0.072389
[fold_1] 525,0.032131,0.095556,0.094196
[fold_1] 550,0.003830,0.083380,0.082226
[fold_1] 575,0.012882,0.069638,0.067828
[fold_1] 600,0.001512,0.067937,0.065840
[fold_1] 625,0.000451,0.067938,0.065930
[fold_1] 650,0.010599,0.067949,0.066158
[fold_1] 675,0.005281,0.069801,0.067858
[fold_1] 700,0.000333,0.068126,0.066105
[fold_1] 725,0.000918,0.066530,0.064474
[fold_1] 750,0.000297,0.066330,0.064261
[fold_1] 775,0.002061,0.066126,0.064019
[fold_1] 800,0.005076,0.066308,0.064210
[fold_1] 825,0.023021,0.066184,0.064126
[fold_1] 850,0.000468,0.066354,0.064348
[fold_1] 875,0.001711,0.066707,0.064625
[fold_1] 900,0.011927,0.066045,0.064002
[fold_1] 925,0.001033,0.065821,0.063780
[fold_1] 950,0.000259,0.066401,0.064301
[fold_1] 975,0.001503,0.065695,0.063576
[fold_1] 1000,0.006770,0.065594,0.063540
[fold_1] 1025,0.010625,0.065461,0.063322
[fold_1] 1050,0.004045,0.066375,0.064438
[fold_1] 1075,0.012008,0.065622,0.063587
[fold_1] 1100,0.013733,0.065880,0.063702
[fold_1] 1125,0.002466,0.065297,0.063134
[fold_1] 1150,0.023117,0.065296,0.063188
[fold_1] 1175,0.003073,0.065073,0.062955
[fold_1] 1200,0.009056,0.065040,0.062888
[fold_1] 1225,0.003671,0.065129,0.063021
[fold_1] 1250,0.001121,0.064997,0.062805
[fold_1] 1275,0.009637,0.064840,0.062685
[fold_1] 1300,0.021465,0.065220,0.063050
[fold_1] 1325,0.009792,0.064859,0.062714
[fold_1] 1350,0.008515,0.064725,0.062543
[fold_1] 1375,0.024528,0.065108,0.062919
[fold_1] 1400,0.002201,0.065604,0.063533
[fold_1] 1425,0.058056,0.064789,0.062637
[fold_1] 1450,0.002049,0.064904,0.062729
[fold_1] 1475,0.000256,0.064565,0.062404
[fold_1] 1500,0.000434,0.064508,0.062303
[fold_1] 1525,0.000350,0.064521,0.062323
[fold_1] 1550,0.001101,0.064521,0.062286
[fold_1] 1575,0.011443,0.064703,0.062582
[fold_1] 1600,0.003177,0.064452,0.062255
[fold_1] 1625,0.011570,0.064544,0.062389
[fold_1] 1650,0.000892,0.064431,0.062202
[fold_1] 1675,0.002695,0.064475,0.062298
[fold_1] 1700,0.086091,0.064826,0.062573
[fold_1] 1725,0.002103,0.064432,0.062252
[fold_1] 1750,0.000457,0.064523,0.062347
[fold_1] 1775,0.008382,0.064339,0.062109
[fold_1] 1800,0.011031,0.064275,0.062048
[fold_1] 1825,0.008680,0.064296,0.062073
[fold_1] 1850,0.002931,0.064440,0.062198
[fold_1] 1875,0.006554,0.064687,0.062476
[fold_1] 1900,0.000353,0.064237,0.062026
[fold_1] 1925,0.003810,0.064460,0.062205
[fold_1] 1950,0.005074,0.064237,0.062013
[fold_1] 1975,0.014348,0.064242,0.061996
[fold_1] 2000,0.007505,0.064273,0.062059
[fold_1] 2025,0.058331,0.064221,0.062027
[fold_1] 2050,0.003574,0.064239,0.062045
[fold_1] 2075,0.007990,0.064240,0.061994
[fold_1] 2100,0.000903,0.064177,0.061941
[fold_1] 2125,0.000262,0.064214,0.061976
[fold_1] 2150,0.004774,0.064209,0.061982
[fold_1] 2175,0.000962,0.064172,0.061932
[fold_1] 2200,0.073054,0.064132,0.061898
[fold_1] 2225,0.001420,0.064245,0.062084
[fold_1] 2250,0.004698,0.064282,0.062096
[fold_1] 2275,0.020344,0.064254,0.062033
[fold_1] 2300,0.035722,0.064112,0.061880
[fold_1] 2325,0.069339,0.064117,0.061869
[fold_1] 2350,0.020388,0.064123,0.061862
[fold_1] 2375,0.001342,0.064111,0.061871
[fold_1] 2400,0.004300,0.064073,0.061831
[fold_1] 2425,0.000306,0.064256,0.061997
[fold_1] 2450,0.003363,0.064158,0.061987
[fold_1] 2475,0.000324,0.064214,0.062064
[fold_1] 2500,0.011121,0.064083,0.061856
[fold_1] 2525,0.050924,0.064100,0.061885
[fold_1] 2550,0.047004,0.064061,0.061835
[fold_1] 2575,0.000354,0.064027,0.061786
[fold_1] 2600,0.007530,0.064064,0.061825
[fold_1] 2625,0.015480,0.064093,0.061882
[fold_1] 2650,0.010491,0.064009,0.061794
[fold_1] 2675,0.018904,0.064064,0.061863
[fold_1] 2700,0.003333,0.064093,0.061894
[fold_1] 2725,0.008325,0.064066,0.061864
[fold_1] 2750,0.005379,0.064102,0.061844
[fold_1] 2775,0.014703,0.063979,0.061713
[fold_1] 2800,0.003529,0.063949,0.061701
[fold_1] 2825,0.000322,0.063960,0.061728
[fold_1] 2850,0.025834,0.063972,0.061699
[fold_1] 2875,0.019725,0.064049,0.061808
[fold_1] 2900,0.000508,0.063923,0.061690
[fold_1] 2925,0.001847,0.064095,0.061831
[fold_1] 2950,0.025629,0.063908,0.061645
[fold_1] 2975,0.010066,0.063944,0.061729
[fold_1] 3000,0.000913,0.063879,0.061616
[fold_1] 3025,0.008346,0.063873,0.061621
[fold_1] 3050,0.007146,0.063957,0.061720
[fold_1] 3075,0.000263,0.063941,0.061691
[fold_1] 3100,0.001228,0.063916,0.061713
[fold_1] 3125,0.002019,0.063841,0.061609
[fold_1] 3150,0.001782,0.063861,0.061612
[fold_1] 3175,0.088893,0.063841,0.061589
[fold_1] 3200,0.007522,0.063806,0.061539
[fold_1] 3225,0.001645,0.063811,0.061546
[fold_1] 3250,0.006415,0.063827,0.061568
[fold_1] 3275,0.032831,0.063951,0.061666
[fold_1] 3300,0.009334,0.063922,0.061637
[fold_1] 3325,0.000948,0.063798,0.061547
[fold_1] 3350,0.000745,0.063773,0.061540
[fold_1] 3375,0.042758,0.063963,0.061746
[fold_1] 3400,0.007334,0.063863,0.061633
[fold_1] 3425,0.005917,0.063821,0.061556
[fold_1] 3450,0.002911,0.063775,0.061545

Cross-validation summary
Mean train RMSE norm      : 0.062911
Mean validation RMSE norm : 0.062789
Median best epoch         : 3625
Best-so-far checkpoint    : kept previous
Training-curve plot       : plots/cross_validation_curves.png
