[fold_1] 0,1.528405,1.024443,1.024107
[fold_1] 1,0.379652,1.024517,1.024426
[fold_1] 25,0.480519,0.642660,0.643844
[fold_1] 50,0.007352,0.227171,0.227503
[fold_1] 75,0.036350,0.146181,0.145759
[fold_1] 100,0.021123,0.110297,0.108933
[fold_1] 125,0.003509,0.095178,0.093522
[fold_1] 150,0.022815,0.088323,0.086478
[fold_1] 175,0.020372,0.082322,0.080336
[fold_1] 200,0.005348,0.078007,0.075905
[fold_1] 225,0.011447,0.075977,0.073846
[fold_1] 250,0.005056,0.073719,0.071489
[fold_1] 275,0.010302,0.071930,0.069690
[fold_1] 300,0.009441,0.070256,0.067931
[fold_1] 325,0.004930,0.069828,0.067559
[fold_1] 350,0.003513,0.068154,0.065748
[fold_1] 375,0.003875,0.067858,0.065515
[fold_1] 400,0.004034,0.066554,0.064127
[fold_1] 425,0.003608,0.065700,0.063283
[fold_1] 450,0.013253,0.064793,0.062280
[fold_1] 475,0.007725,0.064118,0.061618
[fold_1] 500,0.004808,0.063036,0.060562
[fold_1] 525,0.001998,0.062211,0.059643
[fold_1] 550,0.006159,0.062175,0.059635
[fold_1] 575,0.013446,0.060664,0.058079
[fold_1] 600,0.005791,0.059843,0.057154
[fold_1] 625,0.002923,0.059273,0.056651
[fold_1] 650,0.004430,0.060137,0.057440
[fold_1] 675,0.008320,0.057853,0.055137
[fold_1] 700,0.008212,0.057442,0.054677
[fold_1] 725,0.001925,0.056762,0.053984
[fold_1] 750,0.000649,0.056344,0.053496
[fold_1] 775,0.004306,0.055809,0.052988
[fold_1] 800,0.007992,0.057293,0.054577
[fold_1] 825,0.006665,0.054829,0.051907
[fold_1] 850,0.001870,0.054488,0.051648
[fold_1] 875,0.005962,0.054259,0.051370
[fold_1] 900,0.001076,0.053450,0.050511
[fold_1] 925,0.004115,0.053087,0.050152
[fold_1] 950,0.005766,0.052700,0.049784
[fold_1] 975,0.012205,0.052718,0.049792
[fold_1] 1000,0.001150,0.052406,0.049430
[fold_1] 1025,0.005795,0.052873,0.050020
[fold_1] 1050,0.002946,0.052163,0.049249
[fold_1] 1075,0.001776,0.052131,0.049271
[fold_1] 1100,0.001776,0.051403,0.048443
[fold_1] 1125,0.002000,0.050988,0.048031
[fold_1] 1150,0.011958,0.051465,0.048547
[fold_1] 1175,0.001354,0.050515,0.047563
[fold_1] 1200,0.003653,0.051963,0.049137
[fold_1] 1225,0.010843,0.050111,0.047169
[fold_1] 1250,0.006990,0.049954,0.047039
[fold_1] 1275,0.002768,0.050135,0.047242
[fold_1] 1300,0.006243,0.050192,0.047375
[fold_1] 1325,0.000952,0.050467,0.047660
[fold_1] 1350,0.016534,0.049585,0.046676
[fold_1] 1375,0.024238,0.049003,0.046104
[fold_1] 1400,0.002644,0.049023,0.046115
[fold_1] 1425,0.003947,0.048718,0.045825
[fold_1] 1450,0.001926,0.048608,0.045704
[fold_1] 1475,0.011909,0.048580,0.045690
[fold_1] 1500,0.002258,0.048495,0.045586
[fold_1] 1525,0.001054,0.048546,0.045628
[fold_1] 1550,0.003875,0.048453,0.045532
[fold_1] 1575,0.007579,0.048391,0.045536
[fold_1] 1600,0.008190,0.048301,0.045391
[fold_1] 1625,0.002648,0.048596,0.045709
[fold_1] 1650,0.002687,0.048068,0.045173
[fold_1] 1675,0.008770,0.048178,0.045323
[fold_1] 1700,0.003554,0.048124,0.045255
[fold_1] 1725,0.005815,0.047848,0.044949
[fold_1] 1750,0.001808,0.047803,0.044940
[fold_1] 1775,0.004919,0.048367,0.045444
[fold_1] 1800,0.014751,0.047849,0.044999
[fold_1] 1825,0.018985,0.048212,0.045341
[fold_1] 1850,0.004307,0.047903,0.045011
[fold_1] 1875,0.003185,0.047544,0.044622
[fold_1] 1900,0.002339,0.047532,0.044639
[fold_1] 1925,0.004857,0.047917,0.045088
[fold_1] 1950,0.005119,0.048225,0.045415
[fold_1] 1975,0.013805,0.047689,0.044801
[fold_1] 2000,0.003458,0.047548,0.044649
[fold_1] 2025,0.006955,0.047428,0.044522
[fold_1] 2050,0.000407,0.047392,0.044483
[fold_1] 2075,0.002761,0.047445,0.044545
[fold_1] 2100,0.000958,0.047425,0.044534
[fold_1] 2125,0.005106,0.047537,0.044614
[fold_1] 2150,0.003348,0.047301,0.044392
[fold_1] 2175,0.001145,0.047345,0.044456
[fold_1] 2200,0.005396,0.047310,0.044419
[fold_1] 2225,0.005623,0.047262,0.044360
[fold_1] 2250,0.005197,0.047317,0.044414
[fold_1] 2275,0.002724,0.047250,0.044352
[fold_1] 2300,0.009748,0.047235,0.044328
[fold_1] 2325,0.010865,0.047232,0.044333
[fold_1] 2350,0.004574,0.047235,0.044323
[fold_1] 2375,0.006153,0.047214,0.044302
[fold_1] 2400,0.006959,0.047217,0.044301
[fold_1] 2425,0.003143,0.047223,0.044300
[fold_1] 2450,0.026555,0.047281,0.044387
[fold_1] 2475,0.003518,0.047177,0.044271
[fold_1] 2500,0.006484,0.047166,0.044259
[fold_5] 0,0.684507,1.024539,1.022704
[fold_5] 1,0.886035,1.015973,1.014135
[fold_5] 25,0.181092,0.615498,0.614942
[fold_5] 50,0.075541,0.215281,0.215873
[fold_5] 75,0.005023,0.131836,0.134918
[fold_5] 100,0.018576,0.107535,0.111573
[fold_5] 125,0.024174,0.094513,0.099129
[fold_5] 150,0.019445,0.089448,0.094343
[fold_5] 175,0.014234,0.081380,0.086767
[fold_5] 200,0.015170,0.077638,0.083304
[fold_5] 225,0.015155,0.075301,0.081097
[fold_5] 250,0.002131,0.072500,0.078524
[fold_5] 275,0.011337,0.070562,0.076728
[fold_5] 300,0.007558,0.069253,0.075507
[fold_5] 325,0.011915,0.067258,0.073684
[fold_5] 350,0.032988,0.066834,0.073289
[fold_5] 375,0.009425,0.064696,0.071319
[fold_5] 400,0.007905,0.064046,0.070675
[fold_5] 425,0.007430,0.063070,0.069793
[fold_5] 450,0.007534,0.062037,0.068858
[fold_5] 475,0.009053,0.060980,0.067895
[fold_5] 500,0.004613,0.061921,0.068680
[fold_5] 525,0.001704,0.061544,0.068410
[fold_5] 550,0.003078,0.058660,0.065768
[fold_5] 575,0.014653,0.059485,0.066460
[fold_5] 600,0.007584,0.057374,0.064573
[fold_5] 625,0.002100,0.056553,0.063847
[fold_5] 650,0.003124,0.056857,0.064114
[fold_5] 675,0.001678,0.055509,0.062903
[fold_5] 700,0.009234,0.054611,0.062080
[fold_5] 725,0.011008,0.054547,0.061985
[fold_5] 750,0.003976,0.053368,0.060955
[fold_5] 775,0.004808,0.052969,0.060604
[fold_5] 800,0.003107,0.052973,0.060562
[fold_5] 825,0.006852,0.052590,0.060264
[fold_5] 850,0.005059,0.052202,0.059855
[fold_5] 875,0.005107,0.052416,0.060044
[fold_5] 900,0.001603,0.052427,0.060107
[fold_5] 925,0.002920,0.050856,0.058701
[fold_5] 950,0.004336,0.050401,0.058271
[fold_5] 975,0.021070,0.050729,0.058511
[fold_5] 1000,0.001774,0.050029,0.057932
[fold_5] 1025,0.002461,0.050277,0.058098
[fold_5] 1050,0.015072,0.050875,0.058661
[fold_5] 1075,0.001600,0.050434,0.058259
[fold_5] 1100,0.029788,0.049219,0.057136
[fold_5] 1125,0.004032,0.048775,0.056761
[fold_5] 1150,0.002430,0.049367,0.057233
[fold_5] 1175,0.003731,0.048333,0.056369
[fold_5] 1200,0.007511,0.048219,0.056257
[fold_5] 1225,0.004789,0.048401,0.056427
[fold_5] 1250,0.002755,0.047959,0.056033
[fold_5] 1275,0.007393,0.048550,0.056568
[fold_5] 1300,0.001100,0.047705,0.055793
[fold_5] 1325,0.004120,0.047623,0.055701
[fold_5] 1350,0.006818,0.047661,0.055745
[fold_5] 1375,0.002715,0.047799,0.055806
[fold_5] 1400,0.002121,0.047415,0.055520
[fold_5] 1425,0.015613,0.047552,0.055597
[fold_5] 1450,0.002973,0.047126,0.055251
[fold_5] 1475,0.006634,0.047223,0.055330
[fold_5] 1500,0.003532,0.046888,0.055070
[fold_5] 1525,0.004635,0.046961,0.055126
[fold_5] 1550,0.002314,0.047140,0.055205
[fold_5] 1575,0.002465,0.046766,0.054919
[fold_5] 1600,0.003502,0.046630,0.054809
[fold_5] 1625,0.006427,0.046757,0.054900
[fold_5] 1650,0.002302,0.046914,0.055062
[fold_5] 1675,0.004429,0.047203,0.055237
[fold_5] 1700,0.021325,0.046465,0.054653
[fold_5] 1725,0.007373,0.046206,0.054424
[fold_5] 1750,0.006160,0.046329,0.054557
[fold_5] 1775,0.000771,0.046117,0.054359
[fold_5] 1800,0.004976,0.046334,0.054564
[fold_5] 1825,0.007312,0.046158,0.054415
[fold_5] 1850,0.004468,0.046154,0.054375
[fold_5] 1875,0.007160,0.045969,0.054225
[fold_5] 1900,0.001649,0.046088,0.054316
[fold_5] 1925,0.004015,0.045906,0.054179
[fold_5] 1950,0.005722,0.045892,0.054172
[fold_5] 1975,0.002934,0.045953,0.054203
[fold_5] 2000,0.015483,0.045877,0.054154
[fold_2] 0,1.651024,1.024429,1.025808
[fold_2] 1,0.655422,1.015418,1.016754
[fold_2] 25,0.412875,0.614221,0.614406
[fold_2] 50,0.034327,0.213593,0.212870
[fold_2] 75,0.042704,0.132108,0.130149
[fold_2] 100,0.029755,0.106168,0.103810
[fold_2] 125,0.001705,0.093076,0.090362
[fold_2] 150,0.003746,0.086918,0.083994
[fold_2] 175,0.003589,0.084630,0.081579
[fold_2] 200,0.016254,0.079539,0.076295
[fold_2] 225,0.020410,0.076957,0.073543
[fold_2] 250,0.004333,0.074387,0.070856
[fold_2] 275,0.009040,0.072529,0.068883
[fold_2] 300,0.021816,0.071200,0.067459
[fold_2] 325,0.001074,0.069475,0.065678
[fold_2] 350,0.015142,0.067846,0.063929
[fold_2] 375,0.009707,0.067661,0.063808
[fold_2] 400,0.012405,0.067338,0.063278
[fold_2] 425,0.003607,0.065730,0.061589
[fold_2] 450,0.005419,0.064389,0.060211
[fold_2] 475,0.002806,0.063147,0.058882
[fold_2] 500,0.007637,0.062385,0.058085
[fold_2] 525,0.004310,0.062578,0.058239
[fold_2] 550,0.003563,0.063209,0.058993
[fold_2] 575,0.004918,0.061254,0.056920
[fold_2] 600,0.004055,0.059614,0.055136
[fold_2] 625,0.001577,0.059482,0.055050
[fold_2] 650,0.005353,0.058507,0.053910
[fold_2] 675,0.001504,0.058014,0.053461
[fold_2] 700,0.008957,0.057889,0.053274
[fold_2] 725,0.003617,0.056866,0.052245
[fold_2] 750,0.003599,0.056193,0.051573
[fold_2] 775,0.001645,0.055508,0.050818
[fold_2] 800,0.001817,0.055477,0.050766
[fold_2] 825,0.004631,0.055346,0.050658
[fold_2] 850,0.003854,0.055323,0.050647
[fold_2] 875,0.006457,0.053871,0.049067
[fold_2] 900,0.006099,0.053941,0.049103
[fold_2] 925,0.002014,0.053999,0.049137
[fold_2] 950,0.002061,0.053689,0.048855
[fold_2] 975,0.002444,0.053964,0.049228
[fold_2] 1000,0.005216,0.053408,0.048534
[fold_2] 1025,0.008521,0.052364,0.047400
[fold_2] 1050,0.001842,0.052090,0.047111
[fold_2] 1075,0.006410,0.051825,0.046791
[fold_2] 1100,0.003294,0.052739,0.047757
[fold_2] 1125,0.006153,0.051149,0.046004
[fold_2] 1150,0.000749,0.051006,0.045871
[fold_2] 1175,0.004118,0.052574,0.047554
[fold_2] 1200,0.005412,0.050821,0.045643
[fold_2] 1225,0.006635,0.052339,0.047376
[fold_2] 1250,0.004636,0.051047,0.045922
[fold_2] 1275,0.007097,0.050051,0.044810
[fold_2] 1300,0.002742,0.050001,0.044713
[fold_2] 1325,0.002247,0.049829,0.044551
[fold_2] 1350,0.003309,0.049796,0.044486
[fold_2] 1375,0.002465,0.050184,0.044960
[fold_2] 1400,0.006149,0.049355,0.043976
[fold_2] 1425,0.009905,0.049300,0.043976
[fold_2] 1450,0.002021,0.049111,0.043754
[fold_2] 1475,0.003280,0.050610,0.045466
[fold_2] 1500,0.003581,0.048765,0.043365
[fold_2] 1525,0.005157,0.049990,0.044778
[fold_2] 1550,0.002671,0.050959,0.045847
[fold_2] 1575,0.003059,0.048491,0.043042
[fold_2] 1600,0.005595,0.048293,0.042799
[fold_2] 1625,0.001998,0.048523,0.043076
[fold_2] 1650,0.001988,0.048828,0.043494
[fold_2] 1675,0.001507,0.048986,0.043642
[fold_2] 1700,0.003322,0.047872,0.042428
[fold_2] 1725,0.001521,0.047949,0.042519
[fold_2] 1750,0.003284,0.047845,0.042382
[fold_2] 1775,0.001386,0.049032,0.043709
[fold_2] 1800,0.001297,0.048079,0.042659
[fold_2] 1825,0.037293,0.047556,0.042020
[fold_2] 1850,0.004848,0.047885,0.042403
[fold_2] 1875,0.003254,0.047526,0.041977
[fold_2] 1900,0.007203,0.047471,0.041904
[fold_2] 1925,0.003774,0.047666,0.042086
[fold_2] 1950,0.001980,0.047529,0.041940
[fold_2] 1975,0.006196,0.047668,0.042090
[fold_2] 2000,0.004438,0.047674,0.042074
[fold_2] 2025,0.001308,0.047472,0.041852
[fold_2] 2050,0.002164,0.047380,0.041732
[fold_2] 2075,0.007202,0.047444,0.041809
[fold_2] 2100,0.015362,0.047415,0.041792
[fold_4] 0,0.494176,1.024555,1.025824
[fold_4] 1,0.924601,1.014347,1.015564
[fold_4] 25,0.362023,0.612456,0.611620
[fold_4] 50,0.079690,0.229626,0.228497
[fold_4] 75,0.022384,0.130820,0.128280
[fold_4] 100,0.012448,0.105855,0.103215
[fold_4] 125,0.008446,0.095208,0.092461
[fold_4] 150,0.011440,0.087713,0.084727
[fold_4] 175,0.005157,0.082224,0.079150
[fold_4] 200,0.011636,0.079497,0.076289
[fold_4] 225,0.001474,0.077444,0.074258
[fold_4] 250,0.007097,0.076078,0.072848
[fold_4] 275,0.017284,0.074094,0.070800
[fold_4] 300,0.002674,0.072443,0.069129
[fold_4] 325,0.004497,0.070817,0.067408
[fold_4] 350,0.009631,0.069801,0.066289
[fold_4] 375,0.013780,0.068561,0.065057
[fold_4] 400,0.003274,0.068486,0.064968
[fold_4] 425,0.001588,0.066364,0.062774
[fold_4] 450,0.004603,0.065503,0.061895
[fold_4] 475,0.002966,0.064591,0.060870
[fold_4] 500,0.018188,0.063483,0.059771
[fold_4] 525,0.005456,0.063423,0.059698
[fold_4] 550,0.004536,0.062122,0.058352
[fold_4] 575,0.006372,0.061763,0.057978
[fold_4] 600,0.003411,0.060872,0.057036
[fold_4] 625,0.006395,0.059395,0.055398
[fold_4] 650,0.014147,0.059536,0.055531
[fold_4] 675,0.006234,0.058353,0.054334
[fold_4] 700,0.005080,0.057631,0.053526
[fold_4] 725,0.001063,0.057587,0.053448
[fold_4] 750,0.002895,0.056694,0.052526
[fold_4] 775,0.005412,0.056127,0.051932
[fold_4] 800,0.004136,0.055722,0.051478
[fold_4] 825,0.001871,0.055874,0.051581
[fold_4] 850,0.000847,0.055061,0.050788
[fold_4] 875,0.012638,0.055787,0.051520
[fold_4] 900,0.004849,0.054047,0.049624
[fold_4] 925,0.007089,0.054253,0.049784
[fold_4] 950,0.021802,0.053396,0.048899
[fold_4] 975,0.000468,0.053850,0.049388
[fold_4] 1000,0.019182,0.053283,0.048782
[fold_4] 1025,0.001691,0.052877,0.048301
[fold_4] 1050,0.006958,0.052315,0.047661
[fold_4] 1075,0.002830,0.052326,0.047762
[fold_4] 1100,0.004531,0.051879,0.047176
[fold_4] 1125,0.004708,0.051667,0.047046
[fold_4] 1150,0.004598,0.051538,0.046848
[fold_4] 1175,0.000567,0.050878,0.046122
[fold_4] 1200,0.006884,0.050757,0.046046
[fold_4] 1225,0.003903,0.050564,0.045820
[fold_4] 1250,0.001186,0.050880,0.046082
[fold_4] 1275,0.004200,0.050033,0.045205
[fold_4] 1300,0.003370,0.053329,0.048772
[fold_4] 1325,0.001222,0.049556,0.044764
[fold_4] 1350,0.005233,0.049712,0.044836
[fold_4] 1375,0.011796,0.050193,0.045338
[fold_4] 1400,0.002759,0.049593,0.044703
[fold_4] 1425,0.007785,0.052269,0.047699
[fold_4] 1450,0.005991,0.049151,0.044246
[fold_4] 1475,0.003973,0.049192,0.044269
[fold_4] 1500,0.002268,0.050054,0.045268
[fold_4] 1525,0.007142,0.049379,0.044446
[fold_4] 1550,0.003944,0.048653,0.043598
[fold_4] 1575,0.009326,0.048672,0.043584
[fold_4] 1600,0.001979,0.048362,0.043291
[fold_4] 1625,0.014028,0.048677,0.043669
[fold_4] 1650,0.006277,0.048729,0.043759
[fold_4] 1675,0.002383,0.048121,0.043025
[fold_4] 1700,0.004552,0.048335,0.043269
[fold_4] 1725,0.001227,0.047978,0.042897
[fold_4] 1750,0.004032,0.048155,0.043128
[fold_4] 1775,0.002633,0.047877,0.042820
[fold_4] 1800,0.002511,0.047876,0.042761
[fold_4] 1825,0.002441,0.047892,0.042752
[fold_4] 1850,0.003604,0.047875,0.042769
[fold_4] 1875,0.013909,0.047873,0.042689
[fold_4] 1900,0.007539,0.048365,0.043192
[fold_4] 1925,0.003007,0.047648,0.042404
[fold_4] 1950,0.002241,0.047750,0.042615
[fold_4] 1975,0.010119,0.047757,0.042585
[fold_4] 2000,0.005423,0.047744,0.042532
[fold_4] 2025,0.004621,0.047767,0.042695
[fold_4] 2050,0.010375,0.047512,0.042277
[fold_4] 2075,0.010214,0.047346,0.042140
[fold_4] 2100,0.005431,0.047401,0.042209
[fold_4] 2125,0.008612,0.047567,0.042408
[fold_4] 2150,0.003739,0.048122,0.043006
[fold_4] 2175,0.003191,0.047217,0.042014
[fold_4] 2200,0.007368,0.047244,0.042031
[fold_4] 2225,0.007985,0.047446,0.042273
[fold_4] 2250,0.006277,0.047219,0.042008
[fold_4] 2275,0.002768,0.047263,0.042014
[fold_4] 2300,0.007320,0.047183,0.041941
[fold_4] 2325,0.006874,0.047125,0.041898
[fold_4] 2350,0.002222,0.047133,0.041890
[fold_4] 2375,0.000521,0.047186,0.041970
[fold_4] 2400,0.004194,0.047121,0.041874
[fold_4] 2425,0.002438,0.047187,0.041962
[fold_3] 0,1.918427,1.024401,1.023924
[fold_3] 1,1.060622,1.013126,1.012627
[fold_3] 25,0.280656,0.590281,0.590573
[fold_3] 50,0.025950,0.204715,0.205994
[fold_3] 75,0.007328,0.127891,0.129934
[fold_3] 100,0.009213,0.106942,0.109171
[fold_3] 125,0.010371,0.096220,0.098622
[fold_3] 150,0.008874,0.087390,0.089918
[fold_3] 175,0.007058,0.082057,0.084733
[fold_3] 200,0.019287,0.080261,0.082931
[fold_3] 225,0.007605,0.074849,0.077723
[fold_3] 250,0.011962,0.073536,0.076457
[fold_3] 275,0.009683,0.071105,0.074072
[fold_3] 300,0.004861,0.069618,0.072616
[fold_3] 325,0.004035,0.068497,0.071603
[fold_3] 350,0.008037,0.066664,0.069831
[fold_3] 375,0.004379,0.066380,0.069544
[fold_3] 400,0.002716,0.066112,0.069224
[fold_3] 425,0.007325,0.063479,0.066764
[fold_3] 450,0.010880,0.062895,0.066224
[fold_3] 475,0.005225,0.062411,0.065771
[fold_3] 500,0.011557,0.061219,0.064596
[fold_3] 525,0.011235,0.060292,0.063667
[fold_3] 550,0.010037,0.059602,0.063001
[fold_3] 575,0.005201,0.058803,0.062228
[fold_3] 600,0.020734,0.058354,0.061799
[fold_3] 625,0.003461,0.057138,0.060627
[fold_3] 650,0.009812,0.056515,0.060025
[fold_3] 675,0.001694,0.055801,0.059292
[fold_3] 700,0.008602,0.055902,0.059355
[fold_3] 725,0.003080,0.055583,0.059135
[fold_3] 750,0.004750,0.054145,0.057758
[fold_3] 775,0.001480,0.053669,0.057325
[fold_3] 800,0.004114,0.053187,0.056831
[fold_3] 825,0.002933,0.052827,0.056544
[fold_3] 850,0.004315,0.052487,0.056277
[fold_3] 875,0.008609,0.052248,0.056078
[fold_3] 900,0.002216,0.053761,0.057375
[fold_3] 925,0.007739,0.052326,0.056036
[fold_3] 950,0.003146,0.052706,0.056376
[fold_3] 975,0.003482,0.050756,0.054497
[fold_3] 1000,0.006704,0.050870,0.054544
[fold_3] 1025,0.023370,0.051904,0.055555
[fold_3] 1050,0.003504,0.051282,0.054971
[fold_3] 1075,0.000802,0.050500,0.054272
[fold_3] 1100,0.013635,0.049525,0.053358
[fold_3] 1125,0.013790,0.049568,0.053389
[fold_3] 1150,0.002817,0.049290,0.053156
[fold_3] 1175,0.006032,0.049166,0.053034
[fold_3] 1200,0.001767,0.049025,0.052912
[fold_3] 1225,0.005611,0.049133,0.053061
[fold_3] 1250,0.009041,0.048972,0.052891
[fold_3] 1275,0.004979,0.049902,0.053800
[fold_3] 1300,0.001878,0.048764,0.052699
[fold_3] 1325,0.004701,0.048740,0.052696
[fold_3] 1350,0.000786,0.048484,0.052432
[fold_3] 1375,0.009347,0.049538,0.053393
[fold_3] 1400,0.024009,0.048970,0.052861
[fold_3] 1425,0.009471,0.048130,0.052093
[fold_3] 1450,0.004281,0.047995,0.052005
[fold_3] 1475,0.013934,0.047971,0.052018
[fold_3] 1500,0.006011,0.048053,0.052116
[fold_3] 1525,0.003834,0.047841,0.051920
[fold_3] 1550,0.001090,0.047870,0.051917
[fold_3] 1575,0.003570,0.047599,0.051627
[fold_3] 1600,0.001524,0.048018,0.051954
[fold_3] 1625,0.003950,0.047465,0.051443
[fold_3] 1650,0.004296,0.047214,0.051243
[fold_3] 1675,0.011796,0.047172,0.051173
[fold_3] 1700,0.001494,0.047252,0.051243
[fold_3] 1725,0.005393,0.047959,0.051911
[fold_3] 1750,0.006234,0.047993,0.051991
[fold_3] 1775,0.001054,0.047290,0.051327
[fold_3] 1800,0.004652,0.046756,0.050857
[fold_3] 1825,0.002320,0.046968,0.051037
[fold_3] 1850,0.003040,0.046895,0.051016
[fold_3] 1875,0.002604,0.047207,0.051361
[fold_3] 1900,0.001276,0.046760,0.050922
[fold_3] 1925,0.008803,0.046652,0.050818
[fold_3] 1950,0.014753,0.046643,0.050828
[fold_3] 1975,0.001667,0.046615,0.050796
[fold_3] 2000,0.004176,0.046645,0.050827
[fold_3] 2025,0.009105,0.046640,0.050816
[fold_3] 2050,0.005368,0.046648,0.050832
[fold_3] 2075,0.007406,0.046511,0.050697

Cross-validation summary
Mean train RMSE norm      : 0.046811
Mean validation RMSE norm : 0.046543
Median best epoch         : 2075
Best-so-far checkpoint    : updated
Training-curve plot       : plots/cross_validation_curves.png
