[fold_1] 0,0.879431,1.024443,1.024107
[fold_1] 1,1.544465,1.012359,1.012038
[fold_1] 25,0.026846,0.679552,0.680523
[fold_1] 50,0.038524,0.213327,0.213552
[fold_1] 75,0.082760,0.142200,0.141822
[fold_5] 0,2.266070,1.024539,1.022704
[fold_5] 1,2.123708,1.012454,1.010659
[fold_5] 25,0.025667,0.731030,0.729803
[fold_5] 50,0.032721,0.266644,0.268443
[fold_5] 75,0.031448,0.150783,0.153360
[fold_3] 0,0.841883,1.024401,1.023924
[fold_3] 1,0.052132,1.026014,1.025542
[fold_3] 25,0.460800,0.721368,0.721516
[fold_3] 50,0.111274,0.226698,0.227949
[fold_3] 75,0.049013,0.140351,0.142366
[fold_4] 0,1.484618,1.024555,1.025824
[fold_4] 1,1.555360,1.023543,1.024868
[fold_4] 25,0.801256,0.719151,0.718878
[fold_4] 50,0.008037,0.243581,0.241418
[fold_4] 75,0.069159,0.148509,0.145888
[fold_2] 0,0.729854,1.024429,1.025808
[fold_2] 1,1.519646,1.013968,1.015314
[fold_2] 25,1.222967,0.754356,0.754903
[fold_2] 50,0.141473,0.222794,0.221880
[fold_2] 75,0.005039,0.129514,0.127142

Cross-validation summary
Mean train RMSE norm      : 0.142271
Mean validation RMSE norm : 0.142116
Median best epoch         : 75
Best-so-far checkpoint    : kept previous
Training-curve plot       : plots/cross_validation_curves.png
