fold_5
epoch,window_loss_norm_mse,train_rmse_norm,val_rmse_norm
0,1.262795,1.024539,1.022704
1,0.615307,1.016308,1.014466
25,0.407697,0.613989,0.613363
50,0.064679,0.223643,0.224016
75,0.017602,0.127112,0.130380
100,0.006503,0.105535,0.109580
125,0.007312,0.093059,0.097728
150,0.012260,0.086082,0.091115
175,0.012131,0.080957,0.086292
200,0.011740,0.077356,0.082929
225,0.015693,0.074359,0.080155
250,0.004800,0.072104,0.078059
275,0.011905,0.070713,0.076785
300,0.013399,0.069020,0.075219
325,0.003806,0.067755,0.074030
350,0.006234,0.066135,0.072550
375,0.006212,0.065132,0.071596
400,0.004525,0.064634,0.071152
425,0.010350,0.063717,0.070341
450,0.007778,0.062234,0.068949
475,0.005538,0.062077,0.068808
500,0.002461,0.061036,0.067854
525,0.003994,0.059647,0.066623
550,0.004453,0.058719,0.065760
575,0.005032,0.058207,0.065283
600,0.005887,0.057554,0.064724
625,0.004971,0.056942,0.064157
650,0.008641,0.055870,0.063183
675,0.003893,0.055469,0.062843
700,0.003282,0.055017,0.062425
725,0.003947,0.054184,0.061671
750,0.007087,0.054053,0.061510
775,0.003022,0.053335,0.060876
800,0.009188,0.053362,0.060905
825,0.002557,0.052356,0.060009
850,0.001308,0.051981,0.059682
875,0.001909,0.051879,0.059587
900,0.005891,0.051479,0.059184
925,0.002868,0.050673,0.058459
950,0.003201,0.050448,0.058261
975,0.010160,0.050049,0.057875
1000,0.011576,0.050159,0.057947
1025,0.003799,0.049999,0.057829
1050,0.005151,0.049308,0.057178
1075,0.007295,0.048817,0.056767
1100,0.002559,0.048533,0.056520
1125,0.006942,0.048346,0.056346
1150,0.003527,0.049378,0.057264
1175,0.007901,0.047874,0.055910
1200,0.006874,0.047651,0.055721
1225,0.005665,0.048674,0.056555
1250,0.001735,0.047338,0.055481
1275,0.003625,0.047592,0.055711
1300,0.020957,0.047267,0.055411
1325,0.006280,0.047016,0.055182
1350,0.002128,0.046497,0.054696
1375,0.003852,0.046416,0.054606
1400,0.004737,0.046294,0.054510
1425,0.004596,0.046432,0.054597
