fold_4
epoch,window_loss_norm_mse,train_rmse_norm,val_rmse_norm
0,0.785047,1.024555,1.025824
1,1.316129,1.012519,1.013754
25,0.276655,0.581942,0.580878
50,0.083091,0.208813,0.207513
75,0.014979,0.126170,0.123722
100,0.013368,0.105505,0.102923
125,0.007973,0.094325,0.091495
150,0.009551,0.086554,0.083530
175,0.006371,0.082509,0.079397
200,0.002332,0.078850,0.075605
225,0.010100,0.076641,0.073316
250,0.008315,0.074570,0.071170
275,0.010243,0.073030,0.069590
300,0.006125,0.071195,0.067672
325,0.011222,0.069986,0.066488
350,0.006941,0.068357,0.064762
375,0.008489,0.067624,0.064037
400,0.006236,0.066523,0.062826
425,0.004781,0.066283,0.062665
450,0.003781,0.065643,0.061915
475,0.004184,0.064535,0.060843
500,0.009374,0.063305,0.059512
525,0.006625,0.062397,0.058513
550,0.006406,0.061381,0.057431
575,0.006708,0.060655,0.056686
600,0.002293,0.059958,0.055914
625,0.003471,0.059268,0.055232
650,0.012961,0.058509,0.054413
675,0.003239,0.057831,0.053740
700,0.004312,0.057243,0.053030
725,0.004067,0.056926,0.052676
750,0.005805,0.056223,0.051943
775,0.007574,0.056417,0.052122
800,0.002134,0.055536,0.051168
825,0.006241,0.055675,0.051380
850,0.007609,0.054512,0.050084
875,0.018792,0.054072,0.049621
900,0.005944,0.053752,0.049264
925,0.003263,0.053331,0.048814
950,0.003075,0.054198,0.049706
975,0.002085,0.053045,0.048502
1000,0.001804,0.052617,0.047997
1025,0.001668,0.052979,0.048469
1050,0.002292,0.051952,0.047285
1075,0.007216,0.052057,0.047317
1100,0.005416,0.052452,0.047903
1125,0.003037,0.051008,0.046260
1150,0.003444,0.050792,0.046048
1175,0.004126,0.050730,0.045958
1200,0.001721,0.050396,0.045637
1225,0.003553,0.050293,0.045539
1250,0.002608,0.050164,0.045435
1275,0.001941,0.049847,0.045032
1300,0.001685,0.049620,0.044759
1325,0.008780,0.049455,0.044532
