fold_1
epoch,window_loss_norm_mse,train_rmse_norm,val_rmse_norm
0,1.592966,1.024443,1.024107
1,1.249113,1.012414,1.012094
25,0.432019,0.578031,0.578768
50,0.042867,0.207963,0.207658
75,0.008750,0.124090,0.122974
100,0.008495,0.104742,0.103233
125,0.002247,0.094658,0.092979
150,0.013976,0.087828,0.085991
175,0.015248,0.082887,0.080959
200,0.005089,0.078909,0.076849
225,0.009009,0.075953,0.073815
250,0.010133,0.074027,0.071833
275,0.022597,0.072391,0.070153
300,0.008466,0.070725,0.068481
325,0.007397,0.069793,0.067507
350,0.012935,0.069396,0.067089
375,0.007250,0.066942,0.064570
400,0.007537,0.066540,0.064185
425,0.008499,0.065746,0.063342
450,0.005694,0.065091,0.062688
475,0.005193,0.063517,0.061029
500,0.011522,0.062896,0.060405
525,0.009653,0.062043,0.059541
550,0.002719,0.061705,0.059192
575,0.003230,0.060758,0.058162
600,0.005613,0.060278,0.057735
625,0.004829,0.059475,0.056882
650,0.008493,0.058849,0.056193
675,0.007802,0.058196,0.055558
700,0.003277,0.059221,0.056626
725,0.006427,0.057247,0.054590
750,0.004007,0.056760,0.054055
775,0.004439,0.056127,0.053376
800,0.004907,0.055931,0.053202
825,0.005328,0.055220,0.052430
850,0.004690,0.054792,0.052050
875,0.004256,0.055812,0.053094
900,0.005299,0.054758,0.051973
925,0.003120,0.053488,0.050623
950,0.002241,0.053340,0.050577
975,0.009531,0.053358,0.050576
1000,0.007060,0.053955,0.051158
1025,0.007429,0.052142,0.049284
1050,0.003255,0.052176,0.049356
1075,0.006669,0.052133,0.049318
1100,0.007377,0.051996,0.049192
1125,0.003177,0.051001,0.048149
1150,0.007559,0.051474,0.048656
1175,0.004004,0.050746,0.047877
1200,0.003557,0.050747,0.047893
1225,0.004613,0.050530,0.047673
1250,0.009375,0.050517,0.047749
1275,0.005615,0.050262,0.047507
1300,0.005895,0.049559,0.046749
1325,0.001461,0.049271,0.046414
1350,0.001863,0.049150,0.046275
1375,0.002051,0.049767,0.046914
1400,0.006887,0.049710,0.046928
1425,0.005645,0.048952,0.046142
1450,0.001081,0.048681,0.045852
1475,0.007143,0.048589,0.045770
1500,0.001789,0.048272,0.045451
1525,0.005244,0.048404,0.045629
1550,0.004755,0.048172,0.045360
1575,0.003220,0.048335,0.045543
1600,0.004443,0.048018,0.045156
