[fold_r03] 0,0.427893,1.237345,1.232386
[fold_r03] 1,0.961736,1.231282,1.226282
[fold_r03] 25,0.546225,1.123087,1.117082
[fold_r03] 50,1.026162,1.043578,1.036517
[fold_r03] 75,0.956688,0.965797,0.957132
[fold_r03] 100,0.668639,0.928948,0.918265
[fold_r03] 125,1.270483,0.921314,0.911087
[fold_r03] 150,0.492074,0.874339,0.865504
[fold_r03] 175,0.592573,0.794100,0.789126
[fold_r03] 200,1.073244,0.739726,0.732980
[fold_r03] 225,0.722419,0.800437,0.788699
[fold_r03] 250,0.421037,0.716119,0.713659
[fold_r03] 275,0.404640,0.693958,0.691564
[fold_r03] 300,0.187856,0.697637,0.701421
[fold_r03] 325,0.235594,0.676957,0.677106
[fold_r03] 350,0.826901,0.907154,0.913544
[fold_r03] 375,0.733974,0.655820,0.665153
[fold_r06] 0,1.628025,1.237818,1.264817
[fold_r06] 1,1.836854,1.231686,1.258797
[fold_r06] 25,0.765791,1.120965,1.150295
[fold_r06] 50,0.894298,1.047073,1.078157
[fold_r06] 75,1.069147,0.965693,0.999733
[fold_r06] 100,0.614424,0.919249,0.954345
[fold_r06] 125,0.889175,0.836157,0.863619
[fold_r06] 150,1.054240,1.090997,1.124677
[fold_r06] 175,0.774812,0.775337,0.799553
[fold_r06] 200,0.427947,0.747237,0.766752
[fold_r06] 225,0.572362,0.740291,0.752979
[fold_r06] 250,0.672986,0.711106,0.731564
[fold_r06] 275,0.103983,0.736848,0.750503
[fold_r06] 300,0.479161,0.755583,0.769240
[fold_r06] 325,0.425766,0.666710,0.677948
[fold_r06] 350,0.237075,0.674414,0.685892
[fold_r06] 375,0.210128,0.664163,0.675522
[fold_r05] 0,1.482690,1.237589,1.225695
[fold_r05] 1,1.398714,1.231459,1.219500
[fold_r05] 25,0.517018,1.123552,1.110491
[fold_r05] 50,1.272158,1.043096,1.029044
[fold_r05] 75,0.814642,0.965872,0.951948
[fold_r05] 100,0.790802,0.924293,0.912464
[fold_r05] 125,0.857959,0.852120,0.848375
[fold_r05] 150,1.209495,0.832589,0.825820
[fold_r05] 175,0.519916,0.828277,0.824862
[fold_r05] 200,0.580281,0.747546,0.751570
[fold_r05] 225,0.340659,0.745527,0.747067
[fold_r05] 250,0.595024,0.704489,0.710956
[fold_r05] 275,0.660864,0.721698,0.725650
[fold_r05] 300,0.341624,0.700532,0.704206
[fold_r05] 325,0.885613,0.670996,0.676800
[fold_r05] 350,0.238383,0.703550,0.706874
[fold_r02] 0,1.382352,1.237473,1.242435
[fold_r02] 1,1.203375,1.231387,1.236354
[fold_r02] 25,1.053863,1.121288,1.126286
[fold_r02] 50,1.721337,1.046936,1.051491
[fold_r02] 75,0.689523,0.964979,0.968814
[fold_r02] 100,0.965794,0.925175,0.929549
[fold_r02] 125,1.098204,0.850083,0.853912
[fold_r02] 150,0.989472,1.055750,1.044275
[fold_r02] 175,0.815998,0.859060,0.864324
[fold_r02] 200,0.728867,0.877660,0.877868
[fold_r02] 225,0.295488,0.777769,0.781174
[fold_r02] 250,0.317919,0.726931,0.728275
[fold_r02] 275,0.268599,0.718050,0.722273
[fold_r02] 300,0.658646,0.733624,0.747930
[fold_r02] 325,0.312674,0.697140,0.697880
[fold_r02] 350,0.407981,0.684788,0.683045
[fold_r02] 375,0.677066,0.673877,0.671094
[fold_r01] 0,1.375171,1.238429,1.238755
[fold_r01] 1,1.616057,1.232287,1.232653
[fold_r01] 25,0.883727,1.121821,1.123265
[fold_r01] 50,1.241432,1.042715,1.045750
[fold_r01] 75,0.459207,0.962890,0.968177
[fold_r01] 100,0.296858,0.924274,0.931149
[fold_r01] 125,0.477364,0.870221,0.871553
[fold_r01] 150,0.673764,0.859587,0.864571
[fold_r01] 175,0.315919,0.818275,0.820897
[fold_r01] 200,0.418516,0.752227,0.755477
[fold_r01] 225,0.113398,0.733482,0.736613
[fold_r01] 250,0.887713,0.708849,0.711684
[fold_r01] 275,0.522861,0.691459,0.693882
[fold_r01] 300,0.221066,0.677144,0.678242
[fold_r01] 325,0.289861,0.682987,0.683026
[fold_r01] 350,0.467706,0.664857,0.664352
[fold_r04] 0,1.176969,1.237874,1.222631
[fold_r04] 1,1.652799,1.231733,1.216431
[fold_r04] 25,0.632559,1.121675,1.105302
[fold_r04] 50,1.670793,1.051147,1.033985
[fold_r04] 75,0.859328,0.967205,0.947518
[fold_r04] 100,0.944134,0.924118,0.903099
[fold_r04] 125,0.716360,1.065085,1.040475
[fold_r04] 150,1.072707,0.912537,0.889914
[fold_r04] 175,0.593653,0.858301,0.835442
[fold_r04] 200,1.103885,0.789168,0.768023
[fold_r04] 225,0.916835,0.927002,0.918537
[fold_r04] 250,0.941803,0.864445,0.855327
[fold_r04] 275,0.649022,0.777271,0.766247
[fold_r04] 300,0.448047,0.704855,0.690402
[fold_r04] 325,0.330751,0.692704,0.680675
[fold_r04] 350,0.134272,0.662668,0.651341

Cross-validation summary (6-fold leave-one-realization-out)
Mean train RMSE norm      : 0.665397
Mean validation RMSE norm : 0.667377
Median best epoch         : 362
Best-so-far checkpoint    : kept previous
Training-curve plot       : plots/cross_validation_curves.png
