[fold_r01] 0,1.537667,0.996194,1.001301
[fold_r01] 1,0.671910,0.996136,1.001241
[fold_r01] 25,0.913655,0.995401,1.000456
[fold_r01] 50,1.310890,0.994341,0.999674
[fold_r01] 75,0.655639,0.993269,0.998498
[fold_r01] 100,0.894351,0.992123,0.997379
[fold_r01] 125,1.173078,0.991255,0.996558
[fold_r01] 150,1.695347,0.990546,0.995992
[fold_r01] 175,0.621942,0.989871,0.995173
[fold_r01] 200,0.820726,0.989156,0.994516
[fold_r01] 225,1.556784,0.988459,0.993893
[fold_r01] 250,1.525151,0.987557,0.992950
[fold_r01] 275,0.714332,0.986524,0.991999
[fold_r01] 300,0.567896,0.985406,0.990862
[fold_r01] 325,0.783849,0.984132,0.989630
[fold_r01] 350,0.255734,0.982529,0.987887
[fold_r03] 0,0.537292,0.996118,0.987178
[fold_r03] 1,0.677983,0.996086,0.987223
[fold_r03] 25,1.373171,0.995126,0.986175
[fold_r03] 50,1.331887,0.994194,0.985043
[fold_r03] 75,0.377041,0.993230,0.984211
[fold_r03] 100,0.808597,0.992009,0.982868
[fold_r03] 125,0.891409,0.991150,0.981845
[fold_r03] 150,0.747816,0.990478,0.981106
[fold_r03] 175,0.520878,0.989829,0.980417
[fold_r03] 200,1.280964,0.989298,0.979954
[fold_r03] 225,0.908854,0.988624,0.979417
[fold_r03] 250,1.071075,0.987824,0.978357
[fold_r03] 275,1.875435,0.986817,0.977329
[fold_r03] 300,1.142343,0.985732,0.976213
[fold_r03] 325,1.427656,0.984431,0.974852
[fold_r03] 350,0.670057,0.982848,0.973200
[fold_r05] 0,0.855807,0.996189,0.980105
[fold_r05] 1,0.562321,0.996165,0.980067
[fold_r05] 25,0.595749,0.995238,0.979481
[fold_r05] 50,0.862349,0.994332,0.978364
[fold_r05] 75,0.528739,0.993426,0.977587
[fold_r05] 100,1.355355,0.992395,0.976602
[fold_r05] 125,1.316699,0.991402,0.975709
[fold_r05] 150,0.971504,0.990619,0.974604
[fold_r05] 175,1.006985,0.990015,0.974206
[fold_r05] 200,0.485022,0.989353,0.973218
[fold_r05] 225,1.874918,0.988649,0.972777
[fold_r05] 250,1.243764,0.987642,0.971634
[fold_r05] 275,0.783550,0.986773,0.970996
[fold_r05] 300,0.940008,0.985845,0.969773
[fold_r05] 325,0.947123,0.984511,0.968501
[fold_r05] 350,1.458333,0.983116,0.967208
[fold_r04] 0,0.799600,0.996248,0.977823
[fold_r04] 1,0.476647,0.996250,0.977795
[fold_r04] 25,0.461093,0.995320,0.977052
[fold_r04] 50,1.457881,0.994626,0.976574
[fold_r04] 75,0.943880,0.993574,0.975314
[fold_r04] 100,1.800258,0.992373,0.974098
[fold_r04] 125,1.318607,0.991142,0.973000
[fold_r04] 150,1.286322,0.990328,0.972362
[fold_r04] 175,0.508265,0.989643,0.971532
[fold_r04] 200,1.105205,0.989094,0.970930
[fold_r04] 225,1.621334,0.988443,0.970419
[fold_r04] 250,0.934955,0.987649,0.969492
[fold_r04] 275,0.675301,0.986725,0.968600
[fold_r04] 300,0.852598,0.985891,0.967442
[fold_r04] 325,0.812043,0.984679,0.966486
[fold_r04] 350,1.521823,0.983077,0.964610
[fold_r06] 0,0.959053,0.996092,1.029882
[fold_r06] 1,0.764700,0.996067,1.029844
[fold_r06] 25,0.570052,0.995109,1.028725
[fold_r06] 50,1.127056,0.994315,1.027889
[fold_r06] 75,1.051000,0.993128,1.026420
[fold_r06] 100,0.397786,0.992023,1.025234
[fold_r06] 125,1.326718,0.991179,1.024305
[fold_r06] 150,1.091570,0.990456,1.023404
[fold_r06] 175,0.759566,0.989893,1.022880
[fold_r06] 200,0.847836,0.989311,1.022252
[fold_r06] 225,0.699287,0.988648,1.021578
[fold_r06] 250,1.138964,0.988037,1.021041
[fold_r06] 275,0.847116,0.987092,1.020064
[fold_r06] 300,0.762097,0.986035,1.018944
[fold_r06] 325,1.112835,0.984708,1.017658
[fold_r06] 350,0.911344,0.983177,1.016162
[fold_r02] 0,1.238539,0.996063,1.000517
[fold_r02] 1,1.319126,0.996013,1.000471
[fold_r02] 25,1.235064,0.995051,0.999623
[fold_r02] 50,0.919637,0.994222,0.998857
[fold_r02] 75,0.530161,0.993347,0.998025
[fold_r02] 100,1.444223,0.992350,0.997199
[fold_r02] 125,1.044184,0.991409,0.996418
[fold_r02] 150,1.168639,0.990552,0.995710
[fold_r02] 175,1.464707,0.989739,0.994991
[fold_r02] 200,0.799474,0.989099,0.994503
[fold_r02] 225,0.368336,0.988501,0.993933
[fold_r02] 250,1.301492,0.987539,0.993099
[fold_r02] 275,1.076708,0.986594,0.992213
[fold_r02] 300,0.570505,0.985490,0.991414
[fold_r02] 325,0.513609,0.984191,0.990157
[fold_r02] 350,0.846948,0.982675,0.988500

Cross-validation summary (6-fold leave-one-realization-out)
Mean train RMSE norm      : 0.982904
Mean validation RMSE norm : 0.982928
Median best epoch         : 350
Best-so-far checkpoint    : kept previous
Training-curve plot       : plots/cross_validation_curves.png
