[fold_r04] 0,0.616797,1.168651,1.153624
[fold_r04] 1,2.008730,1.163513,1.148410
[fold_r04] 25,0.426498,1.082217,1.065754
[fold_r04] 50,0.890204,0.963675,0.942307
[fold_r04] 75,0.554267,0.897730,0.874509
[fold_r04] 100,0.647976,0.893201,0.870611
[fold_r04] 125,0.720796,0.808123,0.785780
[fold_r04] 150,0.697132,0.796023,0.778472
[fold_r04] 175,0.670942,0.869968,0.860313
[fold_r04] 200,0.532557,0.724849,0.709347
[fold_r04] 225,0.506216,0.776983,0.756065
[fold_r04] 250,0.376724,0.670613,0.655461
[fold_r04] 275,0.411737,0.647254,0.635719
[fold_r04] 300,0.404157,0.660493,0.650835
[fold_r04] 325,0.440530,0.637002,0.622440
[fold_r04] 350,0.389007,0.651021,0.635211
[fold_r04] 375,0.533809,0.670073,0.652227
[fold_r04] 400,0.610399,0.669094,0.652305
[fold_r04] 425,0.628162,0.637390,0.622887
[fold_r04] 450,0.496558,0.623004,0.609498
[fold_r04] 475,0.373651,0.610397,0.598505
[fold_r04] 500,0.430678,0.609369,0.598292
[fold_r04] 525,0.748571,0.614151,0.603469
[fold_r04] 550,0.478203,0.609310,0.596819
[fold_r04] 575,0.352026,0.613429,0.602894
[fold_r04] 600,0.333297,0.606335,0.593301
[fold_r04] 625,0.183691,0.626357,0.611138
[fold_r04] 650,0.546604,0.618440,0.605111
[fold_r04] 675,0.175229,0.598275,0.586913
[fold_r04] 700,0.399149,0.596571,0.585359
[fold_r04] 725,0.210720,0.595424,0.584476
[fold_r04] 750,0.332682,0.601207,0.588864
[fold_r04] 775,0.238845,0.603824,0.591179
[fold_r04] 800,0.468819,0.599667,0.590410
[fold_r04] 825,0.205829,0.591854,0.582032
[fold_r04] 850,0.076860,0.580332,0.569727
[fold_r04] 875,0.255950,0.568097,0.560820
[fold_r04] 900,0.247215,0.547009,0.541752
[fold_r04] 925,0.134985,0.554344,0.554718
[fold_r04] 950,0.286960,0.533477,0.530649
[fold_r04] 975,0.206684,0.520839,0.519858
[fold_r04] 1000,0.222079,0.501586,0.499818
[fold_r04] 1025,0.423471,0.492347,0.489533
[fold_r04] 1050,0.161782,0.493627,0.490847
[fold_r04] 1075,0.364499,0.485568,0.481616
[fold_r04] 1100,0.294404,0.484120,0.481509
[fold_r04] 1125,0.360770,0.482149,0.480064
[fold_r04] 1150,0.194344,0.480778,0.478723
[fold_r04] 1175,0.086359,0.483223,0.484550
[fold_r04] 1200,0.330134,0.471571,0.472373
[fold_r04] 1225,0.217862,0.472132,0.473285
[fold_r01] 0,1.426117,1.168885,1.172578
[fold_r01] 1,1.804587,1.163738,1.167448
[fold_r01] 25,1.374505,1.084471,1.088468
[fold_r01] 50,0.742049,0.968282,0.972754
[fold_r01] 75,1.017810,0.885569,0.886960
[fold_r01] 100,0.628898,0.822149,0.827756
[fold_r01] 125,0.581155,0.829083,0.830183
[fold_r01] 150,0.961078,0.860289,0.868010
[fold_r01] 175,0.417091,0.737715,0.727100
[fold_r01] 200,0.152483,0.763232,0.763045
[fold_r01] 225,0.593017,0.708109,0.707668
[fold_r01] 250,0.866066,0.714827,0.716320
[fold_r01] 275,0.885411,0.739688,0.736920
[fold_r01] 300,0.374710,0.688398,0.687854
[fold_r01] 325,0.397809,0.783184,0.796066
[fold_r01] 350,0.481939,0.652173,0.651708
[fold_r01] 375,0.440489,0.641162,0.638800
[fold_r01] 400,0.439980,0.667334,0.668089
[fold_r01] 425,0.569614,0.641850,0.640325
[fold_r01] 450,0.574232,0.664442,0.661584
[fold_r01] 475,0.419404,0.627926,0.624736
[fold_r01] 500,0.328024,0.635104,0.631032
[fold_r01] 525,0.206974,0.611827,0.608202
[fold_r01] 550,0.502242,0.615798,0.611374
[fold_r01] 575,0.413754,0.610661,0.607861
[fold_r01] 600,0.621785,0.609466,0.606350
[fold_r01] 625,0.264651,0.600795,0.597248
[fold_r01] 650,0.743016,0.621886,0.617664
[fold_r01] 675,0.179056,0.593989,0.590881
[fold_r01] 700,0.332311,0.587538,0.585369
[fold_r01] 725,0.180555,0.573560,0.573023
[fold_r01] 750,0.098246,0.569647,0.568121
[fold_r01] 775,0.314715,0.562740,0.565434
[fold_r01] 800,0.285061,0.609400,0.605906
[fold_r01] 825,0.096223,0.540509,0.542101
[fold_r01] 850,0.276518,0.560644,0.561497
[fold_r01] 875,0.360550,0.513246,0.517462
[fold_r01] 900,0.494754,0.505258,0.511416
[fold_r01] 925,0.060379,0.492869,0.500778
[fold_r01] 950,0.401446,0.530042,0.538203
[fold_r01] 975,0.230656,0.534398,0.540303
[fold_r01] 1000,0.306060,0.487341,0.495367
[fold_r01] 1025,0.134844,0.494053,0.500216
[fold_r01] 1050,0.350515,0.494770,0.500300
[fold_r01] 1075,0.330958,0.478772,0.485995
[fold_r01] 1100,0.383154,0.484112,0.492284
[fold_r01] 1125,0.312994,0.494141,0.501591
[fold_r01] 1150,0.220191,0.505474,0.511025
[fold_r01] 1175,0.346949,0.492373,0.495288
[fold_r06] 0,0.565994,1.168778,1.197451
[fold_r06] 1,2.329500,1.163665,1.192469
[fold_r06] 25,1.483723,1.082354,1.113519
[fold_r06] 50,0.917242,0.965571,1.001389
[fold_r06] 75,0.785946,0.816305,0.844707
[fold_r06] 100,1.211588,0.965826,0.981334
[fold_r06] 125,1.152415,0.852097,0.880541
[fold_r06] 150,0.447638,0.751674,0.775868
[fold_r06] 175,0.417840,0.790688,0.823957
[fold_r06] 200,0.508115,0.722506,0.740154
[fold_r06] 225,0.785237,0.729711,0.756934
[fold_r06] 250,0.712717,0.696152,0.714564
[fold_r06] 275,0.321335,0.694939,0.718751
[fold_r06] 300,0.362299,0.710960,0.732887
[fold_r06] 325,0.345815,0.657704,0.673798
[fold_r06] 350,0.588885,0.663502,0.679769
[fold_r06] 375,0.280915,0.658772,0.674672
[fold_r06] 400,0.552255,0.645302,0.658601
[fold_r06] 425,0.678035,0.641855,0.658376
[fold_r06] 450,0.565364,0.632924,0.648516
[fold_r06] 475,0.638286,0.638673,0.655557
[fold_r06] 500,0.165763,0.637276,0.652557
[fold_r06] 525,0.661479,0.625128,0.639837
[fold_r06] 550,0.444768,0.648812,0.660707
[fold_r06] 575,0.504778,0.643815,0.657912
[fold_r06] 600,0.578467,0.637895,0.651306
[fold_r06] 625,0.244509,0.622180,0.634779
[fold_r06] 650,0.373488,0.607593,0.617978
[fold_r06] 675,0.209660,0.607824,0.617837
[fold_r06] 700,0.684204,0.600960,0.610275
[fold_r06] 725,0.251590,0.607783,0.616264
[fold_r06] 750,0.269423,0.594173,0.602965
[fold_r06] 775,0.221829,0.586066,0.594737
[fold_r06] 800,0.198211,0.566314,0.577245
[fold_r06] 825,0.278253,0.550791,0.562398
[fold_r06] 850,0.550518,0.531327,0.539147
[fold_r06] 875,0.053175,0.543880,0.554274
[fold_r06] 900,0.256311,0.517829,0.529512
[fold_r06] 925,0.240048,0.504674,0.512525
[fold_r06] 950,0.297133,0.500652,0.505632
[fold_r06] 975,0.277572,0.494551,0.502515
[fold_r06] 1000,0.214893,0.488755,0.495983
[fold_r06] 1025,0.239624,0.482760,0.489033
[fold_r06] 1050,0.092931,0.484748,0.489826
[fold_r06] 1075,0.247085,0.485270,0.491116
[fold_r06] 1100,0.161713,0.486426,0.493627
[fold_r06] 1125,0.139737,0.485741,0.491098
[fold_r06] 1150,0.394786,0.472303,0.476966
[fold_r02] 0,2.532656,1.168516,1.173092
[fold_r02] 1,1.598945,1.163365,1.167947
[fold_r02] 25,1.522890,1.084105,1.088793
[fold_r02] 50,1.233646,0.971858,0.976960
[fold_r02] 75,0.788125,0.853611,0.855898
[fold_r02] 100,0.468715,0.836711,0.841172
[fold_r02] 125,0.373983,0.793841,0.795702
[fold_r02] 150,1.146050,1.001748,1.007139
[fold_r02] 175,0.872332,0.964757,0.964973
[fold_r02] 200,0.489177,0.756284,0.757824
[fold_r02] 225,0.505242,0.746838,0.752164
[fold_r02] 250,0.829217,0.869590,0.880624
[fold_r02] 275,0.826891,0.766982,0.770091
[fold_r02] 300,0.212258,0.679526,0.682657
[fold_r02] 325,0.266915,0.722499,0.727151
[fold_r02] 350,0.772655,0.683469,0.681845
[fold_r02] 375,0.761389,0.707489,0.708889
[fold_r02] 400,0.655544,0.704473,0.708183
[fold_r02] 425,0.488728,0.641409,0.641751
[fold_r02] 450,0.304224,0.627668,0.625342
[fold_r02] 475,0.289028,0.668424,0.668095
[fold_r02] 500,0.607341,0.637672,0.636435
[fold_r02] 525,0.381361,0.671027,0.668516
[fold_r02] 550,0.507335,0.634000,0.629895
[fold_r02] 575,0.405015,0.603935,0.601891
[fold_r02] 600,0.274272,0.604546,0.601165
[fold_r02] 625,0.234446,0.581088,0.578821
[fold_r02] 650,0.328402,0.602521,0.599742
[fold_r02] 675,0.390630,0.587726,0.584868
[fold_r02] 700,0.087836,0.602773,0.601917
[fold_r02] 725,0.286638,0.556776,0.555447
[fold_r02] 750,0.151061,0.561720,0.558340
[fold_r02] 775,0.301404,0.574518,0.568872
[fold_r02] 800,0.382780,0.559598,0.558220
[fold_r02] 825,0.396735,0.519115,0.514905
[fold_r02] 850,0.238332,0.514480,0.509916
[fold_r02] 875,0.419814,0.506890,0.501003
[fold_r02] 900,0.211683,0.508023,0.501703
[fold_r02] 925,0.315537,0.502490,0.495503
[fold_r02] 950,0.236150,0.502343,0.496509
[fold_r02] 975,0.280886,0.497484,0.490647
[fold_r02] 1000,0.265717,0.494482,0.487708
[fold_r02] 1025,0.193333,0.499576,0.493645
[fold_r02] 1050,0.239325,0.492038,0.483836
[fold_r02] 1075,0.203208,0.491159,0.484328
[fold_r02] 1100,0.089219,0.491758,0.485148
[fold_r02] 1125,0.100303,0.488227,0.480904
[fold_r05] 0,0.856803,1.168650,1.155295
[fold_r05] 1,0.717815,1.163537,1.150121
[fold_r05] 25,0.515841,1.084703,1.070215
[fold_r05] 50,1.305643,0.967736,0.952564
[fold_r05] 75,1.272565,1.114539,1.108113
[fold_r05] 100,0.871223,0.867784,0.861098
[fold_r05] 125,0.717602,0.885008,0.877276
[fold_r05] 150,0.286413,0.791292,0.784387
[fold_r05] 175,0.611178,0.798609,0.808219
[fold_r05] 200,0.323209,0.705187,0.708448
[fold_r05] 225,0.645460,0.682761,0.686637
[fold_r05] 250,0.448505,0.657184,0.665737
[fold_r05] 275,0.358261,0.653681,0.658865
[fold_r05] 300,0.650402,0.684502,0.686645
[fold_r05] 325,0.534155,0.647682,0.650626
[fold_r05] 350,0.296838,0.653530,0.657511
[fold_r05] 375,0.618725,0.648920,0.651346
[fold_r05] 400,0.107236,0.643509,0.647634
[fold_r05] 425,0.804495,0.635465,0.641904
[fold_r05] 450,0.282620,0.627330,0.636179
[fold_r05] 475,0.509136,0.631247,0.635162
[fold_r05] 500,0.211337,0.634126,0.637805
[fold_r05] 525,0.280614,0.673265,0.673917
[fold_r05] 550,0.115691,0.626450,0.632944
[fold_r05] 575,0.614410,0.636311,0.640713
[fold_r05] 600,0.577004,0.623831,0.631735
[fold_r05] 625,0.148805,0.631832,0.636210
[fold_r05] 650,0.414354,0.587443,0.593072
[fold_r05] 675,0.542008,0.623938,0.631182
[fold_r05] 700,0.467523,0.576256,0.583593
[fold_r05] 725,0.497816,0.580644,0.584132
[fold_r05] 750,0.455063,0.531182,0.537099
[fold_r05] 775,0.415275,0.543169,0.545806
[fold_r05] 800,0.267060,0.521890,0.527534
[fold_r05] 825,0.222855,0.503597,0.508155
[fold_r05] 850,0.453870,0.579538,0.573118
[fold_r05] 875,0.187944,0.591534,0.588581
[fold_r05] 900,0.511453,0.568987,0.578267
[fold_r05] 925,0.209670,0.503533,0.507024
[fold_r05] 950,0.140790,0.483116,0.487602
[fold_r05] 975,0.298213,0.486240,0.489785
[fold_r05] 1000,0.265644,0.482594,0.486065
[fold_r05] 1025,0.076265,0.478526,0.482523
[fold_r05] 1050,0.138583,0.469286,0.472167
[fold_r05] 1075,0.346352,0.496651,0.501487
[fold_r05] 1100,0.279629,0.509331,0.510699
[fold_r05] 1125,0.114457,0.468677,0.471599
[fold_r05] 1150,0.191462,0.473975,0.474982
[fold_r03] 0,1.661716,1.168800,1.160381
[fold_r03] 1,1.293580,1.163643,1.155202
[fold_r03] 25,1.702120,1.083382,1.074657
[fold_r03] 50,1.312205,0.968592,0.959563
[fold_r03] 75,0.744065,0.805585,0.802030
[fold_r03] 100,0.452696,0.826183,0.819470
[fold_r03] 125,0.936312,0.896554,0.891222
[fold_r03] 150,0.808521,0.957950,0.951427
[fold_r03] 175,0.310463,0.792181,0.786686
[fold_r03] 200,0.465007,0.715245,0.711798
[fold_r03] 225,0.297094,0.694865,0.691994
[fold_r03] 250,0.529305,0.691841,0.688438
[fold_r03] 275,0.520396,0.656498,0.659556
[fold_r03] 300,0.635331,0.658203,0.661820
[fold_r03] 325,0.675435,0.666049,0.669642
[fold_r03] 350,0.386140,0.642334,0.646994
[fold_r03] 375,0.487119,0.649154,0.654984
[fold_r03] 400,0.454377,0.624716,0.632662
[fold_r03] 425,0.449088,0.636202,0.644131
[fold_r03] 450,0.606043,0.658713,0.665902
[fold_r03] 475,0.395409,0.649603,0.656536
[fold_r03] 500,0.319451,0.619221,0.625757
[fold_r03] 525,0.134079,0.612981,0.619217
[fold_r03] 550,0.367715,0.638520,0.647603
[fold_r03] 575,0.132755,0.610777,0.617564
[fold_r03] 600,0.289022,0.609004,0.616110
[fold_r03] 625,0.166203,0.610574,0.617922
[fold_r03] 650,0.471387,0.609296,0.616726
[fold_r03] 675,0.394203,0.609707,0.617543
[fold_r03] 700,0.279637,0.603827,0.610829
[fold_r03] 725,0.480961,0.601872,0.608958
[fold_r03] 750,0.191503,0.601557,0.609237
[fold_r03] 775,0.373084,0.599946,0.607408
[fold_r03] 800,0.199432,0.598578,0.606196
[fold_r03] 825,0.433432,0.599172,0.607017
[fold_r03] 850,0.337082,0.598068,0.605838
[fold_r03] 875,0.260347,0.601307,0.609431
[fold_r03] 900,0.339385,0.596271,0.604663
[fold_r03] 925,0.606106,0.595019,0.603448
[fold_r03] 950,0.077832,0.592586,0.601221
[fold_r03] 975,0.469743,0.597076,0.606372
[fold_r03] 1000,0.384837,0.594020,0.602824
[fold_r03] 1025,0.303025,0.591124,0.599465
[fold_r03] 1050,0.211793,0.592312,0.601100
[fold_r03] 1075,0.204426,0.586336,0.595157

Cross-validation summary (6-fold leave-one-realization-out)
Mean train RMSE norm      : 0.494314
Mean validation RMSE norm : 0.497166
Median best epoch         : 1125
Best-so-far checkpoint    : kept previous
Training-curve plot       : plots/cross_validation_curves.png
