[fold_r02] 0,1.814356,1.254168,1.254471
[fold_r02] 1,0.623460,1.248199,1.248520
[fold_r02] 25,0.491602,1.123888,1.124765
[fold_r02] 50,2.079313,1.078036,1.079666
[fold_r02] 75,0.534628,1.025215,1.027894
[fold_r02] 100,0.373476,0.968430,0.972500
[fold_r02] 125,0.760521,0.934461,0.937945
[fold_r02] 150,1.024696,0.850693,0.854242
[fold_r02] 175,1.658512,0.949268,0.952914
[fold_r02] 200,0.951038,0.911318,0.915537
[fold_r02] 225,0.338045,0.839246,0.845214
[fold_r02] 250,0.307800,0.796002,0.804454
[fold_r02] 275,0.460123,0.773066,0.779988
[fold_r02] 300,0.718958,0.736898,0.741624
[fold_r02] 325,0.522625,0.726278,0.727295
[fold_r02] 350,0.528055,0.737019,0.741498
[fold_r02] 375,0.913523,0.761663,0.763770
[fold_r02] 400,0.419601,0.707630,0.708384
[fold_r02] 425,0.391683,0.698620,0.696794
[fold_r02] 450,0.653660,0.735454,0.738558
[fold_r02] 475,0.828036,0.676417,0.671961
[fold_r02] 500,0.180218,0.669620,0.665606
[fold_r02] 525,0.557410,0.660619,0.656037
[fold_r02] 550,0.520077,0.662461,0.658521
[fold_r02] 575,0.688971,0.654881,0.650980
[fold_r02] 600,0.283334,0.651505,0.646316
[fold_r02] 625,0.506563,0.669732,0.669486
[fold_r02] 650,0.273930,0.633387,0.628955
[fold_r02] 675,0.244576,0.671495,0.669413
[fold_r02] 700,0.645401,0.636578,0.633942
[fold_r02] 725,0.237614,0.635197,0.630260
[fold_r02] 750,0.732059,0.619536,0.615789
[fold_r02] 775,0.407547,0.606772,0.605071
[fold_r02] 800,0.148842,0.592745,0.591563
[fold_r02] 825,0.455517,0.594561,0.593075
[fold_r02] 850,0.542078,0.591188,0.594297
[fold_r02] 875,0.172713,0.578961,0.577500
[fold_r02] 900,0.246016,0.570796,0.569476
[fold_r02] 925,0.510215,0.561978,0.563882
[fold_r02] 950,0.451058,0.547649,0.550859
[fold_r02] 975,0.296774,0.538901,0.541159
[fold_r02] 1000,0.145657,0.529512,0.527585
[fold_r02] 1025,0.056411,0.540285,0.538240
[fold_r02] 1050,0.168751,0.538768,0.535979
[fold_r02] 1075,0.281068,0.524569,0.524176
[fold_r02] 1100,0.359162,0.528998,0.527016
[fold_r02] 1125,0.245029,0.520577,0.517352
[fold_r02] 1150,0.117802,0.518018,0.514548
[fold_r02] 1175,0.085121,0.511558,0.508918
[fold_r02] 1200,0.338937,0.517458,0.515891
[fold_r02] 1225,0.074445,0.505683,0.503564
[fold_r02] 1250,0.120891,0.507055,0.503090
[fold_r02] 1275,0.167707,0.516481,0.516974
[fold_r02] 1300,0.227457,0.500373,0.495173
[fold_r02] 1325,0.276709,0.495337,0.493219
[fold_r02] 1350,0.377401,0.503967,0.501392
[fold_r02] 1375,0.054641,0.499675,0.495183
[fold_r02] 1400,0.112400,0.490271,0.485676
[fold_r02] 1425,0.113907,0.497200,0.491646
[fold_r02] 1450,0.341135,0.488393,0.483705
[fold_r02] 1475,0.052216,0.488073,0.484454
[fold_r02] 1500,0.175034,0.488942,0.485329
[fold_r02] 1525,0.172482,0.484760,0.481143
[fold_r02] 1550,0.410616,0.485194,0.480068
[fold_r02] 1575,0.109411,0.479047,0.475087
[fold_r02] 1600,0.207400,0.481125,0.476758
[fold_r02] 1625,0.246509,0.480862,0.477034
[fold_r02] 1650,0.139976,0.482231,0.477610
[fold_r02] 1675,0.302689,0.478890,0.474094
[fold_r02] 1700,0.352341,0.480920,0.476481
[fold_r02] 1725,0.277628,0.476317,0.471491
[fold_r02] 1750,0.306065,0.477172,0.472677
[fold_r02] 1775,0.289260,0.476709,0.472062
[fold_r02] 1800,0.113568,0.471900,0.467336
[fold_r02] 1825,0.205820,0.476195,0.471995
[fold_r02] 1850,0.287362,0.471658,0.467017
[fold_r02] 1875,0.339078,0.470809,0.466317
[fold_r02] 1900,0.419766,0.474765,0.470002
[fold_r02] 1925,0.260893,0.469674,0.464732
[fold_r02] 1950,0.241320,0.468570,0.463843
[fold_r02] 1975,0.225486,0.467223,0.462469
[fold_r02] 2000,0.164822,0.468609,0.463828
[fold_r02] 2025,0.271350,0.469539,0.464490
[fold_r02] 2050,0.115700,0.470510,0.466285
[fold_r02] 2075,0.283303,0.466160,0.461363
[fold_r02] 2100,0.354382,0.467216,0.462661
[fold_r03] 0,1.739355,1.253450,1.247420
[fold_r03] 1,2.121161,1.247458,1.241390
[fold_r03] 25,0.825841,1.125659,1.118770
[fold_r03] 50,0.939797,1.079934,1.072544
[fold_r03] 75,0.811940,1.026523,1.018695
[fold_r03] 100,0.407021,0.969225,0.961668
[fold_r03] 125,0.701871,0.937550,0.930126
[fold_r03] 150,0.923696,0.857746,0.850632
[fold_r03] 175,0.928145,0.928600,0.925070
[fold_r03] 200,0.648918,0.862040,0.855481
[fold_r03] 225,0.827581,0.862380,0.853953
[fold_r03] 250,0.586873,0.796347,0.791718
[fold_r03] 275,0.276823,0.767010,0.764028
[fold_r03] 300,0.933361,0.749548,0.746265
[fold_r03] 325,0.393721,0.738390,0.737318
[fold_r03] 350,0.377717,0.727512,0.727566
[fold_r03] 375,0.330032,0.721070,0.721596
[fold_r03] 400,0.479960,0.716758,0.721632
[fold_r03] 425,0.296727,0.703139,0.708247
[fold_r03] 450,0.373153,0.713555,0.716427
[fold_r03] 475,0.364063,0.700051,0.704972
[fold_r03] 500,0.449812,0.728944,0.729583
[fold_r03] 525,0.261090,0.687793,0.694163
[fold_r03] 550,0.356385,0.760564,0.763184
[fold_r03] 575,0.679370,0.687075,0.695985
[fold_r03] 600,0.195136,0.680912,0.689721
[fold_r03] 625,0.810779,0.687098,0.695357
[fold_r03] 650,0.343350,0.691041,0.698300
[fold_r03] 675,0.332689,0.676892,0.686971
[fold_r03] 700,0.538590,0.689695,0.697355
[fold_r03] 725,0.344191,0.674982,0.685073
[fold_r03] 750,0.532993,0.673608,0.682941
[fold_r03] 775,0.401974,0.674570,0.684863
[fold_r03] 800,0.188032,0.674979,0.686250
[fold_r03] 825,0.200792,0.668752,0.680405
[fold_r03] 850,0.331614,0.670944,0.682618
[fold_r03] 875,0.482299,0.658077,0.669730
[fold_r03] 900,0.432122,0.661148,0.671277
[fold_r03] 925,0.344275,0.655672,0.667283
[fold_r03] 950,0.269644,0.664506,0.672246
[fold_r03] 975,0.123412,0.647088,0.656963
[fold_r03] 1000,0.400865,0.652796,0.661218
[fold_r03] 1025,0.230494,0.638648,0.649923
[fold_r03] 1050,0.655434,0.635073,0.645241
[fold_r03] 1075,0.468309,0.637802,0.646472
[fold_r03] 1100,0.292549,0.631195,0.642017
[fold_r03] 1125,0.445272,0.626308,0.636987
[fold_r03] 1150,0.187834,0.627319,0.639180
[fold_r03] 1175,0.613694,0.621033,0.628739
[fold_r03] 1200,0.595953,0.656371,0.666118
[fold_r03] 1225,0.266843,0.599879,0.608280
[fold_r03] 1250,0.286497,0.598407,0.606209
[fold_r03] 1275,0.183100,0.595111,0.603231
[fold_r03] 1300,0.426318,0.593253,0.601628
[fold_r03] 1325,0.134573,0.584124,0.592168
[fold_r03] 1350,0.497407,0.581225,0.590701
[fold_r03] 1375,0.096011,0.576072,0.582987
[fold_r03] 1400,0.358057,0.596741,0.600168
[fold_r03] 1425,0.278226,0.561251,0.566750
[fold_r03] 1450,0.580384,0.540680,0.544585
[fold_r03] 1475,0.418201,0.531156,0.534511
[fold_r03] 1500,0.337929,0.538734,0.540629
[fold_r03] 1525,0.369577,0.522079,0.524804
[fold_r03] 1550,0.332021,0.529181,0.532964
[fold_r03] 1575,0.186970,0.521296,0.522788
[fold_r03] 1600,0.078079,0.509992,0.513597
[fold_r03] 1625,0.140986,0.519747,0.520760
[fold_r03] 1650,0.375959,0.520322,0.521261
[fold_r03] 1675,0.206352,0.504441,0.507505
[fold_r03] 1700,0.164542,0.508514,0.512055
[fold_r03] 1725,0.220337,0.518338,0.520603
[fold_r03] 1750,0.477283,0.517277,0.521171
[fold_r03] 1775,0.485233,0.495564,0.499218
[fold_r03] 1800,0.411548,0.500890,0.505139
[fold_r03] 1825,0.220305,0.495371,0.500571
[fold_r03] 1850,0.383301,0.491422,0.495774
[fold_r03] 1875,0.221778,0.492169,0.495198
[fold_r03] 1900,0.243714,0.489430,0.494545
[fold_r03] 1925,0.163560,0.489244,0.493352
[fold_r03] 1950,0.233875,0.489233,0.493780
[fold_r03] 1975,0.106456,0.488665,0.493672
[fold_r03] 2000,0.155794,0.484082,0.488000
[fold_r03] 2025,0.357988,0.483291,0.487393
[fold_r01] 0,1.881586,1.253403,1.259241
[fold_r01] 1,1.204572,1.247400,1.253258
[fold_r01] 25,1.568317,1.123388,1.129575
[fold_r01] 50,1.030050,1.077261,1.083208
[fold_r01] 75,1.415772,1.024545,1.030054
[fold_r01] 100,1.542786,0.969507,0.973786
[fold_r01] 125,1.493185,0.932738,0.936729
[fold_r01] 150,1.413724,0.850666,0.852371
[fold_r01] 175,0.538345,0.935974,0.942587
[fold_r01] 200,0.482650,0.863566,0.867250
[fold_r01] 225,1.261355,0.818444,0.814328
[fold_r01] 250,0.955641,0.776476,0.772055
[fold_r01] 275,0.381582,0.771963,0.776488
[fold_r01] 300,0.484195,0.747631,0.745292
[fold_r01] 325,0.357606,0.727823,0.728275
[fold_r01] 350,0.389752,0.711109,0.711724
[fold_r01] 375,0.674099,0.696308,0.695368
[fold_r01] 400,0.401787,0.691508,0.690949
[fold_r01] 425,0.710668,0.717452,0.722528
[fold_r01] 450,0.942903,0.679709,0.678346
[fold_r01] 475,0.647753,0.693650,0.692474
[fold_r01] 500,0.586418,0.686623,0.685953
[fold_r01] 525,0.833666,0.677567,0.675262
[fold_r01] 550,0.783290,0.662405,0.663193
[fold_r01] 575,0.535062,0.670903,0.671966
[fold_r01] 600,0.641617,0.679333,0.680867
[fold_r01] 625,0.274010,0.653276,0.654118
[fold_r01] 650,0.394019,0.653205,0.654293
[fold_r01] 675,0.533831,0.639915,0.639317
[fold_r01] 700,0.600004,0.644178,0.643301
[fold_r01] 725,0.364710,0.654244,0.655228
[fold_r01] 750,0.569160,0.687347,0.690124
[fold_r01] 775,0.715389,0.640073,0.640132
[fold_r01] 800,0.468609,0.624240,0.624012
[fold_r01] 825,0.445532,0.619899,0.618624
[fold_r01] 850,0.271026,0.612090,0.611552
[fold_r01] 875,0.348928,0.607964,0.607144
[fold_r01] 900,0.490967,0.602903,0.603544
[fold_r01] 925,0.332830,0.594395,0.594004
[fold_r01] 950,0.188723,0.603483,0.607679
[fold_r01] 975,0.188195,0.573213,0.575921
[fold_r01] 1000,0.304572,0.581733,0.585991
[fold_r01] 1025,0.257873,0.559816,0.562170
[fold_r01] 1050,0.268776,0.545289,0.549259
[fold_r01] 1075,0.233627,0.538732,0.545586
[fold_r01] 1100,0.351408,0.533518,0.540592
[fold_r01] 1125,0.122098,0.531884,0.539565
[fold_r01] 1150,0.455141,0.530300,0.533597
[fold_r01] 1175,0.242287,0.524651,0.531822
[fold_r01] 1200,0.244545,0.520843,0.530145
[fold_r01] 1225,0.280077,0.512467,0.518289
[fold_r01] 1250,0.365238,0.510222,0.515664
[fold_r01] 1275,0.410462,0.509283,0.515367
[fold_r01] 1300,0.295493,0.505954,0.510836
[fold_r01] 1325,0.193678,0.518656,0.528526
[fold_r01] 1350,0.253573,0.555816,0.564993
[fold_r01] 1375,0.504079,0.501877,0.509209
[fold_r01] 1400,0.374797,0.509610,0.518842
[fold_r01] 1425,0.168501,0.499548,0.506716
[fold_r01] 1450,0.166779,0.500784,0.508743
[fold_r01] 1475,0.430079,0.491009,0.498247
[fold_r01] 1500,0.181628,0.489221,0.496452
[fold_r01] 1525,0.272413,0.498324,0.508455
[fold_r01] 1550,0.283462,0.496605,0.502391
[fold_r01] 1575,0.258242,0.487675,0.494018
[fold_r01] 1600,0.463097,0.487095,0.492940
[fold_r01] 1625,0.142445,0.488479,0.495297
[fold_r01] 1650,0.440176,0.490492,0.497968
[fold_r01] 1675,0.355897,0.487089,0.494609
[fold_r01] 1700,0.382286,0.487086,0.493116
[fold_r01] 1725,0.267003,0.478892,0.485888
[fold_r01] 1750,0.245241,0.482359,0.489801
[fold_r01] 1775,0.220895,0.477196,0.484607
[fold_r01] 1800,0.181520,0.477317,0.485322
[fold_r04] 0,2.547581,1.254713,1.234157
[fold_r04] 1,1.790036,1.248697,1.228099
[fold_r04] 25,2.073718,1.127451,1.106117
[fold_r04] 50,1.305237,1.078917,1.058485
[fold_r04] 75,0.421852,1.034218,1.014416
[fold_r04] 100,1.837463,0.979013,0.958735
[fold_r04] 125,0.723809,0.943977,0.925007
[fold_r04] 150,0.457987,0.910876,0.892515
[fold_r04] 175,0.788734,0.888072,0.868127
[fold_r04] 200,0.922221,0.893366,0.878896
[fold_r04] 225,0.689344,0.948808,0.925077
[fold_r04] 250,0.373493,0.850570,0.825746
[fold_r04] 275,0.794459,0.815116,0.799157
[fold_r04] 300,0.518393,0.746364,0.731068
[fold_r04] 325,0.165078,0.727496,0.714062
[fold_r04] 350,0.513218,0.718117,0.704297
[fold_r04] 375,0.569169,0.716953,0.702953
[fold_r04] 400,0.552918,0.722391,0.707519
[fold_r04] 425,0.843390,0.703153,0.690138
[fold_r04] 450,0.487243,0.693405,0.681178
[fold_r04] 475,0.517785,0.707182,0.694815
[fold_r04] 500,0.480272,0.727185,0.710465
[fold_r04] 525,0.167489,0.689365,0.676923
[fold_r04] 550,0.421433,0.692412,0.678302
[fold_r04] 575,0.494010,0.678788,0.666248
[fold_r04] 600,0.229680,0.686069,0.673111
[fold_r04] 625,0.800552,0.679624,0.664982
[fold_r04] 650,0.656574,0.672554,0.659673
[fold_r04] 675,0.271885,0.666128,0.652160
[fold_r04] 700,0.113138,0.663961,0.647971
[fold_r04] 725,0.721660,0.647221,0.634362
[fold_r04] 750,0.384271,0.643991,0.631702
[fold_r04] 775,0.629674,0.642315,0.630244
[fold_r04] 800,0.447796,0.637072,0.621125
[fold_r04] 825,0.561003,0.622503,0.615208
[fold_r04] 850,0.223681,0.593037,0.585642
[fold_r04] 875,0.306438,0.612984,0.605107
[fold_r04] 900,0.433939,0.584522,0.581054
[fold_r04] 925,0.253182,0.559403,0.554120
[fold_r04] 950,0.568598,0.600880,0.599495
[fold_r04] 975,0.274950,0.551118,0.548610
[fold_r04] 1000,0.271101,0.541517,0.541042
[fold_r04] 1025,0.215853,0.550645,0.545759
[fold_r04] 1050,0.118157,0.530915,0.528326
[fold_r04] 1075,0.214713,0.519757,0.520213
[fold_r04] 1100,0.272180,0.563688,0.570870
[fold_r04] 1125,0.504959,0.597520,0.601762
[fold_r04] 1150,0.223100,0.514588,0.516459
[fold_r04] 1175,0.363326,0.549438,0.546654
[fold_r04] 1200,0.288450,0.507174,0.511317
[fold_r04] 1225,0.360433,0.496355,0.500482
[fold_r04] 1250,0.212553,0.502929,0.505839
[fold_r04] 1275,0.328636,0.502368,0.504067
[fold_r04] 1300,0.356508,0.543543,0.550591
[fold_r04] 1325,0.171247,0.492922,0.496704
[fold_r04] 1350,0.389630,0.491022,0.496989
[fold_r04] 1375,0.247795,0.486746,0.491865
[fold_r04] 1400,0.202342,0.482051,0.486880
[fold_r04] 1425,0.199040,0.487755,0.492232
[fold_r04] 1450,0.317533,0.498952,0.504119
[fold_r04] 1475,0.317107,0.481887,0.487031
[fold_r04] 1500,0.312451,0.475443,0.480663
[fold_r04] 1525,0.132925,0.474619,0.480007
[fold_r04] 1550,0.066949,0.484149,0.491111
[fold_r04] 1575,0.261960,0.474773,0.480679
[fold_r04] 1600,0.115566,0.471770,0.477526
[fold_r04] 1625,0.428522,0.472464,0.477601
[fold_r04] 1650,0.359076,0.473075,0.477288
[fold_r04] 1675,0.226584,0.474478,0.480119
[fold_r04] 1700,0.303901,0.470660,0.476143
[fold_r04] 1725,0.107219,0.469531,0.474518
[fold_r04] 1750,0.389506,0.468405,0.473189
[fold_r04] 1775,0.313303,0.466531,0.472151
[fold_r04] 1800,0.239889,0.466518,0.471844
[fold_r05] 0,1.203995,1.253508,1.241749
[fold_r05] 1,1.403240,1.247499,1.235667
[fold_r05] 25,1.183823,1.124078,1.110221
[fold_r05] 50,2.193671,1.075330,1.060529
[fold_r05] 75,1.429915,1.022420,1.006998
[fold_r05] 100,0.776073,0.964845,0.949604
[fold_r05] 125,1.526024,0.929368,0.914920
[fold_r05] 150,0.456493,0.866224,0.857947
[fold_r05] 175,0.593023,0.839055,0.835664
[fold_r05] 200,0.449930,0.774073,0.775555
[fold_r05] 225,0.718605,0.749872,0.756414
[fold_r05] 250,0.405386,0.740680,0.746800
[fold_r05] 275,0.684850,0.764920,0.770032
[fold_r05] 300,0.570804,0.778470,0.779977
[fold_r05] 325,0.617549,0.729240,0.735341
[fold_r05] 350,0.286903,0.714767,0.720427
[fold_r05] 375,0.931731,0.709580,0.718924
[fold_r05] 400,0.392549,0.704067,0.713276
[fold_r05] 425,0.300254,0.718224,0.720575
[fold_r05] 450,0.322004,0.710961,0.718112
[fold_r05] 475,0.646911,0.688385,0.697735
[fold_r05] 500,0.490301,0.692283,0.697118
[fold_r05] 525,0.242810,0.732714,0.736589
[fold_r05] 550,0.340315,0.686444,0.692877
[fold_r05] 575,0.671079,0.709374,0.712609
[fold_r05] 600,0.466388,0.694941,0.701971
[fold_r05] 625,0.840936,0.692039,0.699591
[fold_r05] 650,0.619175,0.672134,0.682186
[fold_r05] 675,0.430247,0.670435,0.679677
[fold_r05] 700,0.726944,0.673959,0.681578
[fold_r05] 725,0.387640,0.675984,0.683316
[fold_r05] 750,0.619956,0.662741,0.670392
[fold_r05] 775,0.189719,0.661005,0.669576
[fold_r05] 800,0.223710,0.662935,0.670825
[fold_r05] 825,0.454455,0.650699,0.659403
[fold_r05] 850,0.402130,0.648136,0.656538
[fold_r05] 875,0.229007,0.645761,0.653205
[fold_r05] 900,0.280992,0.659717,0.660925
[fold_r05] 925,0.314662,0.637894,0.645878
[fold_r05] 950,0.167987,0.641129,0.646872
[fold_r05] 975,0.357347,0.628187,0.635684
[fold_r05] 1000,0.279123,0.627537,0.633232
[fold_r05] 1025,0.201381,0.621570,0.628821
[fold_r05] 1050,0.262029,0.630779,0.632760
[fold_r05] 1075,0.229604,0.614468,0.621637
[fold_r05] 1100,0.275412,0.612429,0.619569
[fold_r05] 1125,0.581180,0.609877,0.617389
[fold_r05] 1150,0.536371,0.605683,0.612875
[fold_r05] 1175,0.519631,0.629767,0.630720
[fold_r05] 1200,0.438453,0.606213,0.613471
[fold_r05] 1225,0.279875,0.599306,0.606698
[fold_r05] 1250,0.527556,0.591511,0.599380
[fold_r05] 1275,0.367343,0.587419,0.594471
[fold_r05] 1300,0.360221,0.570650,0.577683
[fold_r05] 1325,0.279546,0.570143,0.575079
[fold_r05] 1350,0.254721,0.555849,0.562421
[fold_r05] 1375,0.388161,0.559839,0.560462
[fold_r05] 1400,0.253055,0.543172,0.548115
[fold_r05] 1425,0.285728,0.526861,0.532819
[fold_r05] 1450,0.287925,0.522763,0.528929
[fold_r05] 1475,0.458712,0.532126,0.531222
[fold_r05] 1500,0.109283,0.523558,0.528797
[fold_r05] 1525,0.260115,0.514486,0.520357
[fold_r05] 1550,0.318378,0.516589,0.519593
[fold_r05] 1575,0.220498,0.508098,0.511899
[fold_r05] 1600,0.254015,0.513040,0.513508
[fold_r05] 1625,0.310224,0.534381,0.538678
[fold_r05] 1650,0.426473,0.501898,0.506131
[fold_r05] 1675,0.148076,0.510591,0.512057
[fold_r05] 1700,0.109376,0.505934,0.508721
[fold_r05] 1725,0.120889,0.522914,0.516813
[fold_r05] 1750,0.121582,0.495676,0.499041
[fold_r05] 1775,0.144115,0.496215,0.498970
[fold_r05] 1800,0.100360,0.508203,0.506199
[fold_r05] 1825,0.128971,0.490721,0.494006
[fold_r05] 1850,0.200091,0.493242,0.495676
[fold_r05] 1875,0.271754,0.491383,0.493016
[fold_r05] 1900,0.295535,0.492792,0.494938
[fold_r05] 1925,0.236136,0.489714,0.493159
[fold_r05] 1950,0.181258,0.484338,0.486908
[fold_r05] 1975,0.187665,0.486150,0.488747
[fold_r05] 2000,0.248571,0.485026,0.487331
[fold_r05] 2025,0.171628,0.479107,0.481467
[fold_r06] 0,1.436032,1.252770,1.285037
[fold_r06] 1,1.676696,1.246763,1.279143
[fold_r06] 25,1.690167,1.122322,1.157336
[fold_r06] 50,1.771645,1.073236,1.108291
[fold_r06] 75,0.824786,1.018300,1.053279
[fold_r06] 100,0.844093,0.965224,1.000480
[fold_r06] 125,0.590998,0.925452,0.961213
[fold_r06] 150,1.034543,0.877243,0.909300
[fold_r06] 175,0.530980,0.886298,0.912884
[fold_r06] 200,0.326403,0.794558,0.819776
[fold_r06] 225,0.526460,0.798812,0.823237
[fold_r06] 250,0.752793,0.776185,0.794497
[fold_r06] 275,0.609784,0.796687,0.815089
[fold_r06] 300,0.830360,0.733665,0.751299
[fold_r06] 325,0.513801,0.751778,0.768776
[fold_r06] 350,0.856945,0.708373,0.724087
[fold_r06] 375,0.993365,0.757218,0.779148
[fold_r06] 400,0.541356,0.711314,0.728605
[fold_r06] 425,0.581476,0.688598,0.702945
[fold_r06] 450,0.503398,0.711234,0.727126
[fold_r06] 475,0.564535,0.683514,0.698259
[fold_r06] 500,0.699201,0.823387,0.834769
[fold_r06] 525,0.569832,0.719722,0.741706
[fold_r06] 550,0.217669,0.665089,0.678364
[fold_r06] 575,0.167189,0.686489,0.705365
[fold_r06] 600,0.355367,0.654634,0.668073
[fold_r06] 625,0.272246,0.717288,0.741073
[fold_r06] 650,0.304902,0.658473,0.674603
[fold_r06] 675,0.263077,0.658712,0.672849
[fold_r06] 700,0.161399,0.637899,0.651828
[fold_r06] 725,0.627463,0.636449,0.651109
[fold_r06] 750,0.644211,0.628726,0.641898
[fold_r06] 775,0.327639,0.624470,0.637083
[fold_r06] 800,0.382245,0.625554,0.638620
[fold_r06] 825,0.357921,0.625288,0.639389
[fold_r06] 850,0.272061,0.617653,0.630898
[fold_r06] 875,0.281744,0.610512,0.624018
[fold_r06] 900,0.314791,0.591398,0.606367
[fold_r06] 925,0.231940,0.579304,0.591890
[fold_r06] 950,0.400562,0.569496,0.584055
[fold_r06] 975,0.181811,0.566554,0.582463
[fold_r06] 1000,0.456571,0.553501,0.567869
[fold_r06] 1025,0.369987,0.539727,0.552402
[fold_r06] 1050,0.168890,0.535218,0.546780
[fold_r06] 1075,0.375580,0.528577,0.539441
[fold_r06] 1100,0.146274,0.525364,0.535324
[fold_r06] 1125,0.168435,0.538958,0.552196
[fold_r06] 1150,0.477729,0.528097,0.539525
[fold_r06] 1175,0.254399,0.515714,0.524882
[fold_r06] 1200,0.116212,0.520043,0.529739
[fold_r06] 1225,0.199065,0.518704,0.527524
[fold_r06] 1250,0.253672,0.512188,0.522919
[fold_r06] 1275,0.102993,0.503738,0.511486
[fold_r06] 1300,0.077574,0.507092,0.516374
[fold_r06] 1325,0.291714,0.506233,0.513912
[fold_r06] 1350,0.239607,0.495685,0.503466
[fold_r06] 1375,0.335266,0.497577,0.505256
[fold_r06] 1400,0.113294,0.489224,0.495439
[fold_r06] 1425,0.161506,0.493369,0.499307
[fold_r06] 1450,0.206831,0.491499,0.498436
[fold_r06] 1475,0.091043,0.486513,0.493504
[fold_r06] 1500,0.390269,0.488231,0.493219
[fold_r06] 1525,0.366298,0.493743,0.499638
[fold_r06] 1550,0.407577,0.497070,0.502734
[fold_r06] 1575,0.190726,0.482282,0.488405
[fold_r06] 1600,0.315325,0.492034,0.497491
[fold_r06] 1625,0.275209,0.517696,0.525496
[fold_r06] 1650,0.295861,0.485015,0.490440
[fold_r06] 1675,0.125865,0.476633,0.481792
[fold_r06] 1700,0.226661,0.474912,0.480547
[fold_r06] 1725,0.269381,0.479087,0.484818
[fold_r06] 1750,0.147843,0.475381,0.480063
[fold_r06] 1775,0.237411,0.473687,0.477678
[fold_r06] 1800,0.268488,0.471770,0.476053
[fold_r06] 1825,0.304942,0.471941,0.476422
[fold_r06] 1850,0.060890,0.473263,0.477978
[fold_r06] 1875,0.300783,0.470048,0.474650
[fold_r06] 1900,0.126662,0.471918,0.476466
[fold_r06] 1925,0.227520,0.471532,0.476143
[fold_r06] 1950,0.278500,0.476751,0.481793
[fold_r06] 1975,0.176106,0.468731,0.472530
[fold_r06] 2000,0.223792,0.470840,0.474732

Cross-validation summary (6-fold leave-one-realization-out)
Mean train RMSE norm      : 0.473501
Mean validation RMSE norm : 0.476534
Median best epoch         : 2000
Best-so-far checkpoint    : updated
Training-curve plot       : plots/cross_validation_curves.png
