[fold_r04] 0,1.046817,0.996248,0.977823
[fold_r04] 1,0.649555,0.996238,0.977810
[fold_r04] 25,1.015091,0.996015,0.977619
[fold_r04] 50,1.170759,0.995791,0.977473
[fold_r04] 75,1.268326,0.995573,0.977279
[fold_r04] 100,1.132796,0.995374,0.977117
[fold_r04] 125,1.333510,0.995209,0.976915
[fold_r04] 150,1.427989,0.995040,0.976778
[fold_r04] 175,1.623707,0.994900,0.976666
[fold_r04] 200,0.417876,0.994670,0.976406
[fold_r04] 225,0.628082,0.994467,0.976240
[fold_r04] 250,1.293579,0.994262,0.976086
[fold_r04] 275,0.635703,0.994045,0.975843
[fold_r04] 300,1.225102,0.993830,0.975629
[fold_r04] 325,1.682323,0.993579,0.975354
[fold_r04] 350,0.773989,0.993317,0.975085
[fold_r05] 0,1.413193,0.996189,0.980105
[fold_r05] 1,0.853787,0.996174,0.980095
[fold_r05] 25,0.301492,0.995945,0.979863
[fold_r05] 50,0.885494,0.995742,0.979677
[fold_r05] 75,1.462969,0.995542,0.979503
[fold_r05] 100,1.333559,0.995340,0.979279
[fold_r05] 125,0.877641,0.995150,0.979081
[fold_r05] 150,1.622452,0.994920,0.978936
[fold_r05] 175,1.653056,0.994709,0.978766
[fold_r05] 200,0.873688,0.994488,0.978555
[fold_r05] 225,1.610685,0.994273,0.978407
[fold_r05] 250,0.510689,0.994051,0.978144
[fold_r05] 275,0.944693,0.993812,0.977963
[fold_r05] 300,1.015701,0.993608,0.977750
[fold_r05] 325,1.118296,0.993406,0.977629
[fold_r01] 0,0.682009,0.996194,1.001301
[fold_r01] 1,0.629447,0.996185,1.001286
[fold_r01] 25,1.663436,0.995969,1.001081
[fold_r01] 50,1.388302,0.995749,1.000904
[fold_r01] 75,0.540789,0.995545,1.000722
[fold_r01] 100,1.273458,0.995364,1.000556
[fold_r01] 125,0.616663,0.995176,1.000397
[fold_r01] 150,0.932289,0.994990,1.000227
[fold_r01] 175,0.679213,0.994790,1.000016
[fold_r01] 200,0.903198,0.994577,0.999825
[fold_r01] 225,1.241358,0.994378,0.999630
[fold_r01] 250,1.540863,0.994143,0.999369
[fold_r01] 275,0.624629,0.993891,0.999180
[fold_r01] 300,0.727510,0.993659,0.998962
[fold_r01] 325,1.103696,0.993461,0.998688
[fold_r01] 350,1.187947,0.993262,0.998473
[fold_r02] 0,1.266847,0.996063,1.000517
[fold_r02] 1,1.281512,0.996053,1.000509
[fold_r02] 25,1.208346,0.995847,1.000317
[fold_r02] 50,0.810914,0.995642,1.000121
[fold_r02] 75,1.619908,0.995442,0.999937
[fold_r02] 100,0.912983,0.995262,0.999765
[fold_r02] 125,0.936080,0.995112,0.999647
[fold_r02] 150,0.474403,0.994911,0.999464
[fold_r02] 175,1.371104,0.994714,0.999286
[fold_r02] 200,0.948991,0.994556,0.999127
[fold_r02] 225,0.822988,0.994352,0.998946
[fold_r02] 250,1.381840,0.994149,0.998765
[fold_r02] 275,1.512708,0.993926,0.998570
[fold_r02] 300,0.626856,0.993715,0.998373
[fold_r02] 325,1.191090,0.993510,0.998201
[fold_r02] 350,1.383327,0.993264,0.997964
[fold_r03] 0,0.924694,0.996118,0.987178
[fold_r03] 1,0.875053,0.996113,0.987158
[fold_r03] 25,1.419491,0.995927,0.986930
[fold_r03] 50,1.786796,0.995735,0.986738
[fold_r03] 75,1.205405,0.995543,0.986591
[fold_r03] 100,0.490362,0.995356,0.986323
[fold_r03] 125,1.036689,0.995191,0.986184
[fold_r03] 150,1.142288,0.995015,0.986049
[fold_r03] 175,1.220283,0.994833,0.985836
[fold_r03] 200,1.006268,0.994661,0.985740
[fold_r03] 225,1.184058,0.994469,0.985476
[fold_r03] 250,0.708693,0.994262,0.985201
[fold_r03] 275,0.713259,0.994070,0.985001
[fold_r03] 300,0.218530,0.993846,0.984755
[fold_r03] 325,1.305503,0.993611,0.984531
[fold_r03] 350,1.389579,0.993333,0.984141
[fold_r06] 0,0.664426,0.996092,1.029882
[fold_r06] 1,1.155543,0.996078,1.029865
[fold_r06] 25,1.007211,0.995892,1.029620
[fold_r06] 50,1.145300,0.995687,1.029406
[fold_r06] 75,1.483863,0.995514,1.029223
[fold_r06] 100,1.758265,0.995327,1.028986
[fold_r06] 125,0.597045,0.995143,1.028779
[fold_r06] 150,1.520402,0.994950,1.028542
[fold_r06] 175,0.506724,0.994769,1.028330
[fold_r06] 200,1.275335,0.994587,1.028129
[fold_r06] 225,0.795388,0.994392,1.027901
[fold_r06] 250,1.307740,0.994175,1.027664
[fold_r06] 275,0.522609,0.993945,1.027385
[fold_r06] 300,1.816296,0.993744,1.027127
[fold_r06] 325,0.844438,0.993519,1.026869
[fold_r06] 350,1.104367,0.993263,1.026623

Cross-validation summary (6-fold leave-one-realization-out)
Mean train RMSE norm      : 0.993308
Mean validation RMSE norm : 0.993319
Median best epoch         : 350
Best-so-far checkpoint    : kept previous
Training-curve plot       : plots/cross_validation_curves.png
