[fold_r05] 0,0.448525,0.996189,0.980105
[fold_r05] 1,1.682199,0.996174,0.980086
[fold_r05] 25,1.528367,0.995931,0.979845
[fold_r05] 50,1.156822,0.995660,0.979581
[fold_r05] 75,0.374499,0.995421,0.979390
[fold_r04] 0,0.901735,0.996248,0.977823
[fold_r04] 1,0.719537,0.996231,0.977813
[fold_r04] 25,1.567165,0.995932,0.977608
[fold_r04] 50,0.558452,0.995703,0.977408
[fold_r04] 75,0.668384,0.995468,0.977203
[fold_r06] 0,0.837726,0.996092,1.029882
[fold_r06] 1,0.746508,0.996084,1.029866
[fold_r06] 25,1.266059,0.995831,1.029578
[fold_r06] 50,1.030716,0.995608,1.029306
[fold_r06] 75,0.482882,0.995370,1.029035
[fold_r01] 0,0.871948,0.996194,1.001301
[fold_r01] 1,1.312172,0.996176,1.001293
[fold_r01] 25,0.626649,0.995926,1.001043
[fold_r01] 50,1.095515,0.995643,1.000852
[fold_r01] 75,1.002794,0.995412,1.000621
[fold_r02] 0,1.095468,0.996063,1.000517
[fold_r02] 1,1.452910,0.996047,1.000502
[fold_r02] 25,1.035020,0.995792,1.000260
[fold_r02] 50,1.284998,0.995571,1.000057
[fold_r02] 75,1.355809,0.995324,0.999821
[fold_r03] 0,1.529624,0.996118,0.987178
[fold_r03] 1,1.309595,0.996105,0.987150
[fold_r03] 25,0.690449,0.995854,0.986913
[fold_r03] 50,0.291682,0.995637,0.986702
[fold_r03] 75,0.934652,0.995435,0.986470

Cross-validation summary (6-fold leave-one-realization-out)
Mean train RMSE norm      : 0.995405
Mean validation RMSE norm : 0.995423
Median best epoch         : 75
Best-so-far checkpoint    : kept previous
Training-curve plot       : plots/cross_validation_curves.png
