[fold_r01] 0,2.025741,1.253403,1.259241
[fold_r01] 1,2.561643,1.247420,1.253276
[fold_r01] 25,0.939723,1.124422,1.130600
[fold_r01] 50,0.966041,1.077208,1.083152
[fold_r01] 75,0.809704,1.026230,1.031762
[fold_r01] 100,0.720240,0.966866,0.971028
[fold_r01] 125,0.945946,0.927498,0.931331
[fold_r01] 150,0.802572,0.901951,0.907001
[fold_r01] 175,0.638378,0.842385,0.843995
[fold_r01] 200,0.576180,0.766692,0.764540
[fold_r01] 225,0.420942,0.767012,0.762033
[fold_r01] 250,0.687020,0.748888,0.756296
[fold_r01] 275,0.581202,0.743769,0.740624
[fold_r01] 300,0.669668,0.727699,0.730617
[fold_r01] 325,0.845451,0.728023,0.730351
[fold_r01] 350,0.490916,0.721796,0.720029
[fold_r01] 375,0.404052,0.693267,0.692376
[fold_r01] 400,0.812894,0.761494,0.759847
[fold_r01] 425,0.774280,0.690272,0.690033
[fold_r01] 450,0.655558,0.683022,0.681264
[fold_r01] 475,0.436816,0.712523,0.716300
[fold_r01] 500,0.530745,0.678347,0.678123
[fold_r01] 525,0.383799,0.675925,0.676549
[fold_r01] 550,0.306985,0.666211,0.664577
[fold_r01] 575,0.451604,0.663447,0.662902
[fold_r01] 600,0.599054,0.656923,0.655043
[fold_r01] 625,0.547705,0.678591,0.683189
[fold_r01] 650,0.396275,0.640944,0.640725
[fold_r01] 675,0.376919,0.640232,0.640574
[fold_r01] 700,0.400452,0.634587,0.633331
[fold_r01] 725,0.247648,0.648117,0.647516
[fold_r01] 750,0.412124,0.628575,0.626390
[fold_r01] 775,0.388051,0.620641,0.618989
[fold_r01] 800,0.214836,0.612115,0.610351
[fold_r01] 825,0.232360,0.628217,0.626589
[fold_r01] 850,0.273654,0.604674,0.602869
[fold_r01] 875,0.596613,0.670594,0.671553
[fold_r01] 900,0.476563,0.617664,0.619043
[fold_r01] 925,0.337403,0.613086,0.612684
[fold_r01] 950,0.214819,0.576853,0.578214
[fold_r01] 975,0.240841,0.566601,0.567298
[fold_r01] 1000,0.286436,0.560054,0.562436
[fold_r01] 1025,0.246585,0.537738,0.541209
[fold_r01] 1050,0.132771,0.527438,0.528962
[fold_r01] 1075,0.187942,0.516527,0.519196
[fold_r01] 1100,0.168517,0.524896,0.528529
[fold_r02] 0,1.448567,1.254168,1.254471
[fold_r02] 1,1.981098,1.248166,1.248489
[fold_r02] 25,1.930698,1.124366,1.125245
[fold_r02] 50,0.455119,1.075153,1.076833
[fold_r02] 75,1.484040,1.026004,1.028655
[fold_r02] 100,1.515226,0.966375,0.970458
[fold_r02] 125,0.734265,0.927193,0.930092
[fold_r02] 150,0.780991,0.853904,0.857279
[fold_r02] 175,0.752680,0.856022,0.862507
[fold_r02] 200,0.748614,0.819061,0.820594
[fold_r02] 225,0.742984,0.832139,0.842366
[fold_r02] 250,0.768730,0.744838,0.748008
[fold_r02] 275,0.696306,0.735802,0.737034
[fold_r02] 300,0.642306,0.715362,0.715237
[fold_r02] 325,0.579344,0.769795,0.776044
[fold_r02] 350,0.595378,0.762888,0.768229
[fold_r02] 375,0.431454,0.698265,0.697600
[fold_r02] 400,0.350113,0.714516,0.710916
[fold_r02] 425,0.656221,0.700203,0.696223
[fold_r02] 450,0.353315,0.702787,0.696766
[fold_r02] 475,0.486821,0.701155,0.697626
[fold_r02] 500,0.201917,0.700875,0.695273
[fold_r02] 525,0.572724,0.701664,0.695738
[fold_r02] 550,0.375232,0.682526,0.676304
[fold_r02] 575,0.490591,0.696505,0.693179
[fold_r02] 600,0.252170,0.678097,0.674126
[fold_r02] 625,0.612982,0.678114,0.671427
[fold_r02] 650,0.341848,0.659155,0.653333
[fold_r02] 675,0.392651,0.657825,0.652346
[fold_r02] 700,0.394371,0.639908,0.634738
[fold_r02] 725,0.476232,0.648294,0.641650
[fold_r02] 750,0.385415,0.683504,0.689325
[fold_r02] 775,0.539660,0.638868,0.635736
[fold_r02] 800,0.511841,0.616026,0.613464
[fold_r02] 825,0.162070,0.601804,0.599107
[fold_r02] 850,0.261375,0.588264,0.587856
[fold_r02] 875,0.400950,0.578753,0.579676
[fold_r02] 900,0.426441,0.567915,0.566554
[fold_r02] 925,0.268260,0.551005,0.551150
[fold_r02] 950,0.259127,0.537558,0.536566
[fold_r02] 975,0.233156,0.528615,0.525898
[fold_r02] 1000,0.312725,0.538744,0.536165
[fold_r02] 1025,0.442238,0.519169,0.516221
[fold_r03] 0,1.859451,1.253450,1.247420
[fold_r03] 1,1.901241,1.247444,1.241374
[fold_r03] 25,0.869023,1.123542,1.116621
[fold_r03] 50,1.108325,1.076280,1.068835
[fold_r03] 75,1.067587,1.025900,1.018064
[fold_r03] 100,0.775025,0.971180,0.963623
[fold_r03] 125,0.619543,0.932383,0.925156
[fold_r03] 150,0.608709,0.870283,0.865636
[fold_r03] 175,0.573257,0.857439,0.853218
[fold_r03] 200,0.574109,0.826909,0.821390
[fold_r03] 225,0.810874,0.779531,0.778065
[fold_r03] 250,0.690697,0.750437,0.746156
[fold_r03] 275,0.428268,0.731339,0.734717
[fold_r03] 300,0.558679,0.742247,0.750000
[fold_r03] 325,0.703867,0.731226,0.740332
[fold_r03] 350,0.528819,0.709473,0.715537
[fold_r03] 375,0.579321,0.712659,0.720849
[fold_r03] 400,0.399750,0.697552,0.704073
[fold_r03] 425,0.417600,0.684782,0.693763
[fold_r03] 450,0.531500,0.705595,0.714660
[fold_r03] 475,0.267701,0.685418,0.694529
[fold_r03] 500,0.586170,0.676982,0.688176
[fold_r03] 525,0.832967,0.685373,0.690840
[fold_r03] 550,0.254968,0.685394,0.691958
[fold_r03] 575,0.629152,0.690791,0.703768
[fold_r03] 600,0.508735,0.653816,0.663960
[fold_r03] 625,0.612937,0.650794,0.662277
[fold_r03] 650,0.298952,0.643696,0.653421
[fold_r03] 675,0.442332,0.641652,0.650654
[fold_r03] 700,0.454976,0.646309,0.654333
[fold_r03] 725,0.144910,0.632579,0.642312
[fold_r03] 750,0.288356,0.626508,0.637438
[fold_r03] 775,0.455936,0.623791,0.632912
[fold_r03] 800,0.223099,0.619251,0.630857
[fold_r03] 825,0.370265,0.614134,0.623659
[fold_r03] 850,0.162294,0.614983,0.626512
[fold_r03] 875,0.392041,0.606415,0.614956
[fold_r03] 900,0.463497,0.606025,0.615287
[fold_r03] 925,0.327530,0.592655,0.602862
[fold_r03] 950,0.467854,0.589479,0.595054
[fold_r03] 975,0.489477,0.585275,0.590932
[fold_r03] 1000,0.332991,0.571687,0.578815
[fold_r03] 1025,0.342723,0.562014,0.568103
[fold_r06] 0,1.996397,1.252770,1.285037
[fold_r06] 1,0.842501,1.246788,1.279171
[fold_r06] 25,0.685657,1.122219,1.157235
[fold_r06] 50,1.653916,1.075042,1.110090
[fold_r06] 75,0.793696,1.022987,1.058034
[fold_r06] 100,1.339364,0.966079,1.001414
[fold_r06] 125,1.225800,0.918279,0.954324
[fold_r06] 150,1.057942,0.830592,0.861367
[fold_r06] 175,0.659338,0.829394,0.850840
[fold_r06] 200,0.425619,0.816811,0.844275
[fold_r06] 225,0.797322,0.750335,0.769952
[fold_r06] 250,0.277786,0.748749,0.766483
[fold_r06] 275,0.283220,0.732972,0.748615
[fold_r06] 300,0.493745,0.711946,0.728554
[fold_r06] 325,0.496514,0.723911,0.739671
[fold_r06] 350,0.575060,0.715870,0.731467
[fold_r06] 375,0.487057,0.712638,0.727219
[fold_r06] 400,0.357458,0.702351,0.716861
[fold_r06] 425,0.489915,0.710051,0.723724
[fold_r06] 450,0.674864,0.736839,0.749328
[fold_r06] 475,0.479799,0.704844,0.717415
[fold_r06] 500,0.264538,0.678589,0.691005
[fold_r06] 525,0.274632,0.669350,0.680928
[fold_r06] 550,0.432110,0.674539,0.686722
[fold_r06] 575,0.369278,0.663348,0.676592
[fold_r06] 600,0.264726,0.666135,0.679795
[fold_r06] 625,0.246876,0.655026,0.666766
[fold_r06] 650,0.207330,0.654432,0.665629
[fold_r06] 675,0.474971,0.657163,0.666993
[fold_r06] 700,0.328862,0.640930,0.651370
[fold_r06] 725,0.438995,0.642652,0.654458
[fold_r06] 750,0.381873,0.640076,0.653708
[fold_r06] 775,0.206406,0.632671,0.645455
[fold_r06] 800,0.383744,0.628968,0.639067
[fold_r06] 825,0.381893,0.635377,0.646182
[fold_r06] 850,0.510463,0.624253,0.635212
[fold_r06] 875,0.431057,0.620079,0.632734
[fold_r06] 900,0.357789,0.622761,0.636188
[fold_r06] 925,0.292562,0.613253,0.625287
[fold_r05] 0,2.021245,1.253508,1.241749
[fold_r05] 1,1.147096,1.247506,1.235674
[fold_r05] 25,1.175261,1.122801,1.108927
[fold_r05] 50,0.540892,1.075789,1.061001
[fold_r05] 75,0.567838,1.021268,1.005830
[fold_r05] 100,0.553069,0.965066,0.949747
[fold_r05] 125,1.068968,0.924316,0.910621
[fold_r05] 150,1.056641,0.843249,0.837978
[fold_r05] 175,0.526483,0.820582,0.818294
[fold_r05] 200,0.604373,0.765326,0.769351
[fold_r05] 225,0.332144,0.763183,0.768149
[fold_r05] 250,0.331736,0.734568,0.742052
[fold_r05] 275,0.847202,0.719640,0.721712
[fold_r05] 300,0.475747,0.738042,0.741323
[fold_r05] 325,0.542000,0.711577,0.719477
[fold_r05] 350,0.263613,0.706901,0.713139
[fold_r05] 375,0.475981,0.819159,0.825950
[fold_r05] 400,0.558391,0.695152,0.701364
[fold_r05] 425,0.509018,0.682629,0.692008
[fold_r05] 450,0.541506,0.694355,0.700224
[fold_r05] 475,0.382863,0.678799,0.688377
[fold_r05] 500,0.538906,0.676161,0.684601
[fold_r05] 525,0.468330,0.672814,0.682590
[fold_r05] 550,0.594319,0.668836,0.679302
[fold_r05] 575,0.512560,0.666958,0.676606
[fold_r05] 600,0.599859,0.659098,0.669027
[fold_r05] 625,0.400689,0.660973,0.668609
[fold_r05] 650,0.572339,0.670321,0.678264
[fold_r05] 675,0.246852,0.650895,0.658736
[fold_r05] 700,0.423346,0.638465,0.646820
[fold_r05] 725,0.274290,0.631491,0.639060
[fold_r05] 750,0.530390,0.661235,0.659827
[fold_r05] 775,0.272953,0.632628,0.638612
[fold_r05] 800,0.448262,0.624421,0.630327
[fold_r05] 825,0.625388,0.640134,0.645686
[fold_r05] 850,0.410211,0.615072,0.622121
[fold_r05] 875,0.455270,0.608195,0.615057
[fold_r05] 900,0.408879,0.623730,0.628936
[fold_r05] 925,0.468303,0.604776,0.609394
[fold_r05] 950,0.248351,0.596044,0.602133
[fold_r05] 975,0.297441,0.579705,0.585721
[fold_r05] 1000,0.303814,0.573344,0.577545
[fold_r05] 1025,0.522813,0.625450,0.623537
[fold_r05] 1050,0.299341,0.563989,0.567893
[fold_r05] 1075,0.314739,0.539261,0.542702
[fold_r05] 1100,0.461571,0.536818,0.541471
[fold_r05] 1125,0.110195,0.523356,0.527728
[fold_r05] 1150,0.302555,0.517701,0.521139
[fold_r04] 0,1.739459,1.254713,1.234157
[fold_r04] 1,1.537458,1.248696,1.228097
[fold_r04] 25,0.796120,1.124861,1.103526
[fold_r04] 50,0.886061,1.077616,1.057165
[fold_r04] 75,1.507425,1.027196,1.007367
[fold_r04] 100,0.550231,0.970390,0.949867
[fold_r04] 125,0.959585,0.931345,0.912274
[fold_r04] 150,0.482390,0.882161,0.863549
[fold_r04] 175,0.992236,0.972635,0.977590
[fold_r04] 200,1.033860,0.938574,0.932614
[fold_r04] 225,0.679138,0.804362,0.787838
[fold_r04] 250,0.888444,0.769173,0.752184
[fold_r04] 275,0.360732,0.747855,0.733294
[fold_r04] 300,0.749989,0.742723,0.726394
[fold_r04] 325,0.508139,0.721687,0.706940
[fold_r04] 350,0.500757,0.718764,0.702615
[fold_r04] 375,0.370502,0.721877,0.710242
[fold_r04] 400,0.870534,0.711437,0.696785
[fold_r04] 425,0.755084,0.719891,0.708879
[fold_r04] 450,0.483712,0.705212,0.690336
[fold_r04] 475,0.309104,0.740023,0.728995
[fold_r04] 500,0.269394,0.711478,0.700234
[fold_r04] 525,0.863742,0.957628,0.950512
[fold_r04] 550,0.452844,0.672589,0.659407
[fold_r04] 575,0.496745,0.673849,0.661014
[fold_r04] 600,0.332338,0.672389,0.658637
[fold_r04] 625,0.573344,0.662272,0.649566
[fold_r04] 650,0.726229,0.684107,0.668934
[fold_r04] 675,0.364096,0.673512,0.658874
[fold_r04] 700,0.770774,0.657720,0.644870
[fold_r04] 725,0.337494,0.662408,0.650060
[fold_r04] 750,0.451353,0.651761,0.639263
[fold_r04] 775,0.431124,0.650542,0.638762
[fold_r04] 800,0.698833,0.641872,0.630088
[fold_r04] 825,0.373344,0.637471,0.626033
[fold_r04] 850,0.327549,0.634053,0.622015
[fold_r04] 875,0.363926,0.644705,0.631977
[fold_r04] 900,0.318409,0.628549,0.616195
[fold_r04] 925,0.154623,0.628474,0.618789
[fold_r04] 950,0.343014,0.639069,0.630070
[fold_r04] 975,0.275251,0.630018,0.620845
[fold_r04] 1000,0.230577,0.617535,0.606761
[fold_r04] 1025,0.311476,0.615037,0.604352
[fold_r04] 1050,0.539851,0.611824,0.601108
[fold_r04] 1075,0.373064,0.613402,0.601597

Cross-validation summary (6-fold leave-one-realization-out)
Mean train RMSE norm      : 0.556748
Mean validation RMSE norm : 0.558509
Median best epoch         : 1037
Best-so-far checkpoint    : kept previous
Training-curve plot       : plots/cross_validation_curves.png
