[fold_r05] 0,1.005067,1.214534,1.204045
[fold_r05] 1,2.017673,1.204233,1.193641
[fold_r05] 25,1.370888,1.045378,1.032722
[fold_r05] 50,0.893926,0.873602,0.871008
[fold_r05] 75,1.109862,0.901973,0.899792
[fold_r05] 100,0.681153,0.867951,0.853683
[fold_r05] 125,0.798106,0.882306,0.875580
[fold_r05] 150,0.642908,0.816384,0.811294
[fold_r05] 175,0.963755,0.873838,0.859136
[fold_r05] 200,0.516167,0.865098,0.850148
[fold_r05] 225,0.948157,0.857505,0.839336
[fold_r05] 250,0.479108,0.819650,0.807892
[fold_r05] 275,0.946878,0.784706,0.776666
[fold_r05] 300,0.897110,0.826147,0.827327
[fold_r05] 325,0.878882,0.778745,0.765378
[fold_r05] 350,0.925099,0.818889,0.809678
[fold_r05] 375,0.669629,0.778537,0.772779
[fold_r05] 400,0.765490,0.782975,0.784039
[fold_r05] 425,0.324136,0.750921,0.739367
[fold_r05] 450,1.032637,0.749996,0.743292
[fold_r05] 475,0.343765,0.751647,0.749464
[fold_r05] 500,0.926033,0.741715,0.738925
[fold_r05] 525,0.830707,0.787707,0.782250
[fold_r05] 550,0.540814,0.751727,0.741131
[fold_r05] 575,0.603951,0.740418,0.735791
[fold_r05] 600,0.449554,0.741225,0.737690
[fold_r05] 625,0.852124,0.729209,0.729331
[fold_r05] 650,0.572669,0.762128,0.764983
[fold_r05] 675,0.502645,0.747771,0.739474
[fold_r05] 700,0.401339,0.720747,0.715496
[fold_r05] 725,0.787785,0.710889,0.707673
[fold_r05] 750,0.604529,0.706981,0.699998
[fold_r05] 775,0.482610,0.692523,0.683814
[fold_r05] 800,0.456773,0.674188,0.666997
[fold_r05] 825,0.351116,0.676515,0.668119
[fold_r05] 850,0.468781,0.663100,0.655473
[fold_r05] 875,0.372187,0.665982,0.665306
[fold_r05] 900,0.626583,0.705698,0.704266
[fold_r05] 925,0.460623,0.661310,0.658982
[fold_r05] 950,0.715644,0.650957,0.653883
[fold_r05] 975,0.416955,0.641439,0.636520
[fold_r05] 1000,0.487554,0.646049,0.639792
[fold_r05] 1025,0.276011,0.639558,0.639161
[fold_r05] 1050,0.251979,0.631740,0.629751
[fold_r05] 1075,0.246369,0.625362,0.626339
[fold_r05] 1100,0.539097,0.623495,0.626025
[fold_r05] 1125,0.225712,0.629368,0.631503
[fold_r03] 0,1.854897,1.214604,1.209304
[fold_r03] 1,0.661280,1.204768,1.199409
[fold_r03] 25,1.643781,1.039726,1.033494
[fold_r03] 50,1.014199,1.068060,1.069640
[fold_r03] 75,0.531499,0.863897,0.856342
[fold_r03] 100,0.690791,0.825712,0.818197
[fold_r03] 125,0.738734,0.818036,0.813599
[fold_r03] 150,0.911687,0.811660,0.802336
[fold_r03] 175,0.358570,0.789000,0.780834
[fold_r03] 200,0.846385,0.861046,0.851823
[fold_r03] 225,0.891924,0.849220,0.853264
[fold_r03] 250,0.532305,0.806991,0.798182
[fold_r03] 275,1.005319,0.791063,0.787693
[fold_r03] 300,0.753243,0.795549,0.804715
[fold_r03] 325,0.716162,0.764163,0.758239
[fold_r03] 350,0.639964,0.750574,0.737830
[fold_r03] 375,0.890600,0.774410,0.764391
[fold_r03] 400,0.460435,0.757922,0.751057
[fold_r03] 425,0.755884,0.797065,0.785338
[fold_r03] 450,0.364071,0.730551,0.719847
[fold_r03] 475,0.472901,0.735218,0.720904
[fold_r03] 500,0.621980,0.731244,0.723309
[fold_r03] 525,0.575570,0.716990,0.708678
[fold_r03] 550,0.760224,0.712936,0.699218
[fold_r03] 575,0.367479,0.694105,0.683739
[fold_r03] 600,0.432719,0.671385,0.659839
[fold_r03] 625,0.404540,0.760099,0.753170
[fold_r03] 650,0.408006,0.689517,0.682691
[fold_r03] 675,0.528534,0.699566,0.683800
[fold_r03] 700,0.462612,0.666631,0.656915
[fold_r03] 725,0.407938,0.658067,0.649170
[fold_r03] 750,0.309375,0.657680,0.638968
[fold_r03] 775,0.632879,0.676577,0.664346
[fold_r03] 800,0.366049,0.654318,0.633745
[fold_r03] 825,0.540002,0.653976,0.649280
[fold_r03] 850,0.539853,0.649594,0.631069
[fold_r03] 875,0.389276,0.643420,0.636465
[fold_r03] 900,0.293456,0.628369,0.624771
[fold_r03] 925,0.251585,0.630732,0.618960
[fold_r03] 950,0.220909,0.626757,0.619588
[fold_r03] 975,0.220893,0.624490,0.613799
[fold_r03] 1000,0.331113,0.627024,0.613730
[fold_r03] 1025,0.259461,0.624585,0.609623
[fold_r03] 1050,0.262247,0.630605,0.611578
[fold_r03] 1075,0.217362,0.615794,0.604876
[fold_r03] 1100,0.316325,0.626306,0.609752
[fold_r03] 1125,0.217328,0.613079,0.593934
[fold_r03] 1150,0.260963,0.614061,0.594580
[fold_r04] 0,1.721862,1.215396,1.197980
[fold_r04] 1,1.291965,1.205131,1.187633
[fold_r04] 25,1.138277,1.044836,1.025833
[fold_r04] 50,0.426172,0.922706,0.903582
[fold_r04] 75,0.771901,0.930404,0.913516
[fold_r04] 100,1.145365,0.944166,0.933411
[fold_r04] 125,1.208827,0.828143,0.806373
[fold_r04] 150,0.400783,0.822235,0.803503
[fold_r04] 175,0.737709,0.802513,0.786219
[fold_r04] 200,0.957512,0.802163,0.782721
[fold_r04] 225,1.106711,0.790146,0.766270
[fold_r04] 250,1.027735,0.808883,0.797641
[fold_r04] 275,0.968225,0.865883,0.848287
[fold_r04] 300,0.340723,0.762433,0.746740
[fold_r04] 325,0.527591,0.774145,0.755596
[fold_r04] 350,0.698559,0.765043,0.738936
[fold_r04] 375,0.423146,0.743982,0.727618
[fold_r04] 400,0.908169,0.803903,0.780205
[fold_r04] 425,0.786445,0.748421,0.729219
[fold_r04] 450,0.631039,0.718744,0.703911
[fold_r04] 475,0.286742,0.708813,0.689504
[fold_r04] 500,0.847521,0.812535,0.795561
[fold_r04] 525,0.364932,0.775034,0.753458
[fold_r04] 550,0.313543,0.723607,0.709163
[fold_r04] 575,0.841762,0.913046,0.896984
[fold_r04] 600,0.655976,0.705402,0.686349
[fold_r04] 625,0.283582,0.694579,0.674430
[fold_r04] 650,0.906992,0.677520,0.656112
[fold_r04] 675,0.520773,0.655120,0.642160
[fold_r04] 700,0.620643,0.641964,0.625195
[fold_r04] 725,0.177482,0.627983,0.609196
[fold_r04] 750,0.556117,0.610559,0.595863
[fold_r04] 775,0.152143,0.597907,0.580454
[fold_r04] 800,0.089981,0.562306,0.548461
[fold_r04] 825,0.113395,0.541771,0.527976
[fold_r04] 850,0.279577,0.523060,0.511094
[fold_r04] 875,0.419226,0.524308,0.511755
[fold_r04] 900,0.254600,0.500937,0.492059
[fold_r04] 925,0.175460,0.494161,0.485146
[fold_r04] 950,0.129361,0.512756,0.501246
[fold_r04] 975,0.406725,0.491695,0.484015
[fold_r04] 1000,0.199155,0.460757,0.456488
[fold_r04] 1025,0.163356,0.472588,0.466614
[fold_r04] 1050,0.308752,0.493711,0.495768
[fold_r04] 1075,0.046687,0.460184,0.454528
[fold_r04] 1100,0.307913,0.461525,0.457737
[fold_r04] 1125,0.220695,0.441493,0.439908
[fold_r04] 1150,0.245066,0.456100,0.452185
[fold_r04] 1175,0.221128,0.434398,0.433205
[fold_r06] 0,2.799708,1.215029,1.242961
[fold_r06] 1,1.405720,1.204732,1.232844
[fold_r06] 25,1.482943,1.040174,1.071980
[fold_r06] 50,1.301312,1.057209,1.088515
[fold_r06] 75,0.670003,0.867227,0.902636
[fold_r06] 100,0.876497,0.855194,0.891312
[fold_r06] 125,0.806468,0.830973,0.865302
[fold_r06] 150,0.608998,0.799622,0.829749
[fold_r06] 175,0.926322,0.858807,0.889865
[fold_r06] 200,0.623244,0.823491,0.841294
[fold_r06] 225,0.640649,0.787029,0.823736
[fold_r06] 250,0.730413,0.784424,0.818343
[fold_r06] 275,0.571456,0.808873,0.814772
[fold_r06] 300,0.567216,0.792021,0.827486
[fold_r06] 325,0.391025,0.791054,0.821791
[fold_r06] 350,0.254083,0.740879,0.770557
[fold_r06] 375,0.657209,0.778590,0.811891
[fold_r06] 400,0.690775,0.734123,0.765471
[fold_r06] 425,0.469191,0.708031,0.734366
[fold_r06] 450,0.665705,0.821945,0.818706
[fold_r06] 475,0.704009,0.765410,0.795135
[fold_r06] 500,0.565431,0.657627,0.693417
[fold_r06] 525,0.514368,0.744990,0.772014
[fold_r06] 550,0.499617,0.726353,0.755274
[fold_r06] 575,0.232974,0.686952,0.716666
[fold_r06] 600,0.568830,0.671128,0.701104
[fold_r06] 625,0.660254,0.648727,0.676767
[fold_r06] 650,0.644182,0.653380,0.679689
[fold_r06] 675,0.173377,0.642405,0.664428
[fold_r06] 700,0.206736,0.582371,0.603601
[fold_r06] 725,0.206042,0.574030,0.596944
[fold_r06] 750,0.170802,0.543525,0.562294
[fold_r06] 775,0.162055,0.534143,0.555792
[fold_r06] 800,0.432624,0.534689,0.552184
[fold_r06] 825,0.176010,0.512775,0.533387
[fold_r06] 850,0.130425,0.511986,0.532696
[fold_r06] 875,0.355692,0.546610,0.567675
[fold_r06] 900,0.208769,0.493941,0.513441
[fold_r06] 925,0.163274,0.501245,0.518877
[fold_r06] 950,0.098553,0.479704,0.500853
[fold_r06] 975,0.173701,0.467595,0.488361
[fold_r06] 1000,0.307973,0.482043,0.500150
[fold_r06] 1025,0.150647,0.498214,0.510867
[fold_r06] 1050,0.490790,0.639639,0.657516
[fold_r06] 1075,0.413177,0.443619,0.463614
[fold_r06] 1100,0.258023,0.450884,0.471504
[fold_r06] 1125,0.112151,0.438032,0.457728
[fold_r06] 1150,0.197846,0.440574,0.459817
[fold_r06] 1175,0.191993,0.442536,0.462915
[fold_r02] 0,1.507279,1.215182,1.217256
[fold_r02] 1,2.435264,1.204911,1.207078
[fold_r02] 25,1.837218,1.042289,1.045975
[fold_r02] 50,1.190159,0.918286,0.921017
[fold_r02] 75,0.729007,0.839330,0.842109
[fold_r02] 100,0.745040,1.026649,1.027739
[fold_r02] 125,1.076797,0.840328,0.843001
[fold_r02] 150,0.666377,0.826225,0.823711
[fold_r02] 175,1.116201,0.868185,0.871217
[fold_r02] 200,0.767373,0.801558,0.804578
[fold_r02] 225,0.453894,0.814570,0.821788
[fold_r02] 250,1.215513,1.107998,1.109399
[fold_r02] 275,0.906063,0.803117,0.803748
[fold_r02] 300,0.394889,0.795672,0.798431
[fold_r02] 325,0.561195,0.889231,0.894394
[fold_r02] 350,0.813541,0.764906,0.764735
[fold_r02] 375,0.647643,0.755622,0.754168
[fold_r02] 400,0.475825,0.774132,0.791418
[fold_r02] 425,0.491663,0.760295,0.764721
[fold_r02] 450,0.453117,0.728323,0.732844
[fold_r02] 475,0.502342,0.775588,0.772681
[fold_r02] 500,0.990949,0.773620,0.776728
[fold_r02] 525,0.320429,0.682881,0.689286
[fold_r02] 550,0.683936,0.701865,0.701902
[fold_r02] 575,0.751973,0.754522,0.756785
[fold_r02] 600,0.913257,0.916158,0.918062
[fold_r02] 625,0.420849,0.743125,0.737811
[fold_r02] 650,0.672204,0.696466,0.699492
[fold_r02] 675,0.278640,0.674851,0.678408
[fold_r02] 700,0.411670,0.694889,0.693096
[fold_r02] 725,0.388088,0.698633,0.699541
[fold_r02] 750,0.744077,0.668465,0.675226
[fold_r02] 775,0.268046,0.628524,0.628370
[fold_r02] 800,0.568332,0.613212,0.619602
[fold_r02] 825,0.481447,0.602440,0.607189
[fold_r02] 850,0.196842,0.620385,0.622546
[fold_r02] 875,0.327063,0.602266,0.602021
[fold_r02] 900,0.665306,0.589470,0.591217
[fold_r02] 925,0.401162,0.643198,0.645706
[fold_r02] 950,0.423483,0.665913,0.667743
[fold_r02] 975,0.306284,0.644284,0.648738
[fold_r02] 1000,0.372671,0.653347,0.659818
[fold_r02] 1025,0.273305,0.624848,0.628300
[fold_r02] 1050,0.183938,0.617734,0.621335
[fold_r02] 1075,0.181665,0.616238,0.615260
[fold_r02] 1100,0.234842,0.614065,0.615152
[fold_r02] 1125,0.219307,0.607497,0.608214
[fold_r02] 1150,0.130980,0.604048,0.607583
[fold_r02] 1175,0.382494,0.604021,0.606767
[fold_r01] 0,0.833214,1.215201,1.218532
[fold_r01] 1,2.230306,1.204940,1.208244
[fold_r01] 25,1.339356,1.040299,1.043257
[fold_r01] 50,0.590350,0.909525,0.901351
[fold_r01] 75,1.226737,0.861930,0.868747
[fold_r01] 100,0.993796,0.850473,0.844942
[fold_r01] 125,0.612289,0.835326,0.840666
[fold_r01] 150,0.685428,0.836179,0.837491
[fold_r01] 175,0.929913,0.786502,0.792021
[fold_r01] 200,0.497923,0.797370,0.807021
[fold_r01] 225,0.505274,0.819134,0.827603
[fold_r01] 250,0.950805,0.750483,0.756394
[fold_r01] 275,0.804922,0.741041,0.742225
[fold_r01] 300,0.804103,0.741635,0.747020
[fold_r01] 325,1.196892,0.754718,0.760907
[fold_r01] 350,0.874456,0.747857,0.754333
[fold_r01] 375,0.375201,0.705328,0.716101
[fold_r01] 400,0.555564,0.789102,0.792332
[fold_r01] 425,0.557726,0.818399,0.818431
[fold_r01] 450,0.631777,0.739777,0.740272
[fold_r01] 475,0.453176,0.707313,0.708210
[fold_r01] 500,0.535875,0.681178,0.686200
[fold_r01] 525,0.608673,0.659845,0.665373
[fold_r01] 550,0.380442,0.640001,0.643947
[fold_r01] 575,0.368756,0.635780,0.639301
[fold_r01] 600,0.567415,0.665029,0.669473
[fold_r01] 625,0.541614,0.628673,0.629901
[fold_r01] 650,0.326216,0.621929,0.624300
[fold_r01] 675,0.311643,0.618863,0.625097
[fold_r01] 700,0.293329,0.610395,0.612518
[fold_r01] 725,0.368364,0.609569,0.618726
[fold_r01] 750,0.479388,0.642379,0.643082
[fold_r01] 775,0.218236,0.606647,0.607729
[fold_r01] 800,0.454934,0.623502,0.626024
[fold_r01] 825,0.343283,0.590443,0.592612
[fold_r01] 850,0.528803,0.572405,0.570921
[fold_r01] 875,0.284357,0.613685,0.609450
[fold_r01] 900,0.150486,0.549803,0.550022
[fold_r01] 925,0.211764,0.540018,0.539352
[fold_r01] 950,0.132555,0.551573,0.548126
[fold_r01] 975,0.353222,0.538720,0.536528
[fold_r01] 1000,0.485028,0.526923,0.527242
[fold_r01] 1025,0.163665,0.522650,0.523222
[fold_r01] 1050,0.380346,0.506522,0.506425
[fold_r01] 1075,0.125105,0.506608,0.505865
[fold_r01] 1100,0.190784,0.493207,0.493229

Cross-validation summary (6-fold leave-one-realization-out)
Mean train RMSE norm      : 0.531947
Mean validation RMSE norm : 0.532556
Median best epoch         : 1112
Best-so-far checkpoint    : kept previous
Training-curve plot       : plots/cross_validation_curves.png
