[fold_r05] 0,1.824974,1.253508,1.241749
[fold_r05] 1,2.053561,1.235912,1.223936
[fold_r05] 25,0.990160,1.045617,1.030237
[fold_r05] 50,0.835287,0.952869,0.936720
[fold_r05] 75,0.244531,0.904722,0.895862
[fold_r05] 100,0.789971,0.905190,0.893651
[fold_r05] 125,0.682807,0.831497,0.826652
[fold_r05] 150,0.862249,0.941550,0.941765
[fold_r05] 175,0.964360,0.837947,0.843768
[fold_r05] 200,0.696477,0.851837,0.856479
[fold_r05] 225,0.426405,0.697990,0.705959
[fold_r05] 250,0.317036,0.681412,0.690871
[fold_r05] 275,0.200064,0.683251,0.689431
[fold_r05] 300,0.231639,0.677415,0.683358
[fold_r05] 325,0.350555,0.674419,0.681755
[fold_r05] 350,0.456353,0.683810,0.685049
[fold_r05] 375,0.446700,0.665056,0.667401
[fold_r05] 400,0.079480,0.616699,0.621106
[fold_r05] 425,0.335641,0.625461,0.626011
[fold_r05] 450,0.343806,0.578149,0.582562
[fold_r05] 475,0.293313,0.566857,0.565606
[fold_r05] 500,0.529235,0.543367,0.543453
[fold_r05] 525,0.165330,0.540985,0.545055
[fold_r05] 550,0.387948,0.530225,0.535536
[fold_r05] 575,0.341429,0.526390,0.531010
[fold_r05] 600,0.309142,0.527519,0.527270
[fold_r05] 625,0.199782,0.501689,0.505543
[fold_r05] 650,0.332783,0.506401,0.509325
[fold_r05] 675,0.291429,0.499323,0.503571
[fold_r05] 700,0.323880,0.536650,0.534372
[fold_r05] 725,0.484799,0.498048,0.500422
[fold_r05] 750,0.057623,0.501310,0.504718
[fold_r05] 775,0.239332,0.503178,0.506278
[fold_r05] 800,0.373020,0.542191,0.539817
[fold_r05] 825,0.383378,0.484766,0.488326
[fold_r05] 850,0.200618,0.490007,0.491671
[fold_r05] 875,0.275898,0.481495,0.484649
[fold_r05] 900,0.221101,0.483686,0.485360
[fold_r05] 925,0.189487,0.478466,0.482042
[fold_r05] 950,0.200147,0.473713,0.477469
[fold_r05] 975,0.346866,0.484908,0.485722
[fold_r05] 1000,0.298178,0.473046,0.475626
[fold_r05] 1025,0.146845,0.474697,0.479305
[fold_r05] 1050,0.080449,0.468974,0.472372
[fold_r05] 1075,0.153111,0.467538,0.471255
[fold_r05] 1100,0.116372,0.465809,0.469373
[fold_r05] 1125,0.299852,0.471715,0.475239
[fold_r05] 1150,0.098979,0.465670,0.469863
[fold_r05] 1175,0.267425,0.474776,0.479332
[fold_r05] 1200,0.200589,0.462360,0.466386
[fold_r05] 1225,0.335292,0.463083,0.466014
[fold_r05] 1250,0.201024,0.463319,0.466114
[fold_r05] 1275,0.111385,0.462372,0.465386
[fold_r05] 1300,0.231678,0.461008,0.463962
[fold_r05] 1325,0.133881,0.460015,0.462559
[fold_r05] 1350,0.252971,0.463631,0.466815
[fold_r05] 1375,0.281443,0.459439,0.462151
[fold_r05] 1400,0.162112,0.458684,0.461244
[fold_r05] 1425,0.199868,0.458853,0.461532
[fold_r05] 1450,0.072954,0.463450,0.466342
[fold_r05] 1475,0.086317,0.457473,0.460586
[fold_r05] 1500,0.137128,0.459409,0.462648
[fold_r05] 1525,0.103909,0.459380,0.461634
[fold_r05] 1550,0.228985,0.456572,0.459472
[fold_r05] 1575,0.306174,0.462882,0.464448
[fold_r05] 1600,0.256159,0.456541,0.459906
[fold_r05] 1625,0.130865,0.458343,0.462037
[fold_r05] 1650,0.314392,0.455688,0.458915
[fold_r05] 1675,0.267125,0.455133,0.458108
[fold_r05] 1700,0.192357,0.455571,0.458280
[fold_r05] 1725,0.267638,0.455154,0.458545
[fold_r05] 1750,0.052905,0.455374,0.458104
[fold_r05] 1775,0.140414,0.454287,0.457393
[fold_r05] 1800,0.187570,0.454084,0.457258
[fold_r05] 1825,0.318985,0.453988,0.457016
[fold_r06] 0,1.352405,1.252770,1.285037
[fold_r06] 1,0.717010,1.235203,1.267817
[fold_r06] 25,1.170134,1.044190,1.079069
[fold_r06] 50,0.516114,0.954163,0.989114
[fold_r06] 75,1.372469,1.005685,1.034941
[fold_r06] 100,1.455980,0.921704,0.957484
[fold_r06] 125,0.939788,0.905113,0.932986
[fold_r06] 150,0.528943,0.823483,0.852675
[fold_r06] 175,1.138578,0.917755,0.940559
[fold_r06] 200,0.715056,0.753015,0.771184
[fold_r06] 225,0.767849,0.735505,0.758523
[fold_r06] 250,0.216586,0.705070,0.727840
[fold_r06] 275,0.579260,0.721102,0.734857
[fold_r06] 300,0.367647,0.656428,0.671969
[fold_r06] 325,0.488036,0.608639,0.621941
[fold_r06] 350,0.219528,0.574439,0.587696
[fold_r06] 375,0.321542,0.614789,0.631612
[fold_r06] 400,0.393772,0.567927,0.579732
[fold_r06] 425,0.264885,0.661468,0.681381
[fold_r06] 450,0.446025,0.660215,0.672039
[fold_r06] 475,0.467168,0.638129,0.658495
[fold_r06] 500,0.367821,0.610695,0.618611
[fold_r06] 525,0.399518,0.602837,0.611930
[fold_r06] 550,0.478191,0.588602,0.596199
[fold_r06] 575,0.234560,0.565696,0.574638
[fold_r06] 600,0.230847,0.513604,0.524621
[fold_r06] 625,0.417822,0.503043,0.511895
[fold_r06] 650,0.134478,0.506411,0.514531
[fold_r06] 675,0.091365,0.511070,0.516820
[fold_r06] 700,0.309592,0.493401,0.499702
[fold_r06] 725,0.357561,0.490479,0.496090
[fold_r06] 750,0.193635,0.485392,0.491529
[fold_r06] 775,0.183143,0.481272,0.486677
[fold_r06] 800,0.147667,0.482446,0.486725
[fold_r06] 825,0.195058,0.486575,0.491748
[fold_r06] 850,0.183701,0.481834,0.487150
[fold_r06] 875,0.129246,0.475882,0.480958
[fold_r06] 900,0.191448,0.473909,0.478290
[fold_r06] 925,0.186463,0.472963,0.477399
[fold_r06] 950,0.346090,0.471672,0.475951
[fold_r06] 975,0.071023,0.472907,0.477310
[fold_r06] 1000,0.271333,0.470155,0.473670
[fold_r06] 1025,0.151456,0.470282,0.474348
[fold_r06] 1050,0.442094,0.470016,0.473449
[fold_r06] 1075,0.218638,0.469354,0.472726
[fold_r06] 1100,0.363868,0.471583,0.474860
[fold_r06] 1125,0.173337,0.468996,0.471105
[fold_r06] 1150,0.304745,0.467636,0.469678
[fold_r06] 1175,0.162752,0.466411,0.468888
[fold_r06] 1200,0.428229,0.465812,0.468831
[fold_r06] 1225,0.304499,0.467102,0.469888
[fold_r06] 1250,0.214793,0.464035,0.466592
[fold_r06] 1275,0.323404,0.466605,0.468393
[fold_r06] 1300,0.096104,0.470040,0.473343
[fold_r06] 1325,0.151722,0.463345,0.465444
[fold_r06] 1350,0.386366,0.463452,0.465629
[fold_r06] 1375,0.262950,0.463255,0.465602
[fold_r06] 1400,0.316444,0.462541,0.464790
[fold_r06] 1425,0.345015,0.461864,0.463308
[fold_r06] 1450,0.389688,0.461272,0.462903
[fold_r06] 1475,0.151016,0.462507,0.464009
[fold_r06] 1500,0.219087,0.461336,0.462488
[fold_r06] 1525,0.165053,0.463128,0.465248
[fold_r06] 1550,0.340653,0.462894,0.464552
[fold_r06] 1575,0.358472,0.459950,0.461585
[fold_r06] 1600,0.151457,0.460294,0.461416
[fold_r06] 1625,0.148408,0.461573,0.464362
[fold_r06] 1650,0.373821,0.460083,0.460897
[fold_r06] 1675,0.057004,0.459484,0.460755
[fold_r06] 1700,0.211659,0.458699,0.459959
[fold_r06] 1725,0.108303,0.458771,0.459544
[fold_r06] 1750,0.131019,0.458811,0.459949
[fold_r06] 1775,0.403435,0.457894,0.458652
[fold_r06] 1800,0.236282,0.457683,0.458361
[fold_r06] 1825,0.238874,0.457459,0.458239
[fold_r06] 1850,0.243007,0.458749,0.459848
[fold_r06] 1875,0.142346,0.458004,0.458307
[fold_r06] 1900,0.080671,0.457150,0.457748
[fold_r06] 1925,0.413365,0.457311,0.457961
[fold_r06] 1950,0.324044,0.457836,0.458275
[fold_r06] 1975,0.119240,0.456595,0.457304
[fold_r06] 2000,0.258770,0.458442,0.459061
[fold_r06] 2025,0.141694,0.456280,0.457124
[fold_r06] 2050,0.209022,0.457199,0.458116
[fold_r03] 0,1.002924,1.253450,1.247420
[fold_r03] 1,2.604255,1.235890,1.229743
[fold_r03] 25,1.782182,1.048179,1.040362
[fold_r03] 50,1.319336,0.961621,0.954616
[fold_r03] 75,1.555939,0.939183,0.930180
[fold_r03] 100,0.763459,0.824300,0.819360
[fold_r03] 125,0.692446,0.766243,0.762895
[fold_r03] 150,0.551061,0.813077,0.808621
[fold_r03] 175,0.752369,0.777005,0.776349
[fold_r03] 200,1.036787,0.736026,0.735945
[fold_r03] 225,0.679871,0.712256,0.713274
[fold_r03] 250,0.474318,0.706776,0.710906
[fold_r03] 275,0.134992,0.681659,0.685886
[fold_r03] 300,0.691311,0.701619,0.711529
[fold_r03] 325,0.455293,0.655977,0.663765
[fold_r03] 350,0.377551,0.641107,0.650475
[fold_r03] 375,0.627228,0.705551,0.709810
[fold_r03] 400,0.404197,0.657660,0.669831
[fold_r03] 425,0.445685,0.653580,0.658888
[fold_r03] 450,0.154970,0.574068,0.579425
[fold_r03] 475,0.409685,0.547693,0.551548
[fold_r03] 500,0.451570,0.536057,0.537092
[fold_r03] 525,0.158033,0.525986,0.531684
[fold_r03] 550,0.082618,0.517164,0.521994
[fold_r03] 575,0.270500,0.519823,0.523691
[fold_r03] 600,0.231829,0.507311,0.510893
[fold_r03] 625,0.203881,0.495889,0.502040
[fold_r03] 650,0.410699,0.505016,0.510275
[fold_r03] 675,0.176181,0.519805,0.524034
[fold_r03] 700,0.271252,0.502456,0.509158
[fold_r03] 725,0.443445,0.495021,0.502109
[fold_r03] 750,0.304768,0.480053,0.486958
[fold_r03] 775,0.081512,0.478497,0.484807
[fold_r03] 800,0.318995,0.499359,0.506552
[fold_r03] 825,0.286694,0.474183,0.481263
[fold_r03] 850,0.211188,0.474554,0.481095
[fold_r03] 875,0.168896,0.470274,0.478546
[fold_r03] 900,0.060988,0.474598,0.481232
[fold_r03] 925,0.281231,0.476565,0.485584
[fold_r03] 950,0.307623,0.472949,0.481120
[fold_r03] 975,0.229856,0.466128,0.474022
[fold_r03] 1000,0.078023,0.466212,0.473687
[fold_r03] 1025,0.133382,0.463767,0.470543
[fold_r03] 1050,0.246310,0.463664,0.471370
[fold_r03] 1075,0.045199,0.468665,0.476278
[fold_r03] 1100,0.071472,0.461123,0.468266
[fold_r03] 1125,0.252667,0.461044,0.468578
[fold_r03] 1150,0.192374,0.460955,0.468026
[fold_r03] 1175,0.257019,0.461091,0.468894
[fold_r03] 1200,0.218773,0.459984,0.467405
[fold_r03] 1225,0.189712,0.460764,0.467647
[fold_r03] 1250,0.241903,0.460186,0.467554
[fold_r03] 1275,0.214230,0.459188,0.465860
[fold_r03] 1300,0.232033,0.459327,0.467083
[fold_r03] 1325,0.233609,0.458927,0.466257
[fold_r03] 1350,0.140790,0.458328,0.465181
[fold_r03] 1375,0.292741,0.462365,0.468411
[fold_r03] 1400,0.102749,0.457637,0.464480
[fold_r03] 1425,0.114719,0.456505,0.463899
[fold_r03] 1450,0.276699,0.457071,0.463598
[fold_r03] 1475,0.375432,0.455609,0.462593
[fold_r03] 1500,0.239103,0.455355,0.462034
[fold_r03] 1525,0.160697,0.459753,0.465352
[fold_r03] 1550,0.107999,0.457117,0.463379
[fold_r03] 1575,0.265381,0.456938,0.462737
[fold_r03] 1600,0.168121,0.454625,0.461755
[fold_r03] 1625,0.232842,0.454434,0.461234
[fold_r03] 1650,0.243675,0.454068,0.461052
[fold_r03] 1675,0.207075,0.453912,0.460805
[fold_r03] 1700,0.204742,0.454097,0.460712
[fold_r03] 1725,0.266749,0.453427,0.460577
[fold_r03] 1750,0.327252,0.453461,0.460564
[fold_r03] 1775,0.239229,0.454554,0.461927
[fold_r03] 1800,0.236460,0.454664,0.461175
[fold_r03] 1825,0.176645,0.453177,0.459915
[fold_r03] 1850,0.105461,0.452822,0.459979
[fold_r03] 1875,0.307357,0.452813,0.459690
[fold_r03] 1900,0.135629,0.453280,0.459976
[fold_r03] 1925,0.160291,0.453103,0.460155
[fold_r04] 0,1.281514,1.254713,1.234157
[fold_r04] 1,1.946636,1.237061,1.216387
[fold_r04] 25,1.069376,1.045787,1.026120
[fold_r04] 50,1.448363,0.952064,0.933621
[fold_r04] 75,1.085571,0.916652,0.897749
[fold_r04] 100,0.894542,0.888625,0.870178
[fold_r04] 125,0.610512,0.837760,0.820888
[fold_r04] 150,0.610797,0.816676,0.812113
[fold_r04] 175,0.890200,0.782921,0.772750
[fold_r04] 200,0.548205,0.718354,0.705749
[fold_r04] 225,0.707074,0.722437,0.707564
[fold_r04] 250,0.544774,0.814353,0.807981
[fold_r04] 275,0.283913,0.697772,0.686492
[fold_r04] 300,0.367586,0.661574,0.651612
[fold_r04] 325,0.420698,0.663211,0.658183
[fold_r04] 350,0.291257,0.622522,0.615092
[fold_r04] 375,0.172591,0.629902,0.630437
[fold_r04] 400,0.304346,0.611611,0.614446
[fold_r04] 425,0.264124,0.611251,0.610006
[fold_r04] 450,0.193255,0.549974,0.552783
[fold_r04] 475,0.468750,0.667225,0.662478
[fold_r04] 500,0.377718,0.537325,0.539405
[fold_r04] 525,0.300578,0.520046,0.521950
[fold_r04] 550,0.283688,0.609926,0.613856
[fold_r04] 575,0.231287,0.527996,0.531179
[fold_r04] 600,0.138260,0.561766,0.561763
[fold_r04] 625,0.230330,0.516666,0.523578
[fold_r04] 650,0.303376,0.494107,0.498199
[fold_r04] 675,0.277373,0.478743,0.481367
[fold_r04] 700,0.323568,0.476377,0.478943
[fold_r04] 725,0.256302,0.479267,0.483665
[fold_r04] 750,0.230625,0.485297,0.489706
[fold_r04] 775,0.370553,0.486196,0.489480
[fold_r04] 800,0.161465,0.481320,0.482711
[fold_r04] 825,0.054974,0.484771,0.489213
[fold_r04] 850,0.194543,0.467750,0.470885
[fold_r04] 875,0.279805,0.466163,0.470579
[fold_r04] 900,0.163257,0.464475,0.468842
[fold_r04] 925,0.177579,0.474589,0.479080
[fold_r04] 950,0.078860,0.467599,0.472172
[fold_r04] 975,0.191801,0.462641,0.466807
[fold_r04] 1000,0.257925,0.462464,0.466583
[fold_r04] 1025,0.165283,0.462063,0.466578
[fold_r04] 1050,0.430904,0.460806,0.465564
[fold_r04] 1075,0.331304,0.461265,0.465477
[fold_r04] 1100,0.297836,0.460424,0.464713
[fold_r04] 1125,0.243243,0.459136,0.463735
[fold_r04] 1150,0.354042,0.457746,0.462690
[fold_r04] 1175,0.243468,0.463829,0.467754
[fold_r04] 1200,0.323727,0.457469,0.462100
[fold_r04] 1225,0.400031,0.458746,0.463715
[fold_r04] 1250,0.077876,0.458231,0.462828
[fold_r04] 1275,0.117583,0.462025,0.465584
[fold_r04] 1300,0.412164,0.455995,0.460547
[fold_r04] 1325,0.146390,0.455236,0.460171
[fold_r04] 1350,0.264864,0.454338,0.459518
[fold_r04] 1375,0.124866,0.454562,0.459558
[fold_r04] 1400,0.217917,0.454205,0.459561
[fold_r04] 1425,0.262856,0.455125,0.460011
[fold_r04] 1450,0.210150,0.453396,0.458592
[fold_r04] 1475,0.402477,0.452931,0.458125
[fold_r04] 1500,0.191278,0.453367,0.458566
[fold_r04] 1525,0.234767,0.452845,0.458396
[fold_r04] 1550,0.299982,0.452754,0.458053
[fold_r04] 1575,0.211147,0.452976,0.458236
[fold_r04] 1600,0.200433,0.452349,0.457698
[fold_r04] 1625,0.264918,0.452365,0.457796
[fold_r04] 1650,0.165082,0.453654,0.459320
[fold_r04] 1675,0.146459,0.452552,0.457796
[fold_r04] 1700,0.177595,0.451890,0.457501
[fold_r04] 1725,0.227141,0.451726,0.457243
[fold_r04] 1750,0.190048,0.451633,0.457177
[fold_r04] 1775,0.229384,0.451445,0.457014
[fold_r04] 1800,0.279030,0.451405,0.457052
[fold_r04] 1825,0.392653,0.451879,0.457427
[fold_r04] 1850,0.228633,0.451596,0.457312
[fold_r04] 1875,0.148529,0.451307,0.456957
[fold_r04] 1900,0.246055,0.451354,0.456875
[fold_r04] 1925,0.149691,0.451173,0.456787
[fold_r01] 0,1.596160,1.253403,1.259241
[fold_r01] 1,1.722027,1.235758,1.241655
[fold_r01] 25,0.295418,1.044356,1.050016
[fold_r01] 50,1.147369,0.953943,0.958309
[fold_r01] 75,0.839399,1.076249,1.080521
[fold_r01] 100,0.806033,0.922725,0.929676
[fold_r01] 125,1.007450,0.911370,0.915973
[fold_r01] 150,0.553141,0.861753,0.867968
[fold_r01] 175,0.834418,0.951797,0.957372
[fold_r01] 200,0.371501,0.793601,0.797162
[fold_r01] 225,0.452191,0.740797,0.738676
[fold_r01] 250,0.602325,0.780148,0.786083
[fold_r01] 275,0.712397,0.845588,0.833987
[fold_r01] 300,0.386887,0.662834,0.664852
[fold_r01] 325,0.276107,0.638065,0.645088
[fold_r01] 350,0.313883,0.603765,0.607686
[fold_r01] 375,0.119395,0.566883,0.580457
[fold_r01] 400,0.348883,0.568688,0.577234
[fold_r01] 425,0.311782,0.539339,0.548072
[fold_r01] 450,0.296496,0.536492,0.544252
[fold_r01] 475,0.164271,0.523880,0.530978
[fold_r01] 500,0.439950,0.546083,0.556311
[fold_r01] 525,0.396325,0.517184,0.524371
[fold_r01] 550,0.448734,0.499308,0.505321
[fold_r01] 575,0.278311,0.544285,0.553050
[fold_r01] 600,0.423974,0.511733,0.521297
[fold_r01] 625,0.246666,0.533472,0.543821
[fold_r01] 650,0.160887,0.485003,0.492028
[fold_r01] 675,0.322342,0.484141,0.491053
[fold_r01] 700,0.151346,0.472654,0.480247
[fold_r01] 725,0.289406,0.472067,0.479817
[fold_r01] 750,0.239487,0.478060,0.486128
[fold_r01] 775,0.149147,0.495326,0.502298
[fold_r01] 800,0.213944,0.466946,0.475026
[fold_r01] 825,0.335440,0.467316,0.474934
[fold_r01] 850,0.101588,0.471571,0.478125
[fold_r01] 875,0.292059,0.474063,0.479580
[fold_r01] 900,0.288092,0.467059,0.473265
[fold_r01] 925,0.251181,0.469996,0.476068
[fold_r01] 950,0.152481,0.463391,0.470386
[fold_r01] 975,0.269101,0.468770,0.474730
[fold_r01] 1000,0.226106,0.460464,0.466640
[fold_r01] 1025,0.236018,0.461033,0.466007
[fold_r01] 1050,0.120573,0.459864,0.466347
[fold_r01] 1075,0.329358,0.464147,0.469886
[fold_r01] 1100,0.398740,0.467924,0.472562
[fold_r01] 1125,0.064552,0.457271,0.461931
[fold_r01] 1150,0.224504,0.455123,0.461073
[fold_r01] 1175,0.134525,0.455297,0.460982
[fold_r01] 1200,0.322818,0.455311,0.461627
[fold_r01] 1225,0.090764,0.455992,0.461693
[fold_r01] 1250,0.164730,0.455917,0.460988
[fold_r01] 1275,0.196700,0.453688,0.458770
[fold_r01] 1300,0.174581,0.453353,0.458537
[fold_r01] 1325,0.389938,0.453353,0.458575
[fold_r01] 1350,0.100006,0.453449,0.459100
[fold_r01] 1375,0.159113,0.453117,0.458695
[fold_r01] 1400,0.044398,0.452967,0.457934
[fold_r01] 1425,0.160527,0.452464,0.457792
[fold_r01] 1450,0.179527,0.452572,0.457696
[fold_r01] 1475,0.204774,0.452220,0.457377
[fold_r01] 1500,0.181492,0.452492,0.457659
[fold_r01] 1525,0.125004,0.452465,0.457703
[fold_r01] 1550,0.044123,0.453392,0.458124
[fold_r01] 1575,0.274909,0.451992,0.457065
[fold_r01] 1600,0.208939,0.451889,0.457066
[fold_r01] 1625,0.127637,0.451968,0.457341
[fold_r01] 1650,0.203423,0.451820,0.456928
[fold_r01] 1675,0.203940,0.451751,0.456869
[fold_r01] 1700,0.386442,0.451717,0.456744
[fold_r01] 1725,0.146951,0.451806,0.456992
[fold_r01] 1750,0.159365,0.451666,0.456713
[fold_r02] 0,0.558319,1.254168,1.254471
[fold_r02] 1,1.972215,1.236563,1.236931
[fold_r02] 25,0.297934,1.049244,1.051534
[fold_r02] 50,1.647175,0.958264,0.962042
[fold_r02] 75,1.619252,0.914705,0.917764
[fold_r02] 100,0.910560,1.058546,1.064215
[fold_r02] 125,0.941393,0.866547,0.871803
[fold_r02] 150,0.975456,0.819119,0.820701
[fold_r02] 175,1.114769,0.745182,0.746934
[fold_r02] 200,0.504182,0.738402,0.738610
[fold_r02] 225,0.759816,0.781447,0.787069
[fold_r02] 250,0.284127,0.704786,0.704369
[fold_r02] 275,0.154135,0.673956,0.670077
[fold_r02] 300,0.539959,0.688872,0.687005
[fold_r02] 325,0.265028,0.614034,0.606344
[fold_r02] 350,0.192186,0.625766,0.618456
[fold_r02] 375,0.437928,0.643295,0.633961
[fold_r02] 400,0.473488,0.628907,0.629795
[fold_r02] 425,0.299286,0.552360,0.543916
[fold_r02] 450,0.300326,0.532686,0.526774
[fold_r02] 475,0.151126,0.545051,0.540739
[fold_r02] 500,0.562882,0.516725,0.512432
[fold_r02] 525,0.171392,0.513960,0.510327
[fold_r02] 550,0.455813,0.512478,0.508835
[fold_r02] 575,0.182451,0.501568,0.498546
[fold_r02] 600,0.394852,0.504889,0.501494
[fold_r02] 625,0.184151,0.491722,0.488628
[fold_r02] 650,0.168897,0.500427,0.498060
[fold_r02] 675,0.152804,0.525028,0.528667
[fold_r02] 700,0.293424,0.485736,0.482096
[fold_r02] 725,0.067880,0.505005,0.505074
[fold_r02] 750,0.231690,0.475474,0.471766
[fold_r02] 775,0.107571,0.480209,0.477218
[fold_r02] 800,0.170724,0.499892,0.498124
[fold_r02] 825,0.261621,0.494417,0.492627
[fold_r02] 850,0.256725,0.475117,0.471521
[fold_r02] 875,0.334089,0.470161,0.465978
[fold_r02] 900,0.110001,0.475667,0.471889
[fold_r02] 925,0.078452,0.474333,0.470406
[fold_r02] 950,0.079322,0.466844,0.462971
[fold_r02] 975,0.359138,0.467978,0.464155
[fold_r02] 1000,0.374497,0.464977,0.461039
[fold_r02] 1025,0.190142,0.464001,0.459908
[fold_r02] 1050,0.110150,0.464675,0.460820
[fold_r02] 1075,0.377841,0.464095,0.459405
[fold_r02] 1100,0.133760,0.467581,0.463692
[fold_r02] 1125,0.183158,0.466087,0.462087
[fold_r02] 1150,0.342689,0.463285,0.459053
[fold_r02] 1175,0.162259,0.467687,0.464021
[fold_r02] 1200,0.202314,0.460832,0.456309
[fold_r02] 1225,0.189243,0.461555,0.457375
[fold_r02] 1250,0.217532,0.460883,0.456151
[fold_r02] 1275,0.200699,0.463690,0.460034
[fold_r02] 1300,0.257382,0.463848,0.459287
[fold_r02] 1325,0.250557,0.461477,0.456614
[fold_r02] 1350,0.374844,0.457465,0.452787
[fold_r02] 1375,0.307850,0.460840,0.456276
[fold_r02] 1400,0.184580,0.457217,0.452410
[fold_r02] 1425,0.331921,0.456953,0.452237
[fold_r02] 1450,0.202685,0.456897,0.452061
[fold_r02] 1475,0.294529,0.456843,0.452110
[fold_r02] 1500,0.218924,0.457042,0.452415
[fold_r02] 1525,0.159146,0.456085,0.451520
[fold_r02] 1550,0.061068,0.457249,0.452749
[fold_r02] 1575,0.196143,0.456790,0.451882
[fold_r02] 1600,0.095499,0.455933,0.450776
[fold_r02] 1625,0.286168,0.456605,0.451937
[fold_r02] 1650,0.218483,0.455291,0.450302
[fold_r02] 1675,0.161216,0.454951,0.450177
[fold_r02] 1700,0.183013,0.457358,0.453178
[fold_r02] 1725,0.121971,0.457459,0.453074
[fold_r02] 1750,0.246003,0.454646,0.449533
[fold_r02] 1775,0.215078,0.456507,0.451065
[fold_r02] 1800,0.197660,0.456428,0.451579
[fold_r02] 1825,0.261082,0.454282,0.449287
[fold_r02] 1850,0.287956,0.453939,0.448352
[fold_r02] 1875,0.110321,0.454117,0.448859
[fold_r02] 1900,0.353040,0.454870,0.449424
[fold_r02] 1925,0.185212,0.454916,0.449614
[fold_r02] 1950,0.082746,0.453418,0.447882
[fold_r02] 1975,0.091301,0.453392,0.447881
[fold_r02] 2000,0.206502,0.453340,0.447749
[fold_r02] 2025,0.140277,0.453698,0.448246
[fold_r02] 2050,0.137399,0.452877,0.447367

Cross-validation summary (6-fold leave-one-realization-out)
Mean train RMSE norm      : 0.453133
Mean validation RMSE norm : 0.455783
Median best epoch         : 1900
Best-so-far checkpoint    : updated
Training-curve plot       : plots/cross_validation_curves.png
