[fold_r04] 0,1.297753,0.996248,0.977823
[fold_r04] 1,0.760097,0.996172,0.977735
[fold_r04] 25,1.032441,0.993402,0.974967
[fold_r04] 50,0.507838,0.987595,0.969036
[fold_r04] 75,1.439209,0.979664,0.960956
[fold_r04] 100,1.387847,0.972306,0.953456
[fold_r04] 125,0.772895,0.962971,0.944234
[fold_r04] 150,1.444531,0.947486,0.929241
[fold_r04] 175,0.159135,0.924536,0.905992
[fold_r04] 200,0.846088,0.882600,0.863391
[fold_r04] 225,0.571174,0.855224,0.839387
[fold_r04] 250,0.289537,0.808712,0.788238
[fold_r04] 275,0.298860,0.797191,0.778341
[fold_r04] 300,0.666482,0.795738,0.778342
[fold_r04] 325,0.480856,0.774305,0.755709
[fold_r01] 0,0.755085,0.996194,1.001301
[fold_r01] 1,0.636228,0.996103,1.001209
[fold_r01] 25,1.027782,0.993299,0.998387
[fold_r01] 50,1.733335,0.987661,0.992791
[fold_r01] 75,0.683405,0.979929,0.985062
[fold_r01] 100,0.792557,0.972850,0.977862
[fold_r01] 125,0.833812,0.964713,0.969538
[fold_r01] 150,1.621719,0.950765,0.956184
[fold_r01] 175,0.369729,0.927302,0.933517
[fold_r01] 200,0.900864,0.886311,0.889335
[fold_r01] 225,0.582505,0.847181,0.851367
[fold_r01] 250,1.200096,0.807652,0.808822
[fold_r01] 275,0.809397,0.802985,0.798714
[fold_r01] 300,0.552512,0.786185,0.783756
[fold_r01] 325,1.032148,0.771327,0.770667
[fold_r06] 0,1.148214,0.996092,1.029882
[fold_r06] 1,0.862022,0.996002,1.029786
[fold_r06] 25,0.580912,0.993127,1.026946
[fold_r06] 50,0.640153,0.987067,1.020931
[fold_r06] 75,1.424766,0.979757,1.013659
[fold_r06] 100,0.729194,0.972671,1.006652
[fold_r06] 125,0.476232,0.964006,0.998403
[fold_r06] 150,0.948499,0.950781,0.985804
[fold_r06] 175,0.833402,0.930100,0.966204
[fold_r06] 200,1.113584,0.892383,0.927648
[fold_r06] 225,0.564439,0.842666,0.870973
[fold_r06] 250,0.250339,0.810486,0.835910
[fold_r06] 275,0.439037,0.793037,0.815947
[fold_r06] 300,0.778241,0.794201,0.820746
[fold_r06] 325,0.560443,0.770074,0.792785
[fold_r05] 0,0.677589,0.996189,0.980105
[fold_r05] 1,0.543019,0.996103,0.980026
[fold_r05] 25,1.302776,0.993188,0.977146
[fold_r05] 50,1.368805,0.987226,0.971270
[fold_r05] 75,0.989917,0.979347,0.963578
[fold_r05] 100,1.345286,0.972080,0.956451
[fold_r05] 125,0.652968,0.963267,0.947620
[fold_r05] 150,1.221674,0.948138,0.932669
[fold_r05] 175,0.498738,0.922006,0.909303
[fold_r05] 200,0.690450,0.876504,0.866236
[fold_r05] 225,0.540704,0.833744,0.827775
[fold_r05] 250,1.053462,0.834181,0.831413
[fold_r05] 275,0.440813,0.802023,0.803875
[fold_r05] 300,0.493400,0.787276,0.787019
[fold_r05] 325,1.075838,0.777668,0.783853
[fold_r03] 0,0.976136,0.996118,0.987178
[fold_r03] 1,1.027401,0.996027,0.987105
[fold_r03] 25,0.586382,0.993112,0.984332
[fold_r03] 50,0.732462,0.987350,0.978606
[fold_r03] 75,0.804347,0.979342,0.970589
[fold_r03] 100,1.099357,0.971313,0.962602
[fold_r03] 125,0.784331,0.960990,0.952182
[fold_r03] 150,0.200843,0.944520,0.934764
[fold_r03] 175,0.564631,0.917595,0.906444
[fold_r03] 200,0.295917,0.869538,0.861327
[fold_r03] 225,0.614274,0.824683,0.818466
[fold_r03] 250,0.618387,0.810788,0.807344
[fold_r03] 275,0.730489,0.785185,0.781062
[fold_r03] 300,0.554477,0.773637,0.770578
[fold_r03] 325,0.716181,0.773095,0.771038
[fold_r02] 0,0.823393,0.996063,1.000517
[fold_r02] 1,1.325685,0.995972,1.000426
[fold_r02] 25,0.543655,0.993191,0.997631
[fold_r02] 50,0.662758,0.987636,0.992021
[fold_r02] 75,1.016481,0.979831,0.984115
[fold_r02] 100,1.100454,0.972385,0.976830
[fold_r02] 125,1.424236,0.964630,0.969285
[fold_r02] 150,0.938708,0.951812,0.956355
[fold_r02] 175,0.673493,0.926472,0.929801
[fold_r02] 200,0.965169,0.880692,0.886748
[fold_r02] 225,0.408254,0.848002,0.851002
[fold_r02] 250,0.783437,0.805864,0.809434
[fold_r02] 275,0.308269,0.794554,0.797406
[fold_r02] 300,0.573519,0.782696,0.785990
[fold_r02] 325,0.860609,0.773149,0.776148

Cross-validation summary (6-fold leave-one-realization-out)
Mean train RMSE norm      : 0.773360
Mean validation RMSE norm : 0.774957
Median best epoch         : 325
Best-so-far checkpoint    : kept previous
Training-curve plot       : plots/cross_validation_curves.png
