[fold_r01] 0,1.057719,1.253403,1.259241
[fold_r01] 1,2.880942,1.247451,1.253303
[fold_r01] 25,0.868169,1.123526,1.129715
[fold_r01] 50,0.251142,1.078960,1.084920
[fold_r01] 75,0.917323,1.029944,1.035518
[fold_r01] 100,1.191527,0.973268,0.977767
[fold_r01] 125,1.132755,0.935283,0.939113
[fold_r01] 150,1.209024,1.039620,1.033724
[fold_r01] 175,0.563427,0.947132,0.957084
[fold_r01] 200,1.252419,0.883057,0.887262
[fold_r01] 225,1.184362,0.924158,0.922425
[fold_r01] 250,0.919104,0.965254,0.968088
[fold_r01] 275,0.487646,0.911693,0.917707
[fold_r01] 300,0.624040,0.854815,0.858778
[fold_r01] 325,0.958701,0.908900,0.905896
[fold_r01] 350,0.824892,0.781342,0.787049
[fold_r01] 375,0.255407,0.759195,0.763552
[fold_r01] 400,0.479869,0.772915,0.770710
[fold_r01] 425,0.851870,0.730591,0.730175
[fold_r01] 450,0.398392,0.721844,0.720880
[fold_r01] 475,0.935224,0.718112,0.718639
[fold_r01] 500,1.033995,0.722138,0.721106
[fold_r01] 525,0.586357,0.728711,0.740299
[fold_r01] 550,1.020226,0.718131,0.720447
[fold_r01] 575,0.397236,0.699065,0.701948
[fold_r01] 600,0.825484,0.698051,0.702459
[fold_r01] 625,0.102109,0.689724,0.690769
[fold_r01] 650,0.907474,0.685928,0.688593
[fold_r01] 675,0.511392,0.682894,0.683589
[fold_r01] 700,0.263041,0.678878,0.681645
[fold_r01] 725,0.580322,0.677809,0.678964
[fold_r01] 750,0.764795,0.673967,0.674999
[fold_r01] 775,0.591035,0.672368,0.675928
[fold_r01] 800,0.470606,0.670751,0.671671
[fold_r01] 825,0.350288,0.669665,0.674332
[fold_r01] 850,0.221333,0.660614,0.662390
[fold_r01] 875,0.568002,0.661581,0.661679
[fold_r01] 900,0.730605,0.657445,0.658732
[fold_r01] 925,0.098979,0.662434,0.662465
[fold_r01] 950,0.721804,0.653647,0.654137
[fold_r01] 975,0.192537,0.654918,0.657911
[fold_r01] 1000,0.508509,0.649807,0.649896
[fold_r01] 1025,0.209028,0.646103,0.648492
[fold_r01] 1050,0.341897,0.642024,0.642804
[fold_r01] 1075,0.802207,0.642276,0.641970
[fold_r01] 1100,0.487225,0.638302,0.639556
[fold_r01] 1125,0.644108,0.640463,0.640242
[fold_r01] 1150,0.300386,0.634177,0.633631
[fold_r01] 1175,0.132766,0.634067,0.633277
[fold_r01] 1200,0.410541,0.628489,0.627859
[fold_r01] 1225,0.652671,0.628456,0.627566
[fold_r01] 1250,0.584030,0.625457,0.624539
[fold_r01] 1275,0.589715,0.628107,0.628114
[fold_r01] 1300,0.755299,0.624047,0.623608
[fold_r01] 1325,0.263892,0.618101,0.618145
[fold_r01] 1350,0.135101,0.617953,0.617106
[fold_r01] 1375,0.299564,0.613985,0.614709
[fold_r01] 1400,0.337692,0.610858,0.610062
[fold_r01] 1425,0.520361,0.608777,0.608273
[fold_r01] 1450,0.285683,0.603404,0.602331
[fold_r01] 1475,0.067315,0.612697,0.611565
[fold_r01] 1500,0.397457,0.599426,0.598111
[fold_r01] 1525,0.264856,0.589894,0.589391
[fold_r01] 1550,0.223335,0.595987,0.597344
[fold_r01] 1575,0.300371,0.583055,0.582998
[fold_r01] 1600,0.064374,0.587137,0.586407
[fold_r01] 1625,0.398671,0.599514,0.601406
[fold_r01] 1650,0.698891,0.585126,0.586488
[fold_r01] 1675,0.266027,0.570859,0.571423
[fold_r01] 1700,0.434695,0.568261,0.568880
[fold_r01] 1725,0.270172,0.565886,0.566391
[fold_r01] 1750,0.096321,0.563494,0.564368
[fold_r01] 1775,0.439202,0.571306,0.574318
[fold_r01] 1800,0.059973,0.557436,0.558147
[fold_r01] 1825,0.207483,0.564958,0.565732
[fold_r01] 1850,0.326659,0.553365,0.555324
[fold_r01] 1875,0.292891,0.549295,0.552432
[fold_r01] 1900,0.305810,0.544635,0.547235
[fold_r01] 1925,0.058850,0.542545,0.544986
[fold_r01] 1950,0.201475,0.543130,0.545184
[fold_r01] 1975,0.193087,0.540281,0.542923
[fold_r01] 2000,0.629646,0.536564,0.541465
[fold_r01] 2025,0.521376,0.536298,0.540073
[fold_r01] 2050,0.449289,0.534516,0.538586
[fold_r01] 2075,0.357617,0.536747,0.541999
[fold_r01] 2100,0.311366,0.530427,0.535110
[fold_r01] 2125,0.069748,0.528463,0.534593
[fold_r01] 2150,0.329223,0.525308,0.529114
[fold_r01] 2175,0.254392,0.522790,0.527964
[fold_r01] 2200,0.234520,0.521236,0.525495
[fold_r01] 2225,0.459432,0.520051,0.525401
[fold_r01] 2250,0.051068,0.518343,0.523230
[fold_r01] 2275,0.169724,0.520880,0.526214
[fold_r01] 2300,0.439115,0.513926,0.518551
[fold_r01] 2325,0.293959,0.513266,0.518849
[fold_r01] 2350,0.307356,0.512714,0.519547
[fold_r01] 2375,0.208175,0.510844,0.515227
[fold_r01] 2400,0.150948,0.509539,0.516189
[fold_r01] 2425,0.408496,0.507956,0.514584
[fold_r01] 2450,0.336197,0.506571,0.512667
[fold_r01] 2475,0.141742,0.504990,0.510647
[fold_r01] 2500,0.052968,0.504932,0.510783
[fold_r01] 2525,0.061033,0.506594,0.513254
[fold_r01] 2550,0.496855,0.501529,0.508210
[fold_r01] 2575,0.197787,0.501244,0.508030
[fold_r01] 2600,0.098425,0.500264,0.506351
[fold_r01] 2625,0.360575,0.498296,0.504972
[fold_r01] 2650,0.248858,0.499212,0.506716
[fold_r01] 2675,0.127209,0.496625,0.503491
[fold_r01] 2700,0.376786,0.496555,0.501903
[fold_r01] 2725,0.440356,0.496802,0.502480
[fold_r01] 2750,0.212230,0.494559,0.501891
[fold_r01] 2775,0.424482,0.493663,0.501163
[fold_r01] 2800,0.490088,0.490127,0.497828
[fold_r01] 2825,0.198377,0.489168,0.496417
[fold_r01] 2850,0.448374,0.491052,0.499564
[fold_r01] 2875,0.329572,0.490180,0.498717
[fold_r01] 2900,0.352391,0.486983,0.494995
[fold_r01] 2925,0.091403,0.487628,0.495263
[fold_r01] 2950,0.272419,0.486548,0.494867
[fold_r01] 2975,0.217079,0.493236,0.500669
[fold_r01] 3000,0.480105,0.487087,0.494711
[fold_r05] 0,1.196419,1.253508,1.241749
[fold_r05] 1,0.816898,1.247524,1.235690
[fold_r05] 25,0.734102,1.124678,1.110851
[fold_r05] 50,1.041972,1.078746,1.064028
[fold_r05] 75,1.107963,1.032215,1.016866
[fold_r05] 100,0.583114,0.975135,0.959776
[fold_r05] 125,0.774818,0.938587,0.923500
[fold_r05] 150,0.729984,0.895538,0.883863
[fold_r05] 175,0.534879,0.940591,0.925267
[fold_r05] 200,0.188960,0.883495,0.874604
[fold_r05] 225,1.475050,0.932342,0.920794
[fold_r05] 250,0.489194,0.897713,0.892686
[fold_r05] 275,0.819984,0.939521,0.928464
[fold_r05] 300,0.771772,0.862673,0.854175
[fold_r05] 325,0.515743,0.858126,0.855702
[fold_r05] 350,0.467055,0.846496,0.844583
[fold_r05] 375,1.268016,0.827299,0.825109
[fold_r05] 400,0.582536,0.784324,0.782959
[fold_r05] 425,1.153066,0.761634,0.761560
[fold_r05] 450,0.920002,0.760597,0.758374
[fold_r05] 475,0.570889,0.723775,0.727470
[fold_r05] 500,0.357571,0.717463,0.722513
[fold_r05] 525,0.558903,0.706254,0.711546
[fold_r05] 550,0.893051,0.695839,0.702544
[fold_r05] 575,0.328685,0.694689,0.702298
[fold_r05] 600,0.993221,0.688836,0.695919
[fold_r05] 625,0.388878,0.680728,0.686847
[fold_r05] 650,0.338939,0.745912,0.754276
[fold_r05] 675,0.364702,0.678477,0.685107
[fold_r05] 700,0.270697,0.680564,0.686034
[fold_r05] 725,0.605064,0.664794,0.670590
[fold_r05] 750,0.830924,0.662527,0.668680
[fold_r05] 775,0.665022,0.716719,0.724985
[fold_r05] 800,0.333495,0.668939,0.673608
[fold_r05] 825,0.386017,0.699626,0.702585
[fold_r05] 850,0.328594,0.651667,0.658001
[fold_r05] 875,0.193911,0.653569,0.658648
[fold_r05] 900,0.774530,0.651884,0.657665
[fold_r05] 925,0.745915,0.643569,0.650431
[fold_r05] 950,0.791250,0.641073,0.647303
[fold_r05] 975,0.662386,0.640710,0.648093
[fold_r05] 1000,0.493522,0.637110,0.644017
[fold_r05] 1025,0.690236,0.637836,0.643209
[fold_r05] 1050,0.796381,0.631332,0.638040
[fold_r05] 1075,0.678228,0.632229,0.639479
[fold_r05] 1100,0.629320,0.628863,0.634616
[fold_r05] 1125,0.512245,0.625641,0.631417
[fold_r05] 1150,0.219816,0.623838,0.631521
[fold_r05] 1175,0.314404,0.621754,0.628762
[fold_r05] 1200,0.543085,0.621831,0.627711
[fold_r05] 1225,0.342508,0.620855,0.627581
[fold_r05] 1250,0.310824,0.621030,0.626268
[fold_r05] 1275,0.219587,0.616512,0.623488
[fold_r05] 1300,0.611656,0.613639,0.620412
[fold_r05] 1325,0.075182,0.616779,0.621869
[fold_r05] 1350,0.411734,0.613457,0.619172
[fold_r05] 1375,0.083115,0.609891,0.616576
[fold_r05] 1400,0.080919,0.610188,0.616556
[fold_r05] 1425,0.604532,0.605747,0.611724
[fold_r05] 1450,0.714266,0.601198,0.606650
[fold_r05] 1475,0.166813,0.598593,0.603296
[fold_r05] 1500,0.185974,0.604325,0.607222
[fold_r05] 1525,0.063915,0.584385,0.589556
[fold_r05] 1550,0.140660,0.582231,0.587607
[fold_r05] 1575,0.067573,0.582106,0.584885
[fold_r05] 1600,0.696887,0.581373,0.585117
[fold_r05] 1625,0.449280,0.573558,0.576991
[fold_r05] 1650,0.544233,0.570874,0.570018
[fold_r05] 1675,0.453213,0.564586,0.565318
[fold_r05] 1700,0.066481,0.564035,0.567335
[fold_r05] 1725,0.244468,0.554467,0.556944
[fold_r05] 1750,0.130692,0.562730,0.563633
[fold_r05] 1775,0.283320,0.549892,0.551792
[fold_r05] 1800,0.323414,0.595437,0.595019
[fold_r05] 1825,0.230724,0.538036,0.539464
[fold_r05] 1850,0.364123,0.537219,0.540375
[fold_r05] 1875,0.531314,0.532789,0.536897
[fold_r05] 1900,0.235303,0.528508,0.532255
[fold_r05] 1925,0.234476,0.549626,0.546479
[fold_r05] 1950,0.219655,0.524404,0.526736
[fold_r05] 1975,0.049868,0.530200,0.532546
[fold_r05] 2000,0.228864,0.520960,0.523401
[fold_r05] 2025,0.310530,0.534645,0.536496
[fold_r05] 2050,0.059743,0.516904,0.518853
[fold_r05] 2075,0.471378,0.518718,0.521830
[fold_r05] 2100,0.268722,0.512463,0.515374
[fold_r05] 2125,0.062586,0.524214,0.524833
[fold_r05] 2150,0.330622,0.509944,0.512041
[fold_r05] 2175,0.523853,0.509492,0.511498
[fold_r05] 2200,0.152900,0.518347,0.516938
[fold_r05] 2225,0.555026,0.511069,0.513134
[fold_r05] 2250,0.459763,0.502896,0.504480
[fold_r05] 2275,0.198256,0.504837,0.506838
[fold_r05] 2300,0.271116,0.504234,0.505985
[fold_r05] 2325,0.209256,0.503160,0.503434
[fold_r05] 2350,0.063719,0.516013,0.515206
[fold_r05] 2375,0.091119,0.503746,0.504958
[fold_r05] 2400,0.482896,0.513674,0.512958
[fold_r05] 2425,0.407824,0.497626,0.498279
[fold_r05] 2450,0.198548,0.496952,0.498473
[fold_r05] 2475,0.122228,0.496875,0.498710
[fold_r05] 2500,0.357745,0.496699,0.497723
[fold_r05] 2525,0.167794,0.497495,0.499440
[fold_r05] 2550,0.211897,0.496005,0.497797
[fold_r05] 2575,0.372045,0.495734,0.497376
[fold_r05] 2600,0.106092,0.497559,0.499387
[fold_r05] 2625,0.215527,0.490536,0.492565
[fold_r05] 2650,0.145473,0.498685,0.497999
[fold_r05] 2675,0.166074,0.491950,0.493413
[fold_r05] 2700,0.470344,0.492118,0.493814
[fold_r05] 2725,0.336081,0.489248,0.491118
[fold_r05] 2750,0.382606,0.488005,0.489687
[fold_r05] 2775,0.160085,0.488198,0.489981
[fold_r05] 2800,0.106078,0.487452,0.489278
[fold_r05] 2825,0.362162,0.488178,0.490007
[fold_r05] 2850,0.048414,0.490707,0.491430
[fold_r05] 2875,0.192017,0.487133,0.488733
[fold_r05] 2900,0.314891,0.486831,0.488615
[fold_r05] 2925,0.474904,0.485490,0.487112
[fold_r05] 2950,0.111914,0.484897,0.486729
[fold_r05] 2975,0.137139,0.484860,0.486659
[fold_r05] 3000,0.379442,0.484748,0.486493
[fold_r03] 0,1.191094,1.253450,1.247420
[fold_r03] 1,3.010142,1.247496,1.241428
[fold_r03] 25,2.120092,1.127030,1.120152
[fold_r03] 50,1.756051,1.081313,1.073905
[fold_r03] 75,0.446166,1.040607,1.032776
[fold_r03] 100,1.001881,0.989578,0.981640
[fold_r03] 125,0.838430,0.951174,0.943625
[fold_r03] 150,0.186305,0.906191,0.898129
[fold_r03] 175,0.789224,0.879179,0.869667
[fold_r03] 200,0.310114,0.872795,0.867642
[fold_r03] 225,0.579192,0.901555,0.894436
[fold_r03] 250,1.050196,0.898812,0.889492
[fold_r03] 275,1.354651,0.888214,0.890867
[fold_r03] 300,0.230926,0.851489,0.843146
[fold_r03] 325,0.571606,0.891763,0.883174
[fold_r03] 350,0.476176,0.832372,0.832630
[fold_r03] 375,0.714926,0.805631,0.802498
[fold_r03] 400,0.874222,0.785647,0.779561
[fold_r03] 425,0.614292,0.737553,0.735222
[fold_r03] 450,0.994801,0.731167,0.729468
[fold_r03] 475,0.991322,0.713840,0.713970
[fold_r03] 500,0.253587,0.713221,0.714098
[fold_r03] 525,0.167777,0.715392,0.716462
[fold_r03] 550,0.576765,0.701892,0.703048
[fold_r03] 575,0.424660,0.698463,0.700456
[fold_r03] 600,0.824344,0.694779,0.696813
[fold_r03] 625,0.412365,0.701031,0.708281
[fold_r03] 650,0.981734,0.702165,0.708082
[fold_r03] 675,0.241167,0.698546,0.708192
[fold_r03] 700,0.222955,0.682816,0.690169
[fold_r03] 725,0.618441,0.698838,0.704610
[fold_r03] 750,0.372081,0.681980,0.691085
[fold_r03] 775,0.337145,0.679940,0.688642
[fold_r03] 800,0.902442,0.677107,0.686844
[fold_r03] 825,0.295794,0.675637,0.685891
[fold_r03] 850,0.367720,0.683435,0.692301
[fold_r03] 875,0.416106,0.673871,0.684389
[fold_r03] 900,0.090401,0.670500,0.680827
[fold_r03] 925,0.510015,0.675589,0.688166
[fold_r03] 950,0.556025,0.668003,0.678275
[fold_r03] 975,0.720389,0.665058,0.676272
[fold_r03] 1000,0.680458,0.698852,0.706499
[fold_r03] 1025,0.462948,0.664375,0.676183
[fold_r03] 1050,0.685574,0.659989,0.671147
[fold_r03] 1075,0.324935,0.658808,0.671041
[fold_r03] 1100,0.608054,0.662704,0.675077
[fold_r03] 1125,0.808172,0.660981,0.674780
[fold_r03] 1150,0.090247,0.650395,0.662282
[fold_r03] 1175,0.248729,0.658606,0.670901
[fold_r03] 1200,0.274363,0.652887,0.665666
[fold_r03] 1225,0.121974,0.658370,0.671172
[fold_r03] 1250,0.669582,0.645006,0.657860
[fold_r03] 1275,0.088341,0.643601,0.656145
[fold_r03] 1300,0.609514,0.649670,0.663314
[fold_r03] 1325,0.207590,0.641087,0.653700
[fold_r03] 1350,0.290008,0.640999,0.653821
[fold_r03] 1375,0.680649,0.639608,0.650784
[fold_r03] 1400,0.081261,0.636300,0.647494
[fold_r03] 1425,0.189449,0.637044,0.648974
[fold_r03] 1450,0.791310,0.633295,0.644203
[fold_r03] 1475,0.440901,0.630963,0.642359
[fold_r03] 1500,0.565704,0.637991,0.648739
[fold_r03] 1525,0.361761,0.627817,0.639030
[fold_r03] 1550,0.607109,0.626278,0.637307
[fold_r03] 1575,0.474644,0.625366,0.636487
[fold_r03] 1600,0.116371,0.624407,0.636088
[fold_r03] 1625,0.324404,0.621430,0.632743
[fold_r03] 1650,0.455876,0.619773,0.631090
[fold_r03] 1675,0.487671,0.618733,0.630652
[fold_r03] 1700,0.081357,0.618296,0.630521
[fold_r03] 1725,0.594122,0.617431,0.627566
[fold_r03] 1750,0.074161,0.615018,0.626628
[fold_r03] 1775,0.537432,0.612980,0.624611
[fold_r03] 1800,0.679406,0.615578,0.628233
[fold_r03] 1825,0.720916,0.612978,0.624204
[fold_r03] 1850,0.484148,0.608533,0.619398
[fold_r03] 1875,0.232175,0.606984,0.618467
[fold_r03] 1900,0.233343,0.604384,0.614934
[fold_r03] 1925,0.071480,0.600619,0.611065
[fold_r03] 1950,0.541627,0.596180,0.607106
[fold_r03] 1975,0.404445,0.591575,0.602234
[fold_r03] 2000,0.480197,0.587785,0.597180
[fold_r03] 2025,0.689700,0.585222,0.594462
[fold_r03] 2050,0.210456,0.581619,0.590112
[fold_r03] 2075,0.526793,0.577679,0.585926
[fold_r03] 2100,0.472481,0.575936,0.584182
[fold_r03] 2125,0.055195,0.570529,0.578607
[fold_r03] 2150,0.164782,0.572607,0.580741
[fold_r03] 2175,0.134578,0.564422,0.572447
[fold_r03] 2200,0.523373,0.561076,0.568995
[fold_r03] 2225,0.060271,0.558403,0.566233
[fold_r03] 2250,0.656115,0.559410,0.567049
[fold_r03] 2275,0.246901,0.553236,0.561592
[fold_r03] 2300,0.077213,0.549846,0.557086
[fold_r03] 2325,0.154306,0.546052,0.553946
[fold_r03] 2350,0.342475,0.540929,0.548295
[fold_r03] 2375,0.101553,0.538631,0.545755
[fold_r03] 2400,0.132464,0.537390,0.544314
[fold_r03] 2425,0.058620,0.534132,0.540435
[fold_r03] 2450,0.605371,0.537608,0.545154
[fold_r03] 2475,0.331147,0.530469,0.536418
[fold_r03] 2500,0.460285,0.525245,0.531573
[fold_r03] 2525,0.269714,0.526584,0.532290
[fold_r03] 2550,0.213174,0.521693,0.528423
[fold_r03] 2575,0.553658,0.527147,0.532933
[fold_r03] 2600,0.175563,0.520065,0.526459
[fold_r03] 2625,0.395140,0.519498,0.526768
[fold_r03] 2650,0.109335,0.515333,0.521953
[fold_r03] 2675,0.345550,0.514757,0.521840
[fold_r03] 2700,0.536194,0.516243,0.521591
[fold_r03] 2725,0.212472,0.520830,0.523487
[fold_r03] 2750,0.181499,0.525276,0.529638
[fold_r03] 2775,0.332048,0.510311,0.516950
[fold_r03] 2800,0.138641,0.511209,0.517155
[fold_r03] 2825,0.456542,0.507241,0.513498
[fold_r03] 2850,0.525244,0.509804,0.517641
[fold_r03] 2875,0.405288,0.506207,0.512212
[fold_r03] 2900,0.351766,0.507281,0.514438
[fold_r03] 2925,0.157287,0.507350,0.514980
[fold_r03] 2950,0.052331,0.503689,0.509178
[fold_r03] 2975,0.131028,0.502091,0.509084
[fold_r03] 3000,0.398814,0.502175,0.508622
[fold_r02] 0,1.500013,1.254168,1.254471
[fold_r02] 1,1.127381,1.248174,1.248495
[fold_r02] 25,0.628230,1.127339,1.128167
[fold_r02] 50,1.855163,1.078784,1.080390
[fold_r02] 75,1.264393,1.031785,1.034332
[fold_r02] 100,0.523894,0.975391,0.979196
[fold_r02] 125,0.171310,0.942893,0.946773
[fold_r02] 150,1.172843,0.897835,0.899524
[fold_r02] 175,0.919559,0.887766,0.892779
[fold_r02] 200,0.609699,0.932381,0.950329
[fold_r02] 225,0.989143,0.864669,0.861881
[fold_r02] 250,0.866117,0.991842,0.998858
[fold_r02] 275,1.101290,0.787915,0.791572
[fold_r02] 300,0.145550,0.756244,0.760466
[fold_r02] 325,0.115822,0.743851,0.744278
[fold_r02] 350,0.121027,0.727126,0.729261
[fold_r02] 375,0.366701,0.761528,0.761313
[fold_r02] 400,0.232677,0.753638,0.755366
[fold_r02] 425,0.280562,0.711477,0.711742
[fold_r02] 450,0.465342,0.712164,0.711287
[fold_r02] 475,0.220820,0.813092,0.821686
[fold_r02] 500,0.428197,0.803787,0.811121
[fold_r02] 525,0.595443,0.700310,0.697344
[fold_r02] 550,0.409159,0.715019,0.717475
[fold_r02] 575,0.971056,0.758679,0.754026
[fold_r02] 600,0.718307,0.693298,0.692282
[fold_r02] 625,0.314575,0.727528,0.726280
[fold_r02] 650,0.808938,0.704632,0.700840
[fold_r02] 675,0.251714,0.750791,0.748654
[fold_r02] 700,0.130514,0.682635,0.676411
[fold_r02] 725,0.104433,0.697204,0.689934
[fold_r02] 750,0.352429,0.670210,0.667414
[fold_r02] 775,0.238028,0.665282,0.661523
[fold_r02] 800,0.904104,0.663250,0.659548
[fold_r02] 825,0.649072,0.659578,0.655565
[fold_r02] 850,0.247451,0.669254,0.666967
[fold_r02] 875,0.811427,0.656084,0.653687
[fold_r02] 900,0.677870,0.646404,0.642732
[fold_r02] 925,0.269696,0.643186,0.637932
[fold_r02] 950,0.531520,0.650794,0.645864
[fold_r02] 975,0.602691,0.633218,0.627382
[fold_r02] 1000,0.103064,0.642933,0.636183
[fold_r02] 1025,0.462983,0.622897,0.615995
[fold_r02] 1050,0.239994,0.621906,0.618243
[fold_r02] 1075,0.214161,0.621026,0.614663
[fold_r02] 1100,0.262101,0.591649,0.582553
[fold_r02] 1125,0.703821,0.593163,0.584001
[fold_r02] 1150,0.118915,0.599133,0.601702
[fold_r02] 1175,0.107247,0.590504,0.582796
[fold_r02] 1200,0.619670,0.566186,0.557627
[fold_r02] 1225,0.262723,0.562062,0.554299
[fold_r02] 1250,0.076648,0.557626,0.552694
[fold_r02] 1275,0.111727,0.568745,0.561181
[fold_r02] 1300,0.329995,0.565204,0.559309
[fold_r02] 1325,0.057659,0.545684,0.540978
[fold_r02] 1350,0.413424,0.541454,0.536168
[fold_r02] 1375,0.079720,0.537069,0.531743
[fold_r02] 1400,0.293926,0.534459,0.528112
[fold_r02] 1425,0.477393,0.529256,0.525309
[fold_r02] 1450,0.417612,0.529180,0.525493
[fold_r02] 1475,0.218272,0.530874,0.526242
[fold_r02] 1500,0.089694,0.520089,0.515619
[fold_r02] 1525,0.369396,0.517034,0.512058
[fold_r02] 1550,0.213044,0.516559,0.513107
[fold_r02] 1575,0.503574,0.514524,0.512621
[fold_r02] 1600,0.145357,0.516414,0.515007
[fold_r02] 1625,0.214704,0.512560,0.508097
[fold_r02] 1650,0.152800,0.509196,0.504091
[fold_r02] 1675,0.459235,0.506854,0.503777
[fold_r02] 1700,0.052557,0.504979,0.501938
[fold_r02] 1725,0.274057,0.504117,0.499769
[fold_r02] 1750,0.262252,0.503599,0.500021
[fold_r02] 1775,0.328819,0.501992,0.498981
[fold_r02] 1800,0.189545,0.502022,0.496738
[fold_r02] 1825,0.177125,0.499530,0.495392
[fold_r02] 1850,0.159123,0.500977,0.497185
[fold_r02] 1875,0.347316,0.499128,0.495621
[fold_r02] 1900,0.284418,0.497979,0.495048
[fold_r02] 1925,0.117941,0.496973,0.494662
[fold_r02] 1950,0.496617,0.494485,0.490850
[fold_r02] 1975,0.279103,0.494314,0.490879
[fold_r02] 2000,0.158799,0.494319,0.492088
[fold_r02] 2025,0.219712,0.495120,0.492830
[fold_r02] 2050,0.141200,0.492241,0.488472
[fold_r02] 2075,0.323252,0.491535,0.488087
[fold_r02] 2100,0.360214,0.492058,0.489002
[fold_r02] 2125,0.346671,0.491004,0.487005
[fold_r02] 2150,0.496585,0.490425,0.487430
[fold_r02] 2175,0.126716,0.491836,0.488761
[fold_r02] 2200,0.298234,0.489852,0.486930
[fold_r02] 2225,0.146898,0.488924,0.485086
[fold_r02] 2250,0.047653,0.489390,0.486610
[fold_r02] 2275,0.194222,0.488031,0.484251
[fold_r02] 2300,0.193928,0.487685,0.483187
[fold_r02] 2325,0.107969,0.487452,0.483926
[fold_r02] 2350,0.051487,0.487285,0.483343
[fold_r02] 2375,0.403477,0.486845,0.483262
[fold_r02] 2400,0.198376,0.486177,0.482022
[fold_r02] 2425,0.315566,0.485845,0.481573
[fold_r02] 2450,0.218537,0.486042,0.481971
[fold_r02] 2475,0.366007,0.485639,0.481480
[fold_r02] 2500,0.196296,0.485693,0.481481
[fold_r02] 2525,0.141448,0.485112,0.480767
[fold_r02] 2550,0.432671,0.485562,0.482492
[fold_r02] 2575,0.356625,0.484877,0.481319
[fold_r02] 2600,0.123775,0.484621,0.480841
[fold_r02] 2625,0.127590,0.484221,0.480374
[fold_r02] 2650,0.467944,0.484101,0.480018
[fold_r02] 2675,0.146511,0.483863,0.480211
[fold_r02] 2700,0.242179,0.483861,0.480223
[fold_r02] 2725,0.046670,0.483707,0.479616
[fold_r02] 2750,0.149985,0.483606,0.479646
[fold_r02] 2775,0.108330,0.483374,0.479786
[fold_r02] 2800,0.434230,0.483266,0.479476
[fold_r02] 2825,0.155164,0.483316,0.479468
[fold_r02] 2850,0.373912,0.483178,0.479223
[fold_r02] 2875,0.475395,0.483082,0.478880
[fold_r02] 2900,0.197720,0.483005,0.478997
[fold_r02] 2925,0.187332,0.482845,0.479017
[fold_r02] 2950,0.309776,0.482767,0.478962
[fold_r02] 2975,0.112582,0.482736,0.479025
[fold_r02] 3000,0.224561,0.482561,0.478596
[fold_r04] 0,1.380495,1.254713,1.234157
[fold_r04] 1,2.533589,1.248727,1.228131
[fold_r04] 25,0.339357,1.125613,1.104213
[fold_r04] 50,2.096683,1.078722,1.058226
[fold_r04] 75,1.550264,1.029142,1.009180
[fold_r04] 100,0.203966,0.973866,0.953304
[fold_r04] 125,0.775003,0.939974,0.920841
[fold_r04] 150,1.602124,0.893696,0.875131
[fold_r04] 175,0.536158,0.976615,0.961223
[fold_r04] 200,1.456663,0.878356,0.860553
[fold_r04] 225,0.390351,0.833996,0.816308
[fold_r04] 250,0.988086,0.914917,0.895355
[fold_r04] 275,0.697537,0.911798,0.902998
[fold_r04] 300,0.302690,0.825949,0.808411
[fold_r04] 325,0.245702,0.770272,0.751206
[fold_r04] 350,0.464326,0.767135,0.753850
[fold_r04] 375,0.556598,0.735439,0.717714
[fold_r04] 400,0.243989,0.723212,0.706421
[fold_r04] 425,0.101895,0.709624,0.694440
[fold_r04] 450,0.298080,0.775726,0.762315
[fold_r04] 475,0.588970,0.702672,0.686493
[fold_r04] 500,0.110601,0.724787,0.708110
[fold_r04] 525,0.098313,0.715307,0.699310
[fold_r04] 550,0.100583,0.689027,0.674369
[fold_r04] 575,0.187654,0.682728,0.666435
[fold_r04] 600,0.820103,0.680996,0.666100
[fold_r04] 625,0.200291,0.670053,0.656654
[fold_r04] 650,0.108442,0.672453,0.658192
[fold_r04] 675,0.943846,0.675910,0.664640
[fold_r04] 700,0.340713,0.656372,0.643038
[fold_r04] 725,0.313161,0.657737,0.644891
[fold_r04] 750,0.290601,0.642997,0.631951
[fold_r04] 775,0.537660,0.644321,0.634813
[fold_r04] 800,0.577029,0.674211,0.664469
[fold_r04] 825,0.482214,0.692690,0.682175
[fold_r04] 850,0.657391,0.607039,0.596620
[fold_r04] 875,0.477473,0.629392,0.617516
[fold_r04] 900,0.315721,0.597296,0.588207
[fold_r04] 925,0.245640,0.592318,0.583361
[fold_r04] 950,0.132943,0.584602,0.578720
[fold_r04] 975,0.123998,0.567547,0.562423
[fold_r04] 1000,0.060203,0.560307,0.558067
[fold_r04] 1025,0.445404,0.548825,0.547026
[fold_r04] 1050,0.295770,0.544258,0.543553
[fold_r04] 1075,0.245868,0.542750,0.541036
[fold_r04] 1100,0.162035,0.539607,0.541016
[fold_r04] 1125,0.066921,0.538359,0.536548
[fold_r04] 1150,0.417672,0.530163,0.531595
[fold_r04] 1175,0.251520,0.545623,0.541170
[fold_r04] 1200,0.064714,0.525517,0.525260
[fold_r04] 1225,0.161222,0.524613,0.524353
[fold_r04] 1250,0.056412,0.520554,0.521630
[fold_r04] 1275,0.047641,0.515727,0.519597
[fold_r04] 1300,0.091496,0.524136,0.522259
[fold_r04] 1325,0.058685,0.524176,0.529353
[fold_r04] 1350,0.183453,0.512296,0.514788
[fold_r04] 1375,0.295510,0.519414,0.523433
[fold_r04] 1400,0.360248,0.504237,0.508042
[fold_r04] 1425,0.131702,0.501812,0.506213
[fold_r04] 1450,0.577955,0.513946,0.514966
[fold_r04] 1475,0.284074,0.504653,0.508461
[fold_r04] 1500,0.220436,0.500535,0.502585
[fold_r04] 1525,0.137217,0.510806,0.518422
[fold_r04] 1550,0.080978,0.524598,0.526311
[fold_r04] 1575,0.095704,0.499518,0.504244
[fold_r04] 1600,0.400737,0.490557,0.494521
[fold_r04] 1625,0.163130,0.494771,0.501569
[fold_r04] 1650,0.374984,0.501924,0.508712
[fold_r04] 1675,0.332931,0.488148,0.493448
[fold_r04] 1700,0.191875,0.486897,0.492145
[fold_r04] 1725,0.220751,0.488018,0.492171
[fold_r04] 1750,0.190577,0.484361,0.489891
[fold_r04] 1775,0.274845,0.482476,0.487868
[fold_r04] 1800,0.222723,0.488374,0.492348
[fold_r04] 1825,0.136907,0.481202,0.485786
[fold_r04] 1850,0.193369,0.482286,0.486631
[fold_r04] 1875,0.193139,0.485288,0.492405
[fold_r04] 1900,0.108823,0.482633,0.487167
[fold_r04] 1925,0.458283,0.479681,0.485417
[fold_r04] 1950,0.134871,0.479425,0.486449
[fold_r04] 1975,0.047996,0.480564,0.488368
[fold_r04] 2000,0.326347,0.479561,0.484299
[fold_r04] 2025,0.382574,0.476471,0.482669
[fold_r04] 2050,0.280781,0.479152,0.483317
[fold_r04] 2075,0.047508,0.478595,0.482887
[fold_r04] 2100,0.239244,0.476535,0.481366
[fold_r04] 2125,0.245091,0.477307,0.483675
[fold_r04] 2150,0.445224,0.477262,0.481626
[fold_r04] 2175,0.189798,0.476032,0.480072
[fold_r04] 2200,0.149377,0.475669,0.480946
[fold_r04] 2225,0.458762,0.474158,0.479632
[fold_r04] 2250,0.134285,0.475081,0.479811
[fold_r04] 2275,0.256371,0.472883,0.478985
[fold_r04] 2300,0.418676,0.473534,0.478325
[fold_r04] 2325,0.114857,0.472660,0.477875
[fold_r04] 2350,0.118964,0.474833,0.481378
[fold_r04] 2375,0.143403,0.473463,0.478633
[fold_r04] 2400,0.196849,0.472959,0.477108
[fold_r04] 2425,0.106526,0.473416,0.478311
[fold_r04] 2450,0.456039,0.476453,0.482883
[fold_r04] 2475,0.363125,0.471028,0.476411
[fold_r04] 2500,0.047858,0.469977,0.475904
[fold_r04] 2525,0.373968,0.470572,0.475979
[fold_r04] 2550,0.096561,0.469402,0.474594
[fold_r04] 2575,0.184853,0.469463,0.474931
[fold_r04] 2600,0.049164,0.468821,0.473723
[fold_r04] 2625,0.114241,0.467743,0.472550
[fold_r04] 2650,0.130736,0.469770,0.475933
[fold_r04] 2675,0.139908,0.467778,0.472648
[fold_r04] 2700,0.405602,0.467813,0.473911
[fold_r04] 2725,0.159326,0.467570,0.472886
[fold_r04] 2750,0.184798,0.468203,0.474332
[fold_r04] 2775,0.344862,0.466750,0.472080
[fold_r04] 2800,0.270626,0.466512,0.472828
[fold_r04] 2825,0.238198,0.465606,0.470773
[fold_r04] 2850,0.115352,0.466715,0.471800
[fold_r04] 2875,0.180485,0.466192,0.471307
[fold_r04] 2900,0.185436,0.465408,0.471084
[fold_r06] 0,1.171291,1.252770,1.285037
[fold_r06] 1,2.784874,1.246806,1.279181
[fold_r06] 25,2.312203,1.123826,1.158845
[fold_r06] 50,1.356921,1.081252,1.116334
[fold_r06] 75,0.443122,1.036110,1.071188
[fold_r06] 100,1.351355,0.982940,1.018171
[fold_r06] 125,0.199205,0.944909,0.980107
[fold_r06] 150,1.236449,0.906397,0.943292
[fold_r06] 175,1.043614,0.893324,0.917459
[fold_r06] 200,0.817788,0.935729,0.958907
[fold_r06] 225,0.161079,0.786513,0.812926
[fold_r06] 250,0.467454,0.822751,0.843297
[fold_r06] 275,1.424751,0.872313,0.903032
[fold_r06] 300,0.597901,0.892357,0.913343
[fold_r06] 325,0.410855,0.823076,0.852336
[fold_r06] 350,0.295942,0.800266,0.826823
[fold_r06] 375,0.645190,0.796748,0.813421
[fold_r06] 400,0.731528,0.742775,0.761508
[fold_r06] 425,0.429396,0.731084,0.749841
[fold_r06] 450,0.606561,0.725042,0.742222
[fold_r06] 475,0.815434,0.721926,0.736981
[fold_r06] 500,0.397827,0.712040,0.727362
[fold_r06] 525,0.432673,0.710201,0.726191
[fold_r06] 550,0.737811,0.706509,0.721947
[fold_r06] 575,0.270030,0.705209,0.720200
[fold_r06] 600,0.488248,0.715375,0.731286
[fold_r06] 625,0.389124,0.701600,0.716358
[fold_r06] 650,0.242457,0.697156,0.711152
[fold_r06] 675,0.240853,0.700565,0.714789
[fold_r06] 700,0.349823,0.692999,0.706216
[fold_r06] 725,0.993638,0.692562,0.706431
[fold_r06] 750,0.158413,0.690152,0.703193
[fold_r06] 775,0.185317,0.690446,0.702949
[fold_r06] 800,0.884347,0.705020,0.719125
[fold_r06] 825,0.358076,0.686613,0.699212
[fold_r06] 850,0.106727,0.691920,0.705339
[fold_r06] 875,0.339809,0.682439,0.694430
[fold_r06] 900,0.521736,0.682293,0.694258
[fold_r06] 925,0.104650,0.679958,0.691599
[fold_r06] 950,0.734174,0.679102,0.690946
[fold_r06] 975,0.749583,0.676477,0.688057
[fold_r06] 1000,0.723428,0.675155,0.686351
[fold_r06] 1025,0.102201,0.676121,0.687618
[fold_r06] 1050,0.572628,0.673651,0.684183
[fold_r06] 1075,0.688759,0.671549,0.682064
[fold_r06] 1100,0.412621,0.669099,0.679728
[fold_r06] 1125,0.381556,0.668414,0.680169
[fold_r06] 1150,0.093361,0.668398,0.679987
[fold_r06] 1175,0.092206,0.663549,0.674276
[fold_r06] 1200,0.490339,0.662196,0.673155
[fold_r06] 1225,0.251783,0.658903,0.670450
[fold_r06] 1250,0.359441,0.657512,0.668786
[fold_r06] 1275,0.714817,0.664809,0.676756
[fold_r06] 1300,0.092774,0.662539,0.674063
[fold_r06] 1325,0.695112,0.654516,0.665836
[fold_r06] 1350,0.598578,0.653188,0.663527
[fold_r06] 1375,0.577381,0.649603,0.660629
[fold_r06] 1400,0.530617,0.651053,0.662630
[fold_r06] 1425,0.184643,0.653188,0.664932
[fold_r06] 1450,0.210849,0.650611,0.662472
[fold_r06] 1475,0.812428,0.645364,0.656974
[fold_r06] 1500,0.671056,0.642582,0.654015
[fold_r06] 1525,0.215962,0.641482,0.652526
[fold_r06] 1550,0.786050,0.643657,0.654485
[fold_r06] 1575,0.486667,0.639997,0.650587
[fold_r06] 1600,0.447959,0.638420,0.649284
[fold_r06] 1625,0.565009,0.635349,0.646295
[fold_r06] 1650,0.193643,0.634810,0.645708
[fold_r06] 1675,0.299160,0.642247,0.655887
[fold_r06] 1700,0.707947,0.631152,0.643108
[fold_r06] 1725,0.081862,0.628441,0.639301
[fold_r06] 1750,0.079772,0.634990,0.647146
[fold_r06] 1775,0.081428,0.624469,0.635094
[fold_r06] 1800,0.075446,0.623002,0.633854
[fold_r06] 1825,0.328742,0.619468,0.630693
[fold_r06] 1850,0.075093,0.614553,0.625881
[fold_r06] 1875,0.207640,0.608850,0.621682
[fold_r06] 1900,0.348826,0.607487,0.620605
[fold_r06] 1925,0.490795,0.604377,0.616925
[fold_r06] 1950,0.199217,0.597813,0.610429
[fold_r06] 1975,0.166620,0.592417,0.605301
[fold_r06] 2000,0.373050,0.601577,0.615755
[fold_r06] 2025,0.603978,0.586469,0.599909
[fold_r06] 2050,0.316680,0.584971,0.598504
[fold_r06] 2075,0.517631,0.582355,0.595969
[fold_r06] 2100,0.416562,0.573920,0.588208
[fold_r06] 2125,0.286972,0.570967,0.585818
[fold_r06] 2150,0.261316,0.568746,0.583992
[fold_r06] 2175,0.242056,0.564368,0.579353
[fold_r06] 2200,0.410408,0.561168,0.575200
[fold_r06] 2225,0.496955,0.554945,0.569287
[fold_r06] 2250,0.054810,0.551820,0.567087
[fold_r06] 2275,0.467040,0.555129,0.570551
[fold_r06] 2300,0.234138,0.545771,0.559464
[fold_r06] 2325,0.456936,0.545433,0.560102
[fold_r06] 2350,0.052428,0.538580,0.552358
[fold_r06] 2375,0.259724,0.541516,0.555515
[fold_r06] 2400,0.060643,0.535913,0.549091
[fold_r06] 2425,0.153806,0.536863,0.550974
[fold_r06] 2450,0.227872,0.531480,0.545694
[fold_r06] 2475,0.142739,0.529765,0.542844
[fold_r06] 2500,0.437290,0.528285,0.541380
[fold_r06] 2525,0.278815,0.529235,0.542485
[fold_r06] 2550,0.058862,0.531689,0.545074
[fold_r06] 2575,0.397554,0.524388,0.538140
[fold_r06] 2600,0.236602,0.525231,0.538032
[fold_r06] 2625,0.113795,0.522595,0.535664
[fold_r06] 2650,0.182419,0.523186,0.535947
[fold_r06] 2675,0.052423,0.520653,0.532887
[fold_r06] 2700,0.506703,0.518979,0.531962
[fold_r06] 2725,0.085427,0.518049,0.531621
[fold_r06] 2750,0.545247,0.517239,0.529860
[fold_r06] 2775,0.543122,0.514856,0.528120
[fold_r06] 2800,0.381001,0.517805,0.529993
[fold_r06] 2825,0.053673,0.516577,0.529947
[fold_r06] 2850,0.447771,0.514183,0.527112
[fold_r06] 2875,0.213460,0.512665,0.525282
[fold_r06] 2900,0.160690,0.510552,0.523786
[fold_r06] 2925,0.186106,0.508768,0.522342
[fold_r06] 2950,0.154241,0.507817,0.520556
[fold_r06] 2975,0.173969,0.507370,0.519627
[fold_r06] 3000,0.187278,0.507985,0.520813

Cross-validation summary (6-fold leave-one-realization-out)
Mean train RMSE norm      : 0.488258
Mean validation RMSE norm : 0.493137
Median best epoch         : 3000
Best-so-far checkpoint    : kept previous
Training-curve plot       : plots/cross_validation_curves.png
