[fold_r06] 0,1.238585,1.105136,1.140822
[fold_r06] 1,1.745579,1.102972,1.138687
[fold_r06] 25,1.729380,1.074145,1.109869
[fold_r06] 50,0.847080,1.002887,1.037935
[fold_r06] 75,0.957376,0.894063,0.930340
[fold_r06] 100,1.109096,0.884847,0.909400
[fold_r06] 125,0.360610,0.825572,0.855111
[fold_r06] 150,0.473329,0.771626,0.794940
[fold_r06] 175,0.482204,0.839646,0.851813
[fold_r06] 200,0.539289,0.805009,0.830147
[fold_r06] 225,0.910555,0.745474,0.766669
[fold_r06] 250,0.942287,0.718301,0.733352
[fold_r06] 275,0.638900,0.746363,0.767860
[fold_r06] 300,0.614006,0.707141,0.722371
[fold_r06] 325,0.256698,0.766825,0.778330
[fold_r06] 350,0.512316,0.706890,0.723639
[fold_r06] 375,0.450928,0.718160,0.740674
[fold_r06] 400,0.743212,0.687778,0.702459
[fold_r06] 425,0.625933,0.709305,0.724588
[fold_r06] 450,0.176358,0.716489,0.736815
[fold_r06] 475,0.462313,0.701120,0.715670
[fold_r06] 500,0.287929,0.690665,0.701652
[fold_r06] 525,0.759813,0.671776,0.684997
[fold_r06] 550,0.607185,0.678415,0.690431
[fold_r06] 575,0.158415,0.680324,0.693105
[fold_r06] 600,0.296203,0.656593,0.667948
[fold_r06] 625,0.779491,0.654688,0.664059
[fold_r06] 650,0.502576,0.663942,0.675402
[fold_r06] 675,0.737826,0.640007,0.646459
[fold_r06] 700,0.395399,0.634675,0.646366
[fold_r06] 725,0.157125,0.616926,0.628265
[fold_r06] 750,0.162874,0.610499,0.621885
[fold_r06] 775,0.411804,0.604877,0.612246
[fold_r06] 800,0.560578,0.592361,0.603267
[fold_r06] 825,0.475142,0.609665,0.617287
[fold_r06] 850,0.303002,0.598822,0.604287
[fold_r06] 875,0.381012,0.576677,0.585175
[fold_r06] 900,0.438298,0.571294,0.578423
[fold_r06] 925,0.264717,0.573730,0.582676
[fold_r06] 950,0.336264,0.583358,0.592781
[fold_r06] 975,0.503894,0.591756,0.603299
[fold_r05] 0,1.189195,1.105857,1.092323
[fold_r05] 1,1.888693,1.103692,1.090133
[fold_r05] 25,0.390223,1.075112,1.061153
[fold_r05] 50,1.362174,1.004093,0.988464
[fold_r05] 75,0.712940,0.919030,0.907577
[fold_r05] 100,0.569562,0.890746,0.882669
[fold_r05] 125,0.892558,0.960401,0.974924
[fold_r05] 150,1.013047,1.177616,1.166245
[fold_r05] 175,0.609166,0.874911,0.877339
[fold_r05] 200,0.857254,0.841873,0.842849
[fold_r05] 225,0.385758,0.816860,0.819986
[fold_r05] 250,1.469617,0.874347,0.863636
[fold_r05] 275,0.449956,0.876707,0.867055
[fold_r05] 300,1.015611,0.819629,0.820749
[fold_r05] 325,0.538105,0.751425,0.752009
[fold_r05] 350,0.734853,0.703383,0.707138
[fold_r05] 375,0.809172,0.695988,0.702057
[fold_r05] 400,0.314710,0.668198,0.674835
[fold_r05] 425,0.541660,0.654883,0.658112
[fold_r05] 450,0.252823,0.672081,0.680063
[fold_r05] 475,0.561221,0.659258,0.661261
[fold_r05] 500,0.606346,0.623480,0.627701
[fold_r05] 525,0.357501,0.639207,0.640360
[fold_r05] 550,0.514216,0.619140,0.621557
[fold_r05] 575,0.526416,0.639323,0.638155
[fold_r05] 600,0.368580,0.607120,0.606816
[fold_r05] 625,0.359048,0.631863,0.629770
[fold_r05] 650,0.263671,0.580399,0.583245
[fold_r05] 675,0.297089,0.574887,0.577152
[fold_r05] 700,0.315269,0.604714,0.605444
[fold_r05] 725,0.255030,0.567588,0.571155
[fold_r05] 750,0.641856,0.588899,0.592061
[fold_r05] 775,0.360845,0.572750,0.571777
[fold_r05] 800,0.374792,0.592942,0.590698
[fold_r05] 825,0.367177,0.599547,0.599473
[fold_r05] 850,0.265119,0.561487,0.565156
[fold_r05] 875,0.581411,0.570450,0.573528
[fold_r05] 900,0.345485,0.560016,0.562491
[fold_r05] 925,0.553906,0.557841,0.561565
[fold_r02] 0,0.899891,1.106187,1.108706
[fold_r02] 1,1.359832,1.104020,1.106554
[fold_r02] 25,0.703875,1.073837,1.076857
[fold_r02] 50,0.827795,1.000054,1.006351
[fold_r02] 75,0.789503,0.902396,0.908237
[fold_r02] 100,1.047686,0.902816,0.905224
[fold_r02] 125,0.576740,0.817493,0.818079
[fold_r02] 150,0.831489,0.833557,0.835572
[fold_r02] 175,0.895695,0.805847,0.807315
[fold_r02] 200,0.974788,0.957383,0.969891
[fold_r02] 225,0.781705,0.769289,0.768472
[fold_r02] 250,0.775008,0.847460,0.851448
[fold_r02] 275,0.374183,0.719743,0.718873
[fold_r02] 300,0.150054,0.721407,0.722428
[fold_r02] 325,0.796814,0.724537,0.720127
[fold_r02] 350,0.598312,0.753871,0.757223
[fold_r02] 375,0.680805,0.692665,0.689325
[fold_r02] 400,0.173594,0.662640,0.654886
[fold_r02] 425,0.207763,0.652866,0.643938
[fold_r02] 450,0.387921,0.643011,0.635908
[fold_r02] 475,0.253325,0.652511,0.647450
[fold_r02] 500,0.217875,0.632077,0.627918
[fold_r02] 525,0.694295,0.620435,0.612149
[fold_r02] 550,0.248962,0.605812,0.596859
[fold_r02] 575,0.182413,0.595735,0.585390
[fold_r02] 600,0.419789,0.588903,0.578314
[fold_r02] 625,0.528129,0.603423,0.593210
[fold_r02] 650,0.487764,0.605719,0.596711
[fold_r02] 675,0.415731,0.601840,0.592852
[fold_r02] 700,0.187915,0.579987,0.570045
[fold_r02] 725,0.372958,0.574994,0.564842
[fold_r02] 750,0.325386,0.568459,0.557683
[fold_r02] 775,0.270294,0.566560,0.555634
[fold_r02] 800,0.372710,0.563356,0.552716
[fold_r02] 825,0.129170,0.562255,0.550300
[fold_r02] 850,0.337231,0.560071,0.549232
[fold_r02] 875,0.295006,0.563224,0.552735
[fold_r02] 900,0.537706,0.557159,0.546842
[fold_r02] 925,0.446827,0.554405,0.543739
[fold_r02] 950,0.512925,0.555655,0.544462
[fold_r01] 0,1.103266,1.105847,1.111661
[fold_r01] 1,0.716236,1.103698,1.109512
[fold_r01] 25,1.480378,1.072811,1.078218
[fold_r01] 50,0.926805,1.004493,1.005278
[fold_r01] 75,0.950952,0.913224,0.913261
[fold_r01] 100,0.666708,0.899287,0.903162
[fold_r01] 125,1.307167,0.993073,0.999535
[fold_r01] 150,0.768383,0.889839,0.892885
[fold_r01] 175,0.509088,0.799721,0.801769
[fold_r01] 200,0.264813,0.758698,0.758459
[fold_r01] 225,0.624216,0.769003,0.764405
[fold_r01] 250,0.853415,0.754081,0.753994
[fold_r01] 275,0.628464,0.796111,0.801307
[fold_r01] 300,0.518853,0.770354,0.772220
[fold_r01] 325,0.576917,0.753919,0.758108
[fold_r01] 350,0.621443,0.736378,0.738678
[fold_r01] 375,0.379551,0.686814,0.684552
[fold_r01] 400,0.644672,0.673138,0.672066
[fold_r01] 425,0.247669,0.682877,0.682217
[fold_r01] 450,0.282851,0.662061,0.661166
[fold_r01] 475,0.246383,0.647843,0.648201
[fold_r01] 500,0.568290,0.643305,0.644100
[fold_r01] 525,0.278277,0.660037,0.659488
[fold_r01] 550,0.428975,0.640592,0.642158
[fold_r01] 575,0.357254,0.620764,0.624221
[fold_r01] 600,0.551668,0.626443,0.628880
[fold_r01] 625,0.673468,0.614064,0.618232
[fold_r01] 650,0.481054,0.608147,0.614752
[fold_r01] 675,0.335381,0.608518,0.617633
[fold_r01] 700,0.343076,0.591371,0.596109
[fold_r01] 725,0.282177,0.595295,0.600577
[fold_r01] 750,0.510251,0.596331,0.601769
[fold_r01] 775,0.514320,0.611515,0.616062
[fold_r01] 800,0.323794,0.566675,0.574227
[fold_r01] 825,0.312536,0.560586,0.569872
[fold_r01] 850,0.191989,0.559310,0.566944
[fold_r01] 875,0.466289,0.556808,0.563554
[fold_r04] 0,1.551186,1.107001,1.084768
[fold_r04] 1,2.009598,1.104836,1.082596
[fold_r04] 25,2.079904,1.074633,1.052767
[fold_r04] 50,1.261900,1.001065,0.982097
[fold_r04] 75,0.961161,0.911504,0.891461
[fold_r04] 100,0.302600,0.883079,0.859960
[fold_r04] 125,0.388021,0.865803,0.845521
[fold_r04] 150,1.008073,1.248266,1.226894
[fold_r04] 175,0.920601,0.861878,0.840343
[fold_r04] 200,0.847281,0.849182,0.828869
[fold_r04] 225,0.535968,0.852834,0.834863
[fold_r04] 250,1.061292,0.844635,0.818624
[fold_r04] 275,0.485575,0.764974,0.749241
[fold_r04] 300,0.224581,0.752656,0.736943
[fold_r04] 325,0.654871,0.735188,0.733849
[fold_r04] 350,0.987555,0.791179,0.787594
[fold_r04] 375,0.566888,0.710912,0.696291
[fold_r04] 400,0.216714,0.724579,0.709414
[fold_r04] 425,0.757038,0.667041,0.657326
[fold_r04] 450,0.626489,0.721554,0.710103
[fold_r04] 475,0.417398,0.710710,0.695638
[fold_r04] 500,0.725097,0.714254,0.710835
[fold_r04] 525,0.582368,0.664866,0.654935
[fold_r04] 550,0.452706,0.639786,0.629778
[fold_r04] 575,0.454355,0.656870,0.646504
[fold_r04] 600,0.384932,0.629463,0.621886
[fold_r04] 625,0.476192,0.666616,0.653310
[fold_r04] 650,0.301286,0.616024,0.609108
[fold_r04] 675,0.617591,0.613443,0.605724
[fold_r04] 700,0.312710,0.591245,0.587240
[fold_r04] 725,0.169083,0.570568,0.569790
[fold_r04] 750,0.285353,0.582603,0.578632
[fold_r04] 775,0.344517,0.569416,0.566573
[fold_r04] 800,0.444892,0.628601,0.631695
[fold_r04] 825,0.433817,0.557907,0.558978
[fold_r04] 850,0.417574,0.568751,0.570428
[fold_r04] 875,0.352091,0.566858,0.566891
[fold_r03] 0,0.628254,1.106018,1.097696
[fold_r03] 1,1.150410,1.103851,1.095514
[fold_r03] 25,0.801599,1.073909,1.065531
[fold_r03] 50,1.314667,0.999890,0.992454
[fold_r03] 75,0.929031,0.892541,0.885859
[fold_r03] 100,1.066417,0.883162,0.876319
[fold_r03] 125,0.833610,0.865365,0.857399
[fold_r03] 150,0.551797,0.856350,0.851687
[fold_r03] 175,1.078365,0.841618,0.839611
[fold_r03] 200,0.998227,0.873351,0.869905
[fold_r03] 225,0.645494,0.789553,0.785623
[fold_r03] 250,0.714171,0.766799,0.764186
[fold_r03] 275,0.275774,0.735173,0.734284
[fold_r03] 300,0.665588,0.737117,0.732826
[fold_r03] 325,0.579958,0.723472,0.724905
[fold_r03] 350,0.720171,0.733574,0.737257
[fold_r03] 375,0.932779,0.710609,0.709436
[fold_r03] 400,0.898838,0.695529,0.696849
[fold_r03] 425,0.936702,0.683595,0.685285
[fold_r03] 450,0.240181,0.739135,0.741897
[fold_r03] 475,0.316811,0.652140,0.653944
[fold_r03] 500,0.306579,0.696399,0.700218
[fold_r03] 525,0.722704,0.629005,0.630112
[fold_r03] 550,0.260091,0.661757,0.664937
[fold_r03] 575,0.510541,0.651599,0.658000
[fold_r03] 600,0.144593,0.601530,0.604989
[fold_r03] 625,0.131587,0.655683,0.664509
[fold_r03] 650,0.308794,0.666880,0.668028
[fold_r03] 675,0.281185,0.588690,0.594523
[fold_r03] 700,0.332348,0.607914,0.616056
[fold_r03] 725,0.410224,0.635876,0.644169
[fold_r03] 750,0.315903,0.602870,0.610281
[fold_r03] 775,0.576247,0.560673,0.563351
[fold_r03] 800,0.173682,0.549755,0.554573
[fold_r03] 825,0.286066,0.540692,0.546406
[fold_r03] 850,0.117023,0.539328,0.545606
[fold_r03] 875,0.338104,0.564214,0.572524
[fold_r03] 900,0.226341,0.534693,0.540978
[fold_r03] 925,0.296498,0.528477,0.534036
[fold_r03] 950,0.432678,0.528807,0.535199
[fold_r03] 975,0.347968,0.540619,0.549044
[fold_r03] 1000,0.182928,0.512104,0.517542

Cross-validation summary (6-fold leave-one-realization-out)
Mean train RMSE norm      : 0.551727
Mean validation RMSE norm : 0.553967
Median best epoch         : 912
Best-so-far checkpoint    : kept previous
Training-curve plot       : plots/cross_validation_curves.png
