[fold_r06] 0,0.878376,1.252770,1.285037
[fold_r06] 1,1.302858,1.197928,1.231267
[fold_r06] 25,1.418574,0.938056,0.973672
[fold_r06] 50,0.570933,0.925915,0.962029
[fold_r06] 75,0.369488,0.923708,0.959589
[fold_r06] 100,0.602070,0.933579,0.967400
[fold_r06] 125,0.350993,0.895849,0.929027
[fold_r06] 150,0.921017,0.839531,0.860768
[fold_r06] 175,0.996039,0.833816,0.846305
[fold_r06] 200,0.288549,0.778456,0.807715
[fold_r06] 225,0.365565,0.788396,0.819622
[fold_r06] 250,0.812495,0.824225,0.856915
[fold_r06] 275,0.570642,0.748452,0.781700
[fold_r06] 300,0.273195,0.796686,0.832719
[fold_r06] 325,0.260863,0.683271,0.709707
[fold_r06] 350,0.529756,0.697997,0.719179
[fold_r06] 375,0.304269,0.717926,0.741797
[fold_r06] 400,0.479538,0.688058,0.707897
[fold_r06] 425,0.277796,0.656937,0.686949
[fold_r06] 450,0.171324,0.647316,0.682367
[fold_r06] 475,0.241488,0.576154,0.593852
[fold_r06] 500,0.458322,0.588288,0.605266
[fold_r06] 525,0.470263,0.557343,0.576409
[fold_r06] 550,0.173987,0.594089,0.617013
[fold_r06] 575,0.344333,0.579553,0.607093
[fold_r06] 600,0.339944,0.525359,0.543927
[fold_r06] 625,0.161566,0.558020,0.578650
[fold_r06] 650,0.166381,0.565327,0.598687
[fold_r06] 675,0.522805,0.528337,0.544320
[fold_r06] 700,0.406731,0.488953,0.506355
[fold_r06] 725,0.223721,0.478603,0.493236
[fold_r06] 750,0.372981,0.489760,0.501290
[fold_r06] 775,0.149858,0.502334,0.517024
[fold_r06] 800,0.336079,0.487698,0.505933
[fold_r06] 825,0.299265,0.472006,0.481452
[fold_r06] 850,0.117022,0.466560,0.475564
[fold_r06] 875,0.280529,0.464818,0.473724
[fold_r06] 900,0.109163,0.463886,0.473108
[fold_r06] 925,0.112372,0.462742,0.471993
[fold_r06] 950,0.064065,0.470239,0.478444
[fold_r06] 975,0.096427,0.463354,0.472236
[fold_r06] 1000,0.164885,0.467189,0.477552
[fold_r06] 1025,0.166229,0.459728,0.467009
[fold_r06] 1050,0.067571,0.458743,0.465113
[fold_r06] 1075,0.204137,0.458429,0.464307
[fold_r06] 1100,0.153003,0.458445,0.464137
[fold_r06] 1125,0.100848,0.458299,0.463948
[fold_r06] 1150,0.203236,0.457499,0.463453
[fold_r06] 1175,0.160846,0.457555,0.463621
[fold_r06] 1200,0.271490,0.457417,0.462680
[fold_r06] 1225,0.175987,0.457225,0.462603
[fold_r06] 1250,0.261619,0.456528,0.461945
[fold_r06] 1275,0.418150,0.456245,0.461772
[fold_r06] 1300,0.320970,0.456505,0.461461
[fold_r06] 1325,0.197982,0.456856,0.462230
[fold_r06] 1350,0.127027,0.456854,0.463227
[fold_r06] 1375,0.241973,0.456077,0.461041
[fold_r06] 1400,0.251123,0.457518,0.462587
[fold_r06] 1425,0.096541,0.455943,0.460732
[fold_r06] 1450,0.379900,0.454576,0.458842
[fold_r06] 1475,0.298280,0.455022,0.459503
[fold_r06] 1500,0.059532,0.459350,0.466187
[fold_r06] 1525,0.131472,0.454979,0.459450
[fold_r06] 1550,0.100925,0.454083,0.458712
[fold_r06] 1575,0.282879,0.453796,0.457850
[fold_r06] 1600,0.150682,0.454280,0.458501
[fold_r06] 1625,0.184089,0.453720,0.457594
[fold_r06] 1650,0.413339,0.453653,0.457911
[fold_r06] 1675,0.301377,0.454109,0.458233
[fold_r06] 1700,0.409902,0.453520,0.456935
[fold_r06] 1725,0.237449,0.454021,0.458137
[fold_r06] 1750,0.246678,0.453242,0.456940
[fold_r06] 1775,0.139676,0.453330,0.456434
[fold_r06] 1800,0.276824,0.453208,0.457039
[fold_r06] 1825,0.073833,0.453466,0.457541
[fold_r06] 1850,0.227733,0.453411,0.457488
[fold_r06] 1875,0.346054,0.452769,0.456272
[fold_r06] 1900,0.239764,0.452745,0.456026
[fold_r06] 1925,0.188779,0.452643,0.455907
[fold_r04] 0,1.283396,1.254713,1.234157
[fold_r04] 1,2.708271,1.200250,1.179355
[fold_r04] 25,1.609618,0.957455,0.939390
[fold_r04] 50,0.916756,0.924695,0.905294
[fold_r04] 75,1.347318,0.888283,0.872752
[fold_r04] 100,1.148607,0.844502,0.823632
[fold_r04] 125,0.519812,0.815754,0.798792
[fold_r04] 150,0.226102,0.909992,0.888309
[fold_r04] 175,0.536064,0.839586,0.827903
[fold_r04] 200,0.627657,0.758516,0.740987
[fold_r04] 225,1.218439,0.784579,0.766932
[fold_r04] 250,0.201007,0.703235,0.693325
[fold_r04] 275,0.644611,0.794350,0.791250
[fold_r04] 300,0.263064,0.644629,0.638766
[fold_r04] 325,0.488743,0.601314,0.604975
[fold_r04] 350,0.469303,0.627956,0.627725
[fold_r04] 375,0.462654,0.617534,0.618474
[fold_r04] 400,0.660096,0.582980,0.583932
[fold_r04] 425,0.467361,0.565625,0.564951
[fold_r04] 450,0.507868,0.583546,0.578926
[fold_r04] 475,0.275576,0.569573,0.575900
[fold_r04] 500,0.483402,0.586064,0.584174
[fold_r04] 525,0.186136,0.500446,0.505591
[fold_r04] 550,0.368959,0.481270,0.488691
[fold_r04] 575,0.235259,0.520439,0.521450
[fold_r04] 600,0.181390,0.527455,0.534428
[fold_r04] 625,0.241162,0.512492,0.513801
[fold_r04] 650,0.253124,0.477992,0.484539
[fold_r04] 675,0.115802,0.469626,0.477292
[fold_r04] 700,0.223545,0.465319,0.472678
[fold_r04] 725,0.375442,0.460877,0.468113
[fold_r04] 750,0.118272,0.459011,0.466459
[fold_r04] 775,0.185080,0.459483,0.465728
[fold_r04] 800,0.248588,0.461856,0.468311
[fold_r04] 825,0.074365,0.463049,0.470446
[fold_r04] 850,0.226515,0.464898,0.472007
[fold_r04] 875,0.075788,0.455431,0.462083
[fold_r04] 900,0.402978,0.454528,0.461193
[fold_r04] 925,0.358239,0.454548,0.461608
[fold_r04] 950,0.149208,0.454438,0.461728
[fold_r04] 975,0.172828,0.454493,0.461406
[fold_r04] 1000,0.083363,0.453648,0.460188
[fold_r04] 1025,0.322896,0.453118,0.460280
[fold_r04] 1050,0.135285,0.454408,0.461168
[fold_r04] 1075,0.227433,0.452713,0.459740
[fold_r04] 1100,0.166244,0.452681,0.459935
[fold_r04] 1125,0.131468,0.452876,0.459454
[fold_r04] 1150,0.150448,0.452275,0.459363
[fold_r04] 1175,0.135384,0.452413,0.458974
[fold_r04] 1200,0.153476,0.452383,0.459229
[fold_r04] 1225,0.248559,0.452238,0.459090
[fold_r04] 1250,0.155594,0.452020,0.458863
[fold_r04] 1275,0.146367,0.451679,0.458532
[fold_r04] 1300,0.213941,0.451453,0.458168
[fold_r04] 1325,0.265677,0.451293,0.458395
[fold_r04] 1350,0.330434,0.452242,0.459174
[fold_r04] 1375,0.110134,0.453114,0.460375
[fold_r04] 1400,0.144809,0.450971,0.457739
[fold_r04] 1425,0.110651,0.450928,0.457773
[fold_r04] 1450,0.251181,0.450749,0.457539
[fold_r04] 1475,0.110330,0.450681,0.457662
[fold_r04] 1500,0.059447,0.450734,0.457544
[fold_r04] 1525,0.176105,0.450815,0.457793
[fold_r04] 1550,0.133593,0.450516,0.457322
[fold_r04] 1575,0.146060,0.450496,0.457258
[fold_r04] 1600,0.135038,0.450536,0.457239
[fold_r04] 1625,0.241806,0.450423,0.457206
[fold_r04] 1650,0.127180,0.450442,0.457229
[fold_r04] 1675,0.175035,0.450460,0.457265
[fold_r04] 1700,0.224664,0.450358,0.457176
[fold_r04] 1725,0.162803,0.450281,0.457068
[fold_r04] 1750,0.081134,0.450295,0.457121
[fold_r04] 1775,0.209237,0.450245,0.457095
[fold_r04] 1800,0.239909,0.450229,0.457081
[fold_r04] 1825,0.402283,0.450232,0.457047
[fold_r04] 1850,0.126120,0.450206,0.457005
[fold_r02] 0,1.719319,1.254168,1.254471
[fold_r02] 1,1.582607,1.199522,1.200026
[fold_r02] 25,0.603015,0.953238,0.955730
[fold_r02] 50,1.148992,0.882679,0.886891
[fold_r02] 75,0.522976,0.867641,0.872035
[fold_r02] 100,0.795351,0.806511,0.810933
[fold_r02] 125,1.181515,0.850114,0.853959
[fold_r02] 150,1.167482,0.793493,0.799311
[fold_r02] 175,1.128682,0.752068,0.757403
[fold_r02] 200,0.434889,0.775491,0.778587
[fold_r02] 225,0.326541,0.722885,0.727007
[fold_r02] 250,0.261157,0.677295,0.686728
[fold_r02] 275,0.376458,0.699761,0.707054
[fold_r02] 300,0.595548,0.693676,0.692725
[fold_r02] 325,0.921955,0.707197,0.711792
[fold_r02] 350,0.329258,0.638222,0.641904
[fold_r02] 375,0.286778,0.642640,0.644083
[fold_r02] 400,0.077169,0.609127,0.611867
[fold_r02] 425,0.410448,0.588198,0.587464
[fold_r02] 450,0.359874,0.569292,0.580642
[fold_r02] 475,0.341544,0.544521,0.547533
[fold_r02] 500,0.264083,0.526515,0.527795
[fold_r02] 525,0.382223,0.509779,0.512915
[fold_r02] 550,0.418562,0.517166,0.520804
[fold_r02] 575,0.215004,0.504761,0.502640
[fold_r02] 600,0.274252,0.498049,0.497726
[fold_r02] 625,0.259752,0.511231,0.512556
[fold_r02] 650,0.363550,0.504313,0.504518
[fold_r02] 675,0.065739,0.498828,0.499532
[fold_r02] 700,0.154432,0.471609,0.468823
[fold_r02] 725,0.338788,0.465104,0.461504
[fold_r02] 750,0.229266,0.467806,0.465619
[fold_r02] 775,0.127605,0.469020,0.467126
[fold_r02] 800,0.142932,0.463412,0.460963
[fold_r02] 825,0.169728,0.462241,0.458639
[fold_r02] 850,0.261719,0.485441,0.487491
[fold_r02] 875,0.111432,0.461549,0.459235
[fold_r02] 900,0.136125,0.482167,0.480075
[fold_r02] 925,0.224930,0.473565,0.474822
[fold_r02] 950,0.252022,0.458116,0.454611
[fold_r02] 975,0.167464,0.458990,0.455210
[fold_r02] 1000,0.121736,0.457159,0.452648
[fold_r02] 1025,0.118494,0.456857,0.453371
[fold_r02] 1050,0.401924,0.455953,0.452358
[fold_r02] 1075,0.093872,0.457121,0.453444
[fold_r02] 1100,0.142529,0.457118,0.453462
[fold_r02] 1125,0.212826,0.455636,0.451327
[fold_r02] 1150,0.193496,0.454924,0.450958
[fold_r02] 1175,0.269713,0.454877,0.451196
[fold_r02] 1200,0.295155,0.456152,0.452593
[fold_r02] 1225,0.299985,0.456684,0.453544
[fold_r02] 1250,0.238799,0.453956,0.450080
[fold_r02] 1275,0.061058,0.453902,0.450171
[fold_r02] 1300,0.215312,0.453652,0.449664
[fold_r02] 1325,0.354729,0.453891,0.450108
[fold_r02] 1350,0.404792,0.453501,0.449401
[fold_r02] 1375,0.240961,0.453593,0.449479
[fold_r02] 1400,0.207411,0.453542,0.449491
[fold_r02] 1425,0.194379,0.454298,0.449896
[fold_r02] 1450,0.207100,0.453691,0.449970
[fold_r02] 1475,0.150147,0.453401,0.449010
[fold_r02] 1500,0.158255,0.453028,0.449089
[fold_r02] 1525,0.277236,0.452920,0.449066
[fold_r02] 1550,0.098686,0.452954,0.448958
[fold_r02] 1575,0.283245,0.452805,0.448763
[fold_r02] 1600,0.221664,0.453216,0.449538
[fold_r02] 1625,0.238365,0.452721,0.448872
[fold_r02] 1650,0.145145,0.452611,0.448704
[fold_r02] 1675,0.142673,0.452711,0.448666
[fold_r02] 1700,0.311438,0.452578,0.448474
[fold_r02] 1725,0.265828,0.452601,0.448798
[fold_r02] 1750,0.137616,0.452457,0.448369
[fold_r02] 1775,0.182842,0.452367,0.448309
[fold_r02] 1800,0.199884,0.452420,0.448436
[fold_r02] 1825,0.220500,0.452436,0.448444
[fold_r02] 1850,0.361458,0.452347,0.448184
[fold_r02] 1875,0.212409,0.452337,0.448279
[fold_r02] 1900,0.088938,0.452219,0.448153
[fold_r02] 1925,0.133377,0.452719,0.449149
[fold_r02] 1950,0.087090,0.452077,0.447892
[fold_r02] 1975,0.098298,0.451983,0.447615
[fold_r02] 2000,0.223815,0.451896,0.447651
[fold_r02] 2025,0.174208,0.451906,0.447745
[fold_r02] 2050,0.275607,0.451846,0.447526
[fold_r02] 2075,0.266302,0.451840,0.447670
[fold_r02] 2100,0.157223,0.451860,0.447770
[fold_r02] 2125,0.352095,0.451793,0.447635
[fold_r02] 2150,0.252481,0.451768,0.447525
[fold_r05] 0,1.307064,1.253508,1.241749
[fold_r05] 1,0.524198,1.198931,1.186455
[fold_r05] 25,0.605217,0.945178,0.929418
[fold_r05] 50,0.619699,0.928267,0.914167
[fold_r05] 75,1.104873,1.050162,1.038806
[fold_r05] 100,1.202216,0.971502,0.958508
[fold_r05] 125,0.477494,0.901073,0.886062
[fold_r05] 150,0.741114,0.823232,0.821814
[fold_r05] 175,1.136790,0.766874,0.769376
[fold_r05] 200,0.635609,0.772819,0.784581
[fold_r05] 225,0.275662,0.878186,0.869710
[fold_r05] 250,0.116378,0.740096,0.752531
[fold_r05] 275,0.482173,0.731770,0.739512
[fold_r05] 300,0.418055,0.712022,0.718375
[fold_r05] 325,0.510727,0.664898,0.673345
[fold_r05] 350,0.499165,0.662914,0.675381
[fold_r05] 375,0.513043,0.655591,0.669510
[fold_r05] 400,0.631429,0.707624,0.719367
[fold_r05] 425,0.495856,0.723879,0.739603
[fold_r05] 450,0.675167,0.723164,0.725018
[fold_r05] 475,0.688816,0.629391,0.638597
[fold_r05] 500,0.307142,0.612887,0.625207
[fold_r05] 525,0.549677,0.609971,0.620180
[fold_r05] 550,0.331941,0.595254,0.607900
[fold_r05] 575,0.167881,0.631703,0.640413
[fold_r05] 600,0.479295,0.581778,0.593216
[fold_r05] 625,0.157452,0.532860,0.542006
[fold_r05] 650,0.124820,0.522777,0.531929
[fold_r05] 675,0.146213,0.521492,0.527763
[fold_r05] 700,0.503711,0.502581,0.507618
[fold_r05] 725,0.168336,0.492816,0.497924
[fold_r05] 750,0.350679,0.502856,0.508056
[fold_r05] 775,0.401398,0.501030,0.507374
[fold_r05] 800,0.336273,0.538771,0.548584
[fold_r05] 825,0.166027,0.472291,0.479588
[fold_r05] 850,0.236148,0.466958,0.471324
[fold_r05] 875,0.069475,0.466576,0.472403
[fold_r05] 900,0.206922,0.464387,0.469545
[fold_r05] 925,0.242974,0.469861,0.473957
[fold_r05] 950,0.062526,0.468184,0.472624
[fold_r05] 975,0.197045,0.460947,0.466000
[fold_r05] 1000,0.345266,0.463281,0.465842
[fold_r05] 1025,0.348182,0.459600,0.464226
[fold_r05] 1050,0.337722,0.465166,0.470243
[fold_r05] 1075,0.102504,0.482410,0.483611
[fold_r05] 1100,0.156636,0.459078,0.464009
[fold_r05] 1125,0.163038,0.457607,0.462090
[fold_r05] 1150,0.089819,0.481165,0.481793
[fold_r05] 1175,0.198829,0.466827,0.470992
[fold_r05] 1200,0.141783,0.455827,0.460332
[fold_r05] 1225,0.189524,0.454545,0.458716
[fold_r05] 1250,0.327867,0.466542,0.470599
[fold_r05] 1275,0.082799,0.458090,0.462319
[fold_r05] 1300,0.319250,0.460752,0.465525
[fold_r05] 1325,0.310370,0.454661,0.458648
[fold_r05] 1350,0.144636,0.453827,0.457687
[fold_r05] 1375,0.134485,0.454529,0.458302
[fold_r05] 1400,0.090007,0.452740,0.456953
[fold_r05] 1425,0.309853,0.451996,0.455801
[fold_r05] 1450,0.332034,0.451672,0.455818
[fold_r05] 1475,0.158219,0.452726,0.456587
[fold_r05] 1500,0.265168,0.451291,0.455556
[fold_r05] 1525,0.203953,0.452377,0.456880
[fold_r05] 1550,0.250573,0.450866,0.455203
[fold_r05] 1575,0.103479,0.456151,0.458484
[fold_r05] 1600,0.277746,0.450529,0.453925
[fold_r05] 1625,0.233902,0.450200,0.453969
[fold_r05] 1650,0.173786,0.453976,0.457176
[fold_r05] 1675,0.046341,0.453957,0.457403
[fold_r05] 1700,0.045174,0.449895,0.453619
[fold_r05] 1725,0.244930,0.449874,0.453713
[fold_r05] 1750,0.136171,0.449606,0.453262
[fold_r05] 1775,0.077515,0.449447,0.453303
[fold_r05] 1800,0.068663,0.450098,0.453969
[fold_r05] 1825,0.216963,0.449454,0.453352
[fold_r05] 1850,0.277481,0.449232,0.453053
[fold_r05] 1875,0.061434,0.449040,0.452843
[fold_r05] 1900,0.225957,0.448947,0.452806
[fold_r05] 1925,0.079589,0.448977,0.452735
[fold_r05] 1950,0.266024,0.448981,0.452610
[fold_r05] 1975,0.330286,0.448938,0.452558
[fold_r05] 2000,0.176362,0.448971,0.452670
[fold_r01] 0,0.840478,1.253403,1.259241
[fold_r01] 1,1.278082,1.198545,1.204582
[fold_r01] 25,0.968690,0.945295,0.951177
[fold_r01] 50,0.440875,0.942300,0.949029
[fold_r01] 75,0.521544,0.936493,0.941647
[fold_r01] 100,1.302370,0.898134,0.905748
[fold_r01] 125,0.845309,0.817244,0.826272
[fold_r01] 150,0.399379,0.804943,0.810024
[fold_r01] 175,0.610637,0.803250,0.814552
[fold_r01] 200,1.124287,0.832470,0.839051
[fold_r01] 225,0.904865,0.758379,0.768684
[fold_r01] 250,0.518044,0.714362,0.726623
[fold_r01] 275,0.183357,0.693788,0.707744
[fold_r01] 300,0.614707,0.663449,0.675882
[fold_r01] 325,0.481681,0.662362,0.680466
[fold_r01] 350,0.277856,0.619283,0.625398
[fold_r01] 375,0.583491,0.554605,0.565200
[fold_r01] 400,0.136825,0.571285,0.587369
[fold_r01] 425,0.383960,0.564294,0.573953
[fold_r01] 450,0.432264,0.641416,0.661166
[fold_r01] 475,0.191132,0.516674,0.526776
[fold_r01] 500,0.241843,0.489860,0.500481
[fold_r01] 525,0.474195,0.493761,0.504985
[fold_r01] 550,0.258301,0.491536,0.501837
[fold_r01] 575,0.062871,0.492191,0.503943
[fold_r01] 600,0.129968,0.471080,0.481279
[fold_r01] 625,0.341836,0.473631,0.484865
[fold_r01] 650,0.324228,0.468424,0.477784
[fold_r01] 675,0.408375,0.466819,0.477168
[fold_r01] 700,0.275669,0.465793,0.474214
[fold_r01] 725,0.197729,0.463176,0.473090
[fold_r01] 750,0.259460,0.463054,0.471405
[fold_r01] 775,0.209517,0.460927,0.469900
[fold_r01] 800,0.295060,0.461036,0.469701
[fold_r01] 825,0.275067,0.461913,0.469774
[fold_r01] 850,0.267470,0.459238,0.466126
[fold_r01] 875,0.071054,0.470803,0.476044
[fold_r01] 900,0.074217,0.463795,0.471279
[fold_r01] 925,0.285720,0.460762,0.468702
[fold_r01] 950,0.165896,0.456385,0.463823
[fold_r01] 975,0.072010,0.455912,0.463177
[fold_r01] 1000,0.182151,0.456746,0.463727
[fold_r01] 1025,0.294482,0.455733,0.462488
[fold_r01] 1050,0.051984,0.456207,0.463029
[fold_r01] 1075,0.141761,0.455942,0.462789
[fold_r01] 1100,0.194379,0.457654,0.464538
[fold_r01] 1125,0.181949,0.454721,0.461612
[fold_r01] 1150,0.103273,0.454512,0.461265
[fold_r01] 1175,0.208252,0.454469,0.460885
[fold_r01] 1200,0.150972,0.454191,0.460848
[fold_r01] 1225,0.231293,0.454058,0.460917
[fold_r01] 1250,0.095539,0.454040,0.460541
[fold_r01] 1275,0.219938,0.454101,0.460696
[fold_r01] 1300,0.090600,0.453877,0.460622
[fold_r01] 1325,0.178451,0.455388,0.462715
[fold_r01] 1350,0.098990,0.453965,0.460291
[fold_r01] 1375,0.175220,0.453751,0.460422
[fold_r01] 1400,0.251801,0.453488,0.459939
[fold_r01] 1425,0.095275,0.453999,0.460389
[fold_r01] 1450,0.289880,0.453465,0.459955
[fold_r01] 1475,0.290188,0.453313,0.459835
[fold_r01] 1500,0.284667,0.453284,0.459648
[fold_r01] 1525,0.328491,0.453309,0.459824
[fold_r01] 1550,0.211923,0.453141,0.459540
[fold_r01] 1575,0.091415,0.453215,0.459761
[fold_r01] 1600,0.365930,0.453079,0.459444
[fold_r01] 1625,0.098822,0.452993,0.459321
[fold_r01] 1650,0.172873,0.453056,0.459200
[fold_r01] 1675,0.115738,0.452951,0.459594
[fold_r01] 1700,0.248843,0.453047,0.459577
[fold_r01] 1725,0.231598,0.452885,0.459355
[fold_r01] 1750,0.329990,0.452770,0.459196
[fold_r01] 1775,0.067664,0.452736,0.459155
[fold_r01] 1800,0.271642,0.452709,0.458994
[fold_r03] 0,1.542776,1.253450,1.247420
[fold_r03] 1,1.627382,1.198755,1.192330
[fold_r03] 25,1.649192,0.946454,0.937765
[fold_r03] 50,0.607501,0.950514,0.941178
[fold_r03] 75,0.869272,0.896542,0.884968
[fold_r03] 100,0.772118,0.951993,0.942165
[fold_r03] 125,0.865619,0.947670,0.945955
[fold_r03] 150,0.375376,0.819353,0.818954
[fold_r03] 175,0.805506,0.919723,0.913153
[fold_r03] 200,0.747622,0.900207,0.908103
[fold_r03] 225,0.634015,0.959048,0.966406
[fold_r03] 250,0.626979,0.839644,0.850256
[fold_r03] 275,0.658394,0.727183,0.733640
[fold_r03] 300,0.424277,0.721511,0.729513
[fold_r03] 325,0.552007,0.721734,0.731130
[fold_r03] 350,0.222520,0.682414,0.700065
[fold_r03] 375,0.566721,0.678218,0.691246
[fold_r03] 400,0.566692,0.623731,0.636525
[fold_r03] 425,0.415870,0.615505,0.626778
[fold_r03] 450,0.242152,0.605723,0.609129
[fold_r03] 475,0.287313,0.674655,0.684028
[fold_r03] 500,0.256141,0.603578,0.617580
[fold_r03] 525,0.351878,0.617567,0.631227
[fold_r03] 550,0.235665,0.569755,0.580445
[fold_r03] 575,0.188129,0.571496,0.586860
[fold_r03] 600,0.129030,0.576277,0.586732
[fold_r03] 625,0.163570,0.566646,0.573980
[fold_r03] 650,0.250099,0.552713,0.562425
[fold_r03] 675,0.480519,0.556645,0.568158
[fold_r03] 700,0.242208,0.545942,0.555872
[fold_r03] 725,0.297705,0.541068,0.552200
[fold_r03] 750,0.312858,0.540917,0.551402
[fold_r03] 775,0.212857,0.533369,0.543448
[fold_r03] 800,0.274310,0.523595,0.534323
[fold_r03] 825,0.243496,0.508428,0.515424
[fold_r03] 850,0.207596,0.496392,0.507288
[fold_r03] 875,0.340733,0.501626,0.512416
[fold_r03] 900,0.235460,0.483471,0.492584
[fold_r03] 925,0.108719,0.476238,0.484438
[fold_r03] 950,0.312039,0.476038,0.484007
[fold_r03] 975,0.276671,0.473905,0.481043
[fold_r03] 1000,0.208752,0.472331,0.479655
[fold_r03] 1025,0.185573,0.470943,0.479134
[fold_r03] 1050,0.052050,0.495347,0.502329
[fold_r03] 1075,0.158608,0.475842,0.482825
[fold_r03] 1100,0.199957,0.463347,0.471554
[fold_r03] 1125,0.145928,0.466361,0.473557
[fold_r03] 1150,0.419590,0.466658,0.474098
[fold_r03] 1175,0.304795,0.461366,0.468763
[fold_r03] 1200,0.272511,0.464673,0.472997
[fold_r03] 1225,0.330275,0.470523,0.478765
[fold_r03] 1250,0.183862,0.469681,0.478569
[fold_r03] 1275,0.163838,0.456267,0.464058
[fold_r03] 1300,0.045496,0.458256,0.465921
[fold_r03] 1325,0.266259,0.458315,0.466447
[fold_r03] 1350,0.352297,0.454749,0.462596
[fold_r03] 1375,0.113483,0.454903,0.463332
[fold_r03] 1400,0.167419,0.454671,0.462457
[fold_r03] 1425,0.369069,0.454042,0.462000
[fold_r03] 1450,0.215546,0.453978,0.461842
[fold_r03] 1475,0.128808,0.457741,0.465877
[fold_r03] 1500,0.144731,0.453666,0.461932
[fold_r03] 1525,0.257464,0.452688,0.460472
[fold_r03] 1550,0.319514,0.453780,0.461759
[fold_r03] 1575,0.336183,0.452879,0.460992
[fold_r03] 1600,0.168139,0.452536,0.460111
[fold_r03] 1625,0.300452,0.454947,0.463294
[fold_r03] 1650,0.102027,0.452822,0.460641
[fold_r03] 1675,0.243929,0.451599,0.459858
[fold_r03] 1700,0.130190,0.450840,0.458990
[fold_r03] 1725,0.273508,0.451005,0.459137
[fold_r03] 1750,0.185153,0.455380,0.463784
[fold_r03] 1775,0.161382,0.451572,0.459348
[fold_r03] 1800,0.276220,0.451410,0.459492
[fold_r03] 1825,0.241869,0.451750,0.459625
[fold_r03] 1850,0.221201,0.450068,0.458234
[fold_r03] 1875,0.181563,0.450239,0.458537
[fold_r03] 1900,0.291978,0.450316,0.458117
[fold_r03] 1925,0.267663,0.450306,0.458539
[fold_r03] 1950,0.046147,0.453923,0.461965
[fold_r03] 1975,0.196548,0.450239,0.458227
[fold_r03] 2000,0.211543,0.449357,0.457333
[fold_r03] 2025,0.248653,0.449340,0.457436
[fold_r03] 2050,0.174269,0.449242,0.457224
[fold_r03] 2075,0.107218,0.449214,0.457307
[fold_r03] 2100,0.061076,0.449237,0.457348
[fold_r03] 2125,0.372780,0.449158,0.457040
[fold_r03] 2150,0.205807,0.449159,0.457124

Cross-validation summary (6-fold leave-one-realization-out)
Mean train RMSE norm      : 0.450904
Mean validation RMSE norm : 0.454838
Median best epoch         : 1950
Best-so-far checkpoint    : kept previous
Training-curve plot       : plots/cross_validation_curves.png
