[fold_r05] 0,1.300432,1.253508,1.241749
[fold_r05] 1,2.089005,1.224799,1.212680
[fold_r05] 25,1.218194,0.990340,0.974058
[fold_r05] 50,1.183903,0.917350,0.904919
[fold_r05] 75,0.786240,0.872465,0.863151
[fold_r05] 100,1.289099,0.818259,0.816701
[fold_r05] 125,0.675995,0.767212,0.776689
[fold_r05] 150,0.740658,0.742172,0.745517
[fold_r05] 175,0.798339,0.705313,0.711439
[fold_r05] 200,0.815992,0.694219,0.704511
[fold_r05] 225,0.256547,0.727799,0.744106
[fold_r05] 250,0.157914,0.678015,0.684136
[fold_r05] 275,0.243771,0.607750,0.614006
[fold_r05] 300,0.334285,0.588670,0.595290
[fold_r05] 325,0.310129,0.552559,0.562693
[fold_r05] 350,0.405763,0.566119,0.577520
[fold_r05] 375,0.314395,0.553556,0.563784
[fold_r05] 400,0.482542,0.534836,0.540059
[fold_r05] 425,0.518383,0.519440,0.526554
[fold_r05] 450,0.421490,0.602954,0.603342
[fold_r05] 475,0.235491,0.526981,0.535390
[fold_r05] 500,0.392090,0.562660,0.570345
[fold_r05] 525,0.185135,0.489038,0.495867
[fold_r05] 550,0.218299,0.474701,0.479327
[fold_r05] 575,0.322415,0.472230,0.476098
[fold_r05] 600,0.289817,0.493825,0.494815
[fold_r05] 625,0.151350,0.472546,0.478358
[fold_r05] 650,0.067663,0.479119,0.483034
[fold_r05] 675,0.092675,0.463585,0.465808
[fold_r05] 700,0.173440,0.466177,0.468877
[fold_r05] 725,0.379662,0.462000,0.466316
[fold_r05] 750,0.137565,0.460474,0.464318
[fold_r05] 775,0.131817,0.460734,0.464591
[fold_r05] 800,0.315176,0.460176,0.464081
[fold_r05] 825,0.262275,0.458042,0.461520
[fold_r05] 850,0.108857,0.457254,0.460428
[fold_r05] 875,0.307199,0.458661,0.462871
[fold_r05] 900,0.347734,0.458338,0.462285
[fold_r05] 925,0.305308,0.457797,0.460564
[fold_r05] 950,0.209025,0.456010,0.459205
[fold_r05] 975,0.226847,0.454992,0.457811
[fold_r05] 1000,0.115597,0.454626,0.458191
[fold_r05] 1025,0.140120,0.455395,0.457539
[fold_r05] 1050,0.151967,0.458069,0.461238
[fold_r05] 1075,0.109162,0.454528,0.458129
[fold_r05] 1100,0.173722,0.453880,0.456771
[fold_r05] 1125,0.072450,0.454938,0.457439
[fold_r05] 1150,0.113606,0.452996,0.456071
[fold_r05] 1175,0.293144,0.455022,0.458162
[fold_r05] 1200,0.123203,0.453858,0.456522
[fold_r05] 1225,0.259323,0.452568,0.455286
[fold_r05] 1250,0.289907,0.452953,0.455824
[fold_r05] 1275,0.189537,0.453104,0.455617
[fold_r05] 1300,0.121794,0.453264,0.455872
[fold_r05] 1325,0.163452,0.451739,0.454753
[fold_r05] 1350,0.225272,0.452118,0.454896
[fold_r05] 1375,0.354128,0.451633,0.454399
[fold_r05] 1400,0.118795,0.451502,0.454299
[fold_r05] 1425,0.190916,0.451165,0.454093
[fold_r05] 1450,0.297261,0.451213,0.454170
[fold_r05] 1475,0.332589,0.451266,0.454101
[fold_r05] 1500,0.247462,0.451024,0.454007
[fold_r05] 1525,0.206867,0.450750,0.453571
[fold_r05] 1550,0.222258,0.450733,0.453379
[fold_r05] 1575,0.236791,0.450626,0.453494
[fold_r05] 1600,0.187594,0.450504,0.453389
[fold_r05] 1625,0.057124,0.450821,0.453726
[fold_r05] 1650,0.352252,0.450401,0.453216
[fold_r05] 1675,0.292621,0.450465,0.453123
[fold_r05] 1700,0.262606,0.450382,0.453334
[fold_r05] 1725,0.080689,0.450240,0.452996
[fold_r05] 1750,0.117048,0.450299,0.453003
[fold_r05] 1775,0.311149,0.450110,0.452856
[fold_r05] 1800,0.222476,0.450292,0.453034
[fold_r05] 1825,0.273473,0.450006,0.452922
[fold_r05] 1850,0.111412,0.450003,0.452739
[fold_r05] 1875,0.281588,0.449966,0.452696
[fold_r05] 1900,0.211499,0.450073,0.452912
[fold_r01] 0,1.294480,1.253403,1.259241
[fold_r01] 1,0.848286,1.224641,1.230585
[fold_r01] 25,0.851092,0.983046,0.987726
[fold_r01] 50,1.055117,0.954888,0.959474
[fold_r01] 75,0.752097,0.885370,0.890575
[fold_r01] 100,0.963112,0.808837,0.813355
[fold_r01] 125,0.389274,0.767249,0.773629
[fold_r01] 150,0.448482,0.744517,0.750554
[fold_r01] 175,0.808583,0.730722,0.724825
[fold_r01] 200,0.442736,0.753314,0.758746
[fold_r01] 225,0.509482,0.661332,0.663894
[fold_r01] 250,0.217274,0.616616,0.618103
[fold_r01] 275,0.305084,0.581301,0.587129
[fold_r01] 300,0.186414,0.601600,0.602537
[fold_r01] 325,0.249521,0.614148,0.615271
[fold_r01] 350,0.252708,0.547425,0.553782
[fold_r01] 375,0.440803,0.627635,0.628871
[fold_r01] 400,0.393330,0.613665,0.621983
[fold_r01] 425,0.446842,0.548809,0.558828
[fold_r01] 450,0.362768,0.489491,0.500575
[fold_r01] 475,0.202748,0.486870,0.497700
[fold_r01] 500,0.222036,0.482616,0.491051
[fold_r01] 525,0.281354,0.481298,0.491999
[fold_r01] 550,0.095789,0.481693,0.489878
[fold_r01] 575,0.166809,0.476577,0.483215
[fold_r01] 600,0.238342,0.478949,0.488244
[fold_r01] 625,0.254526,0.488372,0.494212
[fold_r01] 650,0.132401,0.485604,0.492833
[fold_r01] 675,0.292742,0.463956,0.470326
[fold_r01] 700,0.244958,0.463933,0.470762
[fold_r01] 725,0.152705,0.466597,0.474348
[fold_r01] 750,0.169893,0.461419,0.469060
[fold_r01] 775,0.216636,0.463112,0.469730
[fold_r01] 800,0.135454,0.460975,0.469121
[fold_r01] 825,0.124674,0.459678,0.467478
[fold_r01] 850,0.340387,0.458119,0.464480
[fold_r01] 875,0.239578,0.514350,0.520267
[fold_r01] 900,0.338557,0.461849,0.468544
[fold_r01] 925,0.280847,0.457832,0.464489
[fold_r01] 950,0.069331,0.457155,0.464016
[fold_r01] 975,0.129921,0.455490,0.461770
[fold_r01] 1000,0.161642,0.455223,0.461696
[fold_r01] 1025,0.108098,0.455240,0.461790
[fold_r01] 1050,0.288793,0.454879,0.460910
[fold_r01] 1075,0.166897,0.455982,0.462789
[fold_r01] 1100,0.310811,0.455492,0.462098
[fold_r01] 1125,0.089212,0.456783,0.463457
[fold_r01] 1150,0.351791,0.453777,0.459790
[fold_r01] 1175,0.213662,0.453616,0.459507
[fold_r01] 1200,0.306402,0.453319,0.459513
[fold_r01] 1225,0.145288,0.453575,0.459567
[fold_r01] 1250,0.177653,0.453461,0.459602
[fold_r01] 1275,0.303015,0.453099,0.459296
[fold_r01] 1300,0.124084,0.453055,0.459218
[fold_r01] 1325,0.295914,0.452902,0.459141
[fold_r01] 1350,0.164747,0.452821,0.459086
[fold_r01] 1375,0.215799,0.452889,0.459135
[fold_r01] 1400,0.198373,0.452926,0.458927
[fold_r01] 1425,0.132601,0.452738,0.459072
[fold_r01] 1450,0.244564,0.452795,0.459029
[fold_r01] 1475,0.126980,0.452561,0.458637
[fold_r01] 1500,0.189110,0.452724,0.458862
[fold_r01] 1525,0.174017,0.452450,0.458484
[fold_r01] 1550,0.362096,0.452427,0.458596
[fold_r01] 1575,0.102885,0.452472,0.458490
[fold_r01] 1600,0.198282,0.452372,0.458385
[fold_r01] 1625,0.203076,0.452336,0.458268
[fold_r01] 1650,0.247768,0.452265,0.458216
[fold_r01] 1675,0.150000,0.452292,0.458458
[fold_r01] 1700,0.202097,0.452096,0.458065
[fold_r01] 1725,0.172381,0.452691,0.458646
[fold_r01] 1750,0.326997,0.452075,0.458158
[fold_r01] 1775,0.297721,0.452029,0.458192
[fold_r01] 1800,0.316935,0.451942,0.457841
[fold_r01] 1825,0.211388,0.451869,0.457825
[fold_r01] 1850,0.098648,0.451848,0.457684
[fold_r01] 1875,0.348977,0.451884,0.457867
[fold_r01] 1900,0.175946,0.451790,0.457634
[fold_r01] 1925,0.247664,0.451772,0.457694
[fold_r01] 1950,0.231886,0.451695,0.457503
[fold_r01] 1975,0.265949,0.451760,0.457472
[fold_r01] 2000,0.201865,0.451703,0.457545
[fold_r01] 2025,0.177694,0.451878,0.457731
[fold_r01] 2050,0.131606,0.451594,0.457433
[fold_r03] 0,1.721313,1.253450,1.247420
[fold_r03] 1,2.652315,1.224834,1.218611
[fold_r03] 25,1.101698,0.979425,0.971736
[fold_r03] 50,0.558044,0.910424,0.900320
[fold_r03] 75,1.472743,0.877377,0.869482
[fold_r03] 100,1.032190,0.813793,0.809732
[fold_r03] 125,0.598069,0.767457,0.763961
[fold_r03] 150,0.365827,0.816544,0.818764
[fold_r03] 175,0.782675,0.743213,0.745346
[fold_r03] 200,0.856973,0.749216,0.751974
[fold_r03] 225,0.303930,0.641281,0.645669
[fold_r03] 250,0.263344,0.651517,0.658376
[fold_r03] 275,0.262455,0.661152,0.664685
[fold_r03] 300,0.219679,0.703626,0.701442
[fold_r03] 325,0.276160,0.548326,0.553316
[fold_r03] 350,0.200895,0.540378,0.543706
[fold_r03] 375,0.334820,0.521739,0.531553
[fold_r03] 400,0.077503,0.503295,0.509229
[fold_r03] 425,0.321496,0.518079,0.524994
[fold_r03] 450,0.431448,0.496399,0.501993
[fold_r03] 475,0.178594,0.502494,0.511739
[fold_r03] 500,0.178454,0.486474,0.495836
[fold_r03] 525,0.185713,0.482171,0.489775
[fold_r03] 550,0.231966,0.477967,0.484779
[fold_r03] 575,0.435468,0.480900,0.489907
[fold_r03] 600,0.153096,0.486512,0.499765
[fold_r03] 625,0.157307,0.474854,0.483662
[fold_r03] 650,0.430186,0.498401,0.506370
[fold_r03] 675,0.249766,0.500199,0.510375
[fold_r03] 700,0.239633,0.478367,0.485301
[fold_r03] 725,0.210576,0.467090,0.476161
[fold_r03] 750,0.162488,0.463517,0.471902
[fold_r03] 775,0.148999,0.464162,0.471949
[fold_r03] 800,0.262809,0.469290,0.478444
[fold_r03] 825,0.178862,0.457982,0.466223
[fold_r03] 850,0.255417,0.461664,0.470631
[fold_r03] 875,0.088042,0.456626,0.464706
[fold_r03] 900,0.144113,0.457362,0.465362
[fold_r03] 925,0.277100,0.455987,0.464193
[fold_r03] 950,0.251050,0.455105,0.463770
[fold_r03] 975,0.362380,0.456884,0.464617
[fold_r03] 1000,0.137590,0.453889,0.461974
[fold_r03] 1025,0.292780,0.456172,0.464542
[fold_r03] 1050,0.335114,0.455310,0.463048
[fold_r03] 1075,0.195602,0.453308,0.460882
[fold_r03] 1100,0.287151,0.458603,0.467714
[fold_r03] 1125,0.213735,0.454585,0.462711
[fold_r03] 1150,0.252078,0.460332,0.468185
[fold_r03] 1175,0.179852,0.452502,0.460340
[fold_r03] 1200,0.273281,0.451556,0.459517
[fold_r03] 1225,0.162744,0.451629,0.459497
[fold_r03] 1250,0.204770,0.451059,0.458836
[fold_r03] 1275,0.042729,0.452032,0.459962
[fold_r03] 1300,0.246182,0.450651,0.458232
[fold_r03] 1325,0.314965,0.452072,0.459540
[fold_r03] 1350,0.298318,0.452275,0.460189
[fold_r03] 1375,0.107073,0.453996,0.461881
[fold_r03] 1400,0.318579,0.450261,0.457969
[fold_r03] 1425,0.187427,0.449900,0.457813
[fold_r03] 1450,0.138768,0.449626,0.457357
[fold_r03] 1475,0.092510,0.449635,0.457478
[fold_r03] 1500,0.263992,0.449343,0.457157
[fold_r03] 1525,0.158586,0.449579,0.457205
[fold_r03] 1550,0.133186,0.449671,0.457110
[fold_r03] 1575,0.390690,0.449599,0.457406
[fold_r03] 1600,0.273916,0.449383,0.457220
[fold_r03] 1625,0.116342,0.450030,0.457753
[fold_r03] 1650,0.103828,0.448947,0.456618
[fold_r03] 1675,0.141760,0.448818,0.456509
[fold_r03] 1700,0.169551,0.448922,0.456672
[fold_r03] 1725,0.204557,0.448870,0.456500
[fold_r03] 1750,0.160460,0.448913,0.456465
[fold_r03] 1775,0.199359,0.448778,0.456494
[fold_r03] 1800,0.135736,0.448705,0.456438
[fold_r03] 1825,0.335339,0.448666,0.456258
[fold_r03] 1850,0.225863,0.448645,0.456280
[fold_r03] 1875,0.268126,0.448652,0.456275
[fold_r03] 1900,0.233618,0.448624,0.456261
[fold_r03] 1925,0.349657,0.448577,0.456223
[fold_r03] 1950,0.244792,0.448582,0.456265
[fold_r03] 1975,0.272159,0.448602,0.456226
[fold_r03] 2000,0.259249,0.448548,0.456184
[fold_r03] 2025,0.148359,0.448537,0.456210
[fold_r03] 2050,0.231805,0.448518,0.456205
[fold_r03] 2075,0.266758,0.448517,0.456192
[fold_r04] 0,1.363715,1.254713,1.234157
[fold_r04] 1,1.682911,1.225905,1.205152
[fold_r04] 25,0.375969,0.986093,0.967426
[fold_r04] 50,0.319254,0.910199,0.892476
[fold_r04] 75,1.238664,0.832864,0.816677
[fold_r04] 100,1.350106,0.855896,0.837754
[fold_r04] 125,0.493956,0.739628,0.735027
[fold_r04] 150,0.743181,0.806720,0.789072
[fold_r04] 175,0.644039,0.714825,0.701824
[fold_r04] 200,0.482785,0.683677,0.675159
[fold_r04] 225,0.498727,0.693024,0.685321
[fold_r04] 250,0.546405,0.646952,0.636827
[fold_r04] 275,0.556839,0.680384,0.670043
[fold_r04] 300,0.498131,0.665537,0.661415
[fold_r04] 325,0.364855,0.586529,0.578977
[fold_r04] 350,0.360974,0.531673,0.531548
[fold_r04] 375,0.101016,0.707721,0.701853
[fold_r04] 400,0.468691,0.627158,0.617625
[fold_r04] 425,0.181747,0.516353,0.513767
[fold_r04] 450,0.391650,0.542536,0.537278
[fold_r04] 475,0.320748,0.541274,0.540247
[fold_r04] 500,0.149332,0.552491,0.546574
[fold_r04] 525,0.175375,0.502721,0.506617
[fold_r04] 550,0.147132,0.490736,0.493784
[fold_r04] 575,0.441224,0.499773,0.500323
[fold_r04] 600,0.089180,0.479124,0.484493
[fold_r04] 625,0.224122,0.475135,0.477937
[fold_r04] 650,0.311832,0.482411,0.487383
[fold_r04] 675,0.102868,0.479376,0.480573
[fold_r04] 700,0.058671,0.508660,0.509488
[fold_r04] 725,0.125624,0.468621,0.473219
[fold_r04] 750,0.264877,0.465115,0.467952
[fold_r04] 775,0.171686,0.460977,0.466374
[fold_r04] 800,0.147279,0.460098,0.465583
[fold_r04] 825,0.312954,0.458980,0.464052
[fold_r04] 850,0.069634,0.461134,0.467000
[fold_r04] 875,0.314610,0.456278,0.461877
[fold_r04] 900,0.081721,0.458975,0.464509
[fold_r04] 925,0.170132,0.455910,0.460529
[fold_r04] 950,0.083579,0.457721,0.462403
[fold_r04] 975,0.258565,0.457596,0.462788
[fold_r04] 1000,0.137393,0.455776,0.461380
[fold_r04] 1025,0.102598,0.453609,0.459614
[fold_r04] 1050,0.307145,0.457030,0.462088
[fold_r04] 1075,0.299593,0.453841,0.459891
[fold_r04] 1100,0.179411,0.453377,0.458799
[fold_r04] 1125,0.182228,0.452071,0.457633
[fold_r04] 1150,0.127169,0.451703,0.457622
[fold_r04] 1175,0.219726,0.453490,0.459585
[fold_r04] 1200,0.124733,0.453842,0.459092
[fold_r04] 1225,0.102012,0.452802,0.458984
[fold_r04] 1250,0.251271,0.450681,0.456678
[fold_r04] 1275,0.295015,0.450300,0.456283
[fold_r04] 1300,0.073361,0.452040,0.457968
[fold_r04] 1325,0.260074,0.451454,0.457309
[fold_r04] 1350,0.377610,0.450088,0.456167
[fold_r04] 1375,0.139471,0.450046,0.456177
[fold_r04] 1400,0.156533,0.449812,0.455833
[fold_r04] 1425,0.238148,0.450149,0.456074
[fold_r04] 1450,0.242906,0.449815,0.455930
[fold_r04] 1475,0.225148,0.449463,0.455558
[fold_r04] 1500,0.254415,0.450542,0.456432
[fold_r04] 1525,0.108953,0.449416,0.455704
[fold_r04] 1550,0.296890,0.449614,0.455860
[fold_r04] 1575,0.373212,0.449233,0.455481
[fold_r04] 1600,0.178861,0.448900,0.455183
[fold_r04] 1625,0.098494,0.449043,0.455272
[fold_r04] 1650,0.210690,0.449220,0.455204
[fold_r04] 1675,0.250853,0.448879,0.455120
[fold_r04] 1700,0.241760,0.448857,0.454988
[fold_r04] 1725,0.131492,0.448828,0.454970
[fold_r04] 1750,0.219483,0.448648,0.454889
[fold_r04] 1775,0.074465,0.448709,0.454951
[fold_r04] 1800,0.313557,0.448572,0.454808
[fold_r04] 1825,0.198512,0.448592,0.454741
[fold_r04] 1850,0.134367,0.448861,0.454880
[fold_r04] 1875,0.093517,0.448541,0.454704
[fold_r02] 0,0.670607,1.254168,1.254471
[fold_r02] 1,1.213659,1.225335,1.225735
[fold_r02] 25,0.571783,0.979708,0.983510
[fold_r02] 50,1.685270,0.946528,0.949781
[fold_r02] 75,0.531114,0.893275,0.884885
[fold_r02] 100,1.014046,0.933864,0.938568
[fold_r02] 125,0.677593,0.869418,0.871992
[fold_r02] 150,0.934972,0.804237,0.808609
[fold_r02] 175,0.688084,0.918113,0.924635
[fold_r02] 200,0.694238,0.881533,0.888120
[fold_r02] 225,0.403019,0.812506,0.812495
[fold_r02] 250,0.478213,0.732513,0.733498
[fold_r02] 275,0.181895,0.738909,0.737552
[fold_r02] 300,0.562147,0.738982,0.737252
[fold_r02] 325,0.662077,0.706445,0.704743
[fold_r02] 350,0.497572,0.711809,0.703664
[fold_r02] 375,0.581566,0.698328,0.695383
[fold_r02] 400,0.290321,0.695698,0.692610
[fold_r02] 425,0.438742,0.684868,0.679830
[fold_r02] 450,0.698416,0.684906,0.682049
[fold_r02] 475,0.561513,0.688044,0.685648
[fold_r02] 500,0.610053,0.695812,0.694186
[fold_r02] 525,0.806253,0.677245,0.673701
[fold_r02] 550,0.276608,0.666715,0.661850
[fold_r02] 575,0.552775,0.655543,0.652548
[fold_r02] 600,0.256996,0.638555,0.638276
[fold_r02] 625,0.536445,0.617528,0.615986
[fold_r02] 650,0.272126,0.595731,0.591856
[fold_r02] 675,0.556352,0.585862,0.582731
[fold_r02] 700,0.218079,0.589281,0.588157
[fold_r02] 725,0.448763,0.578245,0.572871
[fold_r02] 750,0.356842,0.562407,0.557310
[fold_r02] 775,0.212718,0.563503,0.558471
[fold_r02] 800,0.130112,0.556409,0.550926
[fold_r02] 825,0.550853,0.558701,0.555751
[fold_r02] 850,0.306289,0.547539,0.543262
[fold_r02] 875,0.372652,0.539954,0.536320
[fold_r02] 900,0.153119,0.537931,0.534724
[fold_r02] 925,0.123348,0.521784,0.520690
[fold_r02] 950,0.267418,0.515384,0.512879
[fold_r02] 975,0.145039,0.506452,0.503707
[fold_r02] 1000,0.380362,0.505575,0.502283
[fold_r02] 1025,0.464240,0.496444,0.492994
[fold_r02] 1050,0.324040,0.492976,0.489007
[fold_r02] 1075,0.145168,0.491187,0.488221
[fold_r02] 1100,0.195894,0.491417,0.487957
[fold_r02] 1125,0.319522,0.488311,0.484976
[fold_r02] 1150,0.316007,0.482602,0.479903
[fold_r02] 1175,0.228462,0.485308,0.481730
[fold_r02] 1200,0.378841,0.484252,0.480683
[fold_r02] 1225,0.341431,0.477913,0.474218
[fold_r02] 1250,0.211652,0.474987,0.471097
[fold_r02] 1275,0.291644,0.475604,0.472618
[fold_r02] 1300,0.232875,0.470151,0.466661
[fold_r02] 1325,0.344964,0.471887,0.468748
[fold_r02] 1350,0.243696,0.476642,0.473626
[fold_r02] 1375,0.233022,0.474081,0.470896
[fold_r02] 1400,0.277139,0.467290,0.464503
[fold_r02] 1425,0.156219,0.464243,0.460032
[fold_r02] 1450,0.107329,0.463611,0.459237
[fold_r02] 1475,0.216222,0.463024,0.459572
[fold_r02] 1500,0.290700,0.466885,0.463187
[fold_r02] 1525,0.286864,0.461836,0.458126
[fold_r02] 1550,0.276536,0.462214,0.458478
[fold_r02] 1575,0.370835,0.461248,0.457019
[fold_r02] 1600,0.349049,0.463943,0.459172
[fold_r02] 1625,0.273457,0.460861,0.457187
[fold_r02] 1650,0.112522,0.461180,0.456952
[fold_r02] 1675,0.120401,0.462470,0.458562
[fold_r02] 1700,0.378155,0.459080,0.455160
[fold_r02] 1725,0.242641,0.460434,0.456752
[fold_r02] 1750,0.171173,0.462427,0.457469
[fold_r02] 1775,0.128561,0.461399,0.456826
[fold_r02] 1800,0.134354,0.458697,0.454020
[fold_r02] 1825,0.244368,0.457460,0.453223
[fold_r06] 0,2.596408,1.252770,1.285037
[fold_r06] 1,1.273612,1.223957,1.256780
[fold_r06] 25,1.089468,0.978911,1.013548
[fold_r06] 50,0.835156,0.919860,0.954813
[fold_r06] 75,1.263398,0.922733,0.957801
[fold_r06] 100,0.550735,0.882114,0.919402
[fold_r06] 125,0.663208,0.777304,0.805068
[fold_r06] 150,0.250307,0.722793,0.743702
[fold_r06] 175,0.404252,0.811350,0.844719
[fold_r06] 200,0.594657,0.763149,0.786886
[fold_r06] 225,0.328672,0.690083,0.711153
[fold_r06] 250,0.619327,0.730868,0.744488
[fold_r06] 275,0.396773,0.722334,0.738067
[fold_r06] 300,0.414495,0.618584,0.642311
[fold_r06] 325,0.609078,0.577786,0.601652
[fold_r06] 350,0.114720,0.570096,0.589222
[fold_r06] 375,0.215796,0.554538,0.566788
[fold_r06] 400,0.496569,0.506256,0.520572
[fold_r06] 425,0.184424,0.565548,0.578881
[fold_r06] 450,0.363187,0.541807,0.549247
[fold_r06] 475,0.158781,0.499855,0.512057
[fold_r06] 500,0.241585,0.555034,0.565965
[fold_r06] 525,0.571409,0.578207,0.590537
[fold_r06] 550,0.343677,0.545135,0.558854
[fold_r06] 575,0.239461,0.489135,0.501301
[fold_r06] 600,0.451517,0.483194,0.494160
[fold_r06] 625,0.263562,0.477798,0.484487
[fold_r06] 650,0.165009,0.526399,0.536163
[fold_r06] 675,0.426193,0.472292,0.476389
[fold_r06] 700,0.116622,0.472599,0.476804
[fold_r06] 725,0.182708,0.483974,0.487822
[fold_r06] 750,0.228057,0.483640,0.488731
[fold_r06] 775,0.353008,0.464053,0.467547
[fold_r06] 800,0.082428,0.464312,0.466897
[fold_r06] 825,0.229903,0.471903,0.474992
[fold_r06] 850,0.288514,0.465412,0.468403
[fold_r06] 875,0.330096,0.461227,0.463739
[fold_r06] 900,0.133907,0.461240,0.462812
[fold_r06] 925,0.150053,0.465744,0.468876
[fold_r06] 950,0.084265,0.470936,0.473662
[fold_r06] 975,0.182215,0.461779,0.464252
[fold_r06] 1000,0.064022,0.458945,0.460952
[fold_r06] 1025,0.242759,0.458835,0.460923
[fold_r06] 1050,0.263307,0.457957,0.459554
[fold_r06] 1075,0.238842,0.458147,0.459958
[fold_r06] 1100,0.125923,0.458093,0.459711
[fold_r06] 1125,0.171048,0.457540,0.458997
[fold_r06] 1150,0.291362,0.457350,0.459084
[fold_r06] 1175,0.155388,0.457094,0.458683
[fold_r06] 1200,0.096278,0.456565,0.458236
[fold_r06] 1225,0.087151,0.458767,0.460039
[fold_r06] 1250,0.334067,0.458618,0.460059
[fold_r06] 1275,0.189884,0.457262,0.458472
[fold_r06] 1300,0.341439,0.456311,0.457584
[fold_r06] 1325,0.179581,0.456022,0.457152
[fold_r06] 1350,0.198951,0.455689,0.457001
[fold_r06] 1375,0.132252,0.455568,0.456875
[fold_r06] 1400,0.351191,0.455380,0.456345
[fold_r06] 1425,0.340547,0.455287,0.456291
[fold_r06] 1450,0.042883,0.456158,0.457351
[fold_r06] 1475,0.189815,0.456562,0.457985
[fold_r06] 1500,0.141526,0.455353,0.455905
[fold_r06] 1525,0.091586,0.455048,0.456127
[fold_r06] 1550,0.270114,0.455082,0.456120
[fold_r06] 1575,0.113281,0.454931,0.455725
[fold_r06] 1600,0.102628,0.454818,0.455557
[fold_r06] 1625,0.107010,0.455026,0.456010
[fold_r06] 1650,0.191067,0.454677,0.455470
[fold_r06] 1675,0.279873,0.455114,0.455938
[fold_r06] 1700,0.254929,0.454588,0.455112
[fold_r06] 1725,0.102605,0.454670,0.455034
[fold_r06] 1750,0.129021,0.454468,0.454886
[fold_r06] 1775,0.068271,0.454401,0.455219
[fold_r06] 1800,0.117934,0.454462,0.455381
[fold_r06] 1825,0.325513,0.454045,0.454637
[fold_r06] 1850,0.312810,0.454109,0.454276

Cross-validation summary (6-fold leave-one-realization-out)
Mean train RMSE norm      : 0.451703
Mean validation RMSE norm : 0.454753
Median best epoch         : 1875
Best-so-far checkpoint    : updated
Training-curve plot       : plots/cross_validation_curves.png
