[fold_r03] 0,0.848514,1.253450,1.247420
[fold_r03] 1,1.068904,1.241577,1.235465
[fold_r03] 25,0.524480,1.086244,1.078824
[fold_r03] 50,0.747650,1.002710,0.994783
[fold_r03] 75,0.449292,0.936320,0.928820
[fold_r03] 100,0.688080,0.829062,0.824254
[fold_r03] 125,0.809960,0.889935,0.880960
[fold_r03] 150,1.098509,0.937488,0.923416
[fold_r03] 175,1.495447,0.890166,0.875390
[fold_r03] 200,0.647651,0.873591,0.866350
[fold_r03] 225,0.918945,0.887017,0.876763
[fold_r03] 250,0.922748,0.862883,0.853723
[fold_r03] 275,0.780279,0.855744,0.838681
[fold_r03] 300,0.515096,0.826856,0.817261
[fold_r03] 325,0.167662,0.805617,0.799483
[fold_r03] 350,0.511604,0.759314,0.757417
[fold_r03] 375,0.723977,0.744069,0.742273
[fold_r03] 400,0.681286,0.731539,0.728637
[fold_r03] 425,0.600601,0.716856,0.715348
[fold_r03] 450,0.268080,0.703662,0.703509
[fold_r03] 475,0.293101,0.694587,0.695508
[fold_r03] 500,0.742334,0.686908,0.688326
[fold_r03] 525,0.374576,0.680880,0.682818
[fold_r03] 550,0.526527,0.682901,0.688073
[fold_r03] 575,0.379116,0.667551,0.673932
[fold_r03] 600,0.105564,0.661148,0.667909
[fold_r03] 625,0.236405,0.657515,0.662977
[fold_r03] 650,0.438581,0.649663,0.656442
[fold_r03] 675,0.459918,0.647712,0.655669
[fold_r03] 700,0.488315,0.651551,0.659791
[fold_r03] 725,0.353435,0.636527,0.645511
[fold_r03] 750,0.230855,0.630362,0.640792
[fold_r03] 775,0.189499,0.625480,0.636378
[fold_r03] 800,0.559179,0.619984,0.631379
[fold_r03] 825,0.495234,0.599166,0.609457
[fold_r03] 850,0.531478,0.586492,0.595405
[fold_r03] 875,0.562699,0.571324,0.579036
[fold_r03] 900,0.385519,0.567382,0.577019
[fold_r03] 925,0.240158,0.553636,0.560552
[fold_r03] 950,0.483077,0.553582,0.562106
[fold_r03] 975,0.536139,0.539211,0.544368
[fold_r03] 1000,0.426743,0.535578,0.540947
[fold_r03] 1025,0.468205,0.526340,0.531108
[fold_r03] 1050,0.224933,0.524458,0.528799
[fold_r03] 1075,0.186817,0.521598,0.524179
[fold_r03] 1100,0.171747,0.520681,0.523850
[fold_r03] 1125,0.284679,0.517684,0.522561
[fold_r03] 1150,0.269844,0.512130,0.515449
[fold_r03] 1175,0.136265,0.507995,0.512945
[fold_r03] 1200,0.441991,0.505277,0.509157
[fold_r03] 1225,0.217794,0.504804,0.508235
[fold_r03] 1250,0.091376,0.497060,0.501179
[fold_r03] 1275,0.123683,0.503066,0.508524
[fold_r03] 1300,0.428159,0.494601,0.499899
[fold_r03] 1325,0.289454,0.491070,0.495819
[fold_r03] 1350,0.083321,0.510091,0.515753
[fold_r03] 1375,0.260800,0.489693,0.494887
[fold_r03] 1400,0.305368,0.489666,0.494200
[fold_r03] 1425,0.101337,0.493254,0.496862
[fold_r03] 1450,0.261191,0.484761,0.488785
[fold_r03] 1475,0.349643,0.485811,0.490357
[fold_r03] 1500,0.131121,0.487136,0.490916
[fold_r03] 1525,0.270393,0.489755,0.493984
[fold_r03] 1550,0.105964,0.480963,0.485455
[fold_r03] 1575,0.295598,0.478771,0.483804
[fold_r03] 1600,0.276280,0.478086,0.482862
[fold_r03] 1625,0.155646,0.479375,0.484721
[fold_r03] 1650,0.197719,0.476498,0.481417
[fold_r03] 1675,0.207761,0.475526,0.480493
[fold_r03] 1700,0.075744,0.478418,0.483230
[fold_r03] 1725,0.235033,0.474336,0.479867
[fold_r03] 1750,0.196803,0.473101,0.478030
[fold_r03] 1775,0.191320,0.472030,0.476609
[fold_r03] 1800,0.286349,0.472516,0.477919
[fold_r03] 1825,0.405836,0.471146,0.476344
[fold_r03] 1850,0.045142,0.471935,0.477603
[fold_r03] 1875,0.307207,0.472891,0.478671
[fold_r03] 1900,0.273679,0.474883,0.479521
[fold_r03] 1925,0.232953,0.468022,0.473721
[fold_r06] 0,1.378973,1.252770,1.285037
[fold_r06] 1,1.427366,1.240876,1.273370
[fold_r06] 25,1.265806,1.081749,1.116724
[fold_r06] 50,0.360798,1.000995,1.035895
[fold_r06] 75,1.054748,0.938699,0.973600
[fold_r06] 100,0.713344,0.952345,0.986580
[fold_r06] 125,1.134419,0.986269,1.017908
[fold_r06] 150,0.803646,0.898732,0.932330
[fold_r06] 175,0.876728,0.857449,0.889813
[fold_r06] 200,0.664010,0.751959,0.777147
[fold_r06] 225,0.846821,0.719505,0.740084
[fold_r06] 250,0.586044,0.685248,0.703988
[fold_r06] 275,0.717003,0.772671,0.799479
[fold_r06] 300,0.610707,0.732290,0.759488
[fold_r06] 325,0.534409,0.723265,0.743955
[fold_r06] 350,0.613332,0.653555,0.672727
[fold_r06] 375,0.474244,0.645898,0.660630
[fold_r06] 400,0.433874,0.628622,0.647551
[fold_r06] 425,0.131715,0.615017,0.629141
[fold_r06] 450,0.367225,0.588787,0.600887
[fold_r06] 475,0.524252,0.574750,0.587027
[fold_r06] 500,0.247476,0.561011,0.572423
[fold_r06] 525,0.399156,0.635018,0.653345
[fold_r06] 550,0.577114,0.559066,0.571319
[fold_r06] 575,0.374689,0.549884,0.561109
[fold_r06] 600,0.154552,0.542396,0.554196
[fold_r06] 625,0.127167,0.537848,0.549727
[fold_r06] 650,0.092669,0.524095,0.537838
[fold_r06] 675,0.304087,0.522452,0.535225
[fold_r06] 700,0.526162,0.513625,0.526806
[fold_r06] 725,0.289697,0.516615,0.529702
[fold_r06] 750,0.266997,0.508773,0.520254
[fold_r06] 775,0.124665,0.521015,0.534065
[fold_r06] 800,0.380976,0.517845,0.529784
[fold_r06] 825,0.213149,0.504082,0.517474
[fold_r06] 850,0.194421,0.505993,0.518287
[fold_r06] 875,0.322819,0.499831,0.511458
[fold_r06] 900,0.196240,0.514990,0.524694
[fold_r06] 925,0.280112,0.497615,0.507312
[fold_r06] 950,0.397485,0.505675,0.516416
[fold_r06] 975,0.111600,0.490088,0.501454
[fold_r06] 1000,0.121218,0.513957,0.524141
[fold_r06] 1025,0.276991,0.484653,0.495360
[fold_r06] 1050,0.200477,0.534815,0.541070
[fold_r06] 1075,0.147619,0.558809,0.568861
[fold_r06] 1100,0.269961,0.490461,0.499721
[fold_r06] 1125,0.187967,0.479349,0.490099
[fold_r06] 1150,0.250945,0.481794,0.490191
[fold_r06] 1175,0.296470,0.480153,0.488541
[fold_r06] 1200,0.319072,0.479156,0.488326
[fold_r06] 1225,0.317133,0.479597,0.488133
[fold_r06] 1250,0.226386,0.474655,0.482590
[fold_r06] 1275,0.376890,0.478320,0.485060
[fold_r06] 1300,0.182934,0.479003,0.486841
[fold_r06] 1325,0.275846,0.480270,0.487508
[fold_r06] 1350,0.233905,0.469155,0.475797
[fold_r06] 1375,0.050305,0.472778,0.479512
[fold_r06] 1400,0.342729,0.468889,0.475460
[fold_r06] 1425,0.358402,0.469324,0.476060
[fold_r06] 1450,0.376624,0.476402,0.482449
[fold_r06] 1475,0.398330,0.469812,0.475397
[fold_r06] 1500,0.263496,0.467112,0.472856
[fold_r06] 1525,0.321036,0.466141,0.471525
[fold_r06] 1550,0.128691,0.467881,0.473566
[fold_r06] 1575,0.078977,0.467278,0.471951
[fold_r06] 1600,0.159561,0.465654,0.470480
[fold_r06] 1625,0.264071,0.465790,0.470157
[fold_r06] 1650,0.273158,0.465724,0.470317
[fold_r06] 1675,0.283999,0.464777,0.469168
[fold_r01] 0,1.053656,1.253403,1.259241
[fold_r01] 1,0.709676,1.241574,1.247457
[fold_r01] 25,1.051062,1.085023,1.091045
[fold_r01] 50,0.962304,0.996528,1.001629
[fold_r01] 75,0.644118,0.927626,0.931806
[fold_r01] 100,0.525786,0.987107,0.993774
[fold_r01] 125,1.221925,0.891003,0.895521
[fold_r01] 150,0.688844,0.929127,0.925938
[fold_r01] 175,0.522118,0.772467,0.766406
[fold_r01] 200,0.557370,0.786880,0.784921
[fold_r01] 225,0.169355,0.745235,0.743038
[fold_r01] 250,0.451767,0.730572,0.736350
[fold_r01] 275,0.204824,0.846433,0.843668
[fold_r01] 300,0.150579,0.715825,0.716254
[fold_r01] 325,0.441428,0.699089,0.699295
[fold_r01] 350,0.481334,0.709097,0.716906
[fold_r01] 375,0.308463,0.655414,0.656333
[fold_r01] 400,0.491404,0.658322,0.658950
[fold_r01] 425,0.848491,0.771456,0.774507
[fold_r01] 450,0.812521,0.685416,0.685966
[fold_r01] 475,0.400826,0.635457,0.638179
[fold_r01] 500,0.443027,0.627908,0.629144
[fold_r01] 525,0.238370,0.594676,0.597477
[fold_r01] 550,0.464692,0.585523,0.588380
[fold_r01] 575,0.319877,0.585286,0.589515
[fold_r01] 600,0.491736,0.550557,0.557485
[fold_r01] 625,0.305623,0.560777,0.563872
[fold_r01] 650,0.164175,0.536030,0.541383
[fold_r01] 675,0.371632,0.551696,0.556464
[fold_r01] 700,0.172615,0.544363,0.548846
[fold_r01] 725,0.171854,0.528774,0.535277
[fold_r01] 750,0.136140,0.514947,0.521120
[fold_r01] 775,0.341900,0.511975,0.517587
[fold_r01] 800,0.274372,0.542999,0.549099
[fold_r01] 825,0.435001,0.516017,0.524164
[fold_r01] 850,0.141518,0.518518,0.524324
[fold_r01] 875,0.077439,0.499649,0.505489
[fold_r01] 900,0.237947,0.498439,0.504512
[fold_r01] 925,0.202287,0.488865,0.495529
[fold_r01] 950,0.237950,0.493602,0.499749
[fold_r01] 975,0.334144,0.490749,0.497892
[fold_r01] 1000,0.164473,0.492111,0.499922
[fold_r01] 1025,0.250807,0.483725,0.490950
[fold_r01] 1050,0.081803,0.481904,0.490074
[fold_r01] 1075,0.185307,0.481319,0.489356
[fold_r01] 1100,0.264758,0.491348,0.498389
[fold_r01] 1125,0.392309,0.480724,0.488962
[fold_r01] 1150,0.441085,0.484824,0.493308
[fold_r01] 1175,0.277214,0.493770,0.500764
[fold_r01] 1200,0.238000,0.478641,0.486674
[fold_r01] 1225,0.396953,0.476476,0.484425
[fold_r01] 1250,0.279474,0.477265,0.485225
[fold_r01] 1275,0.257807,0.474486,0.482293
[fold_r01] 1300,0.234577,0.474617,0.482706
[fold_r01] 1325,0.255311,0.475005,0.483144
[fold_r01] 1350,0.379086,0.471804,0.480481
[fold_r01] 1375,0.175808,0.471256,0.479821
[fold_r01] 1400,0.360601,0.473089,0.481048
[fold_r01] 1425,0.201947,0.475578,0.483536
[fold_r01] 1450,0.369395,0.468959,0.477217
[fold_r01] 1475,0.284547,0.468642,0.477158
[fold_r01] 1500,0.117167,0.470419,0.478086
[fold_r01] 1525,0.150057,0.467962,0.476176
[fold_r01] 1550,0.258671,0.470858,0.478570
[fold_r01] 1575,0.149127,0.469465,0.477130
[fold_r01] 1600,0.129616,0.467713,0.475971
[fold_r01] 1625,0.165595,0.466645,0.474694
[fold_r01] 1650,0.169573,0.467809,0.475914
[fold_r01] 1675,0.325215,0.466556,0.474910
[fold_r01] 1700,0.175609,0.467862,0.476232
[fold_r01] 1725,0.400669,0.464375,0.472721
[fold_r01] 1750,0.236501,0.464743,0.473142
[fold_r01] 1775,0.344378,0.464328,0.472479
[fold_r01] 1800,0.208845,0.463256,0.471327
[fold_r01] 1825,0.197858,0.463520,0.471469
[fold_r01] 1850,0.159171,0.463060,0.471196
[fold_r01] 1875,0.317963,0.462793,0.470964
[fold_r01] 1900,0.218023,0.463114,0.471436
[fold_r01] 1925,0.254212,0.462208,0.470383
[fold_r01] 1950,0.411370,0.461808,0.469635
[fold_r01] 1975,0.241303,0.463530,0.471243
[fold_r01] 2000,0.137935,0.461502,0.469474
[fold_r05] 0,2.082861,1.253508,1.241749
[fold_r05] 1,1.680074,1.241621,1.229714
[fold_r05] 25,1.507096,1.081738,1.067133
[fold_r05] 50,0.981320,0.992395,0.976753
[fold_r05] 75,0.577756,0.935547,0.920381
[fold_r05] 100,0.745045,0.969021,0.954176
[fold_r05] 125,0.251400,0.939341,0.923480
[fold_r05] 150,0.706552,0.877892,0.870100
[fold_r05] 175,0.681695,0.885307,0.894633
[fold_r05] 200,0.750715,0.808457,0.807363
[fold_r05] 225,0.622015,0.769356,0.773642
[fold_r05] 250,0.325086,0.732614,0.736922
[fold_r05] 275,0.899822,0.728520,0.732196
[fold_r05] 300,0.322605,0.705476,0.710670
[fold_r05] 325,0.460919,0.729448,0.728111
[fold_r05] 350,0.719592,0.672362,0.680092
[fold_r05] 375,0.123349,0.653791,0.663509
[fold_r05] 400,0.480297,0.644533,0.653509
[fold_r05] 425,0.340574,0.713645,0.721526
[fold_r05] 450,0.267944,0.654496,0.661476
[fold_r05] 475,0.749594,0.664467,0.668962
[fold_r05] 500,0.283755,0.625868,0.634749
[fold_r05] 525,0.260981,0.621559,0.628050
[fold_r05] 550,0.375284,0.602947,0.610160
[fold_r05] 575,0.453416,0.616643,0.619619
[fold_r05] 600,0.216728,0.585972,0.590721
[fold_r05] 625,0.490118,0.569635,0.573821
[fold_r05] 650,0.447863,0.545923,0.548225
[fold_r05] 675,0.195803,0.559252,0.566001
[fold_r05] 700,0.097391,0.539191,0.543824
[fold_r05] 725,0.353331,0.552358,0.552885
[fold_r05] 750,0.052389,0.544087,0.543012
[fold_r05] 775,0.070898,0.525325,0.525814
[fold_r05] 800,0.175155,0.531133,0.529954
[fold_r05] 825,0.216640,0.530894,0.533455
[fold_r05] 850,0.153414,0.522642,0.524371
[fold_r05] 875,0.418054,0.516244,0.517298
[fold_r05] 900,0.275488,0.513182,0.515693
[fold_r05] 925,0.342553,0.511947,0.513232
[fold_r05] 950,0.378841,0.500771,0.502686
[fold_r05] 975,0.053858,0.539029,0.541138
[fold_r05] 1000,0.264531,0.496519,0.499362
[fold_r05] 1025,0.438633,0.498618,0.499033
[fold_r05] 1050,0.434765,0.484435,0.486401
[fold_r05] 1075,0.309020,0.484883,0.487688
[fold_r05] 1100,0.287517,0.490181,0.490095
[fold_r05] 1125,0.138769,0.481219,0.482817
[fold_r05] 1150,0.194261,0.491658,0.490860
[fold_r05] 1175,0.207081,0.484172,0.484776
[fold_r05] 1200,0.149314,0.480536,0.480626
[fold_r05] 1225,0.258594,0.518373,0.515921
[fold_r05] 1250,0.069637,0.480193,0.483084
[fold_r05] 1275,0.236201,0.485266,0.488399
[fold_r05] 1300,0.066527,0.476113,0.478496
[fold_r05] 1325,0.122814,0.479693,0.480669
[fold_r05] 1350,0.262713,0.476126,0.477344
[fold_r05] 1375,0.230717,0.469944,0.471016
[fold_r05] 1400,0.204852,0.470875,0.473279
[fold_r04] 0,1.142549,1.254713,1.234157
[fold_r04] 1,1.265440,1.242818,1.222173
[fold_r04] 25,1.275219,1.085366,1.064828
[fold_r04] 50,1.118372,0.997618,0.978151
[fold_r04] 75,0.522632,0.938725,0.920519
[fold_r04] 100,0.890211,0.871432,0.855913
[fold_r04] 125,0.886287,0.845653,0.824608
[fold_r04] 150,0.460074,0.808171,0.789330
[fold_r04] 175,0.558653,0.818108,0.799562
[fold_r04] 200,0.500339,0.755733,0.735939
[fold_r04] 225,0.568861,0.737312,0.718094
[fold_r04] 250,0.356953,0.754926,0.736324
[fold_r04] 275,0.330195,0.701132,0.685496
[fold_r04] 300,0.277568,0.686302,0.673301
[fold_r04] 325,0.976239,0.738187,0.719241
[fold_r04] 350,0.266821,0.727126,0.713787
[fold_r04] 375,0.380922,0.705028,0.689242
[fold_r04] 400,0.410139,0.651763,0.638310
[fold_r04] 425,0.295331,0.655248,0.641286
[fold_r04] 450,0.097329,0.661193,0.647594
[fold_r04] 475,0.217681,0.624724,0.613524
[fold_r04] 500,0.215106,0.609765,0.595611
[fold_r04] 525,0.570841,0.600184,0.591580
[fold_r04] 550,0.342364,0.573846,0.564958
[fold_r04] 575,0.135783,0.550297,0.552943
[fold_r04] 600,0.492368,0.586029,0.579211
[fold_r04] 625,0.197367,0.540349,0.540686
[fold_r04] 650,0.084897,0.530271,0.527050
[fold_r04] 675,0.324954,0.522649,0.521010
[fold_r04] 700,0.456178,0.520969,0.523266
[fold_r04] 725,0.184671,0.518019,0.520532
[fold_r04] 750,0.353255,0.518163,0.519402
[fold_r04] 775,0.171821,0.543043,0.547216
[fold_r04] 800,0.232178,0.515756,0.514029
[fold_r04] 825,0.292940,0.521257,0.525716
[fold_r04] 850,0.254874,0.500089,0.503815
[fold_r04] 875,0.283602,0.505907,0.509954
[fold_r04] 900,0.280918,0.503941,0.504145
[fold_r04] 925,0.327643,0.507422,0.508329
[fold_r04] 950,0.078830,0.492413,0.494770
[fold_r04] 975,0.190799,0.488169,0.490063
[fold_r04] 1000,0.087595,0.488756,0.491770
[fold_r04] 1025,0.132351,0.491949,0.493382
[fold_r04] 1050,0.105990,0.482517,0.485506
[fold_r04] 1075,0.405419,0.478835,0.484181
[fold_r04] 1100,0.245410,0.482077,0.485389
[fold_r04] 1125,0.195294,0.490019,0.491827
[fold_r04] 1150,0.365981,0.486802,0.488137
[fold_r04] 1175,0.294027,0.475755,0.480581
[fold_r04] 1200,0.391120,0.473139,0.476952
[fold_r04] 1225,0.261709,0.472802,0.476540
[fold_r04] 1250,0.109913,0.474256,0.477249
[fold_r04] 1275,0.209762,0.471352,0.475248
[fold_r04] 1300,0.252886,0.469558,0.473249
[fold_r04] 1325,0.288624,0.469655,0.473555
[fold_r04] 1350,0.413062,0.469388,0.472784
[fold_r04] 1375,0.335492,0.468576,0.472157
[fold_r04] 1400,0.110902,0.468134,0.472660
[fold_r04] 1425,0.172012,0.467369,0.470671
[fold_r04] 1450,0.381547,0.465323,0.469513
[fold_r04] 1475,0.261550,0.464943,0.468351
[fold_r04] 1500,0.164613,0.464735,0.468585
[fold_r04] 1525,0.090524,0.468186,0.472414
[fold_r04] 1550,0.391779,0.465132,0.469282
[fold_r04] 1575,0.086305,0.463083,0.467250
[fold_r04] 1600,0.132419,0.463266,0.467389
[fold_r04] 1625,0.209087,0.462766,0.467212
[fold_r04] 1650,0.349292,0.464206,0.468664
[fold_r04] 1675,0.186818,0.462119,0.466484
[fold_r04] 1700,0.368586,0.461397,0.465742
[fold_r04] 1725,0.089526,0.461338,0.465420
[fold_r04] 1750,0.169518,0.461153,0.465376
[fold_r04] 1775,0.388985,0.460789,0.465013
[fold_r04] 1800,0.277283,0.460655,0.465056
[fold_r04] 1825,0.383240,0.461065,0.465242
[fold_r04] 1850,0.349965,0.460539,0.464890
[fold_r04] 1875,0.145069,0.460173,0.464513
[fold_r04] 1900,0.245392,0.460453,0.465005
[fold_r04] 1925,0.235415,0.460078,0.464127
[fold_r04] 1950,0.168821,0.459956,0.464338
[fold_r04] 1975,0.225128,0.459953,0.464408
[fold_r04] 2000,0.129034,0.459436,0.463738
[fold_r02] 0,1.566262,1.254168,1.254471
[fold_r02] 1,1.004510,1.242296,1.242638
[fold_r02] 25,1.107633,1.084718,1.086281
[fold_r02] 50,0.535493,1.003725,1.006934
[fold_r02] 75,1.201542,0.942038,0.945655
[fold_r02] 100,1.426959,0.935308,0.944751
[fold_r02] 125,0.537770,0.824101,0.825544
[fold_r02] 150,1.054938,0.747949,0.750196
[fold_r02] 175,0.451315,0.790987,0.792185
[fold_r02] 200,0.571124,0.761034,0.765735
[fold_r02] 225,0.583555,0.738312,0.738965
[fold_r02] 250,0.512615,0.795549,0.799052
[fold_r02] 275,0.585599,0.712882,0.707360
[fold_r02] 300,0.476620,0.797778,0.799738
[fold_r02] 325,0.854573,0.756725,0.757592
[fold_r02] 350,0.403429,0.687632,0.684129
[fold_r02] 375,0.204330,0.703540,0.703573
[fold_r02] 400,0.479142,0.692575,0.691798
[fold_r02] 425,0.737851,0.649997,0.644864
[fold_r02] 450,0.413251,0.688858,0.688277
[fold_r02] 475,0.709625,0.636875,0.633710
[fold_r02] 500,0.463331,0.625877,0.622745
[fold_r02] 525,0.356449,0.603173,0.599367
[fold_r02] 550,0.334204,0.724744,0.715815
[fold_r02] 575,0.209561,0.592948,0.590288
[fold_r02] 600,0.276581,0.593920,0.593433
[fold_r02] 625,0.212985,0.565200,0.562719
[fold_r02] 650,0.553397,0.557550,0.553606
[fold_r02] 675,0.345605,0.527139,0.521065
[fold_r02] 700,0.214778,0.542025,0.540508
[fold_r02] 725,0.367563,0.532370,0.528170
[fold_r02] 750,0.317258,0.555703,0.553825
[fold_r02] 775,0.089275,0.503161,0.498231
[fold_r02] 800,0.303868,0.494120,0.488966
[fold_r02] 825,0.460652,0.504059,0.501364
[fold_r02] 850,0.356048,0.499823,0.495789
[fold_r02] 875,0.249940,0.499333,0.496503
[fold_r02] 900,0.362161,0.482219,0.478687
[fold_r02] 925,0.220669,0.486127,0.482352
[fold_r02] 950,0.241052,0.479594,0.476057
[fold_r02] 975,0.404328,0.480804,0.477499
[fold_r02] 1000,0.179394,0.475355,0.471983
[fold_r02] 1025,0.236738,0.475223,0.471771
[fold_r02] 1050,0.286854,0.473527,0.469408
[fold_r02] 1075,0.192996,0.472547,0.468808
[fold_r02] 1100,0.316152,0.475561,0.472031
[fold_r02] 1125,0.165600,0.474253,0.471218
[fold_r02] 1150,0.134112,0.472136,0.468436
[fold_r02] 1175,0.304242,0.470621,0.467151
[fold_r02] 1200,0.297009,0.468872,0.466082
[fold_r02] 1225,0.344180,0.467926,0.463750
[fold_r02] 1250,0.151090,0.468902,0.464819
[fold_r02] 1275,0.112507,0.469091,0.466351
[fold_r02] 1300,0.205321,0.466207,0.462264
[fold_r02] 1325,0.097607,0.465700,0.462207
[fold_r02] 1350,0.165793,0.474548,0.471645
[fold_r02] 1375,0.291349,0.466544,0.463047
[fold_r02] 1400,0.153495,0.463960,0.459681
[fold_r02] 1425,0.345570,0.466357,0.464026
[fold_r02] 1450,0.253869,0.462908,0.458477
[fold_r02] 1475,0.213458,0.463160,0.459969
[fold_r02] 1500,0.181150,0.468058,0.465721
[fold_r02] 1525,0.079648,0.469175,0.466545
[fold_r02] 1550,0.315016,0.459771,0.455562
[fold_r02] 1575,0.298447,0.460186,0.455484

Cross-validation summary (6-fold leave-one-realization-out)
Mean train RMSE norm      : 0.463978
Mean validation RMSE norm : 0.467100
Median best epoch         : 1800
Best-so-far checkpoint    : updated
Training-curve plot       : plots/cross_validation_curves.png
