[fold_3] 0,1.169614,1.093829,1.102976
[fold_3] 1,1.187572,1.092067,1.101207
[fold_3] 10,1.219949,1.076532,1.085646
[fold_3] 20,1.087826,1.059870,1.068936
[fold_3] 30,0.997203,1.043695,1.052645
[fold_3] 40,1.042735,1.027591,1.036377
[fold_3] 50,1.054427,1.011389,1.019975
[fold_3] 60,1.023193,0.994651,1.003015
[fold_3] 70,0.910909,0.977029,0.985133
[fold_3] 80,0.938535,0.958118,0.965895
[fold_3] 90,0.894098,0.937464,0.944890
[fold_3] 100,0.848847,0.914446,0.921600
[fold_3] 110,0.819276,0.888478,0.895390
[fold_3] 120,0.741012,0.858858,0.865586
[fold_3] 130,0.650511,0.825003,0.831540
[fold_3] 140,0.631460,0.786408,0.792814
[fold_3] 150,0.619498,0.743113,0.749455
[fold_3] 160,0.499921,0.696075,0.702373
[fold_3] 170,0.392387,0.647921,0.654169
[fold_3] 180,0.401201,0.603043,0.609283
[fold_3] 190,0.316354,0.567363,0.573585
[fold_3] 200,0.305169,0.541493,0.547098
[fold_3] 210,0.274285,0.509910,0.514770
[fold_3] 220,0.225100,0.518773,0.523914
[fold_3] 230,0.217059,0.540448,0.693776
[fold_3] 240,0.201270,0.549538,0.709964
[fold_3] 250,0.227725,0.547044,0.704724
[fold_3] 260,0.236471,0.601770,0.637848
[fold_3] 270,0.361964,0.577624,0.558720
[fold_3] 280,0.484395,0.556700,0.551460
[fold_3] 290,0.444043,0.538770,0.568209
[fold_3] 300,0.379758,0.518274,0.693328
[fold_3] 310,0.166443,0.516599,0.692394
[fold_4] 0,1.161222,1.093706,1.086865
[fold_4] 1,1.204491,1.091946,1.085085
[fold_4] 10,1.068599,1.076465,1.069431
[fold_4] 20,1.080057,1.059805,1.052652
[fold_4] 30,1.134633,1.043515,1.036378
[fold_4] 40,1.137469,1.027339,1.020296
[fold_4] 50,1.059143,1.011035,1.004095
[fold_4] 60,1.025523,0.994266,0.987376
[fold_4] 70,1.011607,0.976671,0.969728
[fold_4] 80,0.954400,0.957817,0.950649
[fold_4] 90,0.913044,0.937235,0.929703
[fold_4] 100,0.876822,0.914383,0.906419
[fold_4] 110,0.800463,0.888558,0.880173
[fold_4] 120,0.717463,0.859071,0.850303
[fold_4] 130,0.645171,0.825288,0.816140
[fold_4] 140,0.589269,0.786761,0.777325
[fold_4] 150,0.613998,0.743433,0.733927
[fold_4] 160,0.502018,0.696173,0.686812
[fold_4] 170,0.397573,0.647638,0.638486
[fold_4] 180,0.381590,0.602635,0.593586
[fold_4] 190,0.337066,0.566469,0.557802
[fold_4] 200,0.301672,0.539287,0.531358
[fold_4] 210,0.234255,0.506589,0.499256
[fold_4] 220,0.238353,0.522886,0.517835
[fold_4] 230,0.212998,0.607938,0.690273
[fold_4] 240,0.175254,0.765041,0.909086
[fold_4] 250,0.339408,0.597054,0.705600
[fold_4] 260,0.397607,0.561541,0.706612
[fold_4] 270,0.524427,0.565681,0.596050
[fold_4] 280,0.423242,0.553274,0.593244
[fold_4] 290,0.296141,0.550490,0.590559
[fold_4] 300,0.191888,0.528712,0.601948
[fold_4] 310,0.211482,0.549228,0.606702
[fold_1] 0,1.192647,1.094168,1.099788
[fold_1] 1,1.178240,1.092403,1.098038
[fold_1] 10,1.147406,1.076901,1.082702
[fold_1] 20,1.066361,1.060220,1.066234
[fold_1] 30,1.039993,1.043887,1.050138
[fold_1] 40,1.111602,1.027686,1.034202
[fold_1] 50,1.018133,1.011273,1.018069
[fold_1] 60,0.977257,0.994427,1.001457
[fold_1] 70,0.903123,0.976804,0.983940
[fold_1] 80,0.930839,0.957970,0.965056
[fold_1] 90,0.968825,0.937391,0.944352
[fold_1] 100,1.017368,0.914495,0.921434
[fold_1] 110,0.839096,0.888629,0.895780
[fold_1] 120,0.788150,0.859093,0.866745
[fold_1] 130,0.742923,0.825210,0.833645
[fold_1] 140,0.634504,0.786606,0.795941
[fold_1] 150,0.555998,0.743328,0.753510
[fold_1] 160,0.479480,0.696257,0.707019
[fold_1] 170,0.443138,0.647976,0.658762
[fold_1] 180,0.362716,0.603365,0.613219
[fold_1] 190,0.316633,0.567679,0.575088
[fold_1] 200,0.300172,0.542293,0.545666
[fold_1] 210,0.267126,0.512230,0.512119
[fold_1] 220,0.242442,0.511464,0.507011
[fold_1] 230,0.392635,0.504686,0.548856
[fold_1] 240,0.215721,0.495983,0.518717
[fold_1] 250,0.191227,0.483873,0.520977
[fold_1] 260,0.313335,0.482477,0.527220
[fold_1] 270,0.266988,0.477190,0.522083
[fold_1] 280,0.181540,0.472544,0.499039
[fold_1] 290,0.196066,0.468670,0.497800
[fold_1] 300,0.238122,0.462988,0.490416
[fold_1] 310,0.178730,0.457903,0.477691
[fold_1] 320,0.176200,0.454984,0.474645
[fold_1] 330,0.180291,0.449124,0.454075
[fold_1] 340,0.258654,0.440697,0.431498
[fold_1] 350,0.168262,0.438202,0.432435
[fold_1] 360,0.160272,0.440360,0.452749
[fold_1] 370,0.198570,0.437113,0.456226
[fold_1] 380,0.155595,0.451256,0.463628
[fold_1] 390,0.169852,0.451971,0.464822
[fold_1] 400,0.298202,0.450557,0.460970
[fold_1] 410,0.148286,0.449697,0.458712
[fold_1] 420,0.152414,0.448874,0.457481
[fold_1] 430,0.148478,0.447658,0.455197
[fold_1] 440,0.147235,0.447176,0.454209
[fold_2] 0,1.228050,1.094224,1.091092
[fold_2] 1,1.206511,1.092464,1.089317
[fold_2] 10,1.101534,1.077008,1.073789
[fold_2] 20,1.109561,1.060415,1.057107
[fold_2] 30,1.059026,1.044166,1.040751
[fold_2] 40,1.084685,1.028073,1.024493
[fold_2] 50,1.037177,1.011799,1.008031
[fold_2] 60,0.981657,0.995016,0.991206
[fold_2] 70,1.013829,0.977335,0.973721
[fold_2] 80,0.920847,0.958296,0.955132
[fold_2] 90,0.872170,0.937455,0.934917
[fold_2] 100,0.835806,0.914266,0.912325
[fold_2] 110,0.784740,0.888125,0.886525
[fold_2] 120,0.707871,0.858405,0.856875
[fold_2] 130,0.678453,0.824447,0.822814
[fold_2] 140,0.616784,0.785796,0.784068
[fold_2] 150,0.587422,0.742465,0.740820
[fold_2] 160,0.530492,0.695406,0.694194
[fold_2] 170,0.473899,0.647113,0.646364
[fold_2] 180,0.339777,0.602225,0.601362
[fold_2] 190,0.324585,0.566338,0.565485
[fold_2] 200,0.309122,0.540693,0.540379
[fold_2] 210,0.287677,0.511377,0.511796
[fold_2] 220,0.235912,0.502012,0.488683
[fold_2] 230,0.224072,0.493544,0.478477
[fold_2] 240,0.229384,0.482271,0.469060
[fold_2] 250,0.207798,0.471553,0.457252
[fold_2] 260,0.233115,0.450400,0.449072
[fold_2] 270,0.187336,0.450345,0.437973
[fold_2] 280,0.223449,0.442287,0.427096
[fold_2] 290,0.184927,0.437317,0.421595
[fold_2] 300,0.196510,0.426956,0.411446
[fold_2] 310,0.161990,0.419967,0.404109
[fold_2] 320,0.167036,0.408443,0.391747
[fold_2] 330,0.196196,0.398790,0.382023
[fold_2] 340,0.147557,0.384659,0.373239
[fold_2] 350,0.144182,0.375222,0.364825
[fold_2] 360,0.127418,0.368538,0.356171
[fold_2] 370,0.124170,0.361279,0.349649
[fold_2] 380,0.114004,0.351045,0.340078
[fold_2] 390,0.141972,0.349622,0.329902
[fold_2] 400,0.100866,0.336340,0.323068
[fold_2] 410,0.097941,0.330580,0.314935
[fold_2] 420,0.098081,0.327206,0.311551
[fold_2] 430,0.098303,0.314584,0.302762
[fold_2] 440,0.091460,0.309017,0.292648
[fold_2] 450,0.081466,0.316621,0.283216
[fold_2] 460,0.073236,0.312464,0.276473
[fold_2] 470,0.130162,0.300778,0.270058
[fold_2] 480,0.064452,0.299152,0.269583
[fold_2] 490,0.063743,0.288856,0.260021
[fold_2] 500,0.067801,0.284161,0.251890
[fold_2] 510,0.087945,0.263971,0.248347
[fold_2] 520,0.063732,0.256615,0.245590
[fold_2] 530,0.061398,0.251078,0.239103
[fold_2] 540,0.060151,0.248505,0.242752
[fold_2] 550,0.052815,0.239702,0.231627
[fold_2] 560,0.048153,0.235093,0.222926
[fold_2] 570,0.100596,0.229575,0.211963
[fold_2] 580,0.076573,0.224805,0.207368
[fold_2] 590,0.098269,0.218799,0.202323
[fold_2] 600,0.039663,0.214229,0.196990
[fold_2] 610,0.038038,0.208390,0.196513
[fold_2] 620,0.038123,0.204055,0.192665
[fold_2] 630,0.036919,0.198792,0.188976
[fold_2] 640,0.038252,0.194666,0.181466
[fold_2] 650,0.044022,0.190107,0.181349
[fold_2] 660,0.036209,0.187853,0.174113
[fold_2] 670,0.030273,0.183478,0.168829
[fold_2] 680,0.036036,0.188023,0.164162
[fold_2] 690,0.047081,0.178345,0.163398
[fold_2] 700,0.047887,0.177692,0.158192
[fold_2] 710,0.029297,0.166403,0.161689
[fold_2] 720,0.023727,0.163672,0.157390
[fold_2] 730,0.030718,0.160314,0.153201
[fold_2] 740,0.025744,0.158532,0.150151
[fold_2] 750,0.019581,0.156442,0.147619
[fold_2] 760,0.026186,0.152517,0.147912
[fold_2] 770,0.023969,0.151860,0.144161
[fold_2] 780,0.019310,0.150650,0.140417
[fold_2] 790,0.021986,0.154026,0.138157
[fold_2] 800,0.023373,0.149357,0.136928
[fold_2] 810,0.018378,0.143352,0.140315
[fold_2] 820,0.029120,0.142371,0.139383
[fold_2] 830,0.021702,0.140847,0.137967
[fold_2] 840,0.017388,0.140204,0.135107
[fold_2] 850,0.019566,0.138994,0.135754
[fold_2] 860,0.018093,0.138573,0.135777
[fold_2] 870,0.017840,0.140545,0.133660
[fold_2] 880,0.016682,0.138361,0.131579
[fold_2] 890,0.016858,0.138100,0.131289
[fold_2] 900,0.017843,0.136933,0.131223
[fold_2] 910,0.019386,0.135722,0.131717
[fold_2] 920,0.017000,0.135357,0.132089
[fold_2] 930,0.018436,0.136074,0.130474
[fold_2] 940,0.018392,0.134919,0.129633
[fold_2] 950,0.016382,0.134714,0.129135
[fold_2] 960,0.018622,0.133914,0.129584
[fold_2] 970,0.017517,0.133884,0.130877
[fold_2] 980,0.018141,0.133674,0.130764
[fold_2] 990,0.015467,0.133363,0.130050
[fold_2] 1000,0.021078,0.132919,0.129399
[fold_2] 1010,0.015576,0.132822,0.128692
[fold_2] 1020,0.017243,0.132677,0.128428
[fold_2] 1030,0.017925,0.132425,0.128540
[fold_2] 1040,0.017615,0.132283,0.128794
[fold_2] 1050,0.017650,0.132235,0.129022
[fold_2] 1060,0.016597,0.132177,0.128912
[fold_2] 1070,0.017878,0.132085,0.128606
[fold_2] 1080,0.017515,0.132026,0.128625
[fold_2] 1090,0.016413,0.131967,0.128465
[fold_2] 1100,0.020296,0.131926,0.128249
[fold_2] 1110,0.020416,0.131885,0.128259
[fold_2] 1120,0.018717,0.131849,0.128163
[fold_2] 1130,0.018575,0.131825,0.128082
[fold_2] 1140,0.017014,0.131791,0.128233
[fold_2] 1150,0.018623,0.131780,0.128319
[fold_2] 1160,0.015917,0.131740,0.128210
[fold_2] 1170,0.019091,0.131729,0.128069
[fold_2] 1180,0.016999,0.131740,0.127958
[fold_2] 1190,0.019096,0.131742,0.127886
[fold_2] 1200,0.018640,0.131694,0.127913
[fold_2] 1210,0.015943,0.131651,0.128001
[fold_2] 1220,0.015416,0.131629,0.128021
[fold_2] 1230,0.018160,0.131620,0.128028
[fold_2] 1240,0.018118,0.131614,0.128049
[fold_2] 1250,0.014937,0.131605,0.128008
[fold_2] 1260,0.030609,0.131600,0.127996
[fold_2] 1270,0.019231,0.131598,0.128007
[fold_2] 1280,0.016228,0.131593,0.127985
[fold_2] 1290,0.015083,0.131587,0.127965
[fold_5] 0,1.177978,1.094304,1.089509
[fold_5] 1,1.236225,1.092537,1.087760
[fold_5] 10,1.199838,1.077018,1.072362
[fold_5] 20,1.089334,1.060353,1.055743
[fold_5] 30,1.134233,1.044062,1.039429
[fold_5] 40,1.090251,1.027928,1.023253
[fold_5] 50,1.033832,1.011607,1.006890
[fold_5] 60,1.005935,0.994836,0.990100
[fold_5] 70,0.963271,0.977213,0.972495
[fold_5] 80,0.945445,0.958312,0.953669
[fold_5] 90,0.875667,0.937632,0.933129
[fold_5] 100,0.829479,0.914627,0.910283
[fold_5] 110,0.798799,0.888663,0.884445
[fold_5] 120,0.867738,0.859084,0.854866
[fold_5] 130,0.686215,0.825332,0.820894
[fold_5] 140,0.672078,0.786951,0.782027
[fold_5] 150,0.590520,0.743992,0.738311
[fold_5] 160,0.495811,0.697372,0.690810
[fold_5] 170,0.446247,0.649546,0.642403
[fold_5] 180,0.389828,0.605152,0.598265
[fold_5] 190,0.364807,0.569275,0.564178
[fold_5] 200,0.292685,0.542972,0.541002
[fold_5] 210,0.262572,0.512981,0.513756
[fold_5] 220,0.247749,0.513532,0.496730
[fold_5] 230,0.229177,0.517157,0.486251
[fold_5] 240,0.206244,0.511621,0.472927
[fold_5] 250,0.492289,0.589385,0.458205
[fold_5] 260,0.383900,0.575086,0.452061
[fold_5] 270,0.196606,0.487671,0.448979
[fold_5] 280,0.187367,0.479276,0.439759
[fold_5] 290,0.188291,0.473157,0.433322
[fold_5] 300,0.171946,0.462591,0.425821
[fold_5] 310,0.163114,0.450715,0.415409
[fold_5] 320,0.147511,0.443920,0.406579
[fold_5] 330,0.209223,0.437505,0.400075
[fold_5] 340,0.154775,0.421166,0.390383
[fold_5] 350,0.144771,0.404357,0.392111
[fold_5] 360,0.173642,0.390232,0.384365
[fold_5] 370,0.145115,0.388648,0.374259
[fold_5] 380,0.197268,0.385303,0.362127
[fold_5] 390,0.229699,0.373459,0.357336
[fold_5] 400,0.116280,0.359370,0.350012
[fold_5] 410,0.192654,0.354473,0.341658
[fold_5] 420,0.105054,0.344367,0.335342
[fold_5] 430,0.104515,0.335956,0.325613
[fold_5] 440,0.134759,0.329422,0.316467
[fold_5] 450,0.089705,0.323808,0.307923
[fold_5] 460,0.088323,0.317798,0.300356
[fold_5] 470,0.085986,0.309523,0.294911
[fold_5] 480,0.089613,0.304215,0.291882
[fold_5] 490,0.089319,0.296550,0.281859
[fold_5] 500,0.073755,0.291344,0.273863
[fold_5] 510,0.158691,0.287316,0.266045
[fold_5] 520,0.196005,0.284678,0.260805
[fold_5] 530,0.068298,0.271196,0.263468
[fold_5] 540,0.068649,0.266614,0.252574
[fold_5] 550,0.056983,0.262103,0.245185
[fold_5] 560,0.056131,0.258936,0.236538
[fold_5] 570,0.081213,0.261929,0.228721
[fold_5] 580,0.134701,0.249217,0.225463
[fold_5] 590,0.047790,0.240507,0.223558
[fold_5] 600,0.044677,0.233797,0.216811
[fold_5] 610,0.046022,0.227189,0.212383
[fold_5] 620,0.040778,0.223548,0.205641
[fold_5] 630,0.039047,0.217820,0.200661
[fold_5] 640,0.037906,0.216618,0.193683
[fold_5] 650,0.045519,0.207892,0.191732
[fold_5] 660,0.047179,0.205079,0.185854
[fold_5] 670,0.039872,0.197840,0.189596
[fold_5] 680,0.035367,0.193979,0.181720
[fold_5] 690,0.035771,0.188970,0.175821
[fold_5] 700,0.030904,0.184087,0.172603
[fold_5] 710,0.028348,0.183228,0.166216
[fold_5] 720,0.035495,0.177294,0.165801
[fold_5] 730,0.025524,0.175537,0.159506
[fold_5] 740,0.022826,0.171681,0.155421
[fold_5] 750,0.018583,0.172928,0.149917
[fold_5] 760,0.024502,0.168374,0.148293
[fold_5] 770,0.027807,0.163599,0.147090
[fold_5] 780,0.023536,0.156182,0.147349
[fold_5] 790,0.024690,0.153675,0.150002
[fold_5] 800,0.020310,0.150874,0.145531
[fold_5] 810,0.020858,0.149139,0.140549
[fold_5] 820,0.018296,0.147822,0.137922
[fold_5] 830,0.021387,0.146260,0.136158
[fold_5] 840,0.022591,0.145312,0.134467
[fold_5] 850,0.019583,0.143447,0.133243
[fold_5] 860,0.024597,0.141243,0.133378
[fold_5] 870,0.019630,0.139918,0.134179
[fold_5] 880,0.019981,0.138984,0.134502
[fold_5] 890,0.020315,0.138135,0.132659
[fold_5] 900,0.017844,0.138023,0.130447
[fold_5] 910,0.018738,0.137230,0.129586
[fold_5] 920,0.020234,0.138018,0.127705
[fold_5] 930,0.017061,0.136518,0.129103
[fold_5] 940,0.018612,0.135934,0.129884
[fold_5] 950,0.018671,0.135834,0.128812
[fold_5] 960,0.018038,0.135637,0.128225
[fold_5] 970,0.016676,0.135357,0.127595
[fold_5] 980,0.016253,0.135273,0.127177
[fold_5] 990,0.015489,0.135262,0.126739
[fold_5] 1000,0.017907,0.134745,0.127466
[fold_5] 1010,0.019871,0.134513,0.127265
[fold_5] 1020,0.020301,0.134778,0.126730
[fold_5] 1030,0.021053,0.134445,0.126787
[fold_5] 1040,0.019314,0.134119,0.127262
[fold_5] 1050,0.019874,0.134113,0.128096
[fold_5] 1060,0.019268,0.134006,0.127893
[fold_5] 1070,0.017362,0.133931,0.127482
[fold_5] 1080,0.020461,0.133900,0.127367
[fold_5] 1090,0.021300,0.133873,0.127458
[fold_5] 1100,0.022716,0.133855,0.127482
[fold_5] 1110,0.021343,0.133841,0.127338
[fold_5] 1120,0.017521,0.133838,0.127260

Cross-validation summary
Mean train RMSE norm      : 0.344743
Mean validation RMSE norm : 0.340028
Median best epoch         : 340
Best-so-far checkpoint    : kept previous
Training-curve plot       : plots/cross_validation_curves.png
