[fold_5] 0,1.283068,1.159386,1.153700
[fold_5] 1,1.328073,1.155077,1.149429
[fold_5] 10,1.255210,1.117445,1.112154
[fold_5] 20,1.186334,1.075174,1.070403
[fold_5] 30,1.108549,1.044158,1.040055
[fold_5] 40,1.012278,1.016878,1.012686
[fold_5] 50,1.011821,0.989622,0.985443
[fold_5] 60,0.806097,0.957093,0.952978
[fold_5] 70,0.828734,0.912429,0.908195
[fold_5] 80,0.717343,0.837363,0.832639
[fold_5] 90,0.490837,0.698276,0.695178
[fold_5] 100,0.310656,0.542776,0.536195
[fold_5] 110,0.203960,0.440930,0.434526
[fold_5] 120,0.147533,0.372975,0.371458
[fold_5] 130,0.110328,0.337959,0.336073
[fold_5] 140,0.102994,0.299321,0.294281
[fold_5] 150,0.081244,0.271183,0.261564
[fold_5] 160,0.084868,0.252952,0.241565
[fold_5] 170,0.056413,0.241934,0.231466
[fold_5] 180,0.055199,0.232485,0.219278
[fold_5] 190,0.050738,0.215775,0.203874
[fold_5] 200,0.055350,0.202647,0.189459
[fold_5] 210,0.037586,0.194406,0.181171
[fold_5] 220,0.059794,0.185169,0.173805
[fold_5] 230,0.040680,0.185514,0.174631
[fold_5] 240,0.028429,0.166458,0.154693
[fold_5] 250,0.033016,0.162517,0.148169
[fold_5] 260,0.026087,0.152973,0.142764
[fold_5] 270,0.024034,0.149379,0.138209
[fold_5] 280,0.018824,0.140630,0.130390
[fold_5] 290,0.019170,0.135528,0.122762
[fold_5] 300,0.025993,0.127646,0.116162
[fold_5] 310,0.022445,0.129912,0.120910
[fold_5] 320,0.014879,0.122079,0.108349
[fold_5] 330,0.022287,0.115919,0.103879
[fold_5] 340,0.018903,0.115574,0.102284
[fold_5] 350,0.021056,0.110737,0.098877
[fold_5] 360,0.015527,0.117300,0.106540
[fold_5] 370,0.016451,0.102330,0.090142
[fold_5] 380,0.006952,0.103331,0.091386
[fold_5] 390,0.013538,0.099036,0.089913
[fold_5] 400,0.007632,0.091826,0.083324
[fold_5] 410,0.008318,0.092367,0.081619
[fold_5] 420,0.006367,0.102778,0.094586
[fold_5] 430,0.011637,0.152653,0.151592
[fold_5] 440,0.018827,0.116136,0.108699
[fold_5] 450,0.010199,0.104490,0.093297
[fold_5] 460,0.013143,0.097764,0.086378
[fold_5] 470,0.006846,0.084308,0.072728
[fold_5] 480,0.009404,0.085585,0.074477
[fold_5] 490,0.006037,0.082416,0.072298
[fold_5] 500,0.006589,0.081475,0.071443
[fold_5] 510,0.006986,0.078893,0.069424
[fold_5] 520,0.004241,0.077253,0.067686
[fold_5] 530,0.005215,0.075506,0.067630
[fold_5] 540,0.004825,0.074372,0.065737
[fold_5] 550,0.004929,0.073442,0.065931
[fold_5] 560,0.005383,0.075978,0.068017
[fold_5] 570,0.006156,0.076948,0.069326
[fold_5] 580,0.006429,0.073493,0.066489
[fold_5] 590,0.005419,0.070735,0.063399
[fold_5] 600,0.004504,0.070264,0.063249
[fold_5] 610,0.009215,0.068680,0.061237
[fold_5] 620,0.005099,0.068197,0.060992
[fold_5] 630,0.004367,0.068776,0.061983
[fold_5] 640,0.006325,0.067751,0.060663
[fold_5] 650,0.005183,0.066973,0.060249
[fold_5] 660,0.003252,0.067943,0.061541
[fold_5] 670,0.003940,0.066036,0.059256
[fold_5] 680,0.004935,0.065707,0.058816
[fold_5] 690,0.005481,0.065672,0.058351
[fold_5] 700,0.005758,0.065854,0.058515
[fold_5] 710,0.003502,0.064946,0.057457
[fold_5] 720,0.003558,0.064674,0.057045
[fold_5] 730,0.004668,0.064792,0.057515
[fold_5] 740,0.004116,0.065046,0.057842
[fold_5] 750,0.004886,0.065839,0.058572
[fold_5] 760,0.003009,0.063342,0.055684
[fold_5] 770,0.005424,0.064146,0.056894
[fold_5] 780,0.003427,0.063134,0.055678
[fold_5] 790,0.003394,0.063286,0.055929
[fold_5] 800,0.003554,0.062510,0.055241
[fold_5] 810,0.003468,0.062710,0.055644
[fold_5] 820,0.003567,0.062042,0.054726
[fold_5] 830,0.003605,0.062136,0.055054
[fold_5] 840,0.003462,0.061905,0.054547
[fold_5] 850,0.003218,0.061377,0.053987
[fold_5] 860,0.003725,0.061444,0.054496
[fold_5] 870,0.003532,0.061842,0.055078
[fold_5] 880,0.003116,0.061003,0.054131
[fold_5] 890,0.002296,0.060784,0.053835
[fold_5] 900,0.003121,0.060469,0.053549
[fold_5] 910,0.004327,0.060421,0.053592
[fold_5] 920,0.003716,0.060248,0.053546
[fold_5] 930,0.002259,0.060049,0.053265
[fold_5] 940,0.003712,0.060409,0.053624
[fold_5] 950,0.003020,0.060077,0.053173
[fold_5] 960,0.003354,0.060113,0.053258
[fold_5] 970,0.003442,0.059646,0.052819
[fold_5] 980,0.004052,0.059522,0.052721
[fold_5] 990,0.003277,0.059451,0.052611
[fold_5] 1000,0.002729,0.059331,0.052422
[fold_5] 1010,0.003514,0.059453,0.052510
[fold_5] 1020,0.004393,0.059450,0.052769
[fold_5] 1030,0.003017,0.059156,0.052498
[fold_5] 1040,0.004569,0.059070,0.052383
[fold_5] 1050,0.002644,0.059021,0.052321
[fold_5] 1060,0.005969,0.058945,0.052196
[fold_5] 1070,0.003043,0.058897,0.052079
[fold_5] 1080,0.003750,0.058847,0.051972
[fold_5] 1090,0.002542,0.058772,0.051916
[fold_5] 1100,0.002884,0.059396,0.052595
[fold_5] 1110,0.004271,0.059174,0.052422
[fold_5] 1120,0.004201,0.058621,0.051766
[fold_5] 1130,0.003418,0.059003,0.052260
[fold_5] 1140,0.004009,0.058458,0.051696
[fold_5] 1150,0.004343,0.058727,0.052093
[fold_5] 1160,0.003931,0.058351,0.051671
[fold_5] 1170,0.002753,0.058332,0.051662
[fold_5] 1180,0.002579,0.058207,0.051526
[fold_5] 1190,0.003186,0.058217,0.051536
[fold_5] 1200,0.005319,0.058163,0.051482
[fold_5] 1210,0.002815,0.058004,0.051370
[fold_5] 1220,0.004285,0.058029,0.051491
[fold_5] 1230,0.004703,0.058019,0.051509
[fold_5] 1240,0.003885,0.057821,0.051277
[fold_5] 1250,0.003124,0.057843,0.051278
[fold_5] 1260,0.002558,0.057707,0.051150
[fold_5] 1270,0.004956,0.057709,0.051075
[fold_5] 1280,0.003419,0.057676,0.051044
[fold_5] 1290,0.003774,0.057800,0.051311
[fold_5] 1300,0.003116,0.058144,0.051784
[fold_5] 1310,0.001722,0.057501,0.051049
[fold_5] 1320,0.002418,0.057544,0.051080
[fold_5] 1330,0.003095,0.057509,0.051058
[fold_5] 1340,0.003219,0.057419,0.050918
[fold_5] 1350,0.002884,0.057380,0.050873
[fold_5] 1360,0.003906,0.057339,0.050854
[fold_5] 1370,0.003350,0.057308,0.050837
[fold_5] 1380,0.004268,0.057309,0.050816
[fold_5] 1390,0.002914,0.057315,0.050846
[fold_5] 1400,0.003254,0.057228,0.050730
[fold_5] 1410,0.003173,0.057202,0.050690
[fold_5] 1420,0.005305,0.057151,0.050612
[fold_5] 1430,0.002557,0.057128,0.050589
[fold_5] 1440,0.003534,0.057148,0.050594
[fold_5] 1450,0.002951,0.057098,0.050519
[fold_5] 1460,0.002932,0.057059,0.050467
[fold_5] 1470,0.002246,0.057051,0.050468
[fold_5] 1480,0.002463,0.056991,0.050414
[fold_5] 1490,0.002676,0.057078,0.050515
[fold_5] 1500,0.003345,0.057022,0.050450
[fold_5] 1510,0.003625,0.056913,0.050340
[fold_5] 1520,0.002059,0.056927,0.050364
[fold_5] 1530,0.002400,0.057144,0.050640
[fold_5] 1540,0.003930,0.056836,0.050255
[fold_5] 1550,0.002993,0.056808,0.050232
[fold_5] 1560,0.003696,0.056834,0.050253
[fold_5] 1570,0.005685,0.056800,0.050219
[fold_5] 1580,0.003927,0.056724,0.050159
[fold_5] 1590,0.003669,0.056696,0.050213
[fold_5] 1600,0.003485,0.056740,0.050365
[fold_5] 1610,0.002405,0.056622,0.050253
[fold_5] 1620,0.002458,0.056613,0.050243
[fold_5] 1630,0.002886,0.056575,0.050187
[fold_5] 1640,0.002339,0.056565,0.050188
[fold_5] 1650,0.003438,0.056518,0.050129
[fold_5] 1660,0.003016,0.056548,0.050145
[fold_5] 1670,0.002448,0.056455,0.050061
[fold_5] 1680,0.002358,0.056426,0.050043
[fold_5] 1690,0.002603,0.056610,0.050217
[fold_5] 1700,0.002997,0.056490,0.050123
[fold_5] 1710,0.003106,0.056331,0.049932
[fold_5] 1720,0.003512,0.056361,0.049992
[fold_5] 1730,0.003147,0.056412,0.050023
[fold_5] 1740,0.002354,0.056380,0.050013
[fold_5] 1750,0.004734,0.056339,0.049928
[fold_5] 1760,0.002150,0.056231,0.049821
[fold_5] 1770,0.003134,0.056231,0.049842
[fold_5] 1780,0.003953,0.056216,0.049821
[fold_5] 1790,0.003825,0.056182,0.049782
[fold_5] 1800,0.003101,0.056162,0.049763
[fold_5] 1810,0.002263,0.056140,0.049732
[fold_5] 1820,0.002650,0.056180,0.049781
[fold_5] 1830,0.003352,0.056163,0.049788
[fold_5] 1840,0.002893,0.056126,0.049745
[fold_5] 1850,0.005546,0.056069,0.049672
[fold_5] 1860,0.002337,0.056071,0.049664
[fold_5] 1870,0.002746,0.056030,0.049596
[fold_5] 1880,0.003266,0.056035,0.049611
[fold_5] 1890,0.002102,0.055990,0.049549
[fold_5] 1900,0.002228,0.055984,0.049527
[fold_5] 1910,0.003954,0.055980,0.049521
[fold_5] 1920,0.002903,0.055964,0.049519
[fold_5] 1930,0.002223,0.056104,0.049646
[fold_5] 1940,0.003073,0.055963,0.049478
[fold_5] 1950,0.002873,0.055900,0.049383
[fold_5] 1960,0.002014,0.055916,0.049425
[fold_5] 1970,0.004250,0.055925,0.049450
[fold_5] 1980,0.002787,0.055899,0.049456
[fold_5] 1990,0.002288,0.055809,0.049369
[fold_5] 2000,0.006777,0.055800,0.049372
[fold_5] 2010,0.005885,0.055879,0.049441[fold_2] 0,1.381851,1.159453,1.159301
[fold_2] 1,1.338072,1.155141,1.154905
[fold_2] 10,1.241476,1.117491,1.116478
[fold_2] 20,1.138872,1.075227,1.073156
[fold_2] 30,1.122241,1.043801,1.040648
[fold_2] 40,1.099852,1.016492,1.013578
[fold_2] 50,1.035440,0.988809,0.986071
[fold_2] 60,0.961320,0.955410,0.952880
[fold_2] 70,0.852339,0.908581,0.906720
[fold_2] 80,0.693491,0.828945,0.828569
[fold_2] 90,0.470238,0.686041,0.691746
[fold_2] 100,0.301524,0.541490,0.550146
[fold_2] 110,0.233194,0.456156,0.466311
[fold_2] 120,0.157817,0.372096,0.381177
[fold_2] 130,0.107298,0.322709,0.332034
[fold_2] 140,0.091345,0.294387,0.302420
[fold_2] 150,0.082849,0.267705,0.273142
[fold_2] 160,0.061253,0.255285,0.261345
[fold_2] 170,0.059687,0.228539,0.233697
[fold_2] 180,0.047085,0.227980,0.235790
[fold_2] 190,0.046629,0.210871,0.214624
[fold_2] 200,0.044423,0.219053,0.227435
[fold_2] 210,0.054986,0.190735,0.197614
[fold_2] 220,0.036408,0.194312,0.199361
[fold_2] 230,0.040753,0.194619,0.202946
[fold_2] 240,0.043305,0.176767,0.182672
[fold_2] 250,0.031952,0.176017,0.183137
[fold_2] 260,0.034216,0.190215,0.200247
[fold_2] 270,0.032568,0.159634,0.165345
[fold_2] 280,0.024911,0.162370,0.168601
[fold_2] 290,0.021021,0.161298,0.171012
[fold_2] 300,0.027762,0.147659,0.155613
[fold_2] 310,0.019010,0.162248,0.169960
[fold_2] 320,0.022567,0.154749,0.165952
[fold_2] 330,0.028741,0.140841,0.149666
[fold_2] 340,0.019222,0.141684,0.149937
[fold_2] 350,0.017876,0.142569,0.153697
[fold_2] 360,0.016169,0.124442,0.135094
[fold_2] 370,0.019347,0.126576,0.138084
[fold_2] 380,0.014533,0.135652,0.149884
[fold_2] 390,0.017321,0.122224,0.135683
[fold_2] 400,0.013347,0.113247,0.128378
[fold_2] 410,0.013879,0.117651,0.134207
[fold_2] 420,0.012461,0.113563,0.129595
[fold_2] 430,0.014512,0.107551,0.125312
[fold_2] 440,0.014866,0.103046,0.120216
[fold_2] 450,0.013021,0.102529,0.118916
[fold_2] 460,0.015979,0.116962,0.128663
[fold_2] 470,0.016896,0.098401,0.111087
[fold_2] 480,0.015819,0.114366,0.126729
[fold_2] 490,0.009372,0.094585,0.107075
[fold_2] 500,0.016387,0.092330,0.104938
[fold_2] 510,0.011425,0.091187,0.104916
[fold_2] 520,0.009565,0.092709,0.107584
[fold_2] 530,0.009400,0.090459,0.103177
[fold_2] 540,0.012559,0.086229,0.098751
[fold_2] 550,0.007412,0.085866,0.093776
[fold_2] 560,0.006242,0.084680,0.091616
[fold_2] 570,0.008428,0.089490,0.096605
[fold_2] 580,0.006870,0.081331,0.088086
[fold_2] 590,0.013797,0.078933,0.084790
[fold_2] 600,0.012433,0.077252,0.084016
[fold_2] 610,0.014473,0.075685,0.084248
[fold_2] 620,0.005100,0.075276,0.088940
[fold_2] 630,0.006131,0.074665,0.089748
[fold_2] 640,0.004674,0.072224,0.086675
[fold_2] 650,0.005877,0.071782,0.085225
[fold_2] 660,0.007688,0.071206,0.083787
[fold_2] 670,0.005925,0.070867,0.080850
[fold_2] 680,0.006211,0.073209,0.079178
[fold_2] 690,0.005367,0.072176,0.074984
[fold_2] 700,0.007005,0.070244,0.073599
[fold_2] 710,0.005122,0.068450,0.071220
[fold_2] 720,0.009383,0.067120,0.069886
[fold_2] 730,0.004513,0.066323,0.068865
[fold_2] 740,0.003653,0.066427,0.069467
[fold_2] 750,0.012862,0.065455,0.068363
[fold_2] 760,0.006867,0.065079,0.068414
[fold_2] 770,0.004763,0.064904,0.068303
[fold_2] 780,0.007578,0.068586,0.070849
[fold_2] 790,0.004466,0.064122,0.066298
[fold_2] 800,0.005586,0.063324,0.066475
[fold_2] 810,0.003552,0.063856,0.066334
[fold_2] 820,0.004417,0.064311,0.066206
[fold_2] 830,0.005041,0.061415,0.063745
[fold_2] 840,0.004090,0.060848,0.063285
[fold_2] 850,0.006705,0.060934,0.063436
[fold_2] 860,0.005239,0.060685,0.061424
[fold_2] 870,0.003420,0.059940,0.061113
[fold_2] 880,0.003416,0.059206,0.060646
[fold_2] 890,0.002612,0.058727,0.060170
[fold_2] 900,0.002283,0.060261,0.061094
[fold_2] 910,0.004962,0.061580,0.062213
[fold_2] 920,0.004304,0.059323,0.059996
[fold_2] 930,0.005750,0.059075,0.059687
[fold_2] 940,0.002619,0.056863,0.058018
[fold_2] 950,0.010859,0.056625,0.058088
[fold_2] 960,0.003806,0.058094,0.059920
[fold_2] 970,0.003964,0.056384,0.057706
[fold_2] 980,0.002663,0.055966,0.056729
[fold_2] 990,0.003046,0.056154,0.057136
[fold_2] 1000,0.002848,0.055122,0.056452
[fold_2] 1010,0.004831,0.054851,0.056852
[fold_2] 1020,0.003130,0.054494,0.056283
[fold_2] 1030,0.002541,0.053681,0.054980
[fold_2] 1040,0.003302,0.053577,0.054831
[fold_2] 1050,0.001942,0.054316,0.056355
[fold_2] 1060,0.005106,0.054401,0.055528
[fold_2] 1070,0.002404,0.052612,0.054086
[fold_2] 1080,0.003171,0.052348,0.053426
[fold_2] 1090,0.003326,0.053243,0.054623
[fold_2] 1100,0.005303,0.051035,0.051586
[fold_2] 1110,0.002746,0.050731,0.051393
[fold_2] 1120,0.002540,0.050982,0.051773
[fold_2] 1130,0.002533,0.050663,0.051467
[fold_2] 1140,0.003486,0.050533,0.051733
[fold_2] 1150,0.002758,0.050029,0.050681
[fold_2] 1160,0.003083,0.049478,0.050335
[fold_2] 1170,0.003232,0.049215,0.050278
[fold_2] 1180,0.001875,0.050213,0.051047
[fold_2] 1190,0.003979,0.049236,0.050761
[fold_2] 1200,0.002679,0.048708,0.049807
[fold_2] 1210,0.001897,0.048468,0.049713
[fold_2] 1220,0.002073,0.049519,0.051409
[fold_2] 1230,0.002284,0.048705,0.049948
[fold_2] 1240,0.002603,0.049086,0.050823
[fold_2] 1250,0.002060,0.048129,0.049852
[fold_2] 1260,0.001752,0.047874,0.049354
[fold_2] 1270,0.002676,0.047845,0.049348
[fold_2] 1280,0.002288,0.047860,0.049170
[fold_2] 1290,0.003180,0.047719,0.049237
[fold_2] 1300,0.003339,0.047601,0.049107
[fold_2] 1310,0.003444,0.047531,0.049188
[fold_2] 1320,0.002345,0.047431,0.049188
[fold_2] 1330,0.001917,0.047376,0.049207
[fold_2] 1340,0.002056,0.047301,0.049248
[fold_2] 1350,0.003158,0.047276,0.049170
[fold_2] 1360,0.002429,0.047420,0.049162
[fold_2] 1370,0.001710,0.047177,0.049077
[fold_2] 1380,0.001866,0.047155,0.048989
[fold_2] 1390,0.001793,0.047133,0.049017
[fold_2] 1400,0.002591,0.047092,0.048908
[fold_2] 1410,0.001572,0.047144,0.048922
[fold_2] 1420,0.003102,0.047075,0.048906
[fold_2] 1430,0.003791,0.047091,0.048845
[fold_2] 1440,0.001861,0.047196,0.049147
[fold_2] 1450,0.002177,0.047065,0.048809
[fold_2] 1460,0.001722,0.046994,0.048756
[fold_2] 1470,0.002651,0.046971,0.048783
[fold_2] 1480,0.002601,0.047017,0.048704
[fold_2] 1490,0.003332,0.046942,0.048725
[fold_2] 1500,0.002544,0.047063,0.048722
[fold_2] 1510,0.002961,0.047012,0.048596
[fold_2] 1520,0.003756,0.046911,0.048513
[fold_2] 1530,0.001872,0.046913,0.048588
[fold_2] 1540,0.001940,0.046864,0.048463
[fold_2] 1550,0.001822,0.046848,0.048511
[fold_2] 1560,0.001757,0.046836,0.048501
[fold_2] 1570,0.002447,0.046823,0.048488
[fold_2] 1580,0.002255,0.046799,0.048471
[fold_2] 1590,0.004489,0.046787,0.048448
[fold_2] 1600,0.002641,0.046933,0.048437
[fold_2] 1610,0.002717,0.046795,0.048482
[fold_2] 1620,0.002614,0.046772,0.048309
[fold_2] 1630,0.002367,0.046767,0.048461
[fold_2] 1640,0.003166,0.046716,0.048380
[fold_2] 1650,0.002883,0.046719,0.048392
[fold_2] 1660,0.001996,0.046718,0.048436
[fold_2] 1670,0.002261,0.046700,0.048400
[fold_2] 1680,0.002409,0.046716,0.048395
[fold_2] 1690,0.002140,0.046667,0.048378
[fold_2] 1700,0.002042,0.046660,0.048425
[fold_2] 1710,0.001866,0.046640,0.048320
[fold_2] 1720,0.004544,0.046616,0.048306
[fold_2] 1730,0.002437,0.046581,0.048213
[fold_2] 1740,0.002034,0.046555,0.048189
[fold_2] 1750,0.002561,0.046557,0.048140
[fold_2] 1760,0.002995,0.046541,0.048122
[fold_2] 1770,0.002457,0.046533,0.048162
[fold_2] 1780,0.002113,0.046525,0.048086
[fold_2] 1790,0.003363,0.046589,0.048321
[fold_2] 1800,0.003532,0.046495,0.048112
[fold_2] 1810,0.002753,0.046469,0.048112
[fold_2] 1820,0.004190,0.046557,0.048057
[fold_2] 1830,0.001582,0.046518,0.048207
[fold_2] 1840,0.001776,0.046432,0.048052
[fold_2] 1850,0.003040,0.046430,0.048040
[fold_2] 1860,0.002396,0.046540,0.047967
[fold_2] 1870,0.002284,0.046452,0.048037
[fold_2] 1880,0.002251,0.046440,0.047809
[fold_2] 1890,0.001852,0.046569,0.048163
[fold_2] 1900,0.002416,0.046536,0.047823
[fold_2] 1910,0.001979,0.046308,0.047702
[fold_2] 1920,0.002071,0.046289,0.047678
[fold_2] 1930,0.003207,0.046385,0.047702
[fold_2] 1940,0.002706,0.046262,0.047705
[fold_2] 1950,0.002117,0.046348,0.047688
[fold_2] 1960,0.002409,0.046251,0.047707
[fold_2] 1970,0.002800,0.046223,0.047675
[fold_2] 1980,0.002264,0.046206,0.047691
[fold_2] 1990,0.001314,0.046208,0.047660
[fold_2] 2000,0.001937,0.046213,0.047633
[fold_2] 2010,0.002517,0.046171,0.047680[fold_3] 0,1.406569,1.159198,1.168286
[fold_3] 1,1.513608,1.154889,1.163980
[fold_3] 10,1.267559,1.117231,1.126327
[fold_3] 20,1.170866,1.075030,1.084055
[fold_3] 30,1.083116,1.043732,1.052408
[fold_3] 40,1.077316,1.016313,1.024935
[fold_3] 50,0.952257,0.988733,0.997292
[fold_3] 60,0.913511,0.955783,0.964097
[fold_3] 70,0.818303,0.909687,0.917651
[fold_3] 80,0.680419,0.831251,0.837340
[fold_3] 90,0.492887,0.690554,0.691194
[fold_3] 100,0.295087,0.543700,0.542442
[fold_3] 110,0.214751,0.465244,0.474865
[fold_3] 120,0.171321,0.377977,0.379816
[fold_3] 130,0.136435,0.328205,0.330812
[fold_3] 140,0.104001,0.293296,0.297910
[fold_3] 150,0.080146,0.291566,0.295824
[fold_3] 160,0.083313,0.259120,0.264412
[fold_3] 170,0.064894,0.238679,0.241556
[fold_3] 180,0.061827,0.224087,0.225383
[fold_3] 190,0.042030,0.207519,0.208784
[fold_3] 200,0.049363,0.192739,0.194290
[fold_3] 210,0.044965,0.189333,0.190234
[fold_3] 220,0.024823,0.171465,0.172168
[fold_3] 230,0.028963,0.161084,0.160746
[fold_3] 240,0.036051,0.160685,0.159666
[fold_3] 250,0.029131,0.157134,0.155833
[fold_3] 260,0.028247,0.148896,0.149751
[fold_3] 270,0.040468,0.142307,0.145310
[fold_3] 280,0.018890,0.141278,0.144158
[fold_3] 290,0.012592,0.132691,0.136279
[fold_3] 300,0.026196,0.131973,0.133872
[fold_3] 310,0.014289,0.130942,0.132467
[fold_3] 320,0.014528,0.128836,0.128757
[fold_3] 330,0.014043,0.111621,0.112357
[fold_3] 340,0.023247,0.111999,0.112706
[fold_3] 350,0.017417,0.113411,0.115601
[fold_3] 360,0.012700,0.112209,0.113621
[fold_3] 370,0.018461,0.099506,0.101596
[fold_3] 380,0.014917,0.100214,0.103173
[fold_3] 390,0.017246,0.116246,0.118065
[fold_3] 400,0.017733,0.098109,0.101464
[fold_3] 410,0.010121,0.098481,0.100332
[fold_3] 420,0.008908,0.091911,0.092698
[fold_3] 430,0.009859,0.090169,0.090637
[fold_3] 440,0.015938,0.089187,0.090004
[fold_3] 450,0.007252,0.088461,0.089280
[fold_3] 460,0.011851,0.091424,0.092609
[fold_3] 470,0.007336,0.092626,0.093588
[fold_3] 480,0.005635,0.085282,0.087191
[fold_3] 490,0.007921,0.084472,0.086319
[fold_3] 500,0.006062,0.081744,0.083522
[fold_3] 510,0.009784,0.085699,0.087039
[fold_3] 520,0.006970,0.086001,0.087446
[fold_3] 530,0.010216,0.078383,0.080202
[fold_3] 540,0.009243,0.077484,0.080118
[fold_3] 550,0.005342,0.080723,0.083021
[fold_3] 560,0.007136,0.075611,0.077368
[fold_3] 570,0.006075,0.075964,0.078011
[fold_3] 580,0.004876,0.076228,0.077979
[fold_3] 590,0.006912,0.079497,0.080828
[fold_3] 600,0.004456,0.075838,0.076660
[fold_3] 610,0.007622,0.073955,0.074159
[fold_3] 620,0.005261,0.072685,0.072789
[fold_3] 630,0.003581,0.071358,0.071216
[fold_3] 640,0.005067,0.071187,0.070678
[fold_3] 650,0.006135,0.070908,0.070500
[fold_3] 660,0.006246,0.070437,0.069902
[fold_3] 670,0.005100,0.070467,0.069935
[fold_3] 680,0.006050,0.069121,0.068550
[fold_3] 690,0.005379,0.068884,0.067882
[fold_3] 700,0.004801,0.070826,0.070058
[fold_3] 710,0.004079,0.067789,0.067222
[fold_3] 720,0.003664,0.069842,0.069262
[fold_3] 730,0.003767,0.067030,0.066584
[fold_3] 740,0.003986,0.067084,0.066488
[fold_3] 750,0.003037,0.068197,0.067885
[fold_3] 760,0.005966,0.067152,0.066641
[fold_3] 770,0.007357,0.065811,0.065276
[fold_3] 780,0.005657,0.065424,0.065330
[fold_3] 790,0.010097,0.065369,0.065390
[fold_3] 800,0.003861,0.064172,0.064398
[fold_3] 810,0.003540,0.064168,0.064281
[fold_3] 820,0.004518,0.063911,0.063665
[fold_3] 830,0.003276,0.065174,0.064972
[fold_3] 840,0.002825,0.063263,0.063366
[fold_3] 850,0.003881,0.063977,0.064002
[fold_3] 860,0.008157,0.062014,0.062343
[fold_3] 870,0.003491,0.062157,0.062255
[fold_3] 880,0.002679,0.061774,0.061633
[fold_3] 890,0.005364,0.061166,0.061291
[fold_3] 900,0.005741,0.066895,0.066687
[fold_3] 910,0.003134,0.067153,0.067522
[fold_3] 920,0.005885,0.060420,0.060573
[fold_3] 930,0.003090,0.062234,0.062116
[fold_3] 940,0.002856,0.059791,0.059282
[fold_3] 950,0.004665,0.059266,0.058537
[fold_3] 960,0.003329,0.058894,0.058447
[fold_3] 970,0.004093,0.059098,0.057966
[fold_3] 980,0.003542,0.059662,0.057484
[fold_3] 990,0.003336,0.059208,0.057009
[fold_3] 1000,0.003344,0.058495,0.056415
[fold_3] 1010,0.003755,0.058721,0.057276
[fold_3] 1020,0.002415,0.057519,0.056558
[fold_3] 1030,0.002513,0.058537,0.057902
[fold_3] 1040,0.004381,0.056980,0.056380
[fold_3] 1050,0.003409,0.057456,0.056518
[fold_3] 1060,0.002528,0.056448,0.055383
[fold_3] 1070,0.003719,0.056366,0.054982
[fold_3] 1080,0.002864,0.056570,0.055001
[fold_3] 1090,0.003103,0.055962,0.054333
[fold_3] 1100,0.004587,0.057234,0.055409
[fold_3] 1110,0.002816,0.057250,0.055351
[fold_3] 1120,0.002983,0.055697,0.053929
[fold_3] 1130,0.003650,0.055191,0.053738
[fold_3] 1140,0.004176,0.055268,0.054082
[fold_3] 1150,0.002712,0.055418,0.054220
[fold_3] 1160,0.002893,0.054462,0.053226
[fold_3] 1170,0.003200,0.054080,0.052979
[fold_3] 1180,0.002328,0.054492,0.053468
[fold_3] 1190,0.002153,0.054177,0.053267
[fold_3] 1200,0.003041,0.053262,0.052501
[fold_3] 1210,0.004398,0.054170,0.053297
[fold_3] 1220,0.002413,0.053841,0.052894
[fold_3] 1230,0.003743,0.055785,0.054933
[fold_3] 1240,0.002373,0.053728,0.052798
[fold_3] 1250,0.002143,0.052702,0.051708
[fold_3] 1260,0.003061,0.052617,0.051639
[fold_3] 1270,0.002136,0.052587,0.051502
[fold_3] 1280,0.002304,0.052475,0.051445
[fold_3] 1290,0.002395,0.052360,0.051344
[fold_3] 1300,0.003509,0.052322,0.051343
[fold_3] 1310,0.002735,0.052315,0.051313
[fold_3] 1320,0.003861,0.052050,0.051062
[fold_3] 1330,0.007354,0.052079,0.051123
[fold_3] 1340,0.003220,0.052081,0.051144
[fold_3] 1350,0.003452,0.052287,0.051282
[fold_3] 1360,0.003830,0.051903,0.050841
[fold_3] 1370,0.003297,0.051802,0.050752
[fold_3] 1380,0.002081,0.051846,0.050830
[fold_3] 1390,0.002362,0.051662,0.050670
[fold_3] 1400,0.002419,0.051640,0.050613
[fold_3] 1410,0.002133,0.051591,0.050570
[fold_3] 1420,0.002785,0.051525,0.050508
[fold_3] 1430,0.002827,0.051653,0.050619
[fold_3] 1440,0.002818,0.051533,0.050502
[fold_3] 1450,0.002595,0.051464,0.050484
[fold_3] 1460,0.002323,0.051603,0.050760
[fold_3] 1470,0.002391,0.051353,0.050503
[fold_3] 1480,0.002214,0.051204,0.050340
[fold_3] 1490,0.002121,0.051349,0.050450
[fold_3] 1500,0.002361,0.051143,0.050169
[fold_3] 1510,0.003122,0.051142,0.050138
[fold_3] 1520,0.002187,0.051066,0.050115
[fold_3] 1530,0.002338,0.051160,0.050242
[fold_3] 1540,0.001640,0.051081,0.050082
[fold_3] 1550,0.001815,0.051059,0.050007
[fold_3] 1560,0.002675,0.051261,0.050218
[fold_3] 1570,0.002427,0.050909,0.049842
[fold_3] 1580,0.002372,0.050847,0.049831
[fold_3] 1590,0.002216,0.050778,0.049828
[fold_3] 1600,0.003559,0.050731,0.049779
[fold_3] 1610,0.002633,0.050843,0.049863
[fold_3] 1620,0.003925,0.050617,0.049672
[fold_3] 1630,0.002226,0.050569,0.049674
[fold_3] 1640,0.002293,0.050545,0.049699
[fold_3] 1650,0.002775,0.051046,0.050175
[fold_3] 1660,0.002618,0.050652,0.049822
[fold_3] 1670,0.002271,0.050718,0.049846
[fold_3] 1680,0.002257,0.050492,0.049639
[fold_3] 1690,0.001963,0.050498,0.049629
[fold_3] 1700,0.003386,0.050428,0.049519
[fold_3] 1710,0.003146,0.050524,0.049576
[fold_3] 1720,0.001851,0.050393,0.049403
[fold_3] 1730,0.002984,0.050444,0.049465
[fold_3] 1740,0.001578,0.050348,0.049347
[fold_3] 1750,0.002488,0.050421,0.049432
[fold_3] 1760,0.002496,0.050374,0.049453
[fold_3] 1770,0.002651,0.050332,0.049410
[fold_3] 1780,0.005759,0.050236,0.049326
[fold_3] 1790,0.002812,0.050233,0.049348
[fold_3] 1800,0.002019,0.050185,0.049293
[fold_3] 1810,0.002279,0.050256,0.049354
[fold_3] 1820,0.002086,0.050187,0.049257
[fold_3] 1830,0.001948,0.050132,0.049174
[fold_3] 1840,0.001686,0.050129,0.049175
[fold_3] 1850,0.002936,0.050097,0.049138
[fold_3] 1860,0.001926,0.050116,0.049182
[fold_3] 1870,0.005304,0.050046,0.049117
[fold_3] 1880,0.004018,0.050049,0.049140
[fold_3] 1890,0.002332,0.050019,0.049113
[fold_3] 1900,0.002928,0.050007,0.049140
[fold_3] 1910,0.002326,0.049981,0.049113
[fold_3] 1920,0.002244,0.050065,0.049193
[fold_3] 1930,0.002556,0.049993,0.049159
[fold_3] 1940,0.002571,0.049987,0.049125
[fold_3] 1950,0.002720,0.049914,0.049074
[fold_3] 1960,0.002334,0.049890,0.049046
[fold_3] 1970,0.002218,0.049870,0.049011
[fold_3] 1980,0.002097,0.049858,0.048983
[fold_3] 1990,0.002513,0.049874,0.048978
[fold_3] 2000,0.002723,0.049886,0.048970
[fold_3] 2010,0.004841,0.049837,0.048968[fold_4] 0,1.298198,1.158920,1.151339
[fold_4] 1,1.303530,1.154612,1.147017
[fold_4] 10,1.205518,1.116965,1.109242
[fold_4] 20,1.187066,1.074716,1.066885
[fold_4] 30,1.184490,1.043392,1.035633
[fold_4] 40,1.099476,1.016246,1.008125
[fold_4] 50,0.904402,0.988899,0.980344
[fold_4] 60,0.953914,0.955926,0.946850
[fold_4] 70,0.899002,0.910035,0.899882
[fold_4] 80,0.654996,0.832053,0.820616
[fold_4] 90,0.480636,0.693682,0.681581
[fold_4] 100,0.315533,0.555025,0.540474
[fold_4] 110,0.191898,0.467287,0.462166
[fold_4] 120,0.167716,0.408316,0.394969
[fold_4] 130,0.169231,0.380688,0.369178
[fold_4] 140,0.143361,0.342032,0.334660
[fold_4] 150,0.138026,0.317136,0.308983
[fold_4] 160,0.094527,0.291538,0.285219
[fold_4] 170,0.071668,0.276821,0.272226
[fold_4] 180,0.072713,0.255517,0.249805
[fold_4] 190,0.059678,0.230958,0.226392
[fold_4] 200,0.045456,0.213581,0.208664
[fold_4] 210,0.030102,0.197125,0.193393
[fold_4] 220,0.046841,0.194958,0.192348
[fold_4] 230,0.030950,0.176849,0.171493
[fold_4] 240,0.034209,0.166469,0.163067
[fold_4] 250,0.024951,0.164866,0.160135
[fold_4] 260,0.041548,0.150715,0.147497
[fold_4] 270,0.036373,0.150611,0.147906
[fold_4] 280,0.018372,0.146421,0.143979
[fold_4] 290,0.019722,0.135932,0.133858
[fold_4] 300,0.024686,0.131108,0.129138
[fold_4] 310,0.022945,0.124270,0.123892
[fold_4] 320,0.023037,0.137799,0.135603
[fold_4] 330,0.019695,0.118684,0.117999
[fold_4] 340,0.024786,0.115842,0.115950
[fold_4] 350,0.013021,0.106320,0.106853
[fold_4] 360,0.021576,0.104757,0.105300
[fold_4] 370,0.009696,0.110155,0.112197
[fold_4] 380,0.014877,0.100071,0.101133
[fold_4] 390,0.007557,0.095792,0.097824
[fold_4] 400,0.012461,0.097308,0.098128
[fold_4] 410,0.018962,0.093109,0.094591
[fold_4] 420,0.009084,0.094372,0.096881
[fold_4] 430,0.014527,0.097273,0.097713
[fold_4] 440,0.014226,0.095414,0.097496
[fold_4] 450,0.009080,0.087747,0.089343
[fold_4] 460,0.011519,0.085098,0.086418
[fold_4] 470,0.007720,0.083892,0.085256
[fold_4] 480,0.004586,0.086784,0.087831
[fold_4] 490,0.007415,0.084241,0.085878
[fold_4] 500,0.009603,0.081153,0.083385
[fold_4] 510,0.007358,0.081490,0.085700
[fold_4] 520,0.005596,0.084507,0.088799
[fold_4] 530,0.010399,0.078950,0.083075
[fold_4] 540,0.006100,0.077499,0.078684
[fold_4] 550,0.005485,0.074694,0.077480
[fold_4] 560,0.007306,0.073939,0.075783
[fold_4] 570,0.007917,0.073267,0.075312
[fold_4] 580,0.005892,0.080799,0.084176
[fold_4] 590,0.005578,0.076645,0.080305
[fold_4] 600,0.004034,0.075460,0.079282
[fold_4] 610,0.008127,0.070953,0.073896
[fold_4] 620,0.003294,0.069501,0.072082
[fold_4] 630,0.004218,0.068675,0.071594
[fold_4] 640,0.009690,0.073044,0.074369
[fold_4] 650,0.006421,0.069933,0.072381
[fold_4] 660,0.004217,0.066562,0.068758
[fold_4] 670,0.004567,0.068129,0.069527
[fold_4] 680,0.003950,0.067127,0.069284
[fold_4] 690,0.004284,0.066045,0.067168
[fold_4] 700,0.004780,0.065697,0.067139
[fold_4] 710,0.004996,0.065870,0.067691
[fold_4] 720,0.003735,0.067203,0.067609
[fold_4] 730,0.005886,0.065556,0.067593
[fold_4] 740,0.003580,0.062975,0.064650
[fold_4] 750,0.003593,0.063950,0.064906
[fold_4] 760,0.003833,0.062577,0.064305
[fold_4] 770,0.005587,0.062134,0.064905
[fold_4] 780,0.002785,0.061833,0.064449
[fold_4] 790,0.005198,0.061660,0.064390
[fold_4] 800,0.004170,0.061561,0.064658
[fold_4] 810,0.002880,0.061466,0.064479
[fold_4] 820,0.003373,0.061352,0.064168
[fold_4] 830,0.003712,0.061396,0.064083
[fold_4] 840,0.005983,0.061281,0.064285
[fold_4] 850,0.003428,0.061244,0.064776
[fold_4] 860,0.003805,0.060887,0.064038
[fold_4] 870,0.003681,0.061031,0.063734
[fold_4] 880,0.005565,0.060822,0.063726
[fold_4] 890,0.005517,0.060716,0.063489
[fold_4] 900,0.004752,0.060520,0.063399
[fold_4] 910,0.003823,0.060473,0.063377
[fold_4] 920,0.005399,0.060424,0.063860
[fold_4] 930,0.005390,0.060229,0.063896
[fold_4] 940,0.005635,0.060274,0.064230
[fold_4] 950,0.004688,0.060077,0.063613
[fold_4] 960,0.002787,0.059949,0.063612
[fold_4] 970,0.004412,0.059979,0.063717
[fold_4] 980,0.003711,0.059940,0.063387
[fold_4] 990,0.004846,0.059859,0.063746
[fold_4] 1000,0.004702,0.059940,0.063404
[fold_4] 1010,0.002595,0.059747,0.063519

[fold_3] 2020,0.002432,0.049776,0.048905
[fold_3] 2030,0.003218,0.049787,0.048921
[fold_3] 2040,0.002137,0.049712,0.048833
[fold_3] 2050,0.002587,0.049708,0.048846
[fold_3] 2060,0.001779,0.049666,0.048808
[fold_3] 2070,0.001790,0.049642,0.048802
[fold_3] 2080,0.003216,0.049672,0.048860
[fold_3] 2090,0.003032,0.049673,0.048866
[fold_3] 2100,0.004292,0.049628,0.048787
[fold_3] 2110,0.002023,0.049590,0.048756
[fold_3] 2120,0.002117,0.049569,0.048725
[fold_3] 2130,0.002950,0.049626,0.048789
[fold_3] 2140,0.002293,0.049566,0.048704
[fold_3] 2150,0.001739,0.049519,0.048653
[fold_3] 2160,0.001326,0.049523,0.048662
[fold_3] 2170,0.001847,0.049506,0.048646
[fold_3] 2180,0.002718,0.049503,0.048647
[fold_3] 2190,0.003168,0.049479,0.048658
[fold_3] 2200,0.002982,0.049481,0.048634
[fold_3] 2210,0.001588,0.049448,0.048549
[fold_3] 2220,0.003286,0.049424,0.048533
[fold_3] 2230,0.001784,0.049489,0.048583
[fold_3] 2240,0.002074,0.049423,0.048540
[fold_3] 2250,0.002616,0.049394,0.048512
[fold_3] 2260,0.002687,0.049348,0.048454
[fold_3] 2270,0.002161,0.049371,0.048487
[fold_3] 2280,0.003475,0.049319,0.048473
[fold_3] 2290,0.002755,0.049304,0.048458
[fold_3] 2300,0.002706,0.049274,0.048431
[fold_3] 2310,0.002058,0.049251,0.048404
[fold_3] 2320,0.002053,0.049303,0.048472
[fold_3] 2330,0.002076,0.049230,0.048377
[fold_3] 2340,0.002249,0.049458,0.048628
[fold_3] 2350,0.001610,0.049424,0.048546
[fold_3] 2360,0.004096,0.049387,0.048568
[fold_3] 2370,0.003415,0.049132,0.048273
[fold_3] 2380,0.002274,0.049152,0.048284
[fold_3] 2390,0.004492,0.049102,0.048214
[fold_3] 2400,0.002260,0.049134,0.048252
[fold_3] 2410,0.002008,0.049117,0.048278
[fold_3] 2420,0.002827,0.049010,0.048185
[fold_3] 2430,0.004374,0.049041,0.048225
[fold_3] 2440,0.002742,0.049019,0.048174
[fold_3] 2450,0.002961,0.048946,0.048096
[fold_3] 2460,0.001757,0.048943,0.048080
[fold_3] 2470,0.001604,0.048929,0.048062
[fold_3] 2480,0.001796,0.048923,0.048097
[fold_3] 2490,0.002012,0.048870,0.048059
[fold_3] 2500,0.002108,0.048845,0.048042
[fold_3] 2510,0.001709,0.048829,0.048039
[fold_3] 2520,0.002274,0.048816,0.048021
[fold_3] 2530,0.001622,0.048794,0.047988
[fold_3] 2540,0.002042,0.048907,0.048058
[fold_3] 2550,0.001984,0.048832,0.047937
[fold_3] 2560,0.003829,0.048813,0.047907
[fold_3] 2570,0.002191,0.048800,0.047880
[fold_3] 2580,0.003845,0.048807,0.047892
[fold_3] 2590,0.001970,0.048827,0.047901
[fold_3] 2600,0.001850,0.048786,0.047837
[fold_3] 2610,0.003682,0.048752,0.047770
[fold_3] 2620,0.001947,0.048762,0.047776
[fold_3] 2630,0.002310,0.048878,0.047884
[fold_3] 2640,0.002236,0.048789,0.047858
[fold_3] 2650,0.002053,0.048673,0.047728
[fold_3] 2660,0.001920,0.048645,0.047721
[fold_3] 2670,0.001740,0.048605,0.047671
[fold_3] 2680,0.001757,0.048579,0.047638
[fold_3] 2690,0.003957,0.048552,0.047612
[fold_3] 2700,0.002142,0.048530,0.047596
[fold_3] 2710,0.001782,0.048522,0.047599
[fold_3] 2720,0.002020,0.048501,0.047591
[fold_3] 2730,0.001991,0.048451,0.047542
[fold_3] 2740,0.002556,0.048469,0.047589
[fold_3] 2750,0.002977,0.048408,0.047519
[fold_3] 2760,0.001716,0.048386,0.047504
[fold_3] 2770,0.002873,0.048403,0.047525
[fold_3] 2780,0.006744,0.048382,0.047485
[fold_3] 2790,0.002168,0.048328,0.047381
[fold_3] 2800,0.003984,0.048300,0.047366
[fold_3] 2810,0.002240,0.048278,0.047360
[fold_3] 2820,0.002207,0.048266,0.047352
[fold_3] 2830,0.002211,0.048309,0.047370
[fold_3] 2840,0.005132,0.048189,0.047273
[fold_3] 2850,0.001585,0.048153,0.047279
[fold_3] 2860,0.002605,0.048138,0.047249
[fold_3] 2870,0.002458,0.048110,0.047215
[fold_3] 2880,0.001647,0.048088,0.047200
[fold_3] 2890,0.002773,0.048072,0.047191
[fold_3] 2900,0.001598,0.048156,0.047267
[fold_3] 2910,0.001950,0.048034,0.047143
[fold_3] 2920,0.001856,0.048076,0.047197
[fold_3] 2930,0.002198,0.048111,0.047216
[fold_3] 2940,0.003323,0.047993,0.047122
[fold_3] 2950,0.006588,0.048219,0.047331
[fold_3] 2960,0.002368,0.047908,0.047098
[fold_3] 2970,0.001416,0.047876,0.047067
[fold_3] 2980,0.001934,0.047870,0.047027
[fold_3] 2990,0.002010,0.047868,0.047033
[fold_3] 3000,0.002424,0.047801,0.046935

[fold_5] 2020,0.002350,0.055856,0.049434
[fold_5] 2030,0.002424,0.055776,0.049343
[fold_5] 2040,0.003082,0.055744,0.049332
[fold_5] 2050,0.003895,0.055746,0.049367
[fold_5] 2060,0.002747,0.055705,0.049306
[fold_5] 2070,0.002960,0.055737,0.049352
[fold_5] 2080,0.003310,0.055648,0.049214
[fold_5] 2090,0.002286,0.055631,0.049177
[fold_5] 2100,0.002863,0.055662,0.049241
[fold_5] 2110,0.003030,0.055873,0.049436
[fold_5] 2120,0.003616,0.055825,0.049430
[fold_5] 2130,0.002930,0.055563,0.049113
[fold_5] 2140,0.004366,0.055505,0.049082
[fold_5] 2150,0.002803,0.055566,0.049132
[fold_5] 2160,0.005606,0.055453,0.049002
[fold_5] 2170,0.002614,0.055423,0.048989
[fold_5] 2180,0.001752,0.055367,0.048944
[fold_5] 2190,0.002851,0.055345,0.048929
[fold_5] 2200,0.004052,0.055313,0.048890
[fold_5] 2210,0.002891,0.055351,0.048922
[fold_5] 2220,0.002140,0.055327,0.048903
[fold_5] 2230,0.002752,0.055272,0.048821
[fold_5] 2240,0.003010,0.055228,0.048789
[fold_5] 2250,0.002405,0.055240,0.048806
[fold_5] 2260,0.003154,0.055177,0.048719
[fold_5] 2270,0.002731,0.055192,0.048744
[fold_5] 2280,0.004561,0.055200,0.048756
[fold_5] 2290,0.003200,0.055159,0.048730
[fold_5] 2300,0.003243,0.055146,0.048707
[fold_5] 2310,0.002422,0.055195,0.048749
[fold_5] 2320,0.003460,0.055157,0.048722
[fold_5] 2330,0.003437,0.055321,0.048866
[fold_5] 2340,0.002515,0.055407,0.048996
[fold_5] 2350,0.002262,0.055095,0.048603
[fold_5] 2360,0.001887,0.055055,0.048566
[fold_5] 2370,0.002248,0.055005,0.048512
[fold_5] 2380,0.002639,0.054975,0.048470
[fold_5] 2390,0.002983,0.055043,0.048519
[fold_5] 2400,0.002177,0.055002,0.048474
[fold_5] 2410,0.002295,0.055226,0.048718
[fold_5] 2420,0.004676,0.054956,0.048430
[fold_5] 2430,0.003617,0.054876,0.048374
[fold_5] 2440,0.002688,0.054862,0.048383
[fold_5] 2450,0.002159,0.054801,0.048345
[fold_5] 2460,0.003038,0.054809,0.048355
[fold_5] 2470,0.005019,0.054862,0.048439
[fold_5] 2480,0.004118,0.055044,0.048610
[fold_5] 2490,0.002624,0.054871,0.048383
[fold_5] 2500,0.002492,0.054808,0.048281
[fold_5] 2510,0.003061,0.054705,0.048196
[fold_5] 2520,0.002018,0.054642,0.048124
[fold_5] 2530,0.003123,0.054670,0.048153
[fold_5] 2540,0.003811,0.054844,0.048389
[fold_5] 2550,0.002121,0.054617,0.048112
[fold_5] 2560,0.003420,0.054586,0.048094
[fold_5] 2570,0.002756,0.054701,0.048193
[fold_5] 2580,0.002744,0.054484,0.047934
[fold_5] 2590,0.002103,0.054491,0.047929
[fold_5] 2600,0.002473,0.054454,0.047883
[fold_5] 2610,0.002236,0.054549,0.048008
[fold_5] 2620,0.002636,0.054408,0.047852
[fold_5] 2630,0.002361,0.054362,0.047812
[fold_5] 2640,0.004535,0.054344,0.047803
[fold_5] 2650,0.003181,0.054341,0.047803
[fold_5] 2660,0.004220,0.054325,0.047764
[fold_5] 2670,0.002890,0.054285,0.047722
[fold_5] 2680,0.002062,0.054320,0.047781
[fold_5] 2690,0.003760,0.054230,0.047664
[fold_5] 2700,0.003107,0.054214,0.047651
[fold_5] 2710,0.002243,0.054161,0.047591
[fold_5] 2720,0.003980,0.054115,0.047549
[fold_5] 2730,0.002695,0.054079,0.047542
[fold_5] 2740,0.004045,0.054081,0.047592
[fold_5] 2750,0.002431,0.054075,0.047579
[fold_5] 2760,0.002093,0.054014,0.047493
[fold_5] 2770,0.004012,0.054058,0.047545
[fold_5] 2780,0.002267,0.053979,0.047466
[fold_5] 2790,0.002658,0.054202,0.047691
[fold_5] 2800,0.002927,0.053995,0.047436
[fold_5] 2810,0.003243,0.053947,0.047369
[fold_5] 2820,0.003885,0.053924,0.047329
[fold_5] 2830,0.001957,0.053901,0.047315
[fold_5] 2840,0.002459,0.053901,0.047329
[fold_5] 2850,0.005012,0.053852,0.047298
[fold_5] 2860,0.002146,0.053814,0.047289
[fold_5] 2870,0.003730,0.053893,0.047396
[fold_5] 2880,0.002740,0.053770,0.047256
[fold_5] 2890,0.002462,0.053887,0.047372
[fold_5] 2900,0.002837,0.053743,0.047163
[fold_5] 2910,0.002658,0.053663,0.047053
[fold_5] 2920,0.002943,0.053683,0.047060
[fold_5] 2930,0.002592,0.053641,0.047024
[fold_5] 2940,0.001849,0.053647,0.047033
[fold_5] 2950,0.003014,0.053606,0.047005
[fold_5] 2960,0.001928,0.053778,0.047205
[fold_5] 2970,0.003117,0.053577,0.046958
[fold_5] 2980,0.003719,0.053610,0.046996
[fold_5] 2990,0.002317,0.053518,0.046890
[fold_5] 3000,0.001712,0.053547,0.046926
[fold_1] 0,1.352094,1.159543,1.163900
[fold_1] 1,1.379679,1.155231,1.159647
[fold_1] 10,1.223851,1.117581,1.122532
[fold_1] 20,1.297491,1.075337,1.080998
[fold_1] 30,1.095713,1.044161,1.050541
[fold_1] 40,1.051426,1.016709,1.023313
[fold_1] 50,0.955284,0.989027,0.995941
[fold_1] 60,0.935895,0.955830,0.963259
[fold_1] 70,0.835476,0.909643,0.917950
[fold_1] 80,0.707966,0.831827,0.842304
[fold_1] 90,0.508903,0.691917,0.701475
[fold_1] 100,0.346846,0.571010,0.576388
[fold_1] 110,0.211097,0.476919,0.486457
[fold_1] 120,0.249716,0.410407,0.421273
[fold_1] 130,0.166382,0.379069,0.384232
[fold_1] 140,0.156871,0.368697,0.378628
[fold_1] 150,0.114607,0.302341,0.310374
[fold_1] 160,0.079626,0.272465,0.280303
[fold_1] 170,0.062762,0.304712,0.306690
[fold_1] 180,0.079278,0.238831,0.248047
[fold_1] 190,0.060010,0.225229,0.234515
[fold_1] 200,0.047095,0.231448,0.241153
[fold_1] 210,0.054749,0.210182,0.219742
[fold_1] 220,0.045015,0.201402,0.210316
[fold_1] 230,0.040623,0.188272,0.198357
[fold_1] 240,0.035651,0.172508,0.183361
[fold_1] 250,0.034144,0.159480,0.169389
[fold_1] 260,0.030075,0.151869,0.162416
[fold_1] 270,0.023720,0.143013,0.154568
[fold_1] 280,0.041597,0.154481,0.161399
[fold_1] 290,0.027210,0.188270,0.190919
[fold_1] 300,0.019565,0.127049,0.135803
[fold_1] 310,0.016347,0.131839,0.141270
[fold_1] 320,0.020547,0.130959,0.135564
[fold_1] 330,0.015805,0.122106,0.131206
[fold_1] 340,0.016063,0.116577,0.121689
[fold_1] 350,0.014953,0.126091,0.131112
[fold_1] 360,0.018229,0.119275,0.128682
[fold_1] 370,0.018025,0.103273,0.112604
[fold_1] 380,0.011391,0.100122,0.107808
[fold_1] 390,0.016055,0.132891,0.134625
[fold_1] 400,0.017021,0.097109,0.105683
[fold_1] 410,0.011198,0.095826,0.099904
[fold_1] 420,0.010479,0.097139,0.105333
[fold_1] 430,0.008440,0.090932,0.096310
[fold_1] 440,0.007071,0.084812,0.091392
[fold_1] 450,0.008973,0.083944,0.091881
[fold_1] 460,0.012748,0.135421,0.143363
[fold_1] 470,0.018254,0.093151,0.096505
[fold_1] 480,0.015870,0.079184,0.085723
[fold_1] 490,0.013024,0.077172,0.084637
[fold_1] 500,0.007525,0.077797,0.085803
[fold_1] 510,0.008613,0.077468,0.084361
[fold_1] 520,0.006142,0.080809,0.083336
[fold_1] 530,0.005524,0.074934,0.079543
[fold_1] 540,0.006727,0.073139,0.078373
[fold_1] 550,0.005838,0.072498,0.078353
[fold_1] 560,0.004811,0.077971,0.080890
[fold_1] 570,0.005808,0.072381,0.075800
[fold_1] 580,0.005986,0.071079,0.076621
[fold_1] 590,0.005192,0.069905,0.075856
[fold_1] 600,0.003584,0.070117,0.075943
[fold_1] 610,0.004797,0.067126,0.072009
[fold_1] 620,0.003384,0.066914,0.071193
[fold_1] 630,0.004753,0.066997,0.072484
[fold_1] 640,0.006629,0.067096,0.070461
[fold_1] 650,0.002812,0.065527,0.069908
[fold_1] 660,0.004435,0.065209,0.069329
[fold_1] 670,0.005106,0.064899,0.069235
[fold_1] 680,0.004450,0.064370,0.068710
[fold_1] 690,0.005649,0.064023,0.068270
[fold_1] 700,0.005354,0.065749,0.070629
[fold_1] 710,0.003227,0.064328,0.067385
[fold_1] 720,0.004127,0.064715,0.067576
[fold_1] 730,0.003905,0.064652,0.069342
[fold_1] 740,0.004575,0.062843,0.066210
[fold_1] 750,0.003168,0.063035,0.067130
[fold_1] 760,0.003983,0.062229,0.067481
[fold_1] 770,0.003711,0.061432,0.065957
[fold_1] 780,0.004698,0.062262,0.067567
[fold_1] 790,0.002943,0.060529,0.064835
[fold_1] 800,0.003541,0.060310,0.065009
[fold_1] 810,0.002895,0.059745,0.063818
[fold_1] 820,0.003713,0.059398,0.063413
[fold_1] 830,0.003063,0.059265,0.063069
[fold_1] 840,0.002379,0.058906,0.062707
[fold_1] 850,0.002344,0.058956,0.062159
[fold_1] 860,0.002990,0.058548,0.061887
[fold_1] 870,0.003498,0.059225,0.063375
[fold_1] 880,0.002885,0.060946,0.065421
[fold_1] 890,0.002550,0.058084,0.062315
[fold_1] 900,0.003376,0.057400,0.060955
[fold_1] 910,0.003672,0.057806,0.060724
[fold_1] 920,0.004434,0.057145,0.060492
[fold_1] 930,0.002966,0.056912,0.060445
[fold_1] 940,0.002821,0.056918,0.059908
[fold_1] 950,0.003600,0.056572,0.059797
[fold_1] 960,0.002989,0.056489,0.059618
[fold_1] 970,0.002200,0.056446,0.059923
[fold_1] 980,0.003091,0.056628,0.060272
[fold_1] 990,0.003348,0.057277,0.059564
[fold_1] 1000,0.004307,0.056448,0.060247
[fold_1] 1010,0.004199,0.055696,0.058803
[fold_1] 1020,0.002600,0.056447,0.058901
[fold_1] 1030,0.003230,0.055639,0.058370
[fold_1] 1040,0.002452,0.055906,0.059664
[fold_1] 1050,0.002374,0.054979,0.058142
[fold_1] 1060,0.003196,0.054973,0.058068
[fold_1] 1070,0.002720,0.054419,0.058147
[fold_1] 1080,0.003837,0.054379,0.058177
[fold_1] 1090,0.004568,0.054807,0.057490
[fold_1] 1100,0.002539,0.053699,0.057379
[fold_1] 1110,0.004174,0.054383,0.059086
[fold_1] 1120,0.002958,0.053471,0.056980
[fold_1] 1130,0.001865,0.053464,0.056762
[fold_1] 1140,0.002068,0.053861,0.056748
[fold_1] 1150,0.004130,0.053452,0.056349
[fold_1] 1160,0.002797,0.053037,0.056172
[fold_1] 1170,0.002126,0.052923,0.055914
[fold_1] 1180,0.001790,0.052709,0.055941
[fold_1] 1190,0.003158,0.052719,0.055255
[fold_1] 1200,0.002366,0.052516,0.055032
[fold_1] 1210,0.003210,0.053058,0.055531
[fold_1] 1220,0.003046,0.052724,0.056394
[fold_1] 1230,0.002165,0.052138,0.054744
[fold_1] 1240,0.004892,0.052063,0.055287
[fold_1] 1250,0.003451,0.053463,0.055261
[fold_1] 1260,0.001937,0.052354,0.055638
[fold_1] 1270,0.002889,0.051512,0.054447
[fold_1] 1280,0.002798,0.051391,0.054220
[fold_1] 1290,0.003133,0.051705,0.054052
[fold_1] 1300,0.002324,0.052378,0.054150
[fold_1] 1310,0.002118,0.052297,0.054136
[fold_1] 1320,0.002508,0.051205,0.053853
[fold_1] 1330,0.002133,0.050952,0.053787
[fold_1] 1340,0.002244,0.050657,0.053777
[fold_1] 1350,0.003798,0.050613,0.053676
[fold_1] 1360,0.002678,0.050716,0.053328
[fold_1] 1370,0.002402,0.050497,0.053396
[fold_1] 1380,0.003043,0.050714,0.053468
[fold_1] 1390,0.002120,0.051143,0.053484
[fold_1] 1400,0.002074,0.050477,0.053053
[fold_1] 1410,0.002702,0.050389,0.053090
[fold_1] 1420,0.002168,0.050369,0.053274
[fold_1] 1430,0.004616,0.050507,0.053085
[fold_1] 1440,0.002117,0.050229,0.053212
[fold_1] 1450,0.003115,0.050173,0.053227
[fold_1] 1460,0.001794,0.050222,0.053037
[fold_1] 1470,0.003763,0.050181,0.053034
[fold_1] 1480,0.003687,0.050168,0.052972
[fold_1] 1490,0.002043,0.050138,0.052930
[fold_1] 1500,0.002227,0.050091,0.053057
[fold_1] 1510,0.002662,0.050113,0.052918
[fold_1] 1520,0.002290,0.050058,0.053029
[fold_1] 1530,0.002285,0.050210,0.052777
[fold_1] 1540,0.002369,0.050059,0.052768
[fold_1] 1550,0.002423,0.050086,0.052720
[fold_1] 1560,0.002398,0.049975,0.052777
[fold_1] 1570,0.002455,0.049951,0.052826
[fold_1] 1580,0.002192,0.050135,0.052632
[fold_1] 1590,0.002181,0.049985,0.052958
[fold_1] 1600,0.002289,0.049989,0.052607
[fold_1] 1610,0.002015,0.049924,0.052712
[fold_1] 1620,0.002681,0.049917,0.052780
[fold_1] 1630,0.002972,0.049900,0.052627
[fold_1] 1640,0.002780,0.049837,0.052897
[fold_1] 1650,0.002328,0.049987,0.052644
[fold_1] 1660,0.001917,0.049774,0.052805
[fold_1] 1670,0.004323,0.049838,0.052632
[fold_1] 1680,0.003332,0.049724,0.052812
[fold_1] 1690,0.002215,0.049805,0.052626
[fold_1] 1700,0.002660,0.049697,0.052905

[fold_2] 2020,0.001973,0.046234,0.047849
[fold_2] 2030,0.002287,0.046282,0.047718
[fold_2] 2040,0.001562,0.046165,0.047766
[fold_2] 2050,0.002161,0.046518,0.047842
[fold_2] 2060,0.002996,0.046178,0.047790
[fold_2] 2070,0.003492,0.046187,0.047613
[fold_2] 2080,0.002501,0.046060,0.047618
[fold_2] 2090,0.001877,0.046204,0.047606
[fold_2] 2100,0.002753,0.046131,0.047782
[fold_2] 2110,0.002209,0.046098,0.047560
[fold_2] 2120,0.002234,0.046004,0.047583
[fold_2] 2130,0.002395,0.046122,0.047609
[fold_2] 2140,0.001668,0.045983,0.047574
[fold_2] 2150,0.003626,0.046023,0.047452
[fold_2] 2160,0.001962,0.046029,0.047665
[fold_2] 2170,0.002572,0.045985,0.047463
[fold_2] 2180,0.002168,0.045966,0.047567
[fold_2] 2190,0.003138,0.045934,0.047412
[fold_2] 2200,0.003017,0.045902,0.047503
[fold_2] 2210,0.002209,0.045902,0.047328
[fold_2] 2220,0.002209,0.045846,0.047412
[fold_2] 2230,0.002452,0.045847,0.047318
[fold_2] 2240,0.002358,0.045799,0.047341
[fold_2] 2250,0.001963,0.045774,0.047312
[fold_2] 2260,0.002837,0.045760,0.047311
[fold_2] 2270,0.002308,0.045748,0.047331
[fold_2] 2280,0.001950,0.045828,0.047312
[fold_2] 2290,0.002064,0.045811,0.047512
[fold_2] 2300,0.002444,0.045774,0.047233
[fold_2] 2310,0.002731,0.045685,0.047199
[fold_2] 2320,0.002207,0.045662,0.047131
[fold_2] 2330,0.001839,0.045626,0.047141
[fold_2] 2340,0.001519,0.045678,0.047302
[fold_2] 2350,0.003460,0.045787,0.047172
[fold_2] 2360,0.001806,0.045572,0.047082
[fold_2] 2370,0.003462,0.045554,0.047044
[fold_2] 2380,0.002466,0.045575,0.047026
[fold_2] 2390,0.002513,0.045519,0.047036
[fold_2] 2400,0.001991,0.045643,0.047083
[fold_2] 2410,0.002697,0.045491,0.046973
[fold_2] 2420,0.002018,0.045477,0.046939
[fold_2] 2430,0.002923,0.045459,0.046913
[fold_2] 2440,0.001685,0.045428,0.046972
[fold_2] 2450,0.001953,0.045411,0.046975
[fold_2] 2460,0.002808,0.045403,0.046890
[fold_2] 2470,0.002600,0.045376,0.046906
[fold_2] 2480,0.004448,0.045401,0.047023
[fold_2] 2490,0.002147,0.045360,0.046945
[fold_2] 2500,0.004579,0.045356,0.046818
[fold_2] 2510,0.002582,0.045282,0.046789
[fold_2] 2520,0.001693,0.045301,0.046680
[fold_2] 2530,0.002627,0.045276,0.046681
[fold_2] 2540,0.002014,0.045267,0.046801
[fold_2] 2550,0.004067,0.045268,0.046652
[fold_2] 2560,0.002655,0.045181,0.046646
[fold_2] 2570,0.004270,0.045174,0.046564
[fold_2] 2580,0.002390,0.045157,0.046634
[fold_2] 2590,0.002765,0.045135,0.046496
[fold_2] 2600,0.002821,0.045139,0.046464
[fold_2] 2610,0.001745,0.045127,0.046457
[fold_2] 2620,0.002251,0.045084,0.046460
[fold_2] 2630,0.001430,0.045070,0.046470
[fold_2] 2640,0.001734,0.045083,0.046629
[fold_2] 2650,0.002550,0.045161,0.046489
[fold_2] 2660,0.001533,0.045034,0.046519
[fold_2] 2670,0.001588,0.044989,0.046362
[fold_2] 2680,0.002364,0.044958,0.046294
[fold_2] 2690,0.002231,0.045063,0.046293
[fold_2] 2700,0.002519,0.044978,0.046386
[fold_2] 2710,0.001515,0.044951,0.046196
[fold_2] 2720,0.001872,0.044895,0.046332
[fold_2] 2730,0.001800,0.044839,0.046252
[fold_2] 2740,0.001909,0.044971,0.046190
[fold_2] 2750,0.001548,0.044810,0.046113
[fold_2] 2760,0.001212,0.044761,0.046152
[fold_2] 2770,0.001725,0.044738,0.046088
[fold_2] 2780,0.003154,0.044738,0.046094
[fold_2] 2790,0.001368,0.044750,0.046088
[fold_2] 2800,0.002300,0.045034,0.046170
[fold_2] 2810,0.001872,0.044694,0.045914
[fold_2] 2820,0.001685,0.044705,0.046096
[fold_2] 2830,0.002253,0.044732,0.045959
[fold_2] 2840,0.002383,0.044643,0.046032
[fold_2] 2850,0.002850,0.044831,0.046067
[fold_2] 2860,0.001653,0.044892,0.046488
[fold_2] 2870,0.001614,0.044736,0.046053
[fold_2] 2880,0.003256,0.044973,0.046645
[fold_2] 2890,0.001971,0.044564,0.045954
[fold_2] 2900,0.003417,0.044518,0.045937
[fold_2] 2910,0.002277,0.044506,0.045921

Cross-validation summary
Mean train RMSE norm      : 0.051295
Mean validation RMSE norm : 0.051145
Median best epoch         : 2810
Best-so-far checkpoint    : updated
Training-curve plot       : plots/cross_validation_curves.png
