[fold_1] 0,1.303209,1.094168,1.099788
[fold_1] 1,1.180799,1.092438,1.098077
[fold_1] 10,1.149725,1.077159,1.082989
[fold_1] 20,1.119241,1.060613,1.066661
[fold_1] 30,1.078919,1.044393,1.050668
[fold_1] 40,1.037950,1.028201,1.034708
[fold_1] 50,1.026011,1.011779,1.018514
[fold_1] 60,1.024037,0.994862,1.001765
[fold_1] 70,0.969476,0.977092,0.984055
[fold_1] 80,0.934559,0.958072,0.964979
[fold_1] 90,0.844132,0.937308,0.944123
[fold_1] 100,0.858646,0.914199,0.921048
[fold_1] 110,0.877271,0.888091,0.895240
[fold_1] 120,0.759179,0.858264,0.866022
[fold_1] 130,0.741120,0.824105,0.832729
[fold_1] 140,0.670151,0.785237,0.794890
[fold_1] 150,0.543459,0.741749,0.752284
[fold_1] 160,0.473504,0.694683,0.705624
[fold_1] 170,0.420111,0.646789,0.657551
[fold_1] 180,0.350605,0.602943,0.612676
[fold_1] 190,0.323835,0.568752,0.576195
[fold_1] 200,0.297315,0.545480,0.549742
[fold_1] 210,0.277434,0.518247,0.520662
[fold_1] 220,0.248633,0.485716,0.486470
[fold_1] 230,0.195661,3.521063,4.971677
[fold_1] 240,25.677677,4.338975,5.010941
[fold_1] 250,0.209090,4.337572,5.013155
[fold_1] 260,18.475279,4.343122,5.018445
[fold_1] 270,27.765833,4.348433,5.022517
[fold_1] 280,0.183721,4.332717,5.012949
[fold_1] 290,0.163420,4.334443,5.013029
[fold_1] 300,0.176976,4.332797,5.011819
[fold_1] 310,17.403851,3.781142,5.007864
[fold_1] 320,0.195148,3.776546,5.003140
[fold_5] 0,1.188445,1.094304,1.089509
[fold_5] 1,1.211505,1.092572,1.087795
[fold_5] 10,1.189829,1.077282,1.072636
[fold_5] 20,1.125444,1.060743,1.056178
[fold_5] 30,1.034462,1.044518,1.039972
[fold_5] 40,1.061359,1.028313,1.023744
[fold_5] 50,1.000020,1.011922,1.007329
[fold_5] 60,1.033945,0.995055,0.990448
[fold_5] 70,0.843761,0.977308,0.972722
[fold_5] 80,0.993904,0.958305,0.953794
[fold_5] 90,0.911399,0.937539,0.933157
[fold_5] 100,0.785802,0.914450,0.910227
[fold_5] 110,0.748277,0.888414,0.884310
[fold_5] 120,0.708571,0.858820,0.854692
[fold_5] 130,0.674858,0.825084,0.820698
[fold_5] 140,0.616296,0.786763,0.781810
[fold_5] 150,0.478875,0.743930,0.738131
[fold_5] 160,0.546698,0.697406,0.690735
[fold_5] 170,0.434576,0.649822,0.642599
[fold_5] 180,0.382036,0.605907,0.598857
[fold_5] 190,0.277818,0.571103,0.565435
[fold_5] 200,0.299860,0.546256,0.542591
[fold_5] 210,0.271124,0.518404,0.516013
[fold_5] 220,0.239162,0.484793,0.484838
[fold_5] 230,25.656164,4.305687,0.461112
[fold_5] 240,5.960780,4.813080,2.632982
[fold_5] 250,24.587910,4.807671,2.630388
[fold_5] 260,4.221685,4.299874,2.611072
[fold_5] 270,2.917676,4.292680,2.603749
[fold_5] 280,0.186935,4.291656,2.595049
[fold_5] 290,15.416867,4.291233,2.593523
[fold_5] 300,0.194719,4.290438,2.588489
[fold_5] 310,0.187515,4.291434,2.592421
[fold_5] 320,21.315979,4.294862,2.594644
[fold_5] 330,19.987026,4.293959,2.594259
[fold_4] 0,1.359014,1.093706,1.086865
[fold_4] 1,1.114262,1.091981,1.085125
[fold_4] 10,1.169050,1.076721,1.069719
[fold_4] 20,1.120432,1.060229,1.053104
[fold_4] 30,1.029698,1.043968,1.036827
[fold_4] 40,1.099460,1.027776,1.020690
[fold_4] 50,1.035956,1.011368,1.004362
[fold_4] 60,1.026814,0.994490,0.987553
[fold_4] 70,0.981139,0.976767,0.969812
[fold_4] 80,0.953874,0.957786,0.950689
[fold_4] 90,0.846323,0.937090,0.929697
[fold_4] 100,0.934081,0.914126,0.906329
[fold_4] 110,0.767160,0.888224,0.879954
[fold_4] 120,0.744804,0.858712,0.849973
[fold_4] 130,0.618154,0.824956,0.815820
[fold_4] 140,0.646306,0.786510,0.777142
[fold_4] 150,0.577563,0.743438,0.734052
[fold_4] 160,0.483775,0.696779,0.687568
[fold_4] 170,0.419858,0.649184,0.640279
[fold_4] 180,0.349770,0.605331,0.596896
[fold_4] 190,0.321226,0.570868,0.563087
[fold_4] 200,0.292500,0.546965,0.539781
[fold_4] 210,0.274627,0.520196,0.513417
[fold_4] 220,0.240823,0.488333,0.481165
[fold_4] 230,0.225057,3.509527,0.461688
[fold_4] 240,27.351568,3.630748,4.701962
[fold_4] 250,11.738340,3.628898,4.705668
[fold_4] 260,0.201603,0.444329,0.435353
[fold_4] 270,0.174247,2.774268,0.431786
[fold_4] 280,0.201949,2.788803,0.424418
[fold_4] 290,0.164998,3.572840,0.440589
[fold_4] 300,5.907934,3.703927,4.801685
[fold_4] 310,0.168699,3.679482,4.785544
[fold_4] 320,12.301384,3.684130,4.785408
[fold_4] 330,27.942711,3.692722,4.795528
[fold_4] 340,23.644758,3.697851,4.825266
[fold_4] 350,0.162020,3.693575,4.815075
[fold_4] 360,0.164411,3.697306,4.821947
[fold_4] 370,19.573580,3.700730,4.826729
[fold_4] 380,0.162055,3.703330,4.810732
[fold_3] 0,1.241617,1.093829,1.102976
[fold_3] 1,1.204695,1.092104,1.101238
[fold_3] 10,1.127570,1.076878,1.085904
[fold_3] 20,1.178495,1.060367,1.069284
[fold_3] 30,1.065190,1.044150,1.052950
[fold_3] 40,1.090304,1.027921,1.036600
[fold_3] 50,1.019660,1.011575,1.020117
[fold_3] 60,0.987876,0.994742,1.003124
[fold_3] 70,0.961126,0.977065,0.985259
[fold_3] 80,0.895505,0.958136,0.966090
[fold_3] 90,0.882011,0.937453,0.945122
[fold_3] 100,0.815991,0.914468,0.921843
[fold_3] 110,0.766881,0.888533,0.895694
[fold_3] 120,0.734104,0.858986,0.865944
[fold_3] 130,0.672170,0.825253,0.832030
[fold_3] 140,0.605661,0.786963,0.793568
[fold_3] 150,0.552266,0.744120,0.750544
[fold_3] 160,0.507048,0.697632,0.703927
[fold_3] 170,0.467431,0.650260,0.656397
[fold_3] 180,0.385770,0.606789,0.612695
[fold_3] 190,0.313302,0.572581,0.578281
[fold_3] 200,0.292663,0.548691,0.554443
[fold_3] 210,0.260502,0.521053,0.526965
[fold_3] 220,0.271023,0.487942,0.493320
[fold_3] 230,0.207702,3.514643,0.487945
[fold_3] 240,3.712156,4.433928,1.764975
[fold_3] 250,0.209039,4.419715,1.755075
[fold_3] 260,0.188549,4.212790,1.753865
[fold_3] 270,0.494184,4.213975,1.763096
[fold_3] 280,0.213869,3.511925,0.476542
[fold_3] 290,0.198917,4.228297,1.749896
[fold_3] 300,0.190763,4.247048,1.752503
[fold_3] 310,0.173450,4.442587,1.760984
[fold_3] 320,27.638311,4.444995,1.760175
[fold_3] 330,0.188834,4.441073,1.757623
[fold_3] 340,0.164374,4.444362,1.759261
[fold_3] 350,0.168260,4.444234,1.758406
[fold_3] 360,20.901718,4.444902,1.757864
[fold_3] 370,0.172747,4.444471,1.758404
[fold_3] 380,21.037588,4.444516,1.758407
[fold_2] 0,1.281702,1.094224,1.091092
[fold_2] 1,1.192180,1.092499,1.089358
[fold_2] 10,1.128859,1.077249,1.074046
[fold_2] 20,1.085235,1.060700,1.057411
[fold_2] 30,1.088516,1.044472,1.041049
[fold_2] 40,1.025640,1.028347,1.024751
[fold_2] 50,1.095604,1.012024,1.008258
[fold_2] 60,1.003708,0.995182,0.991327
[fold_2] 70,0.946521,0.977434,0.973730
[fold_2] 80,0.919447,0.958353,0.955046
[fold_2] 90,0.922682,0.937468,0.934759
[fold_2] 100,0.709035,0.914285,0.912122
[fold_2] 110,0.957042,0.888189,0.886381
[fold_2] 120,0.651628,0.858522,0.856860
[fold_2] 130,0.690395,0.824682,0.823018
[fold_2] 140,0.631638,0.786167,0.784529
[fold_2] 150,0.559380,0.742968,0.741496
[fold_2] 160,0.515796,0.696057,0.694954
[fold_2] 170,0.429927,0.648123,0.647616
[fold_2] 180,0.388147,0.603847,0.603657
[fold_2] 190,0.345645,0.568656,0.568342
[fold_2] 200,0.258274,0.544381,0.543560
[fold_2] 210,0.280151,0.516730,0.516212
[fold_2] 220,0.244339,0.483502,0.483721
[fold_2] 230,1.236726,3.530426,4.931493
[fold_2] 240,0.208517,3.550709,4.959371
[fold_2] 250,0.212311,0.442741,0.441729
[fold_2] 260,0.202226,0.436374,0.437792
[fold_2] 270,0.184393,0.424400,0.423027
[fold_2] 280,0.175257,0.415810,0.413551
[fold_2] 290,0.174342,0.409957,0.406723
[fold_2] 300,0.214950,1.276781,5.169094
[fold_2] 310,0.149813,0.393921,0.392322
[fold_2] 320,0.137410,0.388476,0.388729
[fold_2] 330,0.153641,3.741081,5.230142
[fold_2] 340,0.140120,0.374652,0.373444
[fold_2] 350,0.137938,0.367645,0.365807
[fold_2] 360,0.186726,0.368715,0.382089
[fold_2] 370,0.130266,0.351921,0.349981
[fold_2] 380,0.116117,0.343392,0.340749
[fold_2] 390,0.128769,0.338488,0.336128
[fold_2] 400,0.118991,0.329941,0.328414
[fold_2] 410,0.112612,0.322865,0.321394
[fold_2] 420,0.104926,0.317710,0.316763
[fold_2] 430,0.095833,0.316982,0.328102
[fold_2] 440,0.088006,0.306856,0.308635
[fold_2] 450,0.088843,0.297946,0.296727
[fold_2] 460,0.079649,0.290829,0.289741
[fold_2] 470,0.089658,0.283630,0.281625
[fold_2] 480,0.082421,0.277634,0.276715
[fold_2] 490,0.074674,0.269752,0.266238
[fold_2] 500,0.058498,0.263111,0.260019
[fold_2] 510,0.063345,0.256692,0.254142
[fold_2] 520,0.068018,0.251334,0.249527
[fold_2] 530,0.059040,0.244010,0.241052
[fold_2] 540,0.054154,0.237816,0.234701
[fold_2] 550,0.062167,0.233066,0.229736
[fold_2] 560,0.048254,0.227314,0.223389
[fold_2] 570,0.049734,0.221684,0.218043
[fold_2] 580,0.052093,0.216432,0.211811
[fold_2] 590,0.043788,0.211930,0.206938
[fold_2] 600,0.042710,0.205945,0.201876
[fold_2] 610,0.039536,0.200839,0.196942
[fold_2] 620,0.041167,0.195482,0.191060
[fold_2] 630,0.039650,0.190766,0.186181
[fold_2] 640,0.034264,0.186158,0.181534
[fold_2] 650,0.034636,0.181560,0.177014
[fold_2] 660,0.030424,0.177154,0.172358
[fold_2] 670,0.033873,0.173077,0.167437
[fold_2] 680,0.029697,0.169429,0.164549
[fold_2] 690,0.026323,0.165480,0.160050
[fold_2] 700,0.027562,0.162184,0.156267
[fold_2] 710,0.024410,0.159071,0.153374
[fold_2] 720,0.025681,0.156118,0.150741
[fold_2] 730,0.021743,0.153515,0.148222
[fold_2] 740,0.024101,0.150982,0.144609
[fold_2] 750,0.023013,0.148437,0.142218
[fold_2] 760,0.021234,0.146671,0.141013
[fold_2] 770,0.021902,0.144645,0.138048
[fold_2] 780,0.018651,0.142654,0.136327
[fold_2] 790,0.019495,0.140774,0.134768
[fold_2] 800,0.021232,0.139329,0.133698
[fold_2] 810,0.017055,0.137969,0.132576
[fold_2] 820,0.018046,0.136392,0.130887
[fold_2] 830,0.019524,0.135348,0.130278
[fold_2] 840,0.017459,0.134076,0.128552
[fold_2] 850,0.019930,0.133014,0.126962
[fold_2] 860,0.017195,0.132019,0.126273
[fold_2] 870,0.018673,0.131501,0.126178
[fold_2] 880,0.015627,0.130887,0.125910
[fold_2] 890,0.017809,0.129974,0.123706
[fold_2] 900,0.015753,0.129245,0.122881
[fold_2] 910,0.016425,0.128813,0.123064
[fold_2] 920,0.019486,0.128242,0.122218
[fold_2] 930,0.018930,0.127909,0.122028
[fold_2] 940,0.016815,0.127536,0.122372
[fold_2] 950,0.015675,0.127134,0.121946
[fold_2] 960,0.015929,0.126889,0.121221
[fold_2] 970,0.018552,0.126593,0.120824
[fold_2] 980,0.016398,0.126182,0.120242
[fold_2] 990,0.015797,0.126240,0.119726
[fold_2] 1000,0.022999,0.125678,0.119765
[fold_2] 1010,0.015166,0.125863,0.121123
[fold_2] 1020,0.015797,0.125340,0.119572
[fold_2] 1030,0.015661,0.125401,0.118388
[fold_2] 1040,0.015218,0.125204,0.118634
[fold_2] 1050,0.013852,0.124865,0.118375
[fold_2] 1060,0.016210,0.124750,0.118026
[fold_2] 1070,0.017632,0.124699,0.118974
[fold_2] 1080,0.016470,0.124798,0.119698
[fold_2] 1090,0.019892,0.124390,0.118777
[fold_2] 1100,0.013830,0.124336,0.118712
[fold_2] 1110,0.012624,0.124267,0.118474
[fold_2] 1120,0.015601,0.124244,0.118243
[fold_2] 1130,0.016256,0.124244,0.118153
[fold_2] 1140,0.014727,0.124224,0.118323
[fold_2] 1150,0.014643,0.124268,0.118616
[fold_2] 1160,0.014644,0.124254,0.118583

Cross-validation summary
Mean train RMSE norm      : 2.243376
Mean validation RMSE norm : 0.393314
Median best epoch         : 280
Best-so-far checkpoint    : kept previous
Training-curve plot       : plots/cross_validation_curves.png
