[fold_3] 0,1.139739,1.093829,1.102976
[fold_3] 1,1.182580,1.092289,1.101393
[fold_3] 10,1.165396,1.078439,1.087179
[fold_3] 20,1.085337,1.062967,1.071409
[fold_3] 30,1.049889,1.047243,1.055490
[fold_3] 40,1.059849,1.031138,1.039255
[fold_3] 50,1.004311,1.014475,1.022505
[fold_3] 60,0.990251,0.996984,1.004928
[fold_3] 70,0.967395,0.978395,0.986211
[fold_3] 80,0.872913,0.958282,0.965985
[fold_3] 90,0.913349,0.936224,0.943771
[fold_3] 100,0.924806,0.911714,0.919098
[fold_3] 110,0.845990,0.884265,0.891499
[fold_3] 120,0.733428,0.853428,0.860489
[fold_3] 130,0.739229,0.818814,0.825712
[fold_3] 140,0.656909,0.780360,0.787130
[fold_3] 150,0.563115,0.738621,0.745197
[fold_3] 160,0.475920,0.695174,0.701489
[fold_3] 170,0.438626,0.652853,0.658959
[fold_3] 180,0.445776,0.616040,0.622024
[fold_3] 190,0.349672,0.589343,0.595272
[fold_3] 200,0.324049,0.574501,0.580375
[fold_3] 210,0.310902,0.561858,0.567664
[fold_3] 220,0.295036,0.548212,0.553914
[fold_3] 230,0.289733,0.536237,0.541798
[fold_3] 240,0.277312,0.524918,0.530374
[fold_3] 250,0.286357,0.513964,0.519502
[fold_3] 260,0.271812,0.503347,0.509029
[fold_3] 270,0.240528,0.493099,0.498919
[fold_3] 280,0.238063,0.483218,0.489175
[fold_3] 290,0.264539,0.473688,0.479601
[fold_3] 300,0.251904,0.464394,0.470327
[fold_3] 310,0.202504,0.455389,0.461308
[fold_3] 320,0.164290,0.446612,0.452504
[fold_3] 330,0.194044,0.438046,0.443827
[fold_3] 340,0.187925,0.429710,0.435397
[fold_3] 350,0.163935,0.421425,0.427136
[fold_3] 360,0.176821,0.413623,0.419242
[fold_3] 370,0.168193,0.405852,0.411350
[fold_3] 380,0.160221,0.398337,0.403764
[fold_3] 390,0.152297,0.390710,0.396308
[fold_3] 400,0.140567,0.383279,0.388972
[fold_3] 410,0.119685,0.376009,0.381932
[fold_3] 420,0.136214,0.369087,0.374875
[fold_3] 430,0.127079,0.362172,0.367583
[fold_3] 440,0.117644,0.355638,0.360896
[fold_3] 450,0.116685,0.349172,0.354285
[fold_3] 460,0.115400,0.342439,0.347736
[fold_3] 470,0.111821,0.336073,0.341449
[fold_3] 480,0.114898,0.330037,0.335350
[fold_3] 490,0.108657,0.324114,0.329382
[fold_3] 500,0.094537,0.318046,0.323363
[fold_3] 510,0.112053,0.312310,0.317591
[fold_3] 520,0.088919,0.306653,0.311965
[fold_3] 530,0.100972,0.301193,0.306492
[fold_3] 540,0.094195,0.295956,0.301322
[fold_3] 550,0.090106,0.290981,0.296428
[fold_3] 560,0.072448,0.286566,0.291993
[fold_3] 570,0.074622,0.281897,0.287118
[fold_3] 580,0.084705,0.277376,0.282616
[fold_3] 590,0.073008,0.273158,0.278417
[fold_3] 600,0.075487,0.269238,0.274515
[fold_3] 610,0.075719,0.265939,0.271098
[fold_3] 620,0.070840,0.261856,0.267022
[fold_3] 630,0.070947,0.258280,0.263443
[fold_3] 640,0.055913,0.255093,0.260192
[fold_3] 650,0.064731,0.252459,0.257705
[fold_3] 660,0.063110,0.249045,0.254277
[fold_3] 670,0.059005,0.246146,0.251415
[fold_3] 680,0.057779,0.243543,0.248738
[fold_3] 690,0.061583,0.241134,0.246192
[fold_3] 700,0.061305,0.239071,0.244122
[fold_3] 710,0.068442,0.236810,0.241791
[fold_3] 720,0.061857,0.235020,0.240058
[fold_3] 730,0.049803,0.232866,0.237949
[fold_3] 740,0.053822,0.231278,0.236322
[fold_3] 750,0.051032,0.229450,0.234546
[fold_3] 760,0.058753,0.227939,0.232947
[fold_3] 770,0.050730,0.226747,0.231766
[fold_3] 780,0.041468,0.225342,0.230298
[fold_3] 790,0.050373,0.224136,0.229092
[fold_3] 800,0.048273,0.223092,0.228028
[fold_3] 810,0.051801,0.222277,0.227266
[fold_3] 820,0.039057,0.221436,0.226375
[fold_3] 830,0.052696,0.220969,0.225976
[fold_3] 840,0.049004,0.220377,0.225255
[fold_3] 850,0.047543,0.219394,0.224379
[fold_3] 860,0.050793,0.218714,0.223567
[fold_3] 870,0.055478,0.218004,0.222899
[fold_3] 880,0.054138,0.217431,0.222303
[fold_3] 890,0.052282,0.217000,0.221789
[fold_3] 900,0.041194,0.216471,0.221205
[fold_3] 910,0.048733,0.216252,0.220986
[fold_3] 920,0.050709,0.215745,0.220423
[fold_3] 930,0.050649,0.215389,0.220167
[fold_3] 940,0.042075,0.215101,0.219891
[fold_3] 950,0.044858,0.214893,0.219617
[fold_3] 960,0.041872,0.214630,0.219266
[fold_3] 970,0.051648,0.214340,0.218999
[fold_3] 980,0.044822,0.214107,0.218759
[fold_3] 990,0.051330,0.213922,0.218528
[fold_3] 1000,0.050365,0.213713,0.218301
[fold_3] 1010,0.047142,0.213541,0.218128
[fold_3] 1020,0.046937,0.213546,0.218092
[fold_3] 1030,0.054399,0.213543,0.218179
[fold_3] 1040,0.044328,0.213250,0.217822
[fold_3] 1050,0.048570,0.212983,0.217603
[fold_3] 1060,0.048997,0.212843,0.217377
[fold_3] 1070,0.047035,0.212711,0.217218
[fold_3] 1080,0.045809,0.212583,0.217070
[fold_3] 1090,0.042375,0.213449,0.217872
[fold_3] 1100,0.049614,0.212425,0.216920
[fold_3] 1110,0.046700,0.212864,0.217306
[fold_3] 1120,0.050865,0.212281,0.216818
[fold_3] 1130,0.043943,0.212400,0.216863
[fold_3] 1140,0.046540,0.212398,0.216936
[fold_3] 1150,0.045812,0.211833,0.216356
[fold_3] 1160,0.042951,0.212024,0.216574
[fold_3] 1170,0.040589,0.211792,0.216263
[fold_3] 1180,0.046555,0.211504,0.216081
[fold_3] 1190,0.048388,0.211740,0.216271
[fold_3] 1200,0.042641,0.211305,0.215853
[fold_3] 1210,0.046852,0.211303,0.215775
[fold_3] 1220,0.042080,0.211181,0.215674
[fold_3] 1230,0.046492,0.210976,0.215506
[fold_3] 1240,0.034107,0.210958,0.215484
[fold_3] 1250,0.042909,0.210805,0.215408
[fold_3] 1260,0.039867,0.210988,0.215527
[fold_3] 1270,0.037352,0.210690,0.215266
[fold_3] 1280,0.045248,0.210497,0.215059
[fold_3] 1290,0.043633,0.210467,0.215055
[fold_3] 1300,0.046422,0.210331,0.214935
[fold_3] 1310,0.037530,0.210315,0.214871
[fold_3] 1320,0.046496,0.210141,0.214751
[fold_3] 1330,0.043628,0.210066,0.214645
[fold_3] 1340,0.044581,0.209961,0.214605
[fold_3] 1350,0.050330,0.209889,0.214509
[fold_3] 1360,0.041817,0.209859,0.214464
[fold_3] 1370,0.039826,0.209718,0.214266
[fold_3] 1380,0.050646,0.209546,0.214060
[fold_3] 1390,0.039937,0.209573,0.214028
[fold_3] 1400,0.042345,0.209554,0.213987
[fold_3] 1410,0.047364,0.209178,0.213670
[fold_3] 1420,0.040694,0.209141,0.213639
[fold_3] 1430,0.040096,0.208979,0.213423
[fold_3] 1440,0.040559,0.209032,0.213429
[fold_3] 1450,0.037852,0.208807,0.213230
[fold_3] 1460,0.043351,0.208701,0.213148
[fold_3] 1470,0.039920,0.209324,0.213715
[fold_3] 1480,0.040816,0.209025,0.213502
[fold_3] 1490,0.046489,0.208609,0.213007
[fold_3] 1500,0.043348,0.208320,0.212761
[fold_3] 1510,0.039498,0.208775,0.213186
[fold_3] 1520,0.043514,0.208421,0.212875
[fold_3] 1530,0.036019,0.208883,0.213188
[fold_3] 1540,0.047209,0.207987,0.212366
[fold_3] 1550,0.046361,0.207931,0.212353
[fold_3] 1560,0.045429,0.207966,0.212382
[fold_3] 1570,0.044323,0.208195,0.212675
[fold_3] 1580,0.042875,0.207822,0.212289
[fold_3] 1590,0.039556,0.207859,0.212286
[fold_3] 1600,0.038650,0.207858,0.212285
[fold_3] 1610,0.042704,0.207685,0.212153
[fold_3] 1620,0.044952,0.207610,0.212056
[fold_3] 1630,0.038510,0.207636,0.212076
[fold_3] 1640,0.049021,0.207550,0.212013
[fold_3] 1650,0.046936,0.207521,0.211974
[fold_3] 1660,0.044117,0.207586,0.212022
[fold_3] 1670,0.041411,0.207576,0.212013
[fold_3] 1680,0.042463,0.207522,0.212004
[fold_3] 1690,0.042369,0.207474,0.211954
[fold_3] 1700,0.039582,0.207420,0.211891
[fold_3] 1710,0.045707,0.207399,0.211864
[fold_3] 1720,0.036163,0.207399,0.211856
[fold_3] 1730,0.043279,0.207393,0.211868
[fold_3] 1740,0.039038,0.207427,0.211913
[fold_3] 1750,0.038001,0.207351,0.211822
[fold_3] 1760,0.048350,0.207369,0.211828
[fold_3] 1770,0.043584,0.207351,0.211813
[fold_3] 1780,0.040935,0.207329,0.211798
[fold_3] 1790,0.048665,0.207323,0.211797
[fold_3] 1800,0.044311,0.207316,0.211789
[fold_3] 1810,0.045006,0.207313,0.211784
[fold_3] 1820,0.044343,0.207319,0.211787
[fold_3] 1830,0.049956,0.207318,0.211785
[fold_3] 1840,0.046282,0.207325,0.211790
[fold_3] 1850,0.050882,0.207313,0.211781
[fold_3] 1860,0.039946,0.207305,0.211775
[fold_3] 1870,0.038432,0.207300,0.211771
[fold_3] 1880,0.044437,0.207297,0.211770
[fold_3] 1890,0.037329,0.207299,0.211770
[fold_3] 1900,0.035369,0.207298,0.211769
[fold_3] 1910,0.046647,0.207296,0.211767
[fold_3] 1920,0.043217,0.207292,0.211764
[fold_3] 1930,0.034953,0.207288,0.211762
[fold_3] 1940,0.046036,0.207288,0.211762
[fold_3] 1950,0.036099,0.207286,0.211761
[fold_3] 1960,0.047596,0.207284,0.211759
[fold_3] 1970,0.040892,0.207283,0.211758
[fold_3] 1980,0.040432,0.207282,0.211757
[fold_3] 1990,0.047919,0.207283,0.211756
[fold_3] 2000,0.046600,0.207280,0.211755
[fold_3] 2010,0.038583,0.207277,0.211753[fold_4] 0,1.155751,1.093706,1.086865
[fold_4] 1,1.196752,1.092155,1.085322
[fold_4] 10,1.174369,1.078241,1.071410
[fold_4] 20,1.161471,1.062753,1.055828
[fold_4] 30,1.077501,1.047062,1.040016
[fold_4] 40,1.090849,1.030992,1.023881
[fold_4] 50,1.063991,1.014312,1.007233
[fold_4] 60,1.032564,0.996771,0.989808
[fold_4] 70,0.876958,0.978106,0.971253
[fold_4] 80,1.004812,0.957955,0.951099
[fold_4] 90,0.853487,0.935886,0.928860
[fold_4] 100,0.772178,0.911411,0.904006
[fold_4] 110,0.799716,0.884018,0.876108
[fold_4] 120,0.771952,0.853190,0.844738
[fold_4] 130,0.794039,0.818597,0.809664
[fold_4] 140,0.520203,0.780162,0.770865
[fold_4] 150,0.669626,0.738338,0.728895
[fold_4] 160,0.457461,0.694681,0.685322
[fold_4] 170,0.430783,0.652232,0.643160
[fold_4] 180,0.403683,0.615313,0.606590
[fold_4] 190,0.343589,0.588550,0.580066
[fold_4] 200,0.332554,0.573570,0.565110
[fold_4] 210,0.315565,0.560981,0.552508
[fold_4] 220,0.281478,0.547397,0.539147
[fold_4] 230,0.235177,0.535526,0.527383
[fold_4] 240,0.247467,0.523988,0.515907
[fold_4] 250,0.277380,0.513226,0.505232
[fold_4] 260,0.257912,0.502640,0.494790
[fold_4] 270,0.242453,0.492507,0.484763
[fold_4] 280,0.228593,0.482640,0.475014
[fold_4] 290,0.187201,0.473133,0.465564
[fold_4] 300,0.216469,0.464137,0.456639
[fold_4] 310,0.207346,0.455183,0.447793
[fold_4] 320,0.210362,0.446419,0.439036
[fold_4] 330,0.171376,0.437818,0.430477
[fold_4] 340,0.205271,0.429353,0.422098
[fold_4] 350,0.183448,0.421226,0.414023
[fold_4] 360,0.163745,0.413264,0.406127
[fold_4] 370,0.154518,0.405359,0.398285
[fold_4] 380,0.156236,0.397668,0.390633
[fold_4] 390,0.167120,0.390008,0.383030
[fold_4] 400,0.126984,0.382597,0.375731
[fold_4] 410,0.142194,0.375144,0.368347
[fold_4] 420,0.130538,0.367917,0.361200
[fold_4] 430,0.130765,0.360822,0.354204
[fold_4] 440,0.116240,0.353972,0.347405
[fold_4] 450,0.118918,0.347273,0.340796
[fold_4] 460,0.106987,0.340767,0.334385
[fold_4] 470,0.106150,0.334388,0.328110
[fold_4] 480,0.110214,0.328149,0.321993
[fold_4] 490,0.100073,0.321980,0.315903
[fold_4] 500,0.109604,0.316134,0.310120
[fold_4] 510,0.116042,0.310437,0.304498
[fold_4] 520,0.094127,0.304957,0.299103
[fold_4] 530,0.091188,0.299331,0.293563
[fold_4] 540,0.077804,0.294173,0.288516
[fold_4] 550,0.091503,0.289377,0.283829
[fold_4] 560,0.080502,0.284786,0.279334
[fold_4] 570,0.085050,0.280322,0.274993
[fold_4] 580,0.072488,0.275794,0.270556
[fold_4] 590,0.080358,0.271597,0.266508
[fold_4] 600,0.065794,0.267477,0.262514
[fold_4] 610,0.069456,0.263630,0.258816
[fold_4] 620,0.068281,0.259992,0.255352
[fold_4] 630,0.065681,0.256531,0.251998
[fold_4] 640,0.063433,0.253520,0.249047
[fold_4] 650,0.085833,0.250388,0.246001
[fold_4] 660,0.051197,0.247470,0.243164
[fold_4] 670,0.052670,0.244783,0.240608
[fold_4] 680,0.057320,0.242189,0.238199
[fold_4] 690,0.061087,0.240124,0.236269
[fold_4] 700,0.053909,0.237692,0.233956
[fold_4] 710,0.055479,0.235636,0.232026
[fold_4] 720,0.049712,0.233722,0.230234
[fold_4] 730,0.057180,0.232028,0.228649
[fold_4] 740,0.049398,0.230514,0.227240
[fold_4] 750,0.053535,0.228881,0.225692
[fold_4] 760,0.054294,0.227431,0.224348
[fold_4] 770,0.040957,0.226125,0.223144
[fold_4] 780,0.050782,0.224967,0.222118
[fold_4] 790,0.042290,0.224155,0.221458
[fold_4] 800,0.043912,0.222745,0.220172
[fold_4] 810,0.054240,0.221769,0.219289
[fold_4] 820,0.050885,0.221094,0.218724
[fold_4] 830,0.046402,0.220290,0.218029
[fold_4] 840,0.049395,0.219511,0.217310
[fold_4] 850,0.045715,0.218908,0.216787
[fold_4] 860,0.046720,0.218354,0.216331
[fold_4] 870,0.046101,0.218228,0.216244
[fold_4] 880,0.038556,0.217401,0.215480
[fold_4] 890,0.051289,0.216871,0.215023
[fold_4] 900,0.054916,0.216518,0.214681
[fold_4] 910,0.059476,0.216293,0.214477
[fold_4] 920,0.041682,0.215797,0.214079
[fold_4] 930,0.049926,0.215590,0.213955
[fold_4] 940,0.045768,0.216189,0.214575
[fold_4] 950,0.045089,0.214884,0.213404
[fold_4] 960,0.048771,0.214850,0.213436
[fold_4] 970,0.037283,0.214490,0.213101
[fold_4] 980,0.042362,0.214202,0.212896
[fold_4] 990,0.041774,0.214086,0.212821
[fold_4] 1000,0.042050,0.213960,0.212719
[fold_4] 1010,0.034961,0.213825,0.212614
[fold_4] 1020,0.046707,0.213564,0.212472
[fold_4] 1030,0.049267,0.213393,0.212331
[fold_4] 1040,0.047287,0.213360,0.212308
[fold_4] 1050,0.048632,0.213104,0.212083
[fold_4] 1060,0.042697,0.213040,0.212038
[fold_4] 1070,0.040640,0.213279,0.212306
[fold_4] 1080,0.045222,0.212852,0.211854
[fold_4] 1090,0.047064,0.212843,0.211861
[fold_4] 1100,0.046498,0.212561,0.211543
[fold_4] 1110,0.046244,0.212536,0.211514
[fold_4] 1120,0.044118,0.212356,0.211384
[fold_4] 1130,0.044670,0.212397,0.211441
[fold_4] 1140,0.045113,0.212381,0.211424
[fold_4] 1150,0.042112,0.213201,0.212314
[fold_4] 1160,0.043482,0.212363,0.211433
[fold_4] 1170,0.046256,0.211929,0.211033
[fold_4] 1180,0.043193,0.211919,0.211040
[fold_4] 1190,0.054261,0.211904,0.210986
[fold_4] 1200,0.047329,0.211774,0.210858
[fold_4] 1210,0.047871,0.211753,0.210833
[fold_4] 1220,0.041191,0.211675,0.210775
[fold_4] 1230,0.040845,0.212582,0.211737
[fold_4] 1240,0.044056,0.211613,0.210805
[fold_4] 1250,0.041747,0.211514,0.210764
[fold_4] 1260,0.052469,0.211584,0.210838
[fold_4] 1270,0.047481,0.211513,0.210751
[fold_4] 1280,0.042116,0.211635,0.210869
[fold_4] 1290,0.048453,0.211418,0.210638
[fold_4] 1300,0.046694,0.211399,0.210614
[fold_4] 1310,0.041926,0.211511,0.210730
[fold_4] 1320,0.043350,0.211356,0.210557
[fold_4] 1330,0.040267,0.211376,0.210567
[fold_4] 1340,0.043855,0.211290,0.210490
[fold_4] 1350,0.047926,0.211318,0.210541
[fold_4] 1360,0.039615,0.211217,0.210443
[fold_4] 1370,0.039393,0.211273,0.210522
[fold_4] 1380,0.042649,0.211158,0.210397
[fold_4] 1390,0.039638,0.211134,0.210364
[fold_4] 1400,0.050936,0.211198,0.210440
[fold_4] 1410,0.041894,0.211205,0.210425
[fold_4] 1420,0.051439,0.211059,0.210288
[fold_4] 1430,0.052097,0.211113,0.210325
[fold_4] 1440,0.047799,0.211023,0.210225
[fold_4] 1450,0.047347,0.211045,0.210251
[fold_4] 1460,0.054270,0.210989,0.210218
[fold_4] 1470,0.043761,0.210956,0.210193
[fold_4] 1480,0.041095,0.210908,0.210152
[fold_4] 1490,0.052731,0.210904,0.210162
[fold_4] 1500,0.040166,0.210852,0.210089
[fold_4] 1510,0.046892,0.210864,0.210101
[fold_4] 1520,0.035730,0.210805,0.210023
[fold_4] 1530,0.048474,0.210873,0.210087
[fold_4] 1540,0.039950,0.210749,0.209985
[fold_4] 1550,0.045080,0.210877,0.210131
[fold_4] 1560,0.045871,0.210814,0.210046
[fold_4] 1570,0.049094,0.210952,0.210165
[fold_4] 1580,0.041647,0.210754,0.209970
[fold_4] 1590,0.045519,0.210644,0.209871
[fold_4] 1600,0.039987,0.210641,0.209870
[fold_4] 1610,0.048397,0.210615,0.209848
[fold_4] 1620,0.039394,0.210607,0.209837
[fold_4] 1630,0.048901,0.210595,0.209824
[fold_4] 1640,0.039712,0.210570,0.209801
[fold_4] 1650,0.041358,0.210558,0.209792
[fold_4] 1660,0.045886,0.210551,0.209785
[fold_4] 1670,0.041988,0.210523,0.209757
[fold_4] 1680,0.042650,0.210507,0.209741
[fold_4] 1690,0.043357,0.210509,0.209743
[fold_4] 1700,0.047623,0.210516,0.209753
[fold_4] 1710,0.040690,0.210481,0.209717
[fold_4] 1720,0.044279,0.210459,0.209691
[fold_4] 1730,0.041440,0.210451,0.209685
[fold_4] 1740,0.038834,0.210443,0.209677
[fold_4] 1750,0.048369,0.210435,0.209672
[fold_4] 1760,0.039985,0.210434,0.209669
[fold_4] 1770,0.034463,0.210435,0.209668
[fold_4] 1780,0.041590,0.210428,0.209663
[fold_4] 1790,0.048981,0.210423,0.209660
[fold_4] 1800,0.038734,0.210422,0.209658
[fold_4] 1810,0.049155,0.210420,0.209656
[fold_4] 1820,0.046883,0.210418,0.209653
[fold_4] 1830,0.047350,0.210417,0.209652
[fold_4] 1840,0.044310,0.210418,0.209652
[fold_4] 1850,0.045278,0.210416,0.209650
[fold_4] 1860,0.045775,0.210415,0.209649
[fold_4] 1870,0.045898,0.210412,0.209648
[fold_4] 1880,0.047904,0.210411,0.209647
[fold_4] 1890,0.039687,0.210410,0.209646
[fold_4] 1900,0.049975,0.210413,0.209648
[fold_4] 1910,0.046115,0.210419,0.209652
[fold_4] 1920,0.038435,0.210424,0.209656
[fold_4] 1930,0.046287,0.210421,0.209654
[fold_4] 1940,0.043997,0.210423,0.209655
[fold_4] 1950,0.050622,0.210419,0.209651
[fold_4] 1960,0.041586,0.210415,0.209648
[fold_4] 1970,0.045163,0.210415,0.209648
[fold_4] 1980,0.048642,0.210414,0.209647
[fold_4] 1990,0.039799,0.210413,0.209646
[fold_4] 2000,0.051976,0.210406,0.209641
[fold_4] 2010,0.044476,0.210401,0.209636[fold_1] 0,1.202994,1.094168,1.099788
[fold_1] 1,1.187277,1.092614,1.098264
[fold_1] 10,1.136055,1.078629,1.084555
[fold_1] 20,1.218301,1.063049,1.069272
[fold_1] 30,1.111841,1.047317,1.053786
[fold_1] 40,1.036321,1.031234,1.037859
[fold_1] 50,0.987400,1.014585,1.021245
[fold_1] 60,1.007436,0.997096,1.003661
[fold_1] 70,0.942663,0.978488,0.984878
[fold_1] 80,0.981599,0.958355,0.964600
[fold_1] 90,0.900521,0.936245,0.942474
[fold_1] 100,0.771703,0.911653,0.918091
[fold_1] 110,0.710907,0.884038,0.890967
[fold_1] 120,0.715930,0.852930,0.860608
[fold_1] 130,0.691617,0.818009,0.826547
[fold_1] 140,0.570685,0.779271,0.788691
[fold_1] 150,0.554602,0.737254,0.747471
[fold_1] 160,0.492151,0.693617,0.704346
[fold_1] 170,0.399706,0.651298,0.662171
[fold_1] 180,0.375039,0.614598,0.625047
[fold_1] 190,0.336630,0.588054,0.597452
[fold_1] 200,0.327239,0.572889,0.581124
[fold_1] 210,0.312382,0.559968,0.568075
[fold_1] 220,0.307076,0.546680,0.555269
[fold_1] 230,0.290105,0.534541,0.543282
[fold_1] 240,0.285856,0.523100,0.531896
[fold_1] 250,0.259516,0.512275,0.521145
[fold_1] 260,0.253266,0.501846,0.510841
[fold_1] 270,0.246603,0.491851,0.500972
[fold_1] 280,0.243150,0.482221,0.491257
[fold_1] 290,0.219432,0.472898,0.481859
[fold_1] 300,0.214129,0.463710,0.472857
[fold_1] 310,0.190922,0.454871,0.464238
[fold_1] 320,0.214694,0.446259,0.455469
[fold_1] 330,0.202636,0.437943,0.446911
[fold_1] 340,0.183988,0.429248,0.438640
[fold_1] 350,0.167440,0.420919,0.430362
[fold_1] 360,0.166584,0.412859,0.422570
[fold_1] 370,0.179188,0.405005,0.414482
[fold_1] 380,0.152404,0.397162,0.406710
[fold_1] 390,0.158362,0.389586,0.399404
[fold_1] 400,0.145567,0.382334,0.391783
[fold_1] 410,0.158304,0.374878,0.384558
[fold_1] 420,0.141008,0.367718,0.377821
[fold_1] 430,0.134134,0.360673,0.370776
[fold_1] 440,0.126698,0.353924,0.363528
[fold_1] 450,0.123482,0.347250,0.357490
[fold_1] 460,0.127194,0.340730,0.350459
[fold_1] 470,0.119767,0.334297,0.344119
[fold_1] 480,0.105283,0.327885,0.338203
[fold_1] 490,0.095455,0.321830,0.332020
[fold_1] 500,0.099732,0.315930,0.326083
[fold_1] 510,0.093927,0.310407,0.320370
[fold_1] 520,0.088716,0.304868,0.315162
[fold_1] 530,0.088140,0.299499,0.309653
[fold_1] 540,0.094355,0.294390,0.304476
[fold_1] 550,0.081299,0.289423,0.299812
[fold_1] 560,0.073060,0.284750,0.295005
[fold_1] 570,0.075682,0.280178,0.290694
[fold_1] 580,0.086567,0.275832,0.286379
[fold_1] 590,0.073591,0.271758,0.281959
[fold_1] 600,0.074601,0.267684,0.278186
[fold_1] 610,0.068450,0.263929,0.274485
[fold_1] 620,0.072468,0.260347,0.270483
[fold_1] 630,0.064503,0.256910,0.267192
[fold_1] 640,0.062205,0.253736,0.264320
[fold_1] 650,0.064316,0.250810,0.260621
[fold_1] 660,0.068340,0.247853,0.258563
[fold_1] 670,0.071311,0.244993,0.255090
[fold_1] 680,0.063426,0.242437,0.252378
[fold_1] 690,0.053964,0.239956,0.250225
[fold_1] 700,0.052835,0.237726,0.248149
[fold_1] 710,0.059527,0.236174,0.245435
[fold_1] 720,0.051096,0.233614,0.244214
[fold_1] 730,0.053191,0.231625,0.241941
[fold_1] 740,0.054775,0.229866,0.240046
[fold_1] 750,0.050818,0.228304,0.238273
[fold_1] 760,0.055582,0.226880,0.237180
[fold_1] 770,0.048572,0.225548,0.235491
[fold_1] 780,0.049547,0.224524,0.234164
[fold_1] 790,0.055295,0.223216,0.233175
[fold_1] 800,0.048178,0.222216,0.232421
[fold_1] 810,0.052453,0.222012,0.230982
[fold_1] 820,0.052326,0.220435,0.230557
[fold_1] 830,0.055409,0.219816,0.228990
[fold_1] 840,0.049564,0.218786,0.228955
[fold_1] 850,0.056167,0.218669,0.227445
[fold_1] 860,0.047955,0.218221,0.228986
[fold_1] 870,0.051554,0.217403,0.226121
[fold_1] 880,0.038128,0.217312,0.228094
[fold_1] 890,0.048726,0.215866,0.225233
[fold_1] 900,0.055313,0.215439,0.225135
[fold_1] 910,0.052422,0.215469,0.224265
[fold_1] 920,0.042499,0.214680,0.224121
[fold_1] 930,0.048883,0.214777,0.225051
[fold_1] 940,0.051958,0.214800,0.223230
[fold_1] 950,0.042717,0.214448,0.224847
[fold_1] 960,0.046918,0.213960,0.222630
[fold_1] 970,0.040314,0.213348,0.222819
[fold_1] 980,0.048250,0.213168,0.222340
[fold_1] 990,0.046777,0.213547,0.222005
[fold_1] 1000,0.035047,0.212707,0.222215
[fold_1] 1010,0.045986,0.212591,0.221749
[fold_1] 1020,0.047455,0.212414,0.221671
[fold_1] 1030,0.047717,0.212999,0.221309
[fold_1] 1040,0.053333,0.212349,0.222239
[fold_1] 1050,0.045330,0.212339,0.220942
[fold_1] 1060,0.048839,0.211888,0.221395
[fold_1] 1070,0.045202,0.212392,0.220695
[fold_1] 1080,0.043682,0.211636,0.221311
[fold_1] 1090,0.054786,0.211423,0.220681
[fold_1] 1100,0.043930,0.211307,0.220624
[fold_1] 1110,0.037034,0.211460,0.221361
[fold_1] 1120,0.043739,0.211376,0.219987
[fold_1] 1130,0.040821,0.211391,0.221406
[fold_1] 1140,0.043431,0.211058,0.219820
[fold_1] 1150,0.044612,0.210799,0.219903
[fold_1] 1160,0.045609,0.210649,0.220070
[fold_1] 1170,0.042528,0.210551,0.219927
[fold_1] 1180,0.041628,0.210628,0.219527
[fold_1] 1190,0.048150,0.210496,0.220040
[fold_1] 1200,0.043412,0.210396,0.219513
[fold_1] 1210,0.045887,0.210451,0.219318
[fold_1] 1220,0.043065,0.210292,0.219369
[fold_1] 1230,0.044055,0.210188,0.219487
[fold_1] 1240,0.047690,0.210168,0.219693
[fold_1] 1250,0.045989,0.210142,0.219318
[fold_1] 1260,0.037376,0.210161,0.219196
[fold_1] 1270,0.043452,0.210145,0.219160
[fold_1] 1280,0.045945,0.210227,0.219053
[fold_1] 1290,0.043627,0.210065,0.219157
[fold_1] 1300,0.047962,0.210055,0.219677
[fold_1] 1310,0.045071,0.209969,0.219222
[fold_1] 1320,0.048086,0.210008,0.219054
[fold_1] 1330,0.047717,0.209954,0.219131
[fold_1] 1340,0.036911,0.209952,0.219088
[fold_1] 1350,0.049645,0.209928,0.219151
[fold_1] 1360,0.045079,0.209915,0.219267
[fold_1] 1370,0.045740,0.209918,0.219351
[fold_1] 1380,0.051965,0.209907,0.219269
[fold_5] 0,1.266567,1.094304,1.089509
[fold_5] 1,1.102157,1.092754,1.087966
[fold_5] 10,1.119683,1.078840,1.074144
[fold_5] 20,1.173972,1.063302,1.058752
[fold_5] 30,1.070945,1.047565,1.043165
[fold_5] 40,1.047557,1.031480,1.027188
[fold_5] 50,1.034662,1.014800,1.010536
[fold_5] 60,1.092734,0.997268,0.992980
[fold_5] 70,0.930313,0.978590,0.974269
[fold_5] 80,0.885147,0.958440,0.954093
[fold_5] 90,0.916944,0.936341,0.932008
[fold_5] 100,0.832336,0.911797,0.907517
[fold_5] 110,0.820176,0.884302,0.880064
[fold_5] 120,0.761789,0.853392,0.849098
[fold_5] 130,0.731356,0.818756,0.814190
[fold_5] 140,0.619629,0.780327,0.775252
[fold_5] 150,0.535192,0.738615,0.732842
[fold_5] 160,0.511003,0.695125,0.688639
[fold_5] 170,0.464176,0.652785,0.645837
[fold_5] 180,0.366735,0.615942,0.608989
[fold_5] 190,0.395933,0.589151,0.582775
[fold_5] 200,0.340613,0.573939,0.568483
[fold_5] 210,0.332515,0.561347,0.556162
[fold_5] 220,0.295834,0.547709,0.541960
[fold_5] 230,0.281246,0.536127,0.530087
[fold_5] 240,0.296726,0.524658,0.518717
[fold_5] 250,0.287960,0.513929,0.507966
[fold_5] 260,0.244878,0.503492,0.497524
[fold_5] 270,0.254841,0.493512,0.487361
[fold_5] 280,0.241883,0.483866,0.477561
[fold_5] 290,0.239008,0.474360,0.468151
[fold_5] 300,0.209099,0.465117,0.458803
[fold_5] 310,0.190359,0.456318,0.449702
[fold_5] 320,0.216531,0.447643,0.441146
[fold_5] 330,0.190757,0.439142,0.432639
[fold_5] 340,0.180590,0.430790,0.424086
[fold_5] 350,0.176869,0.422842,0.415999
[fold_5] 360,0.166740,0.414867,0.408215
[fold_5] 370,0.155264,0.406978,0.400242
[fold_5] 380,0.160093,0.399258,0.392428
[fold_5] 390,0.147400,0.391993,0.384764
[fold_5] 400,0.148408,0.384497,0.377473
[fold_5] 410,0.141841,0.377334,0.370545
[fold_5] 420,0.129509,0.370033,0.362797
[fold_5] 430,0.129431,0.363061,0.356044
[fold_5] 440,0.125913,0.356139,0.349017
[fold_5] 450,0.122310,0.349395,0.342043
[fold_5] 460,0.117470,0.342884,0.335442
[fold_5] 470,0.125120,0.336506,0.329031
[fold_5] 480,0.121733,0.330301,0.322867
[fold_5] 490,0.096477,0.324310,0.316857
[fold_5] 500,0.096924,0.318476,0.310861
[fold_5] 510,0.106545,0.312910,0.305311
[fold_5] 520,0.087214,0.307331,0.299582
[fold_5] 530,0.097760,0.302007,0.294081
[fold_5] 540,0.086592,0.296971,0.288956
[fold_5] 550,0.080435,0.291984,0.284212
[fold_5] 560,0.085993,0.287139,0.279307
[fold_5] 570,0.082634,0.282450,0.274487
[fold_5] 580,0.074281,0.277996,0.270273
[fold_5] 590,0.076012,0.273659,0.265696
[fold_5] 600,0.072404,0.269670,0.261559
[fold_5] 610,0.070874,0.265915,0.257791
[fold_5] 620,0.069980,0.262390,0.254042
[fold_5] 630,0.069519,0.259004,0.250894
[fold_5] 640,0.075918,0.255694,0.247386
[fold_5] 650,0.063988,0.252563,0.244355
[fold_5] 660,0.065301,0.249655,0.241436
[fold_5] 670,0.061458,0.246892,0.238494
[fold_5] 680,0.058590,0.244316,0.235902
[fold_5] 690,0.056740,0.241896,0.233774
[fold_5] 700,0.062871,0.239603,0.231211
[fold_5] 710,0.064908,0.237538,0.229421
[fold_5] 720,0.053032,0.235695,0.227241
[fold_5] 730,0.052960,0.234040,0.225389
[fold_5] 740,0.055290,0.232257,0.223968
[fold_5] 750,0.052345,0.231078,0.222194
[fold_5] 760,0.054287,0.229401,0.221310
[fold_5] 770,0.049511,0.228134,0.220106
[fold_5] 780,0.054158,0.226859,0.218658
[fold_5] 790,0.054634,0.225669,0.217423
[fold_5] 800,0.049174,0.224674,0.216694
[fold_5] 810,0.057308,0.223834,0.215962
[fold_5] 820,0.046828,0.222824,0.214547
[fold_5] 830,0.046788,0.222042,0.213698
[fold_5] 840,0.049301,0.221315,0.213130
[fold_5] 850,0.050473,0.220787,0.212845
[fold_5] 860,0.056953,0.220152,0.212253
[fold_5] 870,0.049493,0.219567,0.211153
[fold_5] 880,0.040476,0.219348,0.210645
[fold_5] 890,0.047445,0.218632,0.210597
[fold_5] 900,0.044914,0.218438,0.209915
[fold_5] 910,0.049772,0.218019,0.210364
[fold_5] 920,0.036290,0.217833,0.209246
[fold_5] 930,0.048421,0.217426,0.209804
[fold_5] 940,0.049302,0.217416,0.208670
[fold_5] 950,0.049469,0.216716,0.208861
[fold_5] 960,0.044645,0.216545,0.208520
[fold_5] 970,0.045919,0.216470,0.208002
[fold_5] 980,0.035570,0.216456,0.207775
[fold_5] 990,0.048481,0.216319,0.208482
[fold_5] 1000,0.052953,0.215943,0.207639
[fold_5] 1010,0.051521,0.215738,0.207264
[fold_5] 1020,0.049901,0.215420,0.207179
[fold_5] 1030,0.047537,0.215159,0.207161
[fold_5] 1040,0.042555,0.215183,0.206723
[fold_5] 1050,0.039334,0.214956,0.206606
[fold_5] 1060,0.043612,0.214925,0.207566
[fold_5] 1070,0.049652,0.214619,0.206383
[fold_5] 1080,0.044452,0.214633,0.207105
[fold_5] 1090,0.039609,0.214644,0.206096
[fold_5] 1100,0.044011,0.214255,0.206577
[fold_5] 1110,0.038223,0.214420,0.207162
[fold_5] 1120,0.041065,0.214294,0.205783
[fold_5] 1130,0.045537,0.214402,0.207305
[fold_5] 1140,0.050882,0.213821,0.206007
[fold_5] 1150,0.046346,0.213776,0.205748
[fold_5] 1160,0.043131,0.213707,0.205753
[fold_5] 1170,0.043894,0.213734,0.206044
[fold_5] 1180,0.041156,0.213586,0.205271
[fold_5] 1190,0.048299,0.213420,0.205762
[fold_5] 1200,0.057306,0.213381,0.204959
[fold_5] 1210,0.041492,0.213109,0.205021
[fold_5] 1220,0.048219,0.213194,0.204750
[fold_5] 1230,0.045283,0.213369,0.206188
[fold_5] 1240,0.040227,0.212850,0.204702
[fold_5] 1250,0.036154,0.212694,0.204743
[fold_5] 1260,0.045874,0.212796,0.205384
[fold_5] 1270,0.037543,0.212644,0.204250
[fold_5] 1280,0.047121,0.212409,0.204332
[fold_5] 1290,0.040486,0.212265,0.204406
[fold_5] 1300,0.039543,0.212149,0.204182
[fold_5] 1310,0.055393,0.212114,0.204509
[fold_5] 1320,0.049638,0.212056,0.203766
[fold_5] 1330,0.046666,0.212029,0.204620
[fold_5] 1340,0.045363,0.211764,0.203775
[fold_5] 1350,0.039522,0.211764,0.204030
[fold_5] 1360,0.040478,0.211740,0.204032
[fold_5] 1370,0.044222,0.211654,0.203817
[fold_5] 1380,0.047238,0.211729,0.203328
[fold_5] 1390,0.047860,0.211894,0.204672
[fold_5] 1400,0.046993,0.211655,0.203196
[fold_5] 1410,0.045561,0.211463,0.203229
[fold_5] 1420,0.036441,0.211421,0.203627
[fold_5] 1430,0.047241,0.211377,0.203196
[fold_5] 1440,0.054360,0.211340,0.203174
[fold_5] 1450,0.047169,0.211461,0.203912
[fold_5] 1460,0.035415,0.211305,0.203569
[fold_5] 1470,0.039086,0.211458,0.202906
[fold_5] 1480,0.044078,0.211412,0.202881
[fold_5] 1490,0.033188,0.211202,0.202954
[fold_5] 1500,0.046192,0.211121,0.203210
[fold_5] 1510,0.045452,0.211101,0.203095
[fold_5] 1520,0.046662,0.211099,0.203228
[fold_5] 1530,0.045393,0.211088,0.203195
[fold_5] 1540,0.042329,0.211075,0.203110
[fold_5] 1550,0.039389,0.211069,0.203104
[fold_5] 1560,0.040186,0.211056,0.203048
[fold_5] 1570,0.049521,0.211047,0.203010
[fold_5] 1580,0.047210,0.211041,0.203036

[fold_4] 2020,0.046679,0.210397,0.209633
[fold_4] 2030,0.041818,0.210395,0.209631
[fold_4] 2040,0.048838,0.210395,0.209630
[fold_4] 2050,0.040349,0.210394,0.209629
[fold_4] 2060,0.044520,0.210393,0.209628
[fold_4] 2070,0.049538,0.210392,0.209626
[fold_4] 2080,0.035874,0.210392,0.209626
[fold_4] 2090,0.039822,0.210391,0.209624
[fold_4] 2100,0.049386,0.210387,0.209621
[fold_4] 2110,0.048255,0.210385,0.209619
[fold_4] 2120,0.049594,0.210384,0.209618
[fold_4] 2130,0.039593,0.210382,0.209616
[fold_4] 2140,0.044848,0.210379,0.209614
[fold_4] 2150,0.043687,0.210378,0.209613
[fold_4] 2160,0.039456,0.210377,0.209612
[fold_2] 0,1.291700,1.094224,1.091092
[fold_2] 1,1.234682,1.092676,1.089547
[fold_2] 10,1.169422,1.078762,1.075638
[fold_2] 20,1.094654,1.063269,1.060107
[fold_2] 30,1.089549,1.047620,1.044386
[fold_2] 40,1.064830,1.031584,1.028284
[fold_2] 50,1.069927,1.014938,1.011635
[fold_2] 60,1.083397,0.997405,0.994199
[fold_2] 70,0.934825,0.978694,0.975719
[fold_2] 80,0.928502,0.958465,0.955807
[fold_2] 90,0.821900,0.936304,0.933943
[fold_2] 100,0.723279,0.911723,0.909548
[fold_2] 110,0.767600,0.884214,0.882074
[fold_2] 120,0.753393,0.853272,0.851085
[fold_2] 130,0.673219,0.818538,0.816312
[fold_2] 140,0.705219,0.779932,0.777826
[fold_2] 150,0.557372,0.737991,0.736284
[fold_2] 160,0.473298,0.694294,0.693007
[fold_2] 170,0.438838,0.651794,0.651028
[fold_2] 180,0.365373,0.614819,0.614417
[fold_2] 190,0.333392,0.587884,0.587036
[fold_2] 200,0.317046,0.572794,0.571849
[fold_2] 210,0.333308,0.560060,0.558818
[fold_2] 220,0.293854,0.546488,0.545110
[fold_2] 230,0.310584,0.534445,0.533022
[fold_2] 240,0.266567,0.522933,0.521594
[fold_2] 250,0.226456,0.512166,0.511351
[fold_2] 260,0.245336,0.501688,0.500841
[fold_2] 270,0.236945,0.491606,0.490587
[fold_2] 280,0.237849,0.481990,0.480889
[fold_2] 290,0.180533,0.472777,0.471579
[fold_2] 300,0.206086,0.463659,0.462306
[fold_2] 310,0.222477,0.454789,0.453302
[fold_2] 320,0.191298,0.445964,0.444495
[fold_2] 330,0.196130,0.437300,0.436081
[fold_2] 340,0.179594,0.428981,0.427745
[fold_2] 350,0.182991,0.420722,0.419475
[fold_2] 360,0.158398,0.412642,0.411279
[fold_2] 370,0.156118,0.404765,0.403225
[fold_2] 380,0.156185,0.396985,0.395453
[fold_2] 390,0.143713,0.389374,0.387884
[fold_2] 400,0.150850,0.381960,0.380432
[fold_2] 410,0.160064,0.374705,0.373138
[fold_2] 420,0.138404,0.367542,0.365998
[fold_2] 430,0.163076,0.360376,0.358706
[fold_2] 440,0.143757,0.353496,0.351913
[fold_2] 450,0.101870,0.346857,0.345331
[fold_2] 460,0.131543,0.340416,0.338905
[fold_2] 470,0.119785,0.334058,0.332279
[fold_2] 480,0.102812,0.327913,0.326070
[fold_2] 490,0.094130,0.322046,0.320082
[fold_2] 500,0.115328,0.316333,0.314366
[fold_2] 510,0.104885,0.310672,0.308588
[fold_2] 520,0.089910,0.305240,0.303091
[fold_2] 530,0.084531,0.299987,0.297806
[fold_2] 540,0.093176,0.294911,0.292703
[fold_2] 550,0.071632,0.289955,0.287739
[fold_2] 560,0.079480,0.285244,0.283016
[fold_2] 570,0.078952,0.280871,0.278600
[fold_2] 580,0.079123,0.276342,0.273975
[fold_2] 590,0.065223,0.272231,0.269796
[fold_2] 600,0.084150,0.268096,0.265618
[fold_2] 610,0.064011,0.264316,0.261809
[fold_2] 620,0.074773,0.260906,0.258337
[fold_2] 630,0.068996,0.257539,0.254896
[fold_2] 640,0.057777,0.254358,0.251560
[fold_2] 650,0.062518,0.251355,0.248449
[fold_2] 660,0.056819,0.248552,0.245572
[fold_2] 670,0.066927,0.245976,0.242885
[fold_2] 680,0.065521,0.244005,0.240867
[fold_2] 690,0.067388,0.241644,0.238239
[fold_2] 700,0.058744,0.240056,0.236753
[fold_2] 710,0.061217,0.237190,0.233681
[fold_2] 720,0.042246,0.235542,0.232181
[fold_2] 730,0.069725,0.233167,0.229690
[fold_2] 740,0.057414,0.231662,0.228092
[fold_2] 750,0.057566,0.229957,0.226291
[fold_2] 760,0.050979,0.228567,0.224874
[fold_2] 770,0.057732,0.227273,0.223525
[fold_2] 780,0.052449,0.226208,0.222403
[fold_2] 790,0.060758,0.225239,0.221480
[fold_2] 800,0.050227,0.224215,0.220256
[fold_2] 810,0.048506,0.223039,0.219050
[fold_2] 820,0.056857,0.222203,0.218152
[fold_2] 830,0.050854,0.221576,0.217502
[fold_2] 840,0.042815,0.221079,0.216874
[fold_2] 850,0.048828,0.221087,0.216939
[fold_2] 860,0.050368,0.219966,0.215600
[fold_2] 870,0.038497,0.219363,0.215019
[fold_2] 880,0.050429,0.218665,0.214285
[fold_2] 890,0.045819,0.218203,0.213766
[fold_2] 900,0.048977,0.217941,0.213480
[fold_2] 910,0.043449,0.217500,0.213066
[fold_2] 920,0.045537,0.217090,0.212656
[fold_2] 930,0.046228,0.217245,0.212852
[fold_2] 940,0.042746,0.216523,0.212127
[fold_2] 950,0.051754,0.216710,0.212309
[fold_2] 960,0.046886,0.216139,0.211493
[fold_2] 970,0.055064,0.216258,0.211604
[fold_2] 980,0.049950,0.215838,0.211193
[fold_2] 990,0.048170,0.215789,0.211266
[fold_2] 1000,0.049627,0.215157,0.210448
[fold_2] 1010,0.048568,0.215028,0.210211
[fold_2] 1020,0.042242,0.214890,0.210047
[fold_2] 1030,0.043475,0.214715,0.209838
[fold_2] 1040,0.047865,0.214592,0.209816
[fold_2] 1050,0.044564,0.214598,0.209849
[fold_2] 1060,0.045632,0.214430,0.209593
[fold_2] 1070,0.043346,0.214123,0.209251
[fold_2] 1080,0.040304,0.214127,0.209195
[fold_2] 1090,0.044725,0.214097,0.209131
[fold_2] 1100,0.046532,0.213944,0.208869
[fold_2] 1110,0.047825,0.213672,0.208729
[fold_2] 1120,0.042327,0.213789,0.208935
[fold_2] 1130,0.049632,0.213398,0.208476
[fold_2] 1140,0.046038,0.213544,0.208553
[fold_2] 1150,0.046068,0.213384,0.208419
[fold_2] 1160,0.039493,0.213405,0.208413
[fold_2] 1170,0.046750,0.213303,0.208188
[fold_2] 1180,0.047463,0.213385,0.208373
[fold_2] 1190,0.043053,0.212840,0.207772
[fold_2] 1200,0.047649,0.213345,0.208361
[fold_2] 1210,0.050492,0.212909,0.207803
[fold_2] 1220,0.045116,0.212578,0.207557
[fold_2] 1230,0.041827,0.212413,0.207345
[fold_2] 1240,0.049524,0.213333,0.208401
[fold_2] 1250,0.041323,0.212924,0.207759
[fold_2] 1260,0.056324,0.212934,0.207900
[fold_2] 1270,0.054963,0.212290,0.207208
[fold_2] 1280,0.045552,0.212498,0.207343
[fold_2] 1290,0.047965,0.212023,0.206914
[fold_2] 1300,0.047058,0.212253,0.207132
[fold_2] 1310,0.042053,0.212040,0.206915
[fold_2] 1320,0.046719,0.213054,0.207854
[fold_2] 1330,0.038611,0.212194,0.207078
[fold_2] 1340,0.046942,0.211985,0.206975
[fold_2] 1350,0.040035,0.212257,0.207260
[fold_2] 1360,0.045499,0.211835,0.206798
[fold_2] 1370,0.032778,0.211747,0.206694
[fold_2] 1380,0.047492,0.211812,0.206736
[fold_2] 1390,0.045274,0.211765,0.206685
[fold_2] 1400,0.048335,0.211722,0.206637
[fold_2] 1410,0.049381,0.211706,0.206638
[fold_2] 1420,0.051006,0.211782,0.206731
[fold_2] 1430,0.051732,0.211718,0.206656
[fold_2] 1440,0.045656,0.211686,0.206621
[fold_2] 1450,0.047481,0.211666,0.206597
[fold_2] 1460,0.046544,0.211662,0.206596
[fold_2] 1470,0.051071,0.211648,0.206580
[fold_2] 1480,0.041437,0.211637,0.206568
[fold_2] 1490,0.051549,0.211628,0.206559
[fold_2] 1500,0.047957,0.211621,0.206560
[fold_2] 1510,0.043332,0.211606,0.206540
[fold_2] 1520,0.051715,0.211599,0.206529
[fold_2] 1530,0.045051,0.211589,0.206519
[fold_2] 1540,0.038464,0.211587,0.206521
[fold_2] 1550,0.042559,0.211581,0.206516
[fold_2] 1560,0.047159,0.211571,0.206502
[fold_2] 1570,0.049395,0.211565,0.206496
[fold_2] 1580,0.046338,0.211562,0.206491
[fold_2] 1590,0.048665,0.211560,0.206486
[fold_2] 1600,0.046300,0.211556,0.206484
[fold_2] 1610,0.046366,0.211556,0.206490
[fold_2] 1620,0.046010,0.211559,0.206495
[fold_2] 1630,0.037137,0.211557,0.206493
[fold_2] 1640,0.043114,0.211549,0.206482
[fold_2] 1650,0.041052,0.211547,0.206478
[fold_2] 1660,0.045612,0.211545,0.206474
[fold_2] 1670,0.046821,0.211544,0.206472
[fold_2] 1680,0.045933,0.211543,0.206468
[fold_2] 1690,0.037842,0.211542,0.206467
[fold_2] 1700,0.035515,0.211541,0.206466
[fold_2] 1710,0.042710,0.211540,0.206465
[fold_2] 1720,0.045994,0.211539,0.206464
[fold_2] 1730,0.043514,0.211538,0.206464
[fold_2] 1740,0.044499,0.211537,0.206463
[fold_2] 1750,0.043962,0.211536,0.206461
[fold_2] 1760,0.049180,0.211535,0.206460
[fold_2] 1770,0.040672,0.211533,0.206460
[fold_2] 1780,0.047894,0.211533,0.206461
[fold_2] 1790,0.043717,0.211534,0.206465
[fold_2] 1800,0.055011,0.211534,0.206468
[fold_2] 1810,0.045437,0.211535,0.206469
[fold_2] 1820,0.047760,0.211536,0.206470
[fold_2] 1830,0.045336,0.211536,0.206471
[fold_2] 1840,0.049125,0.211539,0.206476
[fold_2] 1850,0.036358,0.211545,0.206485
[fold_2] 1860,0.050246,0.211549,0.206490
[fold_2] 1870,0.045704,0.211554,0.206496

[fold_3] 2020,0.040020,0.207276,0.211751
[fold_3] 2030,0.045545,0.207276,0.211750
[fold_3] 2040,0.035192,0.207276,0.211749
[fold_3] 2050,0.043620,0.207277,0.211750
[fold_3] 2060,0.038774,0.207276,0.211748
[fold_3] 2070,0.042769,0.207273,0.211747
[fold_3] 2080,0.046734,0.207271,0.211745
[fold_3] 2090,0.038301,0.207269,0.211743
[fold_3] 2100,0.046007,0.207268,0.211741
[fold_3] 2110,0.039681,0.207267,0.211740
[fold_3] 2120,0.041402,0.207264,0.211739
[fold_3] 2130,0.041452,0.207263,0.211739
[fold_3] 2140,0.048034,0.207261,0.211739
[fold_3] 2150,0.042508,0.207260,0.211739
[fold_3] 2160,0.040721,0.207258,0.211737
[fold_3] 2170,0.038823,0.207258,0.211735
[fold_3] 2180,0.041880,0.207257,0.211734
[fold_3] 2190,0.040088,0.207257,0.211733
[fold_3] 2200,0.043920,0.207254,0.211731

Cross-validation summary
Mean train RMSE norm      : 0.210161
Mean validation RMSE norm : 0.209947
Median best epoch         : 1770
Best-so-far checkpoint    : kept previous
Training-curve plot       : plots/cross_validation_curves.png
