[fold_4] 0,1.114315,1.093706,1.086865
[fold_4] 1,1.158620,1.091983,1.085126
[fold_4] 10,1.166125,1.076760,1.069749
[fold_4] 20,1.247071,1.060215,1.053075
[fold_4] 30,1.056649,1.043981,1.036811
[fold_4] 40,1.001036,1.027904,1.020792
[fold_4] 50,1.002778,1.011532,1.004497
[fold_4] 60,1.123331,0.994615,0.987629
[fold_4] 70,1.019931,0.976838,0.969813
[fold_4] 80,1.015144,0.957789,0.950584
[fold_4] 90,0.937350,0.937011,0.929533
[fold_4] 100,0.678055,0.913924,0.906042
[fold_4] 110,0.729183,0.887903,0.879570
[fold_4] 120,0.698693,0.858266,0.849485
[fold_4] 130,0.696517,0.824421,0.815267
[fold_4] 140,0.611510,0.785924,0.776538
[fold_4] 150,0.582915,0.742799,0.733381
[fold_4] 160,0.482274,0.696163,0.686880
[fold_4] 170,0.468923,0.648730,0.639674
[fold_4] 180,0.420699,0.605240,0.596448
[fold_4] 190,0.334206,0.571213,0.562887
[fold_4] 200,0.307459,0.547512,0.539626
[fold_4] 210,0.257256,0.519898,0.512391
[fold_4] 220,0.238378,0.488344,0.480743
[fold_4] 230,0.208676,0.461294,0.446907
[fold_4] 240,10.569980,3.749773,4.566810
[fold_4] 250,0.179830,3.783456,4.630416
[fold_4] 260,0.177724,3.793372,4.645231
[fold_4] 270,0.179532,3.796867,4.648600
[fold_4] 280,10.327008,3.788884,4.601414
[fold_4] 290,5.381497,3.770373,4.590289
[fold_4] 300,0.168390,3.574004,4.657201
[fold_4] 310,0.172203,3.552863,4.612634
[fold_4] 320,19.083477,3.561532,4.592477
[fold_4] 330,18.032122,3.559304,4.585786
[fold_3] 0,1.183767,1.093829,1.102976
[fold_3] 1,1.158855,1.092107,1.101235
[fold_3] 10,1.134721,1.076866,1.085884
[fold_3] 20,1.062009,1.060369,1.069260
[fold_3] 30,1.082900,1.044175,1.052945
[fold_3] 40,1.064701,1.028065,1.036707
[fold_3] 50,1.125201,1.011714,1.020228
[fold_3] 60,0.994570,0.994860,1.003228
[fold_3] 70,0.998558,0.977138,0.985308
[fold_3] 80,0.881345,0.958166,0.966087
[fold_3] 90,0.765685,0.937453,0.945059
[fold_3] 100,0.853726,0.914427,0.921739
[fold_3] 110,0.813641,0.888438,0.895538
[fold_3] 120,0.791359,0.858837,0.865767
[fold_3] 130,0.638259,0.825002,0.831773
[fold_3] 140,0.672908,0.786550,0.793177
[fold_3] 150,0.542561,0.743521,0.750044
[fold_3] 160,0.487180,0.696962,0.703377
[fold_3] 170,0.436565,0.649589,0.655757
[fold_3] 180,0.349320,0.606115,0.611917
[fold_3] 190,0.351972,0.571891,0.577481
[fold_3] 200,0.315502,0.547892,0.553512
[fold_3] 210,0.271739,0.521177,0.526583
[fold_3] 220,0.259534,0.488725,0.493566
[fold_3] 230,0.203451,0.468130,0.458828
[fold_3] 240,0.191187,4.321586,1.745841
[fold_3] 250,0.183385,4.358737,1.742820
[fold_3] 260,20.035013,4.162311,1.752170
[fold_3] 270,6.618898,4.119847,1.744351
[fold_3] 280,7.930867,4.142743,1.763810
[fold_3] 290,26.606359,4.159550,1.765826
[fold_3] 300,0.190313,4.171458,1.766466
[fold_3] 310,0.175410,4.170081,1.772114
[fold_3] 320,23.746296,4.201481,1.766416
[fold_3] 330,0.177814,4.165581,1.754344
[fold_1] 0,1.137616,1.094168,1.099788
[fold_1] 1,1.225188,1.092439,1.098080
[fold_1] 10,1.114158,1.077126,1.082962
[fold_1] 20,1.245618,1.060535,1.066591
[fold_1] 30,1.102906,1.044258,1.050538
[fold_1] 40,1.081739,1.028041,1.034559
[fold_1] 50,1.023260,1.011652,1.018400
[fold_1] 60,1.034609,0.994781,1.001700
[fold_1] 70,0.863729,0.977031,0.984008
[fold_1] 80,0.923001,0.958022,0.964929
[fold_1] 90,0.821259,0.937260,0.944078
[fold_1] 100,0.832641,0.914173,0.921015
[fold_1] 110,0.893961,0.888109,0.895234
[fold_1] 120,0.774219,0.858383,0.866107
[fold_1] 130,0.668802,0.824444,0.833039
[fold_1] 140,0.650613,0.785941,0.795494
[fold_1] 150,0.611436,0.742956,0.753324
[fold_1] 160,0.490917,0.696611,0.707476
[fold_1] 170,0.444769,0.649512,0.660407
[fold_1] 180,0.421551,0.606382,0.616463
[fold_1] 190,0.377203,0.572898,0.580868
[fold_1] 200,0.319112,0.549795,0.554959
[fold_1] 210,0.279655,0.523577,0.527223
[fold_1] 220,0.257743,0.492982,0.495610
[fold_1] 230,0.218123,0.457453,0.456566
[fold_1] 240,0.194585,3.465312,4.874403
[fold_1] 250,0.158898,3.737311,4.915850
[fold_1] 260,0.162544,4.290760,4.936190
[fold_1] 270,21.734436,4.329325,4.984212
[fold_1] 280,13.537658,4.337303,4.999910
[fold_1] 290,5.646368,4.308220,4.963084
[fold_1] 300,0.160473,4.318872,4.974990
[fold_1] 310,0.169808,3.781006,4.994181
[fold_1] 320,0.192569,3.779630,4.997773
[fold_1] 330,25.364075,3.775273,4.984365
[fold_5] 0,1.102770,1.094304,1.089509
[fold_5] 1,1.164903,1.092574,1.087797
[fold_5] 10,1.150881,1.077266,1.072623
[fold_5] 20,1.252620,1.060661,1.056105
[fold_5] 30,1.068663,1.044388,1.039854
[fold_5] 40,0.971694,1.028203,1.023654
[fold_5] 50,1.046624,1.011853,1.007275
[fold_5] 60,0.996846,0.995011,0.990416
[fold_5] 70,0.987764,0.977306,0.972719
[fold_5] 80,0.969146,0.958293,0.953813
[fold_5] 90,0.875825,0.937506,0.933185
[fold_5] 100,0.842085,0.914442,0.910276
[fold_5] 110,0.838258,0.888508,0.884411
[fold_5] 120,0.816682,0.859047,0.854870
[fold_5] 130,0.667341,0.825436,0.820985
[fold_5] 140,0.583446,0.787245,0.782277
[fold_5] 150,0.538847,0.744555,0.738828
[fold_5] 160,0.501132,0.698291,0.691703
[fold_5] 170,0.370436,0.651005,0.643848
[fold_5] 180,0.344122,0.607241,0.600321
[fold_5] 190,0.335886,0.572781,0.567208
[fold_5] 200,0.311859,0.548829,0.545427
[fold_5] 210,0.276906,0.521894,0.519861
[fold_5] 220,0.230854,0.490375,0.489540
[fold_5] 230,0.217589,0.456346,0.457432
[fold_5] 240,19.643459,4.200561,2.527382
[fold_5] 250,0.186932,4.228464,2.496593
[fold_5] 260,4.205021,4.196775,0.436448
[fold_5] 270,8.833848,3.588262,0.429951
[fold_5] 280,0.172700,3.582071,0.422359
[fold_5] 290,0.152325,2.658945,0.416824
[fold_5] 300,0.156264,0.446883,0.410820
[fold_5] 310,0.165558,0.415599,0.404667
[fold_5] 320,0.301733,3.641450,0.394689
[fold_5] 330,0.144854,3.641264,0.387534
[fold_5] 340,0.152883,2.688668,0.382153
[fold_5] 350,0.213840,0.429607,0.376203
[fold_5] 360,0.134029,0.370961,0.372620
[fold_5] 370,0.138285,0.364425,0.366852
[fold_5] 380,0.128726,0.368434,0.356906
[fold_5] 390,0.255042,0.365060,0.349906
[fold_5] 400,0.138777,0.346180,0.344606
[fold_5] 410,0.116276,0.342257,0.337837
[fold_5] 420,0.095045,0.337845,0.330862
[fold_5] 430,0.110479,0.325618,0.326746
[fold_5] 440,0.098112,0.319692,0.318246
[fold_5] 450,0.100338,0.334058,0.307550
[fold_5] 460,0.085906,1.790646,0.298593
[fold_5] 470,0.079547,0.379969,0.292010
[fold_5] 480,0.080971,0.340422,0.285909
[fold_5] 490,0.085005,0.287318,0.283221
[fold_5] 500,0.079738,0.278604,0.276777
[fold_5] 510,0.075759,0.272684,0.272823
[fold_5] 520,0.069516,0.265279,0.264412
[fold_5] 530,0.073441,0.261306,0.254559
[fold_5] 540,0.060260,0.252589,0.249301
[fold_5] 550,0.064485,0.245674,0.243438
[fold_5] 560,0.059989,0.240221,0.240241
[fold_5] 570,0.058407,0.233899,0.230751
[fold_5] 580,0.059049,0.227051,0.224682
[fold_5] 590,0.053431,0.221567,0.218297
[fold_5] 600,0.044491,0.215606,0.213439
[fold_5] 610,0.051773,0.210269,0.206024
[fold_5] 620,0.043031,0.205013,0.199727
[fold_5] 630,0.050328,0.199298,0.195900
[fold_5] 640,0.038091,0.194302,0.191176
[fold_5] 650,0.036321,0.189496,0.184818
[fold_5] 660,0.033461,0.184283,0.179162
[fold_5] 670,0.035161,0.180491,0.175826
[fold_5] 680,0.033974,0.175460,0.170555
[fold_5] 690,0.028332,0.171747,0.167914
[fold_5] 700,0.031450,0.167514,0.162596
[fold_5] 710,0.031252,0.164392,0.156922
[fold_5] 720,0.026798,0.161028,0.155846
[fold_5] 730,0.028084,0.157693,0.153274
[fold_5] 740,0.027809,0.154713,0.150389
[fold_5] 750,0.022820,0.151635,0.145819
[fold_5] 760,0.021469,0.149095,0.141393
[fold_5] 770,0.016773,0.146361,0.140654
[fold_5] 780,0.018962,0.144258,0.138097
[fold_5] 790,0.020832,0.142228,0.135307
[fold_5] 800,0.024932,0.140094,0.132812
[fold_5] 810,0.020651,0.138513,0.132677
[fold_5] 820,0.017482,0.137270,0.131860
[fold_5] 830,0.018049,0.135422,0.129788
[fold_5] 840,0.017281,0.133880,0.127871
[fold_5] 850,0.020156,0.132750,0.126158
[fold_5] 860,0.017315,0.131626,0.124655
[fold_5] 870,0.016686,0.130215,0.122837
[fold_5] 880,0.016382,0.129354,0.122937
[fold_5] 890,0.015277,0.128669,0.122517
[fold_5] 900,0.013703,0.128024,0.120019
[fold_5] 910,0.016878,0.127362,0.119572
[fold_5] 920,0.017433,0.126733,0.119453
[fold_5] 930,0.020146,0.126034,0.119503
[fold_5] 940,0.016641,0.125430,0.118929
[fold_5] 950,0.015862,0.125122,0.118526
[fold_5] 960,0.015952,0.124658,0.117032
[fold_5] 970,0.014992,0.124682,0.116326
[fold_5] 980,0.022123,0.123986,0.116446
[fold_5] 990,0.012436,0.123641,0.115836
[fold_5] 1000,0.018438,0.123594,0.115399
[fold_5] 1010,0.017720,0.123221,0.116251
[fold_5] 1020,0.015307,0.123257,0.117300
[fold_5] 1030,0.017619,0.123019,0.116884
[fold_5] 1040,0.017122,0.122757,0.116016
[fold_5] 1050,0.015527,0.123095,0.115947
[fold_5] 1060,0.016888,0.122928,0.115091
[fold_5] 1070,0.012759,0.122557,0.114843
[fold_5] 1080,0.017049,0.122527,0.114340
[fold_5] 1090,0.014068,0.122266,0.114593
[fold_5] 1100,0.013336,0.122141,0.114765
[fold_5] 1110,0.015166,0.122076,0.115066
[fold_5] 1120,0.016784,0.122037,0.115010
[fold_5] 1130,0.017238,0.122010,0.115016
[fold_5] 1140,0.014970,0.121972,0.115039
[fold_5] 1150,0.017142,0.121945,0.114984
[fold_5] 1160,0.012061,0.121945,0.115016
[fold_5] 1170,0.015423,0.121931,0.114916
[fold_5] 1180,0.014586,0.121898,0.114779
[fold_2] 0,1.186957,1.094224,1.091092
[fold_2] 1,1.199461,1.092501,1.089360
[fold_2] 10,1.163668,1.077247,1.074041
[fold_2] 20,1.157443,1.060750,1.057489
[fold_2] 30,1.088451,1.044494,1.041138
[fold_2] 40,1.090874,1.028349,1.024852
[fold_2] 50,1.008062,1.012067,1.008416
[fold_2] 60,1.031162,0.995236,0.991536
[fold_2] 70,1.050985,0.977470,0.973914
[fold_2] 80,0.940684,0.958393,0.955183
[fold_2] 90,0.902255,0.937524,0.934841
[fold_2] 100,0.815931,0.914352,0.912195
[fold_2] 110,0.774675,0.888269,0.886461
[fold_2] 120,0.806685,0.858641,0.856949
[fold_2] 130,0.708135,0.824817,0.823091
[fold_2] 140,0.673405,0.786356,0.784571
[fold_2] 150,0.537643,0.743242,0.741543
[fold_2] 160,0.508583,0.696402,0.695000
[fold_2] 170,0.472813,0.648498,0.647678
[fold_2] 180,0.407744,0.604357,0.604136
[fold_2] 190,0.343195,0.569743,0.570079
[fold_2] 200,0.310795,0.546179,0.547084
[fold_2] 210,0.263166,0.519070,0.520312
[fold_2] 220,0.225787,0.486456,0.488136
[fold_2] 230,0.201131,1.176280,4.692686
[fold_2] 240,0.197397,3.441783,4.813812
[fold_2] 250,0.302751,3.460623,4.837480
[fold_2] 260,26.652431,3.461155,4.835429
[fold_2] 270,0.184638,0.449342,0.454663
[fold_2] 280,0.187467,0.427197,0.425535
[fold_2] 290,0.175560,0.423516,0.423055
[fold_2] 300,0.200432,0.420072,0.422086
[fold_2] 310,0.170632,0.414740,0.414850
[fold_2] 320,0.170737,0.416425,0.427372
[fold_2] 330,0.155297,0.405948,0.404771
[fold_2] 340,0.165432,0.402391,0.401620
[fold_2] 350,0.224443,1.208058,4.813088
[fold_2] 360,0.158896,1.219817,4.861222
[fold_2] 370,0.147798,2.729569,4.913266
[fold_2] 380,0.159374,2.712905,4.859746
[fold_2] 390,0.145443,1.195546,4.817752
[fold_2] 400,0.140543,1.178250,4.799964
[fold_2] 410,0.145880,1.179990,4.802287
[fold_2] 420,0.144307,1.182253,4.819836
[fold_2] 430,0.144929,1.178079,4.813547
[fold_2] 440,0.181588,1.171870,4.785951

Cross-validation summary
Mean train RMSE norm      : 0.382359
Mean validation RMSE norm : 0.375652
Median best epoch         : 230
Best-so-far checkpoint    : kept previous
Training-curve plot       : plots/cross_validation_curves.png
