/home/mrufolo/ASIA_Extension/Silverbox/prepare.py:178: RuntimeWarning: overflow encountered in square
  return float(np.sqrt(np.mean((y_true - y_pred) ** 2)))
/home/mrufolo/ASIA_Extension/Silverbox/prepare.py:178: RuntimeWarning: overflow encountered in square
  return float(np.sqrt(np.mean((y_true - y_pred) ** 2)))
/home/mrufolo/ASIA_Extension/Silverbox/prepare.py:178: RuntimeWarning: overflow encountered in square
  return float(np.sqrt(np.mean((y_true - y_pred) ** 2)))
/home/mrufolo/ASIA_Extension/Silverbox/prepare.py:178: RuntimeWarning: overflow encountered in square
  return float(np.sqrt(np.mean((y_true - y_pred) ** 2)))
[fold_5] 0,1.210206,1.094304,1.089509
[fold_5] 1,1.250938,1.092645,1.087862
[fold_5] 10,1.311076,1.077904,1.073227
[fold_5] 20,1.121152,1.061749,1.057157
[fold_5] 30,1.094778,1.045719,1.041185
[fold_5] 40,1.107366,1.029555,1.025058
[fold_5] 50,0.996400,1.013029,1.008551
[fold_5] 60,0.835345,0.995883,0.991390
[fold_5] 70,0.975252,0.977779,0.973282
[fold_5] 80,0.918444,0.958313,0.953865
[fold_5] 90,0.933081,0.936998,0.932653
[fold_5] 100,0.917523,0.913328,0.909102
[fold_5] 110,0.738996,0.886749,0.882591
[fold_5] 120,0.613758,0.856692,0.852485
[fold_5] 130,0.733216,0.822672,0.818215
[fold_5] 140,0.627055,0.784456,0.779501
[fold_5] 150,0.586790,0.742325,0.736630
[fold_5] 160,0.477659,0.697557,0.691004
[fold_5] 170,0.403780,0.652902,0.645713
[fold_5] 180,0.394275,0.612594,0.605486
[fold_5] 190,0.342009,0.581452,0.575317
[fold_5] 200,0.301215,0.561618,0.557118
[fold_5] 210,0.283382,0.541450,0.537626
[fold_5] 220,0.259243,0.519177,0.515637
[fold_5] 230,0.285611,0.495829,0.493619
[fold_5] 240,0.212886,0.471144,0.471029
[fold_5] 250,0.216477,nan,nan
[fold_5] 260,nan,nan,nan
[fold_5] 270,nan,nan,nan
[fold_5] 280,nan,nan,nan
[fold_5] 290,nan,nan,nan
[fold_5] 300,nan,nan,nan
[fold_5] 310,nan,nan,nan
[fold_5] 320,nan,nan,nan
[fold_5] 330,nan,nan,nan
[fold_5] 340,nan,nan,nan
[fold_1] 0,1.261564,1.094168,1.099788
[fold_1] 1,1.317082,1.092508,1.098151
[fold_1] 10,1.221969,1.077734,1.083592
[fold_1] 20,1.036571,1.061519,1.067624
[fold_1] 30,1.122824,1.045390,1.051729
[fold_1] 40,1.063088,1.029178,1.035741
[fold_1] 50,1.100814,1.012651,1.019402
[fold_1] 60,1.024009,0.995503,1.002354
[fold_1] 70,0.902662,0.977466,0.984279
[fold_1] 80,0.962756,0.958111,0.964790
[fold_1] 90,0.879396,0.936939,0.943516
[fold_1] 100,0.918764,0.913386,0.920052
[fold_1] 110,0.878826,0.886850,0.893869
[fold_1] 120,0.752444,0.856758,0.864414
[fold_1] 130,0.683698,0.822621,0.831109
[fold_1] 140,0.622500,0.784218,0.793631
[fold_1] 150,0.569991,0.741881,0.752142
[fold_1] 160,0.495814,0.696892,0.707735
[fold_1] 170,0.427925,0.652106,0.663056
[fold_1] 180,0.391390,0.611955,0.622363
[fold_1] 190,0.356593,0.581373,0.590395
[fold_1] 200,0.319973,0.562229,0.569128
[fold_1] 210,0.312901,0.542317,0.548683
[fold_1] 220,0.288657,0.520421,0.526375
[fold_1] 230,0.247379,0.497790,0.502009
[fold_1] 240,0.238231,0.474099,0.475929
[fold_1] 250,0.197094,nan,nan
[fold_1] 260,nan,nan,nan
[fold_1] 270,nan,nan,nan
[fold_1] 280,nan,nan,nan
[fold_1] 290,nan,nan,nan
[fold_1] 300,nan,nan,nan
[fold_1] 310,nan,nan,nan
[fold_1] 320,nan,nan,nan
[fold_1] 330,nan,nan,nan
[fold_1] 340,nan,nan,nan
[fold_4] 0,1.303344,1.093706,1.086865
[fold_4] 1,1.204751,1.092050,1.085202
[fold_4] 10,1.200407,1.077340,1.070411
[fold_4] 20,1.224545,1.061314,1.054299
[fold_4] 30,1.089338,1.045354,1.038310
[fold_4] 40,1.014260,1.029189,1.022177
[fold_4] 50,1.049500,1.012653,1.005710
[fold_4] 60,0.958479,0.995482,0.988606
[fold_4] 70,0.950819,0.977342,0.970461
[fold_4] 80,0.930743,0.957859,0.950849
[fold_4] 90,0.867931,0.936562,0.929228
[fold_4] 100,0.845271,0.912919,0.905180
[fold_4] 110,0.716288,0.886331,0.878112
[fold_4] 120,0.722872,0.856205,0.847506
[fold_4] 130,0.752064,0.822071,0.812961
[fold_4] 140,0.564223,0.783661,0.774289
[fold_4] 150,0.473913,0.741278,0.731853
[fold_4] 160,0.378145,0.696216,0.686918
[fold_4] 170,0.428004,0.651341,0.642295
[fold_4] 180,0.381258,0.611183,0.602484
[fold_4] 190,0.326752,0.580761,0.572677
[fold_4] 200,0.308827,0.561383,0.554174
[fold_4] 210,0.296230,0.541443,0.534346
[fold_4] 220,0.300070,0.519583,0.512045
[fold_4] 230,0.261375,0.496729,0.489259
[fold_4] 240,0.227664,0.472480,0.465307
[fold_4] 250,0.213190,nan,0.440182
[fold_4] 260,nan,nan,nan
[fold_4] 270,nan,nan,nan
[fold_4] 280,nan,nan,nan
[fold_4] 290,nan,nan,nan
[fold_4] 300,nan,nan,nan
[fold_4] 310,nan,nan,nan
[fold_4] 320,nan,nan,nan
[fold_4] 330,nan,nan,nan
[fold_4] 340,nan,nan,nan
[fold_4] 350,nan,nan,nan
[fold_2] 0,1.197485,1.094224,1.091092
[fold_2] 1,1.189996,1.092569,1.089432
[fold_2] 10,1.216623,1.077821,1.074635
[fold_2] 20,1.105671,1.061679,1.058412
[fold_2] 30,1.057092,1.045620,1.042211
[fold_2] 40,1.115144,1.029529,1.025934
[fold_2] 50,0.972099,1.013087,1.009367
[fold_2] 60,0.986413,0.995980,0.992272
[fold_2] 70,0.829836,0.977873,0.974412
[fold_2] 80,0.984873,0.958351,0.955344
[fold_2] 90,0.898362,0.936994,0.934517
[fold_2] 100,0.829763,0.913298,0.911255
[fold_2] 110,0.819804,0.886692,0.884868
[fold_2] 120,0.699135,0.856586,0.854765
[fold_2] 130,0.657202,0.822473,0.820572
[fold_2] 140,0.628936,0.784088,0.782156
[fold_2] 150,0.593553,0.741699,0.739892
[fold_2] 160,0.502483,0.696518,0.695100
[fold_2] 170,0.434145,0.651436,0.650663
[fold_2] 180,0.366432,0.611001,0.610785
[fold_2] 190,0.347579,0.580172,0.579591
[fold_2] 200,0.319387,0.560512,0.559285
[fold_2] 210,0.286051,0.539807,0.538624
[fold_2] 220,0.275855,0.516860,0.516460
[fold_2] 230,0.242401,0.493882,0.494314
[fold_2] 240,0.221031,0.469183,0.470269
[fold_2] 250,0.191344,nan,0.445333
[fold_2] 260,nan,nan,nan
[fold_2] 270,nan,nan,nan
[fold_2] 280,nan,nan,nan
[fold_2] 290,nan,nan,nan
[fold_2] 300,nan,nan,nan
[fold_2] 310,nan,nan,nan
[fold_2] 320,nan,nan,nan
[fold_2] 330,nan,nan,nan
[fold_2] 340,nan,nan,nan
[fold_2] 350,nan,nan,nan
[fold_3] 0,1.233263,1.093829,1.102976
[fold_3] 1,1.198152,1.092178,1.101298
[fold_3] 10,1.121396,1.077437,1.086376
[fold_3] 20,1.029071,1.061263,1.070046
[fold_3] 30,1.052346,1.045260,1.053905
[fold_3] 40,1.059876,1.029121,1.037629
[fold_3] 50,1.002615,1.012663,1.021029
[fold_3] 60,0.938176,0.995604,1.003820
[fold_3] 70,0.919557,0.977596,0.985630
[fold_3] 80,0.899614,0.958221,0.966019
[fold_3] 90,0.955211,0.937017,0.944557
[fold_3] 100,0.822957,0.913464,0.920743
[fold_3] 110,0.847054,0.886965,0.894050
[fold_3] 120,0.739346,0.856941,0.863842
[fold_3] 130,0.632320,0.822913,0.829659
[fold_3] 140,0.625202,0.784675,0.791307
[fold_3] 150,0.558341,0.742551,0.749075
[fold_3] 160,0.524810,0.697832,0.704250
[fold_3] 170,0.427316,0.653327,0.659543
[fold_3] 180,0.390272,0.613437,0.619437
[fold_3] 190,0.339998,0.583061,0.588918
[fold_3] 200,0.314021,0.563891,0.569733
[fold_3] 210,0.296119,0.543939,0.549846
[fold_3] 220,0.254764,0.521853,0.527346
[fold_3] 230,0.246398,0.499757,0.504498
[fold_3] 240,0.226274,0.476212,0.480586
[fold_3] 250,0.205192,0.451798,0.454976
[fold_3] 260,nan,nan,nan
[fold_3] 270,nan,nan,nan
[fold_3] 280,nan,nan,nan
[fold_3] 290,nan,nan,nan
[fold_3] 300,nan,nan,nan
[fold_3] 310,nan,nan,nan
[fold_3] 320,nan,nan,nan
[fold_3] 330,nan,nan,nan
[fold_3] 340,nan,nan,nan
[fold_3] 350,nan,nan,nan

Cross-validation summary
Mean train RMSE norm      : nan
Mean validation RMSE norm : 0.457490
Median best epoch         : 250
Best-so-far checkpoint    : kept previous
Training-curve plot       : plots/cross_validation_curves.png
