/home/mrufolo/ASIA_Extension/Silverbox/prepare.py:178: RuntimeWarning: overflow encountered in square
  return float(np.sqrt(np.mean((y_true - y_pred) ** 2)))
[fold_3] 0,1.231430,1.093829,1.102976
[fold_3] 1,1.197291,1.092067,1.101207
[fold_3] 10,1.184770,1.076563,1.085666
[fold_3] 20,1.221936,1.059900,1.068948
[fold_3] 30,1.090167,1.043720,1.052642
[fold_3] 40,1.212801,1.027644,1.036417
[fold_3] 50,1.052193,1.011343,1.019957
[fold_3] 60,0.990186,0.994590,1.002984
[fold_3] 70,0.959965,0.976979,0.985125
[fold_3] 80,0.939438,0.958050,0.965924
[fold_3] 90,0.966230,0.937374,0.944911
[fold_3] 100,0.767288,0.914396,0.921582
[fold_3] 110,0.789152,0.888440,0.895375
[fold_3] 120,0.759226,0.858830,0.865592
[fold_3] 130,0.737746,0.824962,0.831576
[fold_3] 140,0.561126,0.786400,0.792884
[fold_3] 150,0.579030,0.743095,0.749491
[fold_3] 160,0.466336,0.696155,0.702405
[fold_3] 170,0.435434,0.648191,0.654174
[fold_3] 180,0.370016,0.603783,0.609483
[fold_3] 190,0.312313,0.568254,0.573961
[fold_3] 200,0.312160,0.542932,0.548510
[fold_3] 210,0.248532,0.514101,0.519611
[fold_3] 220,nan,nan,nan
[fold_3] 230,nan,nan,nan
[fold_3] 240,nan,nan,nan
[fold_3] 250,nan,nan,nan
[fold_3] 260,nan,nan,nan
[fold_3] 270,nan,nan,nan
[fold_3] 280,nan,nan,nan
[fold_3] 290,nan,nan,nan
[fold_3] 300,nan,nan,nan
[fold_3] 310,nan,nan,nan
[fold_1] 0,1.184265,1.094168,1.099788
[fold_1] 1,1.227022,1.092403,1.098038
[fold_1] 10,1.159524,1.076894,1.082693
[fold_1] 20,1.108985,1.060168,1.066176
[fold_1] 30,1.117931,1.043859,1.050102
[fold_1] 40,1.025883,1.027671,1.034180
[fold_1] 50,1.063417,1.011366,1.018146
[fold_1] 60,0.950769,0.994551,1.001549
[fold_1] 70,0.978501,0.976895,0.983996
[fold_1] 80,0.923178,0.957968,0.965036
[fold_1] 90,0.904367,0.937290,0.944292
[fold_1] 100,0.893823,0.914268,0.921267
[fold_1] 110,0.907870,0.888276,0.895499
[fold_1] 120,0.827427,0.858619,0.866321
[fold_1] 130,0.689332,0.824680,0.833155
[fold_1] 140,0.609463,0.786058,0.795486
[fold_1] 150,0.558724,0.742885,0.753204
[fold_1] 160,0.524058,0.696193,0.707137
[fold_1] 170,0.449017,0.648560,0.659474
[fold_1] 180,0.412247,0.604585,0.614487
[fold_1] 190,0.338156,0.569772,0.577356
[fold_1] 200,0.327092,0.544812,0.548398
[fold_1] 210,0.260958,0.516016,0.516469
[fold_1] 220,nan,nan,nan
[fold_1] 230,nan,nan,nan
[fold_1] 240,nan,nan,nan
[fold_1] 250,nan,nan,nan
[fold_1] 260,nan,nan,nan
[fold_1] 270,nan,nan,nan
[fold_1] 280,nan,nan,nan
[fold_1] 290,nan,nan,nan
[fold_1] 300,nan,nan,nan
[fold_1] 310,nan,nan,nan
[fold_2] 0,1.176780,1.094224,1.091092
[fold_2] 1,1.195881,1.092464,1.089319
[fold_2] 10,1.122222,1.077000,1.073759
[fold_2] 20,1.147568,1.060372,1.057052
[fold_2] 30,1.076972,1.044176,1.040745
[fold_2] 40,1.094012,1.028075,1.024492
[fold_2] 50,1.063404,1.011804,1.008085
[fold_2] 60,0.991036,0.995005,0.991256
[fold_2] 70,0.954313,0.977334,0.973764
[fold_2] 80,0.908601,0.958343,0.955210
[fold_2] 90,0.871779,0.937567,0.935011
[fold_2] 100,0.831317,0.914466,0.912449
[fold_2] 110,0.769677,0.888431,0.886762
[fold_2] 120,0.734650,0.858791,0.857216
[fold_2] 130,0.769735,0.824890,0.823243
[fold_2] 140,0.605646,0.786217,0.784510
[fold_2] 150,0.563063,0.742706,0.741131
[fold_2] 160,0.491845,0.695172,0.693823
[fold_2] 170,0.391387,0.646199,0.645268
[fold_2] 180,0.378870,0.600561,0.600617
[fold_2] 190,0.330387,0.564086,0.564495
[fold_2] 200,0.317870,0.537534,0.537573
[fold_2] 210,0.255625,0.508362,0.506993
[fold_2] 220,nan,nan,nan
[fold_2] 230,nan,nan,nan
[fold_2] 240,nan,nan,nan
[fold_2] 250,nan,nan,nan
[fold_2] 260,nan,nan,nan
[fold_2] 270,nan,nan,nan
[fold_2] 280,nan,nan,nan
[fold_2] 290,nan,nan,nan
[fold_2] 300,nan,nan,nan
[fold_2] 310,nan,nan,nan
[fold_5] 0,1.236806,1.094304,1.089509
[fold_5] 1,1.210307,1.092536,1.087761
[fold_5] 10,1.195360,1.077008,1.072358
[fold_5] 20,1.107468,1.060355,1.055756
[fold_5] 30,1.017499,1.044107,1.039487
[fold_5] 40,1.041445,1.027971,1.023307
[fold_5] 50,1.091784,1.011672,1.006974
[fold_5] 60,1.025776,0.994877,0.990170
[fold_5] 70,1.000224,0.977203,0.972508
[fold_5] 80,0.942371,0.958215,0.953614
[fold_5] 90,0.902004,0.937452,0.933012
[fold_5] 100,0.815479,0.914400,0.910111
[fold_5] 110,0.898183,0.888395,0.884230
[fold_5] 120,0.746029,0.858834,0.854645
[fold_5] 130,0.665747,0.825034,0.820651
[fold_5] 140,0.652132,0.786689,0.781844
[fold_5] 150,0.534269,0.743814,0.738226
[fold_5] 160,0.459624,0.697284,0.690831
[fold_5] 170,0.449950,0.649537,0.642555
[fold_5] 180,0.404379,0.605297,0.598596
[fold_5] 190,0.335453,0.570094,0.565041
[fold_5] 200,0.295953,0.544210,0.541913
[fold_5] 210,0.271985,0.514757,0.515144
[fold_5] 220,0.230894,nan,nan
[fold_5] 230,nan,nan,nan
[fold_5] 240,nan,nan,nan
[fold_5] 250,nan,nan,nan
[fold_5] 260,nan,nan,nan
[fold_5] 270,nan,nan,nan
[fold_5] 280,nan,nan,nan
[fold_5] 290,nan,nan,nan
[fold_5] 300,nan,nan,nan
[fold_5] 310,nan,nan,nan
[fold_4] 0,1.139432,1.093706,1.086865
[fold_4] 1,1.206850,1.091946,1.085086
[fold_4] 10,1.237479,1.076434,1.069407
[fold_4] 20,1.128801,1.059791,1.052667
[fold_4] 30,1.055321,1.043554,1.036471
[fold_4] 40,1.098167,1.027427,1.020458
[fold_4] 50,1.094065,1.011097,1.004248
[fold_4] 60,0.942861,0.994281,0.987532
[fold_4] 70,1.048462,0.976641,0.969824
[fold_4] 80,0.950923,0.957753,0.950739
[fold_4] 90,0.886433,0.937126,0.929815
[fold_4] 100,0.905611,0.914186,0.906479
[fold_4] 110,0.773405,0.888288,0.880078
[fold_4] 120,0.745957,0.858741,0.850024
[fold_4] 130,0.681439,0.824944,0.815768
[fold_4] 140,0.633128,0.786457,0.776971
[fold_4] 150,0.568331,0.743290,0.733764
[fold_4] 160,0.483553,0.696423,0.687048
[fold_4] 170,0.424917,0.648549,0.639488
[fold_4] 180,0.381640,0.604349,0.595454
[fold_4] 190,0.306234,0.568805,0.560150
[fold_4] 200,0.298076,0.542551,0.534897
[fold_4] 210,0.265651,0.513014,0.506118
[fold_4] 220,nan,nan,nan
[fold_4] 230,nan,nan,nan
[fold_4] 240,nan,nan,nan
[fold_4] 250,nan,nan,nan
[fold_4] 260,nan,nan,nan
[fold_4] 270,nan,nan,nan
[fold_4] 280,nan,nan,nan
[fold_4] 290,nan,nan,nan
[fold_4] 300,nan,nan,nan
[fold_4] 310,nan,nan,nan

Cross-validation summary
Mean train RMSE norm      : 0.513250
Mean validation RMSE norm : 0.512867
Median best epoch         : 210
Best-so-far checkpoint    : kept previous
Training-curve plot       : plots/cross_validation_curves.png
