[fold_4] 0,0.953100,1.059071,1.048866
[fold_4] 1,1.091945,1.054486,1.044243
[fold_4] 10,1.027602,1.018897,1.008357
[fold_4] 20,1.062736,0.991731,0.981013
[fold_4] 30,0.985454,0.976227,0.965512
[fold_4] 40,0.972852,0.961527,0.950855
[fold_4] 50,0.881607,0.945210,0.934602
[fold_4] 60,0.887203,0.925032,0.914480
[fold_4] 70,0.792140,0.895770,0.885220
[fold_4] 80,0.731468,0.846524,0.835774
[fold_4] 90,0.631349,0.738172,0.726979
[fold_4] 100,0.301324,0.487040,0.482146
[fold_4] 110,0.207874,0.454346,0.458047
[fold_4] 120,0.139004,0.423110,0.420597
[fold_4] 130,0.147729,0.391925,0.395152
[fold_4] 140,0.132732,0.352090,0.350180
[fold_4] 150,0.093347,0.309442,0.307937
[fold_4] 160,0.087354,0.267169,0.264231
[fold_4] 170,0.037338,0.228613,0.223255
[fold_4] 180,0.043054,0.194644,0.187988
[fold_4] 190,0.032039,0.167366,0.160068
[fold_4] 200,0.022792,0.150757,0.144461
[fold_4] 210,0.025297,0.138588,0.132591
[fold_4] 220,0.022905,0.129516,0.124169
[fold_4] 230,0.017775,0.123202,0.116678
[fold_4] 240,0.014139,0.115712,0.109652
[fold_4] 250,0.007962,0.111709,0.105213
[fold_4] 260,0.010867,0.106228,0.101412
[fold_4] 270,0.016292,0.102966,0.099246
[fold_4] 280,0.007441,0.123866,0.121500
[fold_4] 290,0.012790,0.094669,0.091222
[fold_4] 300,0.013033,0.102220,0.095860
[fold_4] 310,0.015606,0.092763,0.087333
[fold_4] 320,0.006220,0.092019,0.088982
[fold_4] 330,0.010256,0.086193,0.081862
[fold_4] 340,0.009384,0.099731,0.093573
[fold_4] 350,0.008658,0.083403,0.080613
[fold_4] 360,0.008596,0.079162,0.076493
[fold_4] 370,0.006944,0.084463,0.079495
[fold_4] 380,0.005536,0.079741,0.077618
[fold_4] 390,0.004596,0.073296,0.070336
[fold_4] 400,0.009047,0.072778,0.068988
[fold_4] 410,0.004911,0.075880,0.073965
[fold_4] 420,0.003012,0.068750,0.065829
[fold_4] 430,0.003123,0.067614,0.064509
[fold_4] 440,0.005307,0.067780,0.064273
[fold_4] 450,0.004381,0.064757,0.062161
[fold_4] 460,0.007883,0.065369,0.063000
[fold_4] 470,0.003135,0.063785,0.060661
[fold_4] 480,0.004433,0.062043,0.059932
[fold_4] 490,0.002589,0.061366,0.058770
[fold_4] 500,0.003095,0.061066,0.057462
[fold_4] 510,0.009687,0.071597,0.069621
[fold_4] 520,0.004450,0.060622,0.058977
[fold_4] 530,0.002281,0.058996,0.057960
[fold_4] 540,0.002940,0.055852,0.054510
[fold_4] 550,0.003292,0.057305,0.055326
[fold_4] 560,0.002691,0.056816,0.054879
[fold_4] 570,0.003475,0.054349,0.052356
[fold_4] 580,0.003311,0.054132,0.051757
[fold_4] 590,0.003610,0.056067,0.052901
[fold_4] 600,0.005906,0.056799,0.053604
[fold_4] 610,0.004714,0.059472,0.055928
[fold_4] 620,0.002358,0.056793,0.053510
[fold_4] 630,0.003198,0.052735,0.050452
[fold_4] 640,0.001710,0.052612,0.050054
[fold_4] 650,0.003325,0.054654,0.051648
[fold_4] 660,0.002471,0.052732,0.050029
[fold_4] 670,0.003364,0.052182,0.050254
[fold_4] 680,0.003747,0.051487,0.049536
[fold_4] 690,0.002572,0.051372,0.049122
[fold_4] 700,0.003340,0.053016,0.050304
[fold_4] 710,0.002100,0.052663,0.049879
[fold_4] 720,0.001368,0.050619,0.048219
[fold_4] 730,0.002975,0.051789,0.048945
[fold_4] 740,0.003278,0.050290,0.047813
[fold_4] 750,0.001718,0.050072,0.047548
[fold_4] 760,0.002158,0.054332,0.052718
[fold_4] 770,0.005547,0.052170,0.050434
[fold_4] 780,0.001347,0.051247,0.049428
[fold_4] 790,0.002831,0.049280,0.046802
[fold_4] 800,0.001840,0.049026,0.046676
[fold_4] 810,0.001193,0.048930,0.046592
[fold_4] 820,0.002544,0.049059,0.046896
[fold_4] 830,0.001688,0.049997,0.047168
[fold_4] 840,0.003581,0.049837,0.047926
[fold_4] 850,0.002145,0.048660,0.046265
[fold_4] 860,0.004282,0.048993,0.046940
[fold_4] 870,0.004436,0.048919,0.046346
[fold_4] 880,0.001953,0.048556,0.046369
[fold_4] 890,0.001825,0.048599,0.046463
[fold_4] 900,0.001856,0.048724,0.046205
[fold_4] 910,0.001844,0.048408,0.046093
[fold_4] 920,0.002811,0.048427,0.046223
[fold_4] 930,0.003154,0.048457,0.046310
[fold_4] 940,0.002842,0.048333,0.046018
[fold_4] 950,0.001284,0.048347,0.046161
[fold_4] 960,0.001711,0.048378,0.046245
[fold_4] 970,0.002808,0.048277,0.046077
[fold_4] 980,0.001920,0.048369,0.045969
[fold_4] 990,0.001701,0.048282,0.045931
[fold_4] 1000,0.002363,0.048209,0.045956
[fold_4] 1010,0.002603,0.048376,0.046297
[fold_4] 1020,0.003100,0.048183,0.045937
[fold_4] 1030,0.002942,0.048180,0.045951
[fold_4] 1040,0.002600,0.048174,0.045970
[fold_4] 1050,0.003973,0.048159,0.045958
[fold_4] 1060,0.001188,0.048145,0.045932
[fold_4] 1070,0.003066,0.048135,0.045868
[fold_4] 1080,0.004278,0.048125,0.045908
[fold_4] 1090,0.003408,0.048203,0.045839
[fold_4] 1100,0.003227,0.048131,0.045821
[fold_4] 1110,0.001269,0.048122,0.045957
[fold_4] 1120,0.001193,0.048090,0.045899
[fold_4] 1130,0.001485,0.048087,0.045904
[fold_4] 1140,0.004657,0.048112,0.045969
[fold_4] 1150,0.001148,0.048062,0.045868
[fold_4] 1160,0.001851,0.048050,0.045831
[fold_4] 1170,0.001126,0.048045,0.045792
[fold_4] 1180,0.001573,0.048031,0.045820
[fold_4] 1190,0.001857,0.048046,0.045880
[fold_4] 1200,0.002613,0.048051,0.045899
[fold_4] 1210,0.001644,0.048046,0.045897
[fold_4] 1220,0.001289,0.048040,0.045897
[fold_4] 1230,0.001850,0.048085,0.045986
[fold_4] 1240,0.002264,0.048014,0.045876
[fold_4] 1250,0.003166,0.047962,0.045778
[fold_4] 1260,0.002964,0.047974,0.045696
[fold_4] 1270,0.001417,0.048145,0.045754
[fold_4] 1280,0.002617,0.047945,0.045684
[fold_4] 1290,0.002037,0.047952,0.045843
[fold_4] 1300,0.002944,0.047900,0.045730
[fold_4] 1310,0.001158,0.047902,0.045660
[fold_4] 1320,0.001771,0.047890,0.045748
[fold_4] 1330,0.003073,0.047866,0.045646
[fold_4] 1340,0.002093,0.047850,0.045678
[fold_4] 1350,0.001917,0.047856,0.045726
[fold_4] 1360,0.001926,0.047889,0.045798
[fold_4] 1370,0.002075,0.047876,0.045784
[fold_4] 1380,0.001684,0.047852,0.045750
[fold_4] 1390,0.001777,0.047899,0.045839
[fold_4] 1400,0.002217,0.047930,0.045891
[fold_4] 1410,0.001774,0.047789,0.045554
[fold_4] 1420,0.001155,0.047795,0.045536
[fold_4] 1430,0.001341,0.047786,0.045660
[fold_4] 1440,0.003334,0.047773,0.045642
[fold_4] 1450,0.001255,0.047797,0.045696
[fold_4] 1460,0.004492,0.047742,0.045590
[fold_4] 1470,0.001574,0.047731,0.045576
[fold_4] 1480,0.002410,0.047844,0.045783
[fold_4] 1490,0.001718,0.047714,0.045466
[fold_4] 1500,0.002740,0.047811,0.045468
[fold_4] 1510,0.001794,0.047677,0.045449
[fold_4] 1520,0.001237,0.047773,0.045704
[fold_4] 1530,0.002943,0.047978,0.046002
[fold_4] 1540,0.001594,0.047690,0.045578
[fold_4] 1550,0.002321,0.047640,0.045415
[fold_4] 1560,0.001799,0.047787,0.045753
[fold_4] 1570,0.001015,0.047648,0.045533
[fold_4] 1580,0.001383,0.047845,0.045455
[fold_4] 1590,0.001787,0.047579,0.045405
[fold_4] 1600,0.001960,0.047811,0.045836
[fold_4] 1610,0.001860,0.047832,0.045868
[fold_4] 1620,0.003606,0.047551,0.045372
[fold_4] 1630,0.001917,0.047745,0.045397
[fold_4] 1640,0.002474,0.047981,0.045538
[fold_4] 1650,0.001199,0.047568,0.045516
[fold_4] 1660,0.003101,0.048089,0.046227
[fold_4] 1670,0.001141,0.047506,0.045407
[fold_4] 1680,0.005661,0.047471,0.045328
[fold_4] 1690,0.001582,0.047448,0.045308
[fold_4] 1700,0.001209,0.047483,0.045243
[fold_4] 1710,0.001855,0.047544,0.045248
[fold_4] 1720,0.001125,0.047405,0.045227
[fold_4] 1730,0.001111,0.047468,0.045423
[fold_4] 1740,0.004774,0.047386,0.045231
[fold_4] 1750,0.003473,0.047376,0.045267
[fold_4] 1760,0.001606,0.047378,0.045293
[fold_4] 1770,0.002208,0.047356,0.045263
[fold_4] 1780,0.001949,0.047329,0.045214
[fold_4] 1790,0.001155,0.047316,0.045186
[fold_4] 1800,0.002954,0.047312,0.045117
[fold_4] 1810,0.002391,0.047318,0.045243
[fold_4] 1820,0.001314,0.047351,0.045312
[fold_4] 1830,0.003702,0.047297,0.045222
[fold_4] 1840,0.004698,0.047323,0.045064
[fold_4] 1850,0.002795,0.047276,0.045041
[fold_4] 1860,0.001312,0.047221,0.045047
[fold_4] 1870,0.002151,0.047296,0.045260
[fold_4] 1880,0.003321,0.047273,0.045232
[fold_4] 1890,0.003141,0.047275,0.044992
[fold_4] 1900,0.001554,0.047282,0.044985
[fold_4] 1910,0.001302,0.047204,0.044950
[fold_4] 1920,0.001524,0.047167,0.045088
[fold_4] 1930,0.003002,0.047116,0.044980
[fold_4] 1940,0.002713,0.047157,0.045091
[fold_4] 1950,0.001550,0.047092,0.044954
[fold_4] 1960,0.001931,0.047075,0.044927
[fold_4] 1970,0.001628,0.047065,0.044875
[fold_4] 1980,0.001931,0.047047,0.044886
[fold_4] 1990,0.001422,0.047050,0.044926
[fold_4] 2000,0.001372,0.047047,0.044814
[fold_4] 2010,0.003237,0.047056,0.044796[fold_5] 0,1.143859,1.058814,1.054969
[fold_5] 1,1.128589,1.054229,1.050384
[fold_5] 10,0.929614,1.018670,1.014871
[fold_5] 20,0.892708,0.991455,0.987778
[fold_5] 30,0.992558,0.975969,0.972390
[fold_5] 40,0.883520,0.961308,0.957718
[fold_5] 50,0.909057,0.945085,0.941497
[fold_5] 60,0.812842,0.924964,0.921388
[fold_5] 70,0.831942,0.895920,0.892317
[fold_5] 80,0.732608,0.846365,0.842445
[fold_5] 90,0.579146,0.738621,0.733195
[fold_5] 100,0.198921,0.489301,0.474951
[fold_5] 110,0.170800,0.448865,0.431700
[fold_5] 120,0.207163,0.425127,0.408306
[fold_5] 130,0.164137,0.387472,0.368278
[fold_5] 140,0.120758,0.350884,0.332817
[fold_5] 150,0.104407,0.307903,0.287569
[fold_5] 160,0.082027,0.262567,0.243582
[fold_5] 170,0.047167,0.222069,0.202482
[fold_5] 180,0.044850,0.189517,0.170426
[fold_5] 190,0.034166,0.174088,0.152784
[fold_5] 200,0.021811,0.153626,0.134133
[fold_5] 210,0.018438,0.144463,0.128366
[fold_5] 220,0.015098,0.133360,0.112652
[fold_5] 230,0.028094,0.126125,0.105637
[fold_5] 240,0.011948,0.124555,0.100963
[fold_5] 250,0.020505,0.122934,0.107927
[fold_5] 260,0.009387,0.111028,0.089898
[fold_5] 270,0.013785,0.107387,0.090203
[fold_5] 280,0.012108,0.104541,0.083921
[fold_5] 290,0.008117,0.099742,0.080032
[fold_5] 300,0.010516,0.096647,0.077497
[fold_5] 310,0.009814,0.101356,0.079703
[fold_5] 320,0.010504,0.093040,0.080337
[fold_5] 330,0.007483,0.088959,0.073457
[fold_5] 340,0.006438,0.086324,0.067629
[fold_5] 350,0.006912,0.083211,0.065638
[fold_5] 360,0.006797,0.081271,0.063713
[fold_5] 370,0.010772,0.079268,0.062553
[fold_5] 380,0.006226,0.077482,0.063448
[fold_5] 390,0.004276,0.084960,0.065520
[fold_5] 400,0.004141,0.075529,0.064374
[fold_5] 410,0.005864,0.077374,0.059894
[fold_5] 420,0.003209,0.072650,0.057254
[fold_5] 430,0.006129,0.076207,0.067291
[fold_5] 440,0.002484,0.070563,0.056671
[fold_5] 450,0.005405,0.070351,0.058736
[fold_5] 460,0.002900,0.073799,0.067610
[fold_5] 470,0.005942,0.068576,0.055182
[fold_5] 480,0.009185,0.067619,0.054585
[fold_5] 490,0.005266,0.070903,0.054846
[fold_5] 500,0.004701,0.066048,0.055328
[fold_5] 510,0.005359,0.066147,0.053350
[fold_5] 520,0.003732,0.064884,0.051952
[fold_5] 530,0.004066,0.064879,0.055657
[fold_5] 540,0.003996,0.064564,0.055769
[fold_5] 550,0.004373,0.062436,0.050739
[fold_5] 560,0.005758,0.064234,0.057799
[fold_5] 570,0.004088,0.062553,0.055822
[fold_5] 580,0.004492,0.060445,0.049760
[fold_5] 590,0.003572,0.060155,0.051624
[fold_5] 600,0.007444,0.059235,0.050833
[fold_5] 610,0.005155,0.063032,0.060633
[fold_5] 620,0.003700,0.060546,0.055972
[fold_5] 630,0.003721,0.058285,0.047638
[fold_5] 640,0.001451,0.058330,0.046242
[fold_5] 650,0.003729,0.057322,0.046564
[fold_5] 660,0.006142,0.057531,0.049448
[fold_5] 670,0.002322,0.056995,0.048523
[fold_5] 680,0.001894,0.056908,0.046788
[fold_5] 690,0.003429,0.056593,0.047665
[fold_5] 700,0.003751,0.056515,0.048389
[fold_5] 710,0.002469,0.056483,0.048598
[fold_5] 720,0.002071,0.056335,0.046400
[fold_5] 730,0.005528,0.056860,0.049929
[fold_5] 740,0.002143,0.056199,0.048016
[fold_1] 0,1.176051,1.058728,1.065796
[fold_1] 1,1.101585,1.054143,1.061248
[fold_1] 10,1.012249,1.018563,1.025997
[fold_1] 20,0.991352,0.991214,0.998929
[fold_1] 30,0.967263,0.975671,0.983474
[fold_1] 40,0.928608,0.960936,0.968712
[fold_1] 50,0.859386,0.944742,0.952495
[fold_1] 60,0.839940,0.924542,0.932278
[fold_1] 70,0.877816,0.895112,0.902880
[fold_1] 80,0.751846,0.844805,0.852834
[fold_1] 90,0.634277,0.735427,0.744571
[fold_1] 100,0.253544,0.487587,0.499805
[fold_1] 110,0.260222,0.465962,0.475352
[fold_1] 120,0.216421,0.436634,0.449922
[fold_1] 130,0.155601,0.391100,0.408699
[fold_1] 140,0.118714,0.351424,0.368217
[fold_1] 150,0.091971,0.308633,0.327354
[fold_1] 160,0.061109,0.262129,0.280103
[fold_1] 170,0.051791,0.221501,0.238447
[fold_1] 180,0.045721,0.188594,0.203480
[fold_1] 190,0.027787,0.168613,0.181342
[fold_1] 200,0.023734,0.151571,0.167876
[fold_1] 210,0.017620,0.138260,0.154716
[fold_1] 220,0.016243,0.127582,0.143958
[fold_1] 230,0.021255,0.135780,0.146430
[fold_1] 240,0.015670,0.120617,0.141534
[fold_1] 250,0.015144,0.108486,0.126739
[fold_1] 260,0.011613,0.114625,0.126441
[fold_1] 270,0.005613,0.101191,0.117340
[fold_1] 280,0.007848,0.099946,0.120038
[fold_1] 290,0.009945,0.096647,0.116543
[fold_1] 300,0.009928,0.091433,0.108210
[fold_1] 310,0.017373,0.091871,0.105614
[fold_1] 320,0.005074,0.085989,0.103433
[fold_1] 330,0.012627,0.089733,0.102034
[fold_1] 340,0.005334,0.081811,0.100854
[fold_1] 350,0.005792,0.079945,0.096178
[fold_1] 360,0.007218,0.078361,0.097072
[fold_1] 370,0.004244,0.078072,0.096724
[fold_1] 380,0.007597,0.077262,0.096084
[fold_1] 390,0.006500,0.072336,0.087310
[fold_1] 400,0.004729,0.074473,0.093546
[fold_1] 410,0.005394,0.068601,0.086408
[fold_1] 420,0.003154,0.067479,0.084861
[fold_1] 430,0.002359,0.069277,0.087728
[fold_1] 440,0.007974,0.065199,0.081829
[fold_1] 450,0.002910,0.064397,0.080953
[fold_1] 460,0.006425,0.067893,0.085113
[fold_1] 470,0.005681,0.061471,0.074299
[fold_1] 480,0.003472,0.060927,0.073542
[fold_1] 490,0.003208,0.058617,0.075135
[fold_1] 500,0.002537,0.057604,0.070618
[fold_1] 510,0.004686,0.056573,0.070045
[fold_1] 520,0.008878,0.058256,0.074630
[fold_1] 530,0.007957,0.078782,0.095422
[fold_1] 540,0.003050,0.065554,0.081107
[fold_1] 550,0.005088,0.058766,0.074173
[fold_1] 560,0.003837,0.066087,0.070945
[fold_1] 570,0.002896,0.053079,0.067040
[fold_1] 580,0.005686,0.058778,0.074872
[fold_1] 590,0.002327,0.053657,0.064458
[fold_1] 600,0.003263,0.058991,0.065838
[fold_1] 610,0.007164,0.051512,0.063590
[fold_1] 620,0.003103,0.052225,0.067381
[fold_1] 630,0.001266,0.050392,0.064536
[fold_1] 640,0.003523,0.051918,0.062786
[fold_1] 650,0.002402,0.051012,0.062267
[fold_1] 660,0.001965,0.051445,0.066550
[fold_1] 670,0.002210,0.052171,0.067091
[fold_1] 680,0.002224,0.051307,0.060482
[fold_1] 690,0.003530,0.049813,0.059898
[fold_1] 700,0.003013,0.048021,0.060580
[fold_1] 710,0.001264,0.050186,0.065020
[fold_1] 720,0.001950,0.048867,0.058837
[fold_1] 730,0.001533,0.047474,0.061799
[fold_1] 740,0.001649,0.046546,0.059289
[fold_1] 750,0.002597,0.047916,0.058679
[fold_1] 760,0.001547,0.046109,0.058665
[fold_1] 770,0.002501,0.045881,0.058349
[fold_1] 780,0.002392,0.046574,0.055815
[fold_1] 790,0.003217,0.048043,0.055144
[fold_1] 800,0.001081,0.046314,0.059104
[fold_1] 810,0.002015,0.044473,0.054983
[fold_1] 820,0.001945,0.044645,0.057730
[fold_1] 830,0.001720,0.044297,0.057549
[fold_1] 840,0.002396,0.044821,0.054352
[fold_1] 850,0.001678,0.043046,0.054697
[fold_1] 860,0.002609,0.043001,0.055635
[fold_1] 870,0.001477,0.044617,0.057868
[fold_1] 880,0.000866,0.042900,0.055266
[fold_1] 890,0.002050,0.043699,0.056611
[fold_1] 900,0.002135,0.042542,0.054901
[fold_1] 910,0.001429,0.042136,0.054448
[fold_1] 920,0.001252,0.042185,0.052464
[fold_1] 930,0.001297,0.041649,0.052906
[fold_1] 940,0.001308,0.042330,0.055269
[fold_1] 950,0.001612,0.041607,0.053874
[fold_1] 960,0.001275,0.041471,0.053189
[fold_1] 970,0.001847,0.041502,0.052641
[fold_1] 980,0.000986,0.041661,0.054177
[fold_1] 990,0.002665,0.041352,0.053027
[fold_1] 1000,0.000973,0.041325,0.052953
[fold_1] 1010,0.002403,0.041385,0.053458
[fold_1] 1020,0.001453,0.041362,0.053433
[fold_3] 0,1.147780,1.058924,1.067026
[fold_3] 1,1.126726,1.054339,1.062464
[fold_3] 10,1.026973,1.018774,1.027048
[fold_3] 20,1.040768,0.991591,0.999866
[fold_3] 30,0.852077,0.976217,0.984343
[fold_3] 40,0.963147,0.961473,0.969505
[fold_3] 50,0.883467,0.945200,0.953161
[fold_3] 60,0.871945,0.925040,0.932848
[fold_3] 70,0.786712,0.895834,0.903393
[fold_3] 80,0.737690,0.845574,0.852803
[fold_3] 90,0.561266,0.737242,0.743228
[fold_3] 100,0.279217,0.491193,0.481533
[fold_3] 110,0.192749,0.445347,0.433226
[fold_3] 120,0.139297,0.422985,0.416937
[fold_3] 130,0.161720,0.382489,0.373184
[fold_3] 140,0.123215,0.340274,0.335656
[fold_3] 150,0.088009,0.297772,0.294226
[fold_3] 160,0.064141,0.256081,0.254003
[fold_3] 170,0.051197,0.214777,0.214854
[fold_3] 180,0.045993,0.182699,0.182955
[fold_3] 190,0.026771,0.161846,0.165453
[fold_3] 200,0.014247,0.146133,0.148546
[fold_3] 210,0.010938,0.134955,0.137934
[fold_3] 220,0.010645,0.126552,0.128859
[fold_3] 230,0.014732,0.127231,0.132845
[fold_3] 240,0.015843,0.118448,0.122991
[fold_3] 250,0.010840,0.112579,0.112614
[fold_3] 260,0.015579,0.108086,0.111868
[fold_3] 270,0.012892,0.104681,0.108706
[fold_3] 280,0.017175,0.107136,0.105828
[fold_3] 290,0.006745,0.097532,0.097738
[fold_3] 300,0.009661,0.096629,0.096373
[fold_3] 310,0.007834,0.091258,0.091769
[fold_3] 320,0.006456,0.096083,0.094790
[fold_3] 330,0.009357,0.083954,0.086596
[fold_3] 340,0.009900,0.082185,0.086187
[fold_3] 350,0.003775,0.081070,0.083990
[fold_3] 360,0.006073,0.078979,0.079631
[fold_3] 370,0.009706,0.077065,0.080801
[fold_3] 380,0.006595,0.080494,0.085675
[fold_3] 390,0.004469,0.072878,0.074294
[fold_3] 400,0.006072,0.071279,0.074572
[fold_3] 410,0.007112,0.072743,0.076656
[fold_3] 420,0.003182,0.067900,0.068895
[fold_3] 430,0.006269,0.066710,0.068394
[fold_3] 440,0.003736,0.069474,0.071655
[fold_3] 450,0.004372,0.066069,0.064479
[fold_3] 460,0.007415,0.063903,0.063819
[fold_3] 470,0.004126,0.063252,0.066402
[fold_3] 480,0.006132,0.061611,0.064341
[fold_3] 490,0.003707,0.059645,0.060259
[fold_3] 500,0.002568,0.059110,0.059016
[fold_3] 510,0.003500,0.059056,0.061797
[fold_3] 520,0.003224,0.057111,0.057609
[fold_3] 530,0.004128,0.057009,0.059180
[fold_3] 540,0.004146,0.054503,0.056036
[fold_3] 550,0.004410,0.053474,0.055158
[fold_3] 560,0.003444,0.058541,0.062661
[fold_3] 570,0.003982,0.057805,0.062474
[fold_3] 580,0.002806,0.057245,0.057370
[fold_3] 590,0.002694,0.052235,0.052835
[fold_3] 600,0.003592,0.050766,0.053002
[fold_3] 610,0.002406,0.054609,0.053375
[fold_3] 620,0.001843,0.049865,0.051881
[fold_3] 630,0.003305,0.049027,0.050746
[fold_3] 640,0.001522,0.054111,0.052641
[fold_3] 650,0.003054,0.049554,0.051823
[fold_3] 660,0.001830,0.047938,0.049353
[fold_3] 670,0.001974,0.047490,0.047790
[fold_3] 680,0.002942,0.054581,0.058094
[fold_3] 690,0.001455,0.049787,0.048804
[fold_3] 700,0.002452,0.059352,0.063613
[fold_3] 710,0.003150,0.055368,0.059165
[fold_3] 720,0.002381,0.049537,0.052340
[fold_3] 730,0.001504,0.045938,0.046202
[fold_3] 740,0.001297,0.046106,0.046225
[fold_3] 750,0.001178,0.048608,0.047595
[fold_3] 760,0.001557,0.052582,0.050825
[fold_3] 770,0.001533,0.045947,0.047697
[fold_3] 780,0.002342,0.045300,0.045798
[fold_3] 790,0.001096,0.046353,0.046053
[fold_3] 800,0.002027,0.047322,0.049851
[fold_3] 810,0.002462,0.046093,0.045845
[fold_3] 820,0.001862,0.044814,0.046012
[fold_3] 830,0.002221,0.044839,0.046267
[fold_3] 840,0.001212,0.044922,0.045349
[fold_3] 850,0.002431,0.044666,0.045828
[fold_3] 860,0.001802,0.044622,0.045522
[fold_3] 870,0.002914,0.045023,0.045195
[fold_3] 880,0.001459,0.045039,0.046753
[fold_3] 890,0.001685,0.044771,0.045098
[fold_3] 900,0.002057,0.045685,0.047813
[fold_3] 910,0.001632,0.044371,0.045215
[fold_3] 920,0.001669,0.044312,0.045559
[fold_3] 930,0.013694,0.044342,0.045026
[fold_3] 940,0.002976,0.044500,0.044953
[fold_3] 950,0.001026,0.044208,0.045436
[fold_3] 960,0.001476,0.044274,0.045715
[fold_3] 970,0.002171,0.044240,0.045659
[fold_3] 980,0.001366,0.044199,0.045566
[fold_3] 990,0.001525,0.044161,0.045029
[fold_3] 1000,0.001258,0.044170,0.044977
[fold_3] 1010,0.001507,0.044099,0.045100
[fold_3] 1020,0.000956,0.044093,0.045273
[fold_3] 1030,0.001474,0.044098,0.045024
[fold_3] 1040,0.001437,0.044072,0.045252

[fold_4] 2020,0.001730,0.047200,0.045199
[fold_4] 2030,0.001681,0.047217,0.045225
[fold_4] 2040,0.002393,0.047031,0.044945
[fold_4] 2050,0.001282,0.046978,0.044845
[fold_4] 2060,0.001226,0.046970,0.044737
[fold_4] 2070,0.002543,0.047034,0.044971
[fold_4] 2080,0.001961,0.046933,0.044783
[fold_4] 2090,0.000965,0.046946,0.044831
[fold_4] 2100,0.002611,0.046965,0.044873
[fold_4] 2110,0.002763,0.046896,0.044690
[fold_4] 2120,0.001553,0.046877,0.044703
[fold_4] 2130,0.001328,0.046874,0.044646
[fold_4] 2140,0.002540,0.046857,0.044714
[fold_4] 2150,0.000908,0.047013,0.044988
[fold_4] 2160,0.002994,0.046940,0.044880
[fold_4] 2170,0.001944,0.047442,0.044926
[fold_4] 2180,0.002620,0.046807,0.044653
[fold_4] 2190,0.002464,0.047068,0.045083
[fold_4] 2200,0.003028,0.047071,0.045095
[fold_4] 2210,0.001318,0.046774,0.044579
[fold_4] 2220,0.000948,0.046875,0.044840
[fold_4] 2230,0.001297,0.046932,0.044932
[fold_4] 2240,0.001055,0.046727,0.044584
[fold_4] 2250,0.001188,0.046708,0.044553
[fold_4] 2260,0.001931,0.046733,0.044641
[fold_4] 2270,0.002770,0.046695,0.044575
[fold_4] 2280,0.004688,0.046669,0.044486
[fold_4] 2290,0.001327,0.046700,0.044620
[fold_4] 2300,0.001063,0.046915,0.044946
[fold_4] 2310,0.000986,0.046973,0.045031
[fold_4] 2320,0.002362,0.046688,0.044638
[fold_4] 2330,0.001310,0.046667,0.044612
[fold_4] 2340,0.001473,0.046702,0.044674
[fold_4] 2350,0.002252,0.046607,0.044511
[fold_4] 2360,0.003472,0.046569,0.044413
[fold_4] 2370,0.001561,0.046594,0.044360
[fold_4] 2380,0.001646,0.046580,0.044512
[fold_4] 2390,0.002779,0.046519,0.044392
[fold_4] 2400,0.001726,0.046548,0.044309
[fold_4] 2410,0.001411,0.046509,0.044417
[fold_4] 2420,0.005864,0.046585,0.044562
[fold_4] 2430,0.002303,0.046453,0.044290
[fold_4] 2440,0.001428,0.046538,0.044265
[fold_4] 2450,0.001507,0.046445,0.044230
[fold_4] 2460,0.003634,0.046538,0.044538
[fold_4] 2470,0.001280,0.046417,0.044352
[fold_4] 2480,0.001514,0.046377,0.044287
[fold_4] 2490,0.001671,0.046349,0.044195
[fold_4] 2500,0.003694,0.046325,0.044190
[fold_4] 2510,0.001593,0.046333,0.044250
[fold_4] 2520,0.004231,0.046306,0.044151
[fold_4] 2530,0.001886,0.046325,0.044089
[fold_4] 2540,0.002476,0.046358,0.044335
[fold_4] 2550,0.003670,0.046266,0.044175
[fold_4] 2560,0.001839,0.046264,0.044025
[fold_4] 2570,0.000880,0.046255,0.044197
[fold_4] 2580,0.001480,0.046209,0.044120
[fold_4] 2590,0.003037,0.046174,0.044014
[fold_4] 2600,0.003850,0.046154,0.044007
[fold_4] 2610,0.001445,0.046138,0.043968
[fold_4] 2620,0.001934,0.046247,0.043964
[fold_4] 2630,0.003353,0.046106,0.043972
[fold_4] 2640,0.001161,0.046100,0.044007
[fold_4] 2650,0.004653,0.046169,0.044142
[fold_4] 2660,0.002420,0.046053,0.043938
[fold_4] 2670,0.004224,0.046035,0.043865
[fold_4] 2680,0.001433,0.046190,0.043877
[fold_4] 2690,0.003072,0.046009,0.043815
[fold_4] 2700,0.001597,0.046024,0.043944
[fold_4] 2710,0.001916,0.045965,0.043828
[fold_4] 2720,0.000833,0.046018,0.043753
[fold_4] 2730,0.002341,0.045926,0.043778
[fold_4] 2740,0.001682,0.046384,0.044511
[fold_4] 2750,0.001595,0.045927,0.043876
[fold_4] 2760,0.001337,0.045911,0.043710
[fold_4] 2770,0.002658,0.045908,0.043862
[fold_4] 2780,0.001766,0.045849,0.043688
[fold_4] 2790,0.001643,0.046108,0.043759
[fold_4] 2800,0.003158,0.045831,0.043754
[fold_4] 2810,0.002280,0.045829,0.043626
[fold_4] 2820,0.001537,0.045966,0.043659
[fold_4] 2830,0.001493,0.045770,0.043688
[fold_4] 2840,0.001433,0.045901,0.043927
[fold_4] 2850,0.001339,0.045845,0.043854
[fold_4] 2860,0.003008,0.045973,0.043628
[fold_4] 2870,0.003023,0.045708,0.043528
[fold_4] 2880,0.001194,0.045877,0.043928
[fold_4] 2890,0.003063,0.045862,0.043911
[fold_4] 2900,0.002735,0.046667,0.044108
[fold_4] 2910,0.001282,0.045753,0.043474
[fold_4] 2920,0.002203,0.046019,0.044142
[fold_4] 2930,0.001443,0.045606,0.043541
[fold_4] 2940,0.002667,0.045555,0.043398
[fold_4] 2950,0.001014,0.045530,0.043405
[fold_4] 2960,0.001093,0.045685,0.043710
[fold_4] 2970,0.003174,0.045504,0.043378
[fold_2] 0,1.135603,1.058770,1.057637
[fold_2] 1,1.125441,1.054185,1.053027
[fold_2] 10,1.044485,1.018567,1.017179
[fold_2] 20,0.971537,0.991235,0.989615
[fold_2] 30,0.966059,0.975888,0.974221
[fold_2] 40,0.996374,0.961184,0.959601
[fold_2] 50,0.870270,0.945017,0.943470
[fold_2] 60,0.869643,0.924888,0.923468
[fold_2] 70,0.849625,0.895617,0.894526
[fold_2] 80,0.720103,0.845362,0.845006
[fold_2] 90,0.587711,0.735718,0.738011
[fold_2] 100,0.245139,0.484019,0.501131
[fold_2] 110,0.178683,0.445856,0.458948
[fold_2] 120,0.143304,0.422096,0.435157
[fold_2] 130,0.165529,0.383498,0.395487
[fold_2] 140,0.124358,0.343008,0.353611
[fold_2] 150,0.068372,0.298561,0.306988
[fold_2] 160,0.065453,0.256849,0.263432
[fold_2] 170,0.059318,0.216874,0.224701
[fold_2] 180,0.035337,0.184382,0.192717
[fold_2] 190,0.040625,0.171940,0.179358
[fold_2] 200,0.022858,0.148988,0.156383
[fold_2] 210,0.013716,0.147329,0.153982
[fold_2] 220,0.019765,0.132181,0.139471
[fold_2] 230,0.008656,0.127138,0.132872
[fold_2] 240,0.008087,0.116483,0.122213
[fold_2] 250,0.014305,0.116860,0.120994
[fold_2] 260,0.023010,0.109276,0.114313
[fold_2] 270,0.009982,0.104067,0.107358
[fold_2] 280,0.007314,0.101949,0.105652
[fold_2] 290,0.007641,0.097423,0.100442
[fold_2] 300,0.013268,0.093814,0.096369
[fold_2] 310,0.007709,0.092713,0.096259
[fold_2] 320,0.012062,0.091499,0.093386
[fold_2] 330,0.004874,0.086431,0.089205
[fold_2] 340,0.010191,0.086215,0.089259
[fold_2] 350,0.007554,0.086463,0.087095
[fold_2] 360,0.012505,0.081648,0.085442
[fold_2] 370,0.009054,0.078112,0.080828
[fold_2] 380,0.005025,0.076498,0.079639
[fold_2] 390,0.003295,0.075806,0.077828
[fold_2] 400,0.007558,0.073193,0.075376
[fold_2] 410,0.004565,0.071646,0.072907
[fold_2] 420,0.005374,0.070588,0.070952
[fold_2] 430,0.005133,0.069940,0.070389
[fold_2] 440,0.004116,0.068563,0.070906
[fold_2] 450,0.005399,0.065851,0.066610
[fold_2] 460,0.004434,0.064660,0.065215
[fold_2] 470,0.002503,0.064221,0.065268
[fold_2] 480,0.005368,0.070998,0.075370
[fold_2] 490,0.004673,0.063062,0.064674
[fold_2] 500,0.004195,0.060239,0.059895
[fold_2] 510,0.005486,0.059052,0.060452
[fold_2] 520,0.003827,0.060625,0.063234
[fold_2] 530,0.001969,0.065939,0.069476
[fold_2] 540,0.004456,0.056218,0.057669
[fold_2] 550,0.002978,0.055814,0.056586
[fold_2] 560,0.005934,0.066598,0.065435
[fold_2] 570,0.002604,0.055192,0.055944
[fold_2] 580,0.002972,0.058469,0.060800
[fold_2] 590,0.002983,0.056250,0.056012
[fold_2] 600,0.004032,0.053467,0.054506
[fold_2] 610,0.002549,0.059613,0.058765
[fold_2] 620,0.007840,0.058189,0.060463
[fold_2] 630,0.002279,0.053179,0.053874
[fold_2] 640,0.002936,0.052069,0.051854
[fold_2] 650,0.002105,0.052538,0.053877
[fold_2] 660,0.001339,0.051123,0.052131
[fold_2] 670,0.001939,0.054267,0.056905
[fold_2] 680,0.003749,0.050743,0.052496
[fold_2] 690,0.002545,0.049876,0.051017
[fold_2] 700,0.004391,0.049720,0.050686
[fold_2] 710,0.004097,0.049479,0.050242
[fold_2] 720,0.002979,0.053140,0.052526
[fold_2] 730,0.002235,0.052461,0.051981
[fold_2] 740,0.004166,0.049370,0.049628
[fold_2] 750,0.002526,0.050356,0.050055
[fold_2] 760,0.003850,0.048708,0.048859
[fold_2] 770,0.002626,0.050168,0.051517
[fold_2] 780,0.003727,0.048612,0.049657
[fold_2] 790,0.002869,0.050055,0.051909
[fold_2] 800,0.002008,0.048006,0.048422
[fold_2] 810,0.002695,0.047737,0.048526
[fold_2] 820,0.002507,0.049388,0.049207
[fold_2] 830,0.003791,0.048928,0.050860
[fold_2] 840,0.003328,0.048157,0.048405
[fold_2] 850,0.001317,0.048106,0.049850
[fold_2] 860,0.002005,0.048124,0.048353
[fold_2] 870,0.000953,0.047160,0.048250
[fold_2] 880,0.003976,0.047124,0.048241
[fold_2] 890,0.001780,0.047379,0.047817
[fold_2] 900,0.003183,0.046944,0.047847
[fold_2] 910,0.003145,0.046916,0.047716
[fold_2] 920,0.004283,0.047279,0.047696
[fold_2] 930,0.003794,0.046806,0.047602
[fold_2] 940,0.002890,0.046746,0.047603
[fold_2] 950,0.001613,0.046731,0.047384
[fold_2] 960,0.002861,0.046643,0.047417
[fold_2] 970,0.001451,0.046834,0.048018
[fold_2] 980,0.002987,0.047210,0.047409
[fold_2] 990,0.003437,0.046667,0.047852
[fold_2] 1000,0.001536,0.046455,0.047229
[fold_2] 1010,0.002995,0.047330,0.047401
[fold_2] 1020,0.003575,0.046417,0.047241
[fold_2] 1030,0.002630,0.046816,0.048160
[fold_2] 1040,0.002359,0.046363,0.047292
[fold_2] 1050,0.001568,0.046370,0.047022
[fold_2] 1060,0.003635,0.046321,0.047193
[fold_2] 1070,0.002795,0.046302,0.047165
[fold_2] 1080,0.001101,0.046366,0.047415
[fold_2] 1090,0.002300,0.046287,0.047211
[fold_2] 1100,0.002545,0.046558,0.046961
[fold_2] 1110,0.003034,0.046693,0.047002
[fold_2] 1120,0.002976,0.046323,0.046924
[fold_2] 1130,0.001563,0.046251,0.046988
[fold_2] 1140,0.002633,0.046235,0.047030
[fold_2] 1150,0.003485,0.046227,0.047006
[fold_2] 1160,0.000977,0.046233,0.046922
[fold_2] 1170,0.002440,0.046214,0.046955
[fold_2] 1180,0.002362,0.046209,0.047027
[fold_2] 1190,0.001105,0.046247,0.047218
[fold_2] 1200,0.002984,0.046194,0.047087
[fold_2] 1210,0.003866,0.046200,0.046845
[fold_2] 1220,0.001504,0.046282,0.046794
[fold_2] 1230,0.003717,0.046147,0.046904
[fold_2] 1240,0.003208,0.046393,0.047591
[fold_2] 1250,0.001865,0.046211,0.047243
[fold_2] 1260,0.001480,0.046254,0.046767
[fold_2] 1270,0.002038,0.046358,0.046771
[fold_2] 1280,0.002611,0.046252,0.046744
[fold_2] 1290,0.002170,0.046097,0.046885
[fold_2] 1300,0.002235,0.046081,0.046810
[fold_2] 1310,0.002822,0.046095,0.046736
[fold_2] 1320,0.001250,0.046071,0.046877
[fold_2] 1330,0.002713,0.046066,0.046741
[fold_2] 1340,0.002549,0.046068,0.046697
[fold_2] 1350,0.001548,0.046040,0.046752
[fold_2] 1360,0.002327,0.046034,0.046817
[fold_2] 1370,0.002718,0.046050,0.046657
[fold_2] 1380,0.002569,0.046064,0.046612
[fold_2] 1390,0.002768,0.046170,0.046569
[fold_2] 1400,0.002456,0.046229,0.046571
[fold_2] 1410,0.002608,0.045993,0.046636
[fold_2] 1420,0.004040,0.046001,0.046865
[fold_2] 1430,0.002626,0.045973,0.046616
[fold_2] 1440,0.001254,0.046051,0.046533
[fold_2] 1450,0.001720,0.046020,0.046526
[fold_2] 1460,0.002507,0.045937,0.046757
[fold_2] 1470,0.001100,0.046050,0.047079
[fold_2] 1480,0.002280,0.045894,0.046617
[fold_2] 1490,0.002052,0.045933,0.046499
[fold_2] 1500,0.003149,0.045917,0.046499
[fold_2] 1510,0.001922,0.045855,0.046641
[fold_2] 1520,0.003880,0.045889,0.046844
[fold_2] 1530,0.001754,0.045944,0.047005
[fold_2] 1540,0.002959,0.045819,0.046553
[fold_2] 1550,0.001474,0.045802,0.046545
[fold_2] 1560,0.002214,0.045820,0.046467
[fold_2] 1570,0.001331,0.045836,0.046448
[fold_2] 1580,0.001031,0.045768,0.046560
[fold_2] 1590,0.001162,0.045771,0.046669
[fold_2] 1600,0.002619,0.045764,0.046454
[fold_2] 1610,0.001948,0.045735,0.046572
[fold_2] 1620,0.002666,0.045746,0.046702
[fold_2] 1630,0.001110,0.045709,0.046488
[fold_2] 1640,0.001368,0.045693,0.046490
[fold_2] 1650,0.001131,0.045698,0.046420
[fold_2] 1660,0.002086,0.045674,0.046450
[fold_2] 1670,0.002004,0.045669,0.046579
[fold_2] 1680,0.001117,0.045725,0.046317
[fold_2] 1690,0.003067,0.045628,0.046454
[fold_2] 1700,0.002955,0.045689,0.046740
[fold_2] 1710,0.001272,0.045601,0.046409
[fold_2] 1720,0.002446,0.045703,0.046260
[fold_2] 1730,0.001955,0.045699,0.046256
[fold_2] 1740,0.002772,0.045568,0.046392
[fold_2] 1750,0.001816,0.045566,0.046493
[fold_2] 1760,0.001754,0.045601,0.046651
[fold_2] 1770,0.001348,0.045536,0.046427
[fold_2] 1780,0.003197,0.045535,0.046409
[fold_2] 1790,0.001481,0.045531,0.046409
[fold_2] 1800,0.003580,0.045531,0.046441
[fold_2] 1810,0.002539,0.045512,0.046420
[fold_2] 1820,0.002333,0.045488,0.046332
[fold_2] 1830,0.001444,0.045484,0.046373

Cross-validation summary
Mean train RMSE norm      : 0.047244
Mean validation RMSE norm : 0.046659
Median best epoch         : 940
Best-so-far checkpoint    : updated
Training-curve plot       : plots/cross_validation_curves.png
