[fold_3] 0,1.427649,1.195909,1.203950
[fold_3] 1,1.379247,1.182155,1.190272
[fold_3] 10,1.183010,1.079732,1.088389
[fold_3] 20,0.996326,0.991980,1.000943
[fold_3] 30,0.918107,0.922114,0.930677
[fold_3] 40,0.673112,0.821634,0.828391
[fold_3] 50,0.277163,0.526665,0.527555
[fold_3] 60,0.268986,0.541489,0.538854
[fold_3] 70,0.247194,0.473100,0.466500
[fold_3] 80,0.169429,0.434926,0.422617
[fold_3] 90,0.167522,0.409430,0.402705
[fold_3] 100,0.144129,0.382865,0.374697
[fold_3] 110,0.157609,0.357159,0.349597
[fold_3] 120,0.138877,0.337848,0.332842
[fold_3] 130,0.104814,0.321199,0.316998
[fold_3] 140,0.112311,0.305752,0.302279
[fold_3] 150,0.085005,0.289652,0.284466
[fold_3] 160,0.093974,0.304662,0.301221
[fold_3] 170,0.061067,0.283141,0.277340
[fold_3] 180,0.072710,0.272931,0.267616
[fold_3] 190,0.075538,0.260658,0.256507
[fold_3] 200,0.081403,0.250854,0.247451
[fold_3] 210,0.048831,0.230030,0.228539
[fold_3] 220,0.046631,0.216320,0.215382
[fold_3] 230,0.029169,0.200312,0.199535
[fold_3] 240,0.034864,0.182888,0.182761
[fold_3] 250,0.025462,0.159483,0.159703
[fold_3] 260,0.020419,0.142954,0.144168
[fold_3] 270,0.015073,0.128293,0.128719
[fold_3] 280,0.008662,0.116475,0.119375
[fold_3] 290,0.013895,0.114077,0.117017
[fold_3] 300,0.007760,0.113105,0.113623
[fold_3] 310,0.006710,0.118700,0.123219
[fold_3] 320,0.009925,0.104255,0.105660
[fold_3] 330,0.011758,0.097696,0.100171
[fold_3] 340,0.011943,0.098466,0.098678
[fold_3] 350,0.008613,0.090732,0.091813
[fold_3] 360,0.007403,0.089405,0.091066
[fold_3] 370,0.007991,0.092408,0.093162
[fold_3] 380,0.009929,0.087624,0.089395
[fold_3] 390,0.006103,0.108219,0.108815
[fold_3] 400,0.004867,0.087462,0.088883
[fold_3] 410,0.004529,0.088110,0.089188
[fold_3] 420,0.009942,0.134800,0.140042
[fold_3] 430,0.014714,0.147150,0.148415
[fold_3] 440,0.007782,0.079172,0.080951
[fold_3] 450,0.006606,0.077831,0.079622
[fold_3] 460,0.005451,0.077660,0.078741
[fold_3] 470,0.007175,0.076098,0.077902
[fold_3] 480,0.005897,0.076405,0.078419
[fold_3] 490,0.007366,0.086195,0.086738
[fold_3] 500,0.009510,0.077702,0.080005
[fold_3] 510,0.009798,0.084513,0.087441
[fold_3] 520,0.003841,0.075440,0.076465
[fold_3] 530,0.005696,0.076832,0.079237
[fold_3] 540,0.004276,0.072324,0.073651
[fold_3] 550,0.006537,0.074596,0.075351
[fold_3] 560,0.006503,0.090039,0.093145
[fold_3] 570,0.007295,0.073483,0.075309
[fold_3] 580,0.005760,0.071791,0.072768
[fold_3] 590,0.003276,0.071128,0.072528
[fold_3] 600,0.005661,0.070991,0.072179
[fold_3] 610,0.003622,0.071852,0.073743
[fold_3] 620,0.004073,0.071013,0.072124
[fold_3] 630,0.005358,0.070429,0.071985
[fold_3] 640,0.003439,0.070273,0.071898
[fold_3] 650,0.003952,0.070121,0.071707
[fold_3] 660,0.005269,0.074134,0.076434
[fold_3] 670,0.004608,0.069858,0.070979
[fold_3] 680,0.004368,0.069254,0.070676
[fold_3] 690,0.005803,0.071025,0.072963
[fold_3] 700,0.006441,0.073045,0.075293
[fold_3] 710,0.004590,0.071367,0.073404
[fold_3] 720,0.005938,0.070257,0.072123
[fold_3] 730,0.003282,0.068797,0.070246
[fold_3] 740,0.003434,0.068738,0.070097
[fold_3] 750,0.004458,0.068608,0.069760
[fold_3] 760,0.004967,0.068420,0.069665
[fold_3] 770,0.004570,0.068404,0.069775
[fold_3] 780,0.004748,0.069304,0.070204
[fold_3] 790,0.004271,0.068107,0.069433
[fold_3] 800,0.005084,0.068237,0.069679
[fold_3] 810,0.002944,0.068196,0.069702
[fold_3] 820,0.006273,0.068370,0.069976
[fold_3] 830,0.005158,0.067804,0.069181
[fold_3] 840,0.004717,0.067736,0.069005
[fold_3] 850,0.003283,0.067755,0.069096
[fold_3] 860,0.005944,0.067711,0.068992
[fold_3] 870,0.004679,0.067707,0.068840
[fold_3] 880,0.003925,0.067660,0.069063
[fold_3] 890,0.005031,0.068049,0.069048
[fold_3] 900,0.005422,0.067548,0.068941
[fold_3] 910,0.004843,0.067437,0.068748
[fold_3] 920,0.006735,0.067401,0.068621
[fold_3] 930,0.005844,0.067489,0.068612
[fold_3] 940,0.004037,0.067825,0.069365
[fold_3] 950,0.004600,0.067712,0.068736
[fold_3] 960,0.005749,0.067482,0.068889
[fold_3] 970,0.005907,0.067290,0.068516
[fold_3] 980,0.005270,0.067287,0.068481
[fold_3] 990,0.005618,0.067313,0.068462
[fold_3] 1000,0.008927,0.067334,0.068678
[fold_3] 1010,0.003541,0.067382,0.068786
[fold_3] 1020,0.004110,0.067253,0.068420
[fold_3] 1030,0.004558,0.067225,0.068396
[fold_3] 1040,0.004889,0.067184,0.068441
[fold_3] 1050,0.003628,0.067279,0.068639
[fold_3] 1060,0.004342,0.067146,0.068390
[fold_3] 1070,0.005649,0.067137,0.068332
[fold_3] 1080,0.003119,0.067159,0.068311
[fold_3] 1090,0.003925,0.067207,0.068316
[fold_3] 1100,0.002974,0.067214,0.068557
[fold_3] 1110,0.003360,0.067348,0.068378
[fold_3] 1120,0.007734,0.067077,0.068250
[fold_3] 1130,0.005184,0.067979,0.069580
[fold_3] 1140,0.003121,0.067203,0.068250
[fold_3] 1150,0.005341,0.067018,0.068197
[fold_3] 1160,0.004749,0.067078,0.068402
[fold_3] 1170,0.005496,0.067011,0.068300
[fold_3] 1180,0.002961,0.066993,0.068292
[fold_3] 1190,0.004094,0.066942,0.068195
[fold_3] 1200,0.003710,0.066921,0.068123
[fold_3] 1210,0.005303,0.066924,0.068074
[fold_3] 1220,0.007172,0.066927,0.068149
[fold_3] 1230,0.003971,0.067666,0.069241
[fold_3] 1240,0.003812,0.066973,0.068086
[fold_3] 1250,0.003961,0.066872,0.068013
[fold_3] 1260,0.005676,0.066875,0.067982
[fold_3] 1270,0.006407,0.066949,0.068315
[fold_3] 1280,0.004855,0.066786,0.067957
[fold_3] 1290,0.003882,0.066797,0.068067
[fold_3] 1300,0.004146,0.066845,0.067924
[fold_3] 1310,0.008522,0.066817,0.068098
[fold_3] 1320,0.004640,0.066770,0.068042
[fold_3] 1330,0.003512,0.066725,0.067964
[fold_3] 1340,0.002994,0.066697,0.067925
[fold_3] 1350,0.004911,0.066753,0.067836
[fold_3] 1360,0.004673,0.066648,0.067810
[fold_3] 1370,0.004801,0.066660,0.067919
[fold_3] 1380,0.004048,0.066623,0.067861
[fold_3] 1390,0.004892,0.066719,0.067759
[fold_3] 1400,0.005107,0.066594,0.067832
[fold_3] 1410,0.004871,0.066613,0.067886
[fold_3] 1420,0.004136,0.066564,0.067668
[fold_3] 1430,0.004759,0.066516,0.067683
[fold_3] 1440,0.004780,0.066700,0.068037
[fold_3] 1450,0.004704,0.066559,0.067610
[fold_3] 1460,0.004163,0.066627,0.067947
[fold_3] 1470,0.002750,0.066551,0.067846
[fold_3] 1480,0.005434,0.066534,0.067566
[fold_3] 1490,0.004283,0.066415,0.067611
[fold_3] 1500,0.004316,0.066445,0.067693
[fold_3] 1510,0.006177,0.066375,0.067534
[fold_3] 1520,0.003385,0.066386,0.067462
[fold_3] 1530,0.006560,0.066356,0.067447
[fold_3] 1540,0.005030,0.066333,0.067415
[fold_3] 1550,0.007207,0.066373,0.067412
[fold_3] 1560,0.006540,0.066282,0.067429
[fold_3] 1570,0.005872,0.066321,0.067602
[fold_3] 1580,0.002794,0.066341,0.067658
[fold_3] 1590,0.005289,0.066184,0.067387
[fold_3] 1600,0.004028,0.066600,0.068049
[fold_3] 1610,0.004096,0.066198,0.067328
[fold_3] 1620,0.004011,0.066118,0.067253
[fold_3] 1630,0.004071,0.066181,0.067346
[fold_3] 1640,0.004798,0.066092,0.067322
[fold_3] 1650,0.003927,0.066109,0.067301
[fold_3] 1660,0.005013,0.066512,0.067410
[fold_3] 1670,0.005090,0.066113,0.067409
[fold_3] 1680,0.004558,0.066058,0.067308
[fold_3] 1690,0.004284,0.065987,0.067106
[fold_3] 1700,0.004840,0.065983,0.067073
[fold_3] 1710,0.007361,0.065950,0.067121
[fold_3] 1720,0.006949,0.066065,0.067394
[fold_3] 1730,0.003361,0.066281,0.067713
[fold_3] 1740,0.005458,0.065868,0.066989
[fold_3] 1750,0.003260,0.065885,0.067147
[fold_3] 1760,0.003283,0.066055,0.067080
[fold_3] 1770,0.002968,0.065818,0.066938
[fold_3] 1780,0.003732,0.065897,0.066919
[fold_3] 1790,0.005046,0.065799,0.066870
[fold_3] 1800,0.002996,0.066267,0.067143
[fold_3] 1810,0.004695,0.065729,0.066858
[fold_3] 1820,0.005578,0.065767,0.066825
[fold_3] 1830,0.004207,0.066153,0.067573
[fold_3] 1840,0.003540,0.065649,0.066824
[fold_3] 1850,0.004496,0.065633,0.066738
[fold_3] 1860,0.005778,0.066238,0.067717
[fold_3] 1870,0.005185,0.065578,0.066695
[fold_3] 1880,0.005346,0.065568,0.066709
[fold_3] 1890,0.003973,0.065510,0.066679
[fold_3] 1900,0.003998,0.065506,0.066734
[fold_3] 1910,0.004064,0.065560,0.066601
[fold_3] 1920,0.003565,0.065495,0.066559
[fold_3] 1930,0.003998,0.065803,0.067221
[fold_3] 1940,0.005212,0.065386,0.066513
[fold_3] 1950,0.006261,0.065363,0.066531
[fold_3] 1960,0.003252,0.065369,0.066579
[fold_3] 1970,0.004081,0.065328,0.066460
[fold_3] 1980,0.003922,0.065312,0.066431
[fold_3] 1990,0.007075,0.065301,0.066388
[fold_3] 2000,0.005328,0.065414,0.066414
[fold_3] 2010,0.007700,0.066412,0.067996[fold_2] 0,1.386127,1.196111,1.189498
[fold_2] 1,1.419362,1.182354,1.175935
[fold_2] 10,1.177599,1.080043,1.075353
[fold_2] 20,0.931386,0.992045,0.989228
[fold_2] 30,0.877170,0.921421,0.919295
[fold_2] 40,0.691868,0.820521,0.819926
[fold_2] 50,0.311940,0.521767,0.529078
[fold_2] 60,0.220104,0.495931,0.516493
[fold_2] 70,0.213110,0.451496,0.465599
[fold_2] 80,0.172795,0.414463,0.427466
[fold_2] 90,0.179822,0.388859,0.398779
[fold_2] 100,0.129206,0.364135,0.374033
[fold_2] 110,0.119635,0.340317,0.350782
[fold_2] 120,0.108835,0.327744,0.338117
[fold_2] 130,0.124239,0.312140,0.321706
[fold_2] 140,0.094452,0.300737,0.309942
[fold_2] 150,0.069191,0.279693,0.288235
[fold_2] 160,0.069997,0.265622,0.272739
[fold_2] 170,0.085185,0.259265,0.264833
[fold_2] 180,0.058019,0.240627,0.245599
[fold_2] 190,0.062699,0.225556,0.230563
[fold_2] 200,0.046095,0.208718,0.211601
[fold_2] 210,0.036674,0.183847,0.187608
[fold_2] 220,0.031608,0.167692,0.174110
[fold_2] 230,0.022623,0.153234,0.155904
[fold_2] 240,0.032808,0.122965,0.130065
[fold_2] 250,0.028760,0.205989,0.203686
[fold_2] 260,0.017308,0.135900,0.140880
[fold_2] 270,0.023968,0.115836,0.117389
[fold_2] 280,0.021870,0.120067,0.119868
[fold_2] 290,0.024811,0.151760,0.157347
[fold_2] 300,0.016177,0.109188,0.109078
[fold_2] 310,0.007784,0.130585,0.129175
[fold_2] 320,0.015744,0.137498,0.142395
[fold_2] 330,0.014499,0.106113,0.106366
[fold_2] 340,0.012535,0.121456,0.120027
[fold_2] 350,0.013887,0.120370,0.124484
[fold_2] 360,0.022286,0.113376,0.113270
[fold_2] 370,0.014894,0.098115,0.100754
[fold_2] 380,0.011444,0.092724,0.094611
[fold_2] 390,0.009481,0.094870,0.096893
[fold_2] 400,0.007529,0.093974,0.096136
[fold_2] 410,0.011398,0.089390,0.091045
[fold_2] 420,0.009859,0.096640,0.095396
[fold_2] 430,0.010338,0.094852,0.094175
[fold_2] 440,0.010807,0.086713,0.087442
[fold_2] 450,0.005813,0.087829,0.089390
[fold_2] 460,0.008453,0.096440,0.099190
[fold_2] 470,0.010967,0.098741,0.097374
[fold_2] 480,0.009034,0.091067,0.090177
[fold_2] 490,0.004406,0.085288,0.086830
[fold_2] 500,0.008551,0.082760,0.083381
[fold_2] 510,0.009024,0.085061,0.084580
[fold_2] 520,0.006216,0.087404,0.089418
[fold_2] 530,0.005926,0.082040,0.082059
[fold_2] 540,0.008503,0.081659,0.082867
[fold_2] 550,0.004622,0.080645,0.081570
[fold_2] 560,0.007702,0.081927,0.083113
[fold_2] 570,0.004791,0.080726,0.082860
[fold_2] 580,0.007281,0.080284,0.081247
[fold_2] 590,0.006313,0.079054,0.079729
[fold_2] 600,0.007027,0.078239,0.078145
[fold_2] 610,0.005404,0.078532,0.077856
[fold_2] 620,0.004647,0.077983,0.078150
[fold_2] 630,0.004106,0.081585,0.082992
[fold_2] 640,0.007642,0.076567,0.077302
[fold_2] 650,0.007699,0.075930,0.076415
[fold_2] 660,0.003981,0.078530,0.079930
[fold_2] 670,0.006354,0.076430,0.076128
[fold_2] 680,0.006782,0.076674,0.076801
[fold_2] 690,0.007513,0.078733,0.080952
[fold_2] 700,0.006784,0.076508,0.076998
[fold_2] 710,0.007592,0.078596,0.078894
[fold_2] 720,0.005572,0.076883,0.077278
[fold_2] 730,0.006108,0.078517,0.078614
[fold_2] 740,0.004849,0.073499,0.074640
[fold_2] 750,0.004290,0.074031,0.075487
[fold_2] 760,0.003314,0.073334,0.074066
[fold_2] 770,0.005701,0.076252,0.076221
[fold_2] 780,0.006521,0.073339,0.073720
[fold_2] 790,0.007046,0.072996,0.073754
[fold_2] 800,0.004645,0.073227,0.074118
[fold_2] 810,0.004649,0.075061,0.074852
[fold_2] 820,0.006727,0.072765,0.073465
[fold_2] 830,0.004205,0.072558,0.072970
[fold_2] 840,0.006329,0.072710,0.072982
[fold_2] 850,0.007095,0.072408,0.072905
[fold_2] 860,0.003832,0.072516,0.073151
[fold_2] 870,0.008312,0.072280,0.072679
[fold_2] 880,0.003656,0.072594,0.073261
[fold_2] 890,0.007522,0.073140,0.073093
[fold_2] 900,0.005072,0.072184,0.072701
[fold_2] 910,0.005636,0.072157,0.072446
[fold_2] 920,0.007490,0.072092,0.072394
[fold_2] 930,0.006584,0.072180,0.072389
[fold_2] 940,0.003764,0.072037,0.072450
[fold_2] 950,0.005947,0.071990,0.072347
[fold_2] 960,0.005933,0.072219,0.072350
[fold_2] 970,0.007243,0.072061,0.072583
[fold_2] 980,0.004700,0.071988,0.072129
[fold_2] 990,0.006840,0.071953,0.072103
[fold_2] 1000,0.003578,0.072036,0.072482
[fold_2] 1010,0.007581,0.071796,0.072053
[fold_2] 1020,0.006043,0.071851,0.072291
[fold_2] 1030,0.007453,0.071716,0.071988
[fold_2] 1040,0.004957,0.072033,0.072064
[fold_2] 1050,0.005688,0.071673,0.071910
[fold_2] 1060,0.006801,0.071671,0.071828
[fold_2] 1070,0.002670,0.071614,0.071790
[fold_2] 1080,0.005702,0.071891,0.071859
[fold_2] 1090,0.003380,0.071753,0.072236
[fold_2] 1100,0.004842,0.071501,0.071702
[fold_2] 1110,0.003594,0.071473,0.071739
[fold_2] 1120,0.005521,0.071500,0.071571
[fold_2] 1130,0.003481,0.071387,0.071575
[fold_2] 1140,0.005852,0.071468,0.071779
[fold_2] 1150,0.005418,0.071625,0.071564
[fold_2] 1160,0.005829,0.071311,0.071524
[fold_2] 1170,0.005484,0.071289,0.071460
[fold_2] 1180,0.004535,0.071293,0.071520
[fold_2] 1190,0.005593,0.071297,0.071530
[fold_2] 1200,0.005245,0.071283,0.071586
[fold_2] 1210,0.003928,0.071199,0.071406
[fold_2] 1220,0.003447,0.071226,0.071341
[fold_2] 1230,0.003423,0.071771,0.071579
[fold_2] 1240,0.005106,0.071135,0.071309
[fold_2] 1250,0.005337,0.071144,0.071387
[fold_2] 1260,0.004921,0.071239,0.071302
[fold_2] 1270,0.004965,0.071149,0.071465
[fold_2] 1280,0.006028,0.071168,0.071183
[fold_2] 1290,0.003739,0.071059,0.071117
[fold_2] 1300,0.003815,0.071005,0.071170
[fold_2] 1310,0.005698,0.070983,0.071107
[fold_2] 1320,0.006719,0.071173,0.071510
[fold_2] 1330,0.004888,0.071401,0.071203
[fold_2] 1340,0.004032,0.071304,0.071150
[fold_2] 1350,0.007329,0.070906,0.070969
[fold_2] 1360,0.004835,0.070875,0.070960
[fold_2] 1370,0.004801,0.071503,0.071240
[fold_2] 1380,0.002840,0.071010,0.071318
[fold_2] 1390,0.003951,0.070844,0.071024
[fold_2] 1400,0.005728,0.071261,0.071014
[fold_2] 1410,0.003420,0.070767,0.070787
[fold_2] 1420,0.003541,0.070773,0.070949
[fold_2] 1430,0.005930,0.070835,0.070747
[fold_2] 1440,0.005854,0.070806,0.070689
[fold_2] 1450,0.004015,0.070676,0.070657
[fold_2] 1460,0.006906,0.070641,0.070715
[fold_2] 1470,0.005506,0.071003,0.070742
[fold_2] 1480,0.003297,0.070725,0.070595
[fold_2] 1490,0.004660,0.071003,0.071402
[fold_2] 1500,0.004368,0.070660,0.070560
[fold_2] 1510,0.005662,0.070542,0.070570
[fold_2] 1520,0.005110,0.070547,0.070679
[fold_2] 1530,0.004158,0.070566,0.070813
[fold_2] 1540,0.007079,0.070549,0.070706
[fold_2] 1550,0.004604,0.070468,0.070665
[fold_2] 1560,0.003822,0.070458,0.070470
[fold_2] 1570,0.005679,0.070679,0.071069
[fold_2] 1580,0.004870,0.070420,0.070410
[fold_2] 1590,0.003144,0.070624,0.070460
[fold_2] 1600,0.003363,0.070419,0.070692
[fold_2] 1610,0.002525,0.070380,0.070643
[fold_2] 1620,0.004653,0.070588,0.070419
[fold_2] 1630,0.004656,0.070262,0.070445
[fold_2] 1640,0.004676,0.070465,0.070353
[fold_2] 1650,0.002624,0.070232,0.070287
[fold_2] 1660,0.004110,0.070215,0.070259
[fold_2] 1670,0.003560,0.070426,0.070802
[fold_2] 1680,0.005758,0.070207,0.070199
[fold_2] 1690,0.005697,0.070436,0.070283
[fold_2] 1700,0.007218,0.070533,0.070994
[fold_2] 1710,0.006304,0.071186,0.070826
[fold_2] 1720,0.006698,0.070044,0.070208
[fold_2] 1730,0.008417,0.070269,0.070149
[fold_2] 1740,0.005706,0.070019,0.070019
[fold_2] 1750,0.003231,0.069955,0.070054
[fold_2] 1760,0.006183,0.069927,0.069966
[fold_2] 1770,0.006587,0.069992,0.069903
[fold_2] 1780,0.004717,0.070196,0.069989
[fold_2] 1790,0.007276,0.069846,0.069900
[fold_2] 1800,0.005905,0.069899,0.069838
[fold_2] 1810,0.005324,0.069812,0.069820
[fold_2] 1820,0.008108,0.069909,0.069787
[fold_2] 1830,0.002897,0.069961,0.069809
[fold_2] 1840,0.005699,0.069748,0.069823
[fold_2] 1850,0.007700,0.069710,0.069774
[fold_2] 1860,0.004574,0.069687,0.069822
[fold_2] 1870,0.005480,0.069812,0.070106
[fold_2] 1880,0.004551,0.069627,0.069661
[fold_2] 1890,0.003962,0.069672,0.069618
[fold_2] 1900,0.004457,0.069655,0.069617
[fold_2] 1910,0.005969,0.069615,0.069839
[fold_2] 1920,0.003010,0.069551,0.069548
[fold_2] 1930,0.004916,0.069516,0.069609
[fold_2] 1940,0.005851,0.069457,0.069525
[fold_2] 1950,0.006985,0.069762,0.069571
[fold_2] 1960,0.004529,0.069757,0.070112
[fold_2] 1970,0.005349,0.069525,0.069379
[fold_2] 1980,0.006192,0.069435,0.069332
[fold_2] 1990,0.006184,0.069488,0.069730
[fold_2] 2000,0.007086,0.069300,0.069282
[fold_2] 2010,0.005773,0.069386,0.069228[fold_1] 0,1.396528,1.196177,1.203008
[fold_1] 1,1.556865,1.182421,1.189255
[fold_1] 10,1.134763,1.080243,1.087107
[fold_1] 20,1.069518,0.991926,0.998879
[fold_1] 30,0.879311,0.921401,0.928997
[fold_1] 40,0.653257,0.820636,0.829026
[fold_1] 50,0.279260,0.525922,0.538804
[fold_1] 60,0.350128,0.604340,0.601949
[fold_1] 70,0.208811,0.459073,0.470402
[fold_1] 80,0.162276,0.428416,0.447139
[fold_1] 90,0.180818,0.410735,0.425871
[fold_1] 100,0.149900,0.389598,0.407703
[fold_1] 110,0.138063,0.363095,0.385497
[fold_1] 120,0.160328,0.342334,0.362997
[fold_1] 130,0.111398,0.323241,0.344162
[fold_1] 140,0.087612,0.306904,0.327386
[fold_1] 150,0.098506,0.287231,0.308769
[fold_1] 160,0.045344,0.282849,0.302630
[fold_1] 170,0.060818,0.271024,0.291133
[fold_1] 180,0.081596,0.259274,0.279522
[fold_1] 190,0.059467,0.239389,0.261168
[fold_1] 200,0.041197,0.231165,0.252499
[fold_1] 210,0.048028,0.221041,0.242612
[fold_1] 220,0.052651,0.206251,0.227062
[fold_1] 230,0.034936,0.185024,0.205295
[fold_1] 240,0.029332,0.195277,0.212581
[fold_1] 250,0.027955,0.155511,0.173584
[fold_1] 260,0.012480,0.154642,0.170165
[fold_1] 270,0.022062,0.146001,0.161919
[fold_1] 280,0.018219,0.135871,0.150524
[fold_1] 290,0.011902,0.126560,0.139667
[fold_1] 300,0.010399,0.117125,0.128244
[fold_1] 310,0.010759,0.107666,0.121624
[fold_1] 320,0.008544,0.105755,0.116447
[fold_1] 330,0.011065,0.105154,0.117149
[fold_1] 340,0.012540,0.095613,0.110168
[fold_1] 350,0.009022,0.093776,0.106083
[fold_1] 360,0.009064,0.090571,0.103931
[fold_1] 370,0.009689,0.090281,0.104979
[fold_1] 380,0.005104,0.085732,0.099252
[fold_1] 390,0.009919,0.103282,0.110196
[fold_1] 400,0.006803,0.087593,0.100748
[fold_1] 410,0.010896,0.096864,0.104445
[fold_1] 420,0.005543,0.081154,0.093238
[fold_1] 430,0.005745,0.083783,0.093592
[fold_1] 440,0.007977,0.081487,0.094726
[fold_1] 450,0.006402,0.086021,0.099606
[fold_1] 460,0.007703,0.078632,0.091744
[fold_1] 470,0.006489,0.077744,0.089972
[fold_1] 480,0.005735,0.078231,0.090204
[fold_1] 490,0.006506,0.078164,0.088823
[fold_1] 500,0.003917,0.077851,0.090343
[fold_1] 510,0.005974,0.079483,0.089161
[fold_1] 520,0.006430,0.076823,0.088881
[fold_1] 530,0.007872,0.077552,0.089833
[fold_1] 540,0.006253,0.076724,0.088886
[fold_1] 550,0.004191,0.078106,0.090822
[fold_1] 560,0.005079,0.075555,0.087455
[fold_1] 570,0.006404,0.075981,0.086488
[fold_1] 580,0.004869,0.075104,0.086474
[fold_1] 590,0.006000,0.074987,0.086625
[fold_1] 600,0.007201,0.075041,0.086226
[fold_1] 610,0.005313,0.075339,0.086184
[fold_1] 620,0.005503,0.074805,0.086820
[fold_1] 630,0.008385,0.074845,0.086865
[fold_1] 640,0.005820,0.076046,0.086213
[fold_1] 650,0.004548,0.075547,0.088081
[fold_1] 660,0.005765,0.074817,0.085686
[fold_1] 670,0.006566,0.074323,0.086010
[fold_1] 680,0.008334,0.074313,0.085771
[fold_1] 690,0.003665,0.074247,0.085745
[fold_1] 700,0.007412,0.074213,0.085733
[fold_1] 710,0.005406,0.074185,0.085805
[fold_1] 720,0.007349,0.074197,0.086039
[fold_1] 730,0.005734,0.074129,0.085612
[fold_1] 740,0.005749,0.074116,0.085554
[fold_1] 750,0.004817,0.074075,0.085631
[fold_1] 760,0.005156,0.074101,0.085907
[fold_1] 770,0.006965,0.074057,0.085468
[fold_1] 780,0.005395,0.074014,0.085677
[fold_1] 790,0.005549,0.074087,0.085360
[fold_1] 800,0.006455,0.074088,0.085297
[fold_1] 810,0.005480,0.073991,0.085713
[fold_1] 820,0.006722,0.073972,0.085759
[fold_1] 830,0.004090,0.073924,0.085515
[fold_1] 840,0.006596,0.073925,0.085259
[fold_1] 850,0.004287,0.073869,0.085432
[fold_1] 860,0.004277,0.073881,0.085664
[fold_1] 870,0.004099,0.073830,0.085368
[fold_1] 880,0.004899,0.073804,0.085412
[fold_1] 890,0.003927,0.073791,0.085253
[fold_1] 900,0.005453,0.073797,0.085344
[fold_1] 910,0.004812,0.073779,0.085119
[fold_1] 920,0.005198,0.073732,0.085319
[fold_1] 930,0.003992,0.073722,0.085161
[fold_1] 940,0.003707,0.073711,0.085312
[fold_1] 950,0.009830,0.073688,0.085065
[fold_1] 960,0.005443,0.073676,0.085007
[fold_1] 970,0.005836,0.073634,0.085216
[fold_1] 980,0.005812,0.073688,0.084929
[fold_1] 990,0.004903,0.073613,0.084888
[fold_1] 1000,0.006256,0.073640,0.085382
[fold_1] 1010,0.004080,0.073555,0.085038
[fold_1] 1020,0.005999,0.073607,0.084838
[fold_1] 1030,0.005075,0.073543,0.085237
[fold_1] 1040,0.005776,0.073480,0.084836
[fold_1] 1050,0.006820,0.073519,0.085257
[fold_1] 1060,0.009364,0.073616,0.084585
[fold_1] 1070,0.005223,0.073445,0.085139
[fold_1] 1080,0.005062,0.073429,0.085122
[fold_1] 1090,0.006902,0.073441,0.084594
[fold_1] 1100,0.007882,0.073384,0.085054
[fold_1] 1110,0.006791,0.073399,0.084566
[fold_1] 1120,0.005511,0.073312,0.084719
[fold_1] 1130,0.006422,0.073365,0.084472
[fold_1] 1140,0.006430,0.073238,0.084718
[fold_1] 1150,0.004764,0.073418,0.085352
[fold_1] 1160,0.005039,0.073389,0.084397
[fold_1] 1170,0.006004,0.073280,0.085022
[fold_1] 1180,0.004589,0.073153,0.084689
[fold_1] 1190,0.007211,0.073196,0.084428
[fold_1] 1200,0.004521,0.073184,0.084889
[fold_1] 1210,0.003884,0.073200,0.085004
[fold_1] 1220,0.004788,0.073176,0.084220
[fold_1] 1230,0.003579,0.073516,0.085633
[fold_1] 1240,0.006015,0.073041,0.084743
[fold_1] 1250,0.005617,0.073407,0.084123
[fold_1] 1260,0.004286,0.072998,0.084493
[fold_1] 1270,0.006853,0.073008,0.084134
[fold_1] 1280,0.004454,0.072905,0.084450
[fold_1] 1290,0.005463,0.072921,0.084353
[fold_1] 1300,0.005639,0.072994,0.083985
[fold_1] 1310,0.003538,0.072867,0.084458
[fold_1] 1320,0.005409,0.072803,0.084389
[fold_1] 1330,0.004367,0.073058,0.083880
[fold_1] 1340,0.003692,0.072783,0.084383
[fold_1] 1350,0.006449,0.072735,0.084352
[fold_1] 1360,0.005756,0.073205,0.083774
[fold_1] 1370,0.003461,0.072771,0.084483
[fold_1] 1380,0.003319,0.072847,0.083759
[fold_1] 1390,0.006252,0.072626,0.084134
[fold_1] 1400,0.008367,0.072607,0.083920
[fold_1] 1410,0.005868,0.072600,0.083827
[fold_1] 1420,0.005263,0.072610,0.084296
[fold_1] 1430,0.004284,0.072643,0.083851
[fold_1] 1440,0.004139,0.072978,0.085031
[fold_1] 1450,0.003611,0.072705,0.083560
[fold_1] 1460,0.003987,0.072457,0.083798
[fold_1] 1470,0.004980,0.072509,0.084238
[fold_1] 1480,0.004978,0.072424,0.084004
[fold_1] 1490,0.005409,0.072384,0.083747
[fold_1] 1500,0.005879,0.072391,0.083557
[fold_1] 1510,0.005080,0.072423,0.083636
[fold_1] 1520,0.007811,0.072355,0.084037
[fold_1] 1530,0.003697,0.072275,0.083532
[fold_1] 1540,0.005756,0.072650,0.083265
[fold_1] 1550,0.008372,0.072301,0.083951
[fold_1] 1560,0.003395,0.072420,0.084246
[fold_1] 1570,0.008570,0.072346,0.083255
[fold_1] 1580,0.004910,0.072163,0.083276
[fold_1] 1590,0.007557,0.072616,0.084661
[fold_1] 1600,0.006289,0.072470,0.083162
[fold_1] 1610,0.005161,0.072036,0.083329
[fold_1] 1620,0.007226,0.072013,0.083262
[fold_1] 1630,0.007019,0.072022,0.083457
[fold_1] 1640,0.008364,0.072045,0.083019
[fold_1] 1650,0.006403,0.071940,0.083250
[fold_1] 1660,0.004969,0.071974,0.083009
[fold_1] 1670,0.004349,0.071936,0.082921
[fold_1] 1680,0.005474,0.071949,0.083520
[fold_1] 1690,0.005941,0.071854,0.083012
[fold_1] 1700,0.004329,0.071782,0.083106
[fold_1] 1710,0.007092,0.072102,0.083964
[fold_1] 1720,0.006611,0.071871,0.082761
[fold_1] 1730,0.006491,0.071732,0.082790
[fold_1] 1740,0.006190,0.071706,0.083208
[fold_1] 1750,0.005419,0.071851,0.082608
[fold_1] 1760,0.006027,0.071653,0.083067
[fold_1] 1770,0.006049,0.071650,0.082568
[fold_1] 1780,0.004838,0.071603,0.083166
[fold_1] 1790,0.005369,0.071527,0.082706
[fold_1] 1800,0.005281,0.071514,0.082832
[fold_1] 1810,0.005468,0.071575,0.083157
[fold_1] 1820,0.007249,0.071446,0.082907
[fold_1] 1830,0.005748,0.071621,0.082386
[fold_1] 1840,0.006100,0.071533,0.083272
[fold_1] 1850,0.004299,0.071324,0.082504
[fold_1] 1860,0.005117,0.071316,0.082589
[fold_1] 1870,0.006253,0.071901,0.083975
[fold_1] 1880,0.005368,0.071706,0.082139
[fold_1] 1890,0.006943,0.071472,0.083145
[fold_1] 1900,0.009706,0.071217,0.082351
[fold_1] 1910,0.007321,0.071169,0.082294
[fold_1] 1920,0.006175,0.071132,0.082543
[fold_1] 1930,0.003939,0.071201,0.082036
[fold_1] 1940,0.007193,0.071150,0.082705
[fold_1] 1950,0.004959,0.071120,0.081930
[fold_1] 1960,0.006701,0.070989,0.082200
[fold_1] 1970,0.004355,0.070995,0.081953
[fold_1] 1980,0.003296,0.070942,0.082260
[fold_1] 1990,0.005915,0.070927,0.082324
[fold_1] 2000,0.005790,0.070867,0.082201
[fold_1] 2010,0.005075,0.070862,0.081832[fold_4] 0,1.387636,1.195686,1.189127
[fold_4] 1,1.434241,1.181937,1.175240
[fold_4] 10,1.244068,1.079600,1.071712
[fold_4] 20,0.928236,0.991862,0.982725
[fold_4] 30,0.872737,0.922018,0.911999
[fold_4] 40,0.712941,0.821410,0.810580
[fold_4] 50,0.320828,0.528975,0.518842
[fold_4] 60,0.302860,0.539829,0.529860
[fold_4] 70,0.220043,0.470016,0.460787
[fold_4] 80,0.227348,0.431006,0.422918
[fold_4] 90,0.187194,0.398724,0.391000
[fold_4] 100,0.164155,0.373426,0.367626
[fold_4] 110,0.145438,0.349861,0.342201
[fold_4] 120,0.138802,0.331362,0.323286
[fold_4] 130,0.078732,0.315590,0.309483
[fold_4] 140,0.083419,0.307783,0.300827
[fold_4] 150,0.076610,0.285925,0.280397
[fold_4] 160,0.061903,0.280243,0.272447
[fold_4] 170,0.101643,0.268790,0.264622
[fold_4] 180,0.077270,0.256682,0.250852
[fold_4] 190,0.046296,0.243990,0.238556
[fold_4] 200,0.053337,0.229732,0.225938
[fold_4] 210,0.046869,0.224166,0.221638
[fold_4] 220,0.050590,0.215180,0.210135
[fold_4] 230,0.040585,0.190530,0.188149
[fold_4] 240,0.026223,0.174944,0.171958
[fold_4] 250,0.024556,0.148399,0.145254
[fold_4] 260,0.015309,0.138041,0.136746
[fold_4] 270,0.012705,0.113449,0.111106
[fold_4] 280,0.014272,0.119607,0.117179
[fold_4] 290,0.009882,0.130585,0.126241
[fold_4] 300,0.012620,0.121864,0.119121
[fold_4] 310,0.011577,0.102111,0.100128
[fold_4] 320,0.012152,0.098459,0.096792
[fold_4] 330,0.007709,0.098725,0.096868
[fold_4] 340,0.014789,0.096779,0.095915
[fold_4] 350,0.008837,0.094271,0.093419
[fold_4] 360,0.007875,0.094276,0.092671
[fold_4] 370,0.009973,0.097435,0.094957
[fold_4] 380,0.005927,0.092679,0.090871
[fold_4] 390,0.010771,0.089789,0.088636
[fold_4] 400,0.008894,0.088315,0.086879
[fold_4] 410,0.010022,0.090119,0.087459
[fold_4] 420,0.012773,0.087889,0.085637
[fold_4] 430,0.013900,0.088102,0.085314
[fold_4] 440,0.007130,0.109799,0.106720
[fold_4] 450,0.013745,0.094817,0.092040
[fold_4] 460,0.008004,0.083517,0.081617
[fold_4] 470,0.006610,0.096147,0.093615
[fold_4] 480,0.006594,0.085630,0.084428
[fold_4] 490,0.008286,0.082007,0.080130
[fold_4] 500,0.007960,0.085271,0.083755
[fold_4] 510,0.006451,0.083193,0.081239
[fold_4] 520,0.008098,0.092897,0.090927
[fold_4] 530,0.008791,0.078969,0.077657
[fold_4] 540,0.007179,0.079302,0.077817
[fold_4] 550,0.008867,0.079460,0.077948
[fold_4] 560,0.005135,0.077066,0.075402
[fold_4] 570,0.006759,0.076531,0.074744
[fold_4] 580,0.004561,0.081935,0.079728
[fold_4] 590,0.004232,0.075743,0.074164
[fold_4] 600,0.005765,0.075427,0.074003
[fold_4] 610,0.005600,0.075698,0.074621
[fold_4] 620,0.008691,0.074818,0.073434
[fold_4] 630,0.004195,0.075362,0.074165
[fold_4] 640,0.006673,0.079244,0.077837
[fold_4] 650,0.006684,0.077807,0.075895
[fold_4] 660,0.008280,0.073183,0.071411
[fold_4] 670,0.005403,0.074227,0.072469
[fold_4] 680,0.004891,0.073217,0.071440
[fold_4] 690,0.005702,0.072685,0.071052
[fold_4] 700,0.005945,0.073745,0.072322
[fold_4] 710,0.006094,0.072416,0.070918
[fold_4] 720,0.008280,0.072106,0.070599
[fold_4] 730,0.004675,0.072446,0.070982
[fold_4] 740,0.005682,0.071578,0.070168
[fold_4] 750,0.006305,0.071523,0.069932
[fold_4] 760,0.005009,0.071127,0.069583
[fold_4] 770,0.005786,0.071639,0.070138
[fold_4] 780,0.003353,0.071035,0.069639
[fold_4] 790,0.006049,0.070712,0.069137
[fold_4] 800,0.004524,0.070403,0.068823
[fold_4] 810,0.005085,0.071980,0.070310
[fold_4] 820,0.003663,0.074810,0.072991
[fold_4] 830,0.004736,0.077684,0.075746
[fold_4] 840,0.002973,0.069918,0.068497
[fold_4] 850,0.007640,0.071445,0.070313
[fold_4] 860,0.007807,0.069809,0.068778
[fold_4] 870,0.003085,0.069650,0.068458
[fold_4] 880,0.004971,0.069268,0.068179
[fold_4] 890,0.004556,0.069256,0.068000
[fold_4] 900,0.004644,0.069378,0.068220
[fold_4] 910,0.003172,0.069656,0.068510
[fold_4] 920,0.006051,0.069559,0.068329
[fold_4] 930,0.002985,0.069085,0.067686
[fold_4] 940,0.004597,0.068828,0.067590
[fold_4] 950,0.004761,0.068701,0.067457
[fold_4] 960,0.003502,0.069436,0.068089
[fold_4] 970,0.005205,0.070167,0.068939
[fold_4] 980,0.004760,0.068823,0.067480
[fold_4] 990,0.004232,0.068707,0.067545
[fold_4] 1000,0.006179,0.068664,0.067420
[fold_4] 1010,0.004381,0.068415,0.067200
[fold_4] 1020,0.004134,0.068397,0.067197
[fold_4] 1030,0.003735,0.068447,0.067221
[fold_4] 1040,0.007177,0.068672,0.067321
[fold_4] 1050,0.005481,0.068387,0.067133
[fold_4] 1060,0.004334,0.068391,0.067199
[fold_4] 1070,0.004418,0.068369,0.067153
[fold_4] 1080,0.003136,0.068351,0.067103
[fold_4] 1090,0.003988,0.068362,0.067136
[fold_4] 1100,0.005942,0.068247,0.067007
[fold_4] 1110,0.007086,0.068224,0.067007
[fold_4] 1120,0.003911,0.068295,0.067083
[fold_4] 1130,0.005978,0.068207,0.066954
[fold_4] 1140,0.004080,0.068170,0.066985
[fold_4] 1150,0.005449,0.068420,0.067253
[fold_4] 1160,0.004796,0.068123,0.066911
[fold_4] 1170,0.003787,0.068176,0.066950
[fold_4] 1180,0.004133,0.068140,0.066969
[fold_4] 1190,0.006053,0.068109,0.066906
[fold_4] 1200,0.007292,0.068074,0.066862
[fold_4] 1210,0.002587,0.068037,0.066877
[fold_4] 1220,0.005602,0.068161,0.066917
[fold_4] 1230,0.007027,0.067989,0.066811
[fold_4] 1240,0.005575,0.067971,0.066769
[fold_4] 1250,0.006509,0.068248,0.066994
[fold_4] 1260,0.004528,0.068006,0.066808
[fold_4] 1270,0.003454,0.067905,0.066683
[fold_4] 1280,0.004870,0.067900,0.066694
[fold_4] 1290,0.005259,0.067922,0.066728
[fold_4] 1300,0.005538,0.067851,0.066626
[fold_4] 1310,0.003096,0.067826,0.066585
[fold_4] 1320,0.004145,0.068281,0.067043
[fold_4] 1330,0.005172,0.067966,0.066665
[fold_4] 1340,0.002949,0.067856,0.066624
[fold_4] 1350,0.003653,0.067808,0.066628
[fold_4] 1360,0.007969,0.067737,0.066507
[fold_4] 1370,0.005470,0.067777,0.066476
[fold_4] 1380,0.004350,0.067696,0.066463
[fold_4] 1390,0.005888,0.067732,0.066531
[fold_4] 1400,0.003152,0.067672,0.066429
[fold_4] 1410,0.002508,0.067641,0.066370
[fold_4] 1420,0.004851,0.067619,0.066392
[fold_4] 1430,0.006412,0.068112,0.066799
[fold_4] 1440,0.002827,0.067572,0.066321
[fold_4] 1450,0.004781,0.067710,0.066465
[fold_4] 1460,0.004904,0.067529,0.066286
[fold_4] 1470,0.005039,0.067654,0.066458
[fold_4] 1480,0.007177,0.067508,0.066339
[fold_4] 1490,0.004203,0.067553,0.066304
[fold_4] 1500,0.004698,0.067475,0.066247
[fold_4] 1510,0.003727,0.067490,0.066247
[fold_4] 1520,0.005955,0.067563,0.066351
[fold_4] 1530,0.004979,0.067443,0.066172
[fold_4] 1540,0.003225,0.067380,0.066123
[fold_4] 1550,0.004251,0.067339,0.066129
[fold_4] 1560,0.003731,0.067364,0.066136
[fold_4] 1570,0.005995,0.067296,0.066136
[fold_4] 1580,0.003775,0.067265,0.066096
[fold_4] 1590,0.004342,0.067440,0.066177
[fold_4] 1600,0.004285,0.067259,0.066083
[fold_4] 1610,0.005944,0.067205,0.066042
[fold_4] 1620,0.003268,0.067268,0.066095
[fold_4] 1630,0.004165,0.067300,0.066063
[fold_4] 1640,0.003669,0.067120,0.065941
[fold_4] 1650,0.003917,0.067264,0.066053
[fold_4] 1660,0.003669,0.067230,0.065993
[fold_4] 1670,0.006546,0.067542,0.066514
[fold_4] 1680,0.004814,0.067047,0.065943
[fold_4] 1690,0.002686,0.067027,0.065923
[fold_4] 1700,0.003180,0.067047,0.065992
[fold_4] 1710,0.007835,0.067113,0.065998
[fold_4] 1720,0.006899,0.067194,0.066160
[fold_4] 1730,0.003663,0.067121,0.066002
[fold_4] 1740,0.005432,0.066914,0.065892
[fold_4] 1750,0.003783,0.067093,0.066021
[fold_4] 1760,0.003495,0.066876,0.065804
[fold_4] 1770,0.004195,0.066930,0.065887
[fold_4] 1780,0.003514,0.066890,0.065855
[fold_4] 1790,0.002558,0.067071,0.066005
[fold_4] 1800,0.003067,0.067125,0.066125
[fold_4] 1810,0.005881,0.066863,0.065826
[fold_4] 1820,0.006714,0.066765,0.065749
[fold_4] 1830,0.002367,0.066847,0.065855
[fold_4] 1840,0.003992,0.066995,0.065909
[fold_4] 1850,0.006185,0.066877,0.065905
[fold_4] 1860,0.004103,0.066762,0.065666
[fold_4] 1870,0.003926,0.066818,0.065788
[fold_4] 1880,0.003954,0.067029,0.066093
[fold_4] 1890,0.002817,0.067260,0.066132
[fold_4] 1900,0.002399,0.066577,0.065593
[fold_4] 1910,0.003661,0.066590,0.065607
[fold_4] 1920,0.005000,0.066869,0.065817
[fold_4] 1930,0.004534,0.066527,0.065600
[fold_4] 1940,0.004011,0.066445,0.065476
[fold_4] 1950,0.006192,0.066435,0.065473
[fold_4] 1960,0.004232,0.066397,0.065427
[fold_4] 1970,0.005462,0.066534,0.065495
[fold_4] 1980,0.004857,0.066393,0.065446
[fold_4] 1990,0.003902,0.066332,0.065373
[fold_4] 2000,0.003750,0.066408,0.065381
[fold_4] 2010,0.002693,0.066337,0.065398[fold_5] 0,1.419311,1.196065,1.194383
[fold_5] 1,1.435809,1.182311,1.180493
[fold_5] 10,1.264470,1.079916,1.076977
[fold_5] 20,0.988718,0.992031,0.988051
[fold_5] 30,0.875785,0.922109,0.918038
[fold_5] 40,0.732674,0.821625,0.817785
[fold_5] 50,0.317338,0.530686,0.519843
[fold_5] 60,0.261846,0.503452,0.495784
[fold_5] 70,0.233107,0.453331,0.441643
[fold_5] 80,0.180284,0.419815,0.406668
[fold_5] 90,0.180290,0.404084,0.389231
[fold_5] 100,0.155148,0.378467,0.364758
[fold_5] 110,0.128059,0.351236,0.335187
[fold_5] 120,0.108675,0.335711,0.320760
[fold_5] 130,0.139255,0.314484,0.296332
[fold_5] 140,0.085697,0.302268,0.283631
[fold_5] 150,0.082865,0.294674,0.274870
[fold_5] 160,0.093414,0.277393,0.259392
[fold_5] 170,0.056850,0.269221,0.249913
[fold_5] 180,0.064979,0.252292,0.233092
[fold_5] 190,0.067109,0.236031,0.215537
[fold_5] 200,0.053641,0.218832,0.198421
[fold_5] 210,0.043222,0.214432,0.194904
[fold_5] 220,0.022294,0.208014,0.187924
[fold_5] 230,0.028622,0.207629,0.193203
[fold_5] 240,0.029423,0.163286,0.142518
[fold_5] 250,0.026173,0.161198,0.141367
[fold_5] 260,0.021893,0.166791,0.153065
[fold_5] 270,0.023818,0.141675,0.122349
[fold_5] 280,0.010278,0.149031,0.132277
[fold_5] 290,0.022275,0.166055,0.157396
[fold_5] 300,0.020034,0.124229,0.108658
[fold_5] 310,0.013544,0.116631,0.101929
[fold_5] 320,0.021835,0.121002,0.111753
[fold_5] 330,0.011841,0.118713,0.109989
[fold_5] 340,0.009900,0.110956,0.097987
[fold_5] 350,0.013029,0.112271,0.104334
[fold_5] 360,0.009107,0.095938,0.084346
[fold_5] 370,0.009524,0.097170,0.083489
[fold_5] 380,0.013986,0.100136,0.089336
[fold_5] 390,0.018820,0.175897,0.176295
[fold_5] 400,0.008500,0.097907,0.090126
[fold_5] 410,0.008311,0.090004,0.080852
[fold_5] 420,0.007867,0.089836,0.077132
[fold_5] 430,0.014279,0.093473,0.087286
[fold_5] 440,0.006511,0.087678,0.080289
[fold_5] 450,0.007733,0.089031,0.077057
[fold_5] 460,0.006252,0.085202,0.076857
[fold_5] 470,0.007223,0.092084,0.086391
[fold_5] 480,0.006371,0.083429,0.071625
[fold_5] 490,0.008211,0.083717,0.071699
[fold_5] 500,0.005759,0.080385,0.070257
[fold_5] 510,0.006154,0.083601,0.077324
[fold_5] 520,0.007254,0.080154,0.073053
[fold_5] 530,0.006857,0.077990,0.069767
[fold_5] 540,0.005167,0.079799,0.069173
[fold_5] 550,0.006827,0.081407,0.070686
[fold_5] 560,0.007689,0.076542,0.067968
[fold_5] 570,0.006527,0.076803,0.069917
[fold_5] 580,0.007817,0.082251,0.077731
[fold_5] 590,0.005647,0.073276,0.065789
[fold_5] 600,0.005811,0.081651,0.077660
[fold_5] 610,0.007462,0.078068,0.074403
[fold_5] 620,0.005552,0.074207,0.067009
[fold_5] 630,0.007760,0.073779,0.068580
[fold_5] 640,0.003630,0.072715,0.064124
[fold_5] 650,0.005646,0.070596,0.063322
[fold_5] 660,0.006068,0.070907,0.062429
[fold_5] 670,0.004705,0.070216,0.063500
[fold_5] 680,0.004391,0.069450,0.061431
[fold_5] 690,0.006477,0.069983,0.062827
[fold_5] 700,0.005221,0.070966,0.061507
[fold_5] 710,0.005249,0.070669,0.064873
[fold_5] 720,0.005145,0.069160,0.062725
[fold_5] 730,0.005021,0.068177,0.060935
[fold_5] 740,0.003161,0.067918,0.060789
[fold_5] 750,0.004725,0.069269,0.063889
[fold_5] 760,0.004193,0.067449,0.060439
[fold_5] 770,0.003389,0.067730,0.059698
[fold_5] 780,0.003475,0.068230,0.059793
[fold_5] 790,0.004765,0.067541,0.060792
[fold_5] 800,0.004575,0.068078,0.059913
[fold_5] 810,0.005428,0.066885,0.060103
[fold_5] 820,0.003557,0.066828,0.059299
[fold_5] 830,0.002988,0.066599,0.059342
[fold_5] 840,0.004237,0.068069,0.062974
[fold_5] 850,0.005160,0.066591,0.060164
[fold_5] 860,0.004034,0.066520,0.059194
[fold_5] 870,0.004129,0.066684,0.060641
[fold_5] 880,0.004005,0.066528,0.058976
[fold_5] 890,0.005120,0.066387,0.060063
[fold_5] 900,0.005201,0.066261,0.059829
[fold_5] 910,0.003930,0.066637,0.058878
[fold_5] 920,0.003630,0.066287,0.060037
[fold_5] 930,0.002436,0.066200,0.060079
[fold_5] 940,0.002895,0.066132,0.058767
[fold_5] 950,0.004120,0.065846,0.059175
[fold_5] 960,0.004493,0.065832,0.059340
[fold_5] 970,0.005425,0.065959,0.059923
[fold_5] 980,0.004819,0.065802,0.059527
[fold_5] 990,0.003433,0.065708,0.058888
[fold_5] 1000,0.005926,0.066315,0.060839
[fold_5] 1010,0.004196,0.065658,0.059177
[fold_5] 1020,0.006077,0.065734,0.058656
[fold_5] 1030,0.003910,0.065645,0.058741
[fold_5] 1040,0.005579,0.065599,0.058967
[fold_5] 1050,0.005212,0.065732,0.059769
[fold_5] 1060,0.003944,0.065522,0.058915
[fold_5] 1070,0.004783,0.065526,0.058875
[fold_5] 1080,0.003723,0.065534,0.058730
[fold_5] 1090,0.006772,0.065476,0.058691
[fold_5] 1100,0.004717,0.066032,0.060554
[fold_5] 1110,0.005289,0.065762,0.060012
[fold_5] 1120,0.004978,0.065427,0.058781

[fold_1] 2020,0.006124,0.070793,0.082014
[fold_1] 2030,0.005680,0.070838,0.081749
[fold_1] 2040,0.004691,0.070810,0.081612
[fold_1] 2050,0.002950,0.071054,0.082828
[fold_1] 2060,0.005000,0.070676,0.081712
[fold_1] 2070,0.005415,0.070735,0.081569
[fold_1] 2080,0.004760,0.070673,0.081521
[fold_1] 2090,0.003237,0.070763,0.082354
[fold_1] 2100,0.005260,0.070625,0.081413
[fold_1] 2110,0.004626,0.070576,0.081975
[fold_1] 2120,0.006054,0.070527,0.081869
[fold_1] 2130,0.006735,0.070723,0.081228
[fold_1] 2140,0.005402,0.070418,0.081461
[fold_1] 2150,0.004958,0.070611,0.081070
[fold_1] 2160,0.004841,0.070509,0.081984
[fold_1] 2170,0.003446,0.070351,0.081214
[fold_1] 2180,0.004540,0.070295,0.081346
[fold_1] 2190,0.004853,0.070282,0.081229
[fold_1] 2200,0.004547,0.070241,0.081151
[fold_1] 2210,0.006406,0.070217,0.081199
[fold_1] 2220,0.006236,0.070169,0.081180
[fold_1] 2230,0.006753,0.070139,0.081246
[fold_1] 2240,0.003311,0.070102,0.081079
[fold_1] 2250,0.005061,0.070129,0.081357

[fold_3] 2020,0.004199,0.065389,0.066398
[fold_3] 2030,0.004191,0.065357,0.066686
[fold_3] 2040,0.006219,0.065349,0.066333
[fold_3] 2050,0.002863,0.065169,0.066253
[fold_3] 2060,0.002868,0.065108,0.066289
[fold_3] 2070,0.005289,0.065056,0.066233
[fold_3] 2080,0.005165,0.065048,0.066166
[fold_3] 2090,0.003863,0.065073,0.066343
[fold_3] 2100,0.002932,0.064986,0.066160
[fold_3] 2110,0.002735,0.065015,0.066270
[fold_3] 2120,0.002683,0.064992,0.066245
[fold_3] 2130,0.004945,0.064985,0.066043
[fold_3] 2140,0.005812,0.065231,0.066614
[fold_3] 2150,0.003667,0.064861,0.066006
[fold_3] 2160,0.005029,0.064951,0.066241
[fold_3] 2170,0.002741,0.064827,0.065962
[fold_3] 2180,0.005339,0.064941,0.066270
[fold_3] 2190,0.005279,0.064893,0.066208
[fold_3] 2200,0.005098,0.065076,0.066020
[fold_3] 2210,0.002946,0.064856,0.066145
[fold_3] 2220,0.003401,0.065027,0.065970
[fold_3] 2230,0.006928,0.064900,0.066235
[fold_3] 2240,0.004479,0.064659,0.065861
[fold_3] 2250,0.009344,0.064639,0.065745
[fold_3] 2260,0.004042,0.064881,0.066249
[fold_3] 2270,0.006410,0.064684,0.065706
[fold_3] 2280,0.004041,0.064544,0.065709
[fold_3] 2290,0.005221,0.064648,0.065945
[fold_3] 2300,0.003633,0.065269,0.066785
[fold_3] 2310,0.004830,0.064872,0.065813
[fold_3] 2320,0.003340,0.064932,0.066365
[fold_3] 2330,0.005079,0.064504,0.065786
[fold_3] 2340,0.003212,0.064449,0.065512
[fold_3] 2350,0.003345,0.064388,0.065616
[fold_3] 2360,0.003827,0.064424,0.065481
[fold_3] 2370,0.004787,0.064319,0.065514
[fold_3] 2380,0.005842,0.064393,0.065691
[fold_3] 2390,0.005896,0.064439,0.065784
[fold_3] 2400,0.005312,0.064234,0.065415
[fold_3] 2410,0.007080,0.064584,0.066000
[fold_3] 2420,0.003349,0.064175,0.065335
[fold_3] 2430,0.003961,0.064248,0.065532
[fold_3] 2440,0.002900,0.064247,0.065280
[fold_3] 2450,0.003046,0.064277,0.065626
[fold_3] 2460,0.005413,0.064106,0.065206
[fold_3] 2470,0.005210,0.064348,0.065747
[fold_3] 2480,0.003247,0.064046,0.065190
[fold_3] 2490,0.003789,0.064162,0.065191
[fold_3] 2500,0.002942,0.064049,0.065318
[fold_3] 2510,0.004671,0.064049,0.065115
[fold_3] 2520,0.004121,0.064331,0.065767
[fold_3] 2530,0.005163,0.064056,0.065071
[fold_3] 2540,0.002894,0.063914,0.065000
[fold_3] 2550,0.004056,0.063966,0.065302
[fold_3] 2560,0.004868,0.064077,0.065075
[fold_3] 2570,0.003363,0.063918,0.065248
[fold_3] 2580,0.005691,0.063836,0.064892
[fold_3] 2590,0.003493,0.064073,0.065482
[fold_3] 2600,0.005542,0.064002,0.064975
[fold_3] 2610,0.003682,0.064046,0.065462
[fold_3] 2620,0.004613,0.064571,0.065388
[fold_3] 2630,0.002358,0.063834,0.065137
[fold_3] 2640,0.004264,0.064082,0.065522
[fold_3] 2650,0.003949,0.063583,0.064766
[fold_3] 2660,0.004323,0.063538,0.064686
[fold_3] 2670,0.003585,0.063661,0.064974
[fold_3] 2680,0.002833,0.063527,0.064742
[fold_3] 2690,0.003545,0.063449,0.064623
[fold_3] 2700,0.002720,0.063444,0.064537
[fold_3] 2710,0.003379,0.063407,0.064519
[fold_3] 2720,0.003613,0.063694,0.065089
[fold_3] 2730,0.003758,0.063518,0.064535
[fold_3] 2740,0.002830,0.064104,0.065630
[fold_3] 2750,0.003811,0.063838,0.064726
[fold_3] 2760,0.003094,0.063444,0.064775
[fold_3] 2770,0.002833,0.063252,0.064364
[fold_3] 2780,0.005552,0.063214,0.064329
[fold_3] 2790,0.003947,0.063350,0.064649
[fold_3] 2800,0.002835,0.063183,0.064256
[fold_3] 2810,0.005005,0.063145,0.064349
[fold_3] 2820,0.003022,0.063259,0.064259
[fold_3] 2830,0.002633,0.063062,0.064226
[fold_3] 2840,0.004802,0.063044,0.064233
[fold_3] 2850,0.003858,0.063004,0.064142
[fold_3] 2860,0.004018,0.063018,0.064103
[fold_3] 2870,0.003866,0.063011,0.064241
[fold_3] 2880,0.002789,0.062995,0.064037
[fold_3] 2890,0.005608,0.062979,0.064000
[fold_3] 2900,0.003945,0.063423,0.064839
[fold_3] 2910,0.002634,0.063773,0.064563
[fold_3] 2920,0.003187,0.063102,0.064427
[fold_3] 2930,0.003476,0.062973,0.063926
[fold_3] 2940,0.002701,0.063680,0.065185
[fold_3] 2950,0.003284,0.062851,0.063897
[fold_3] 2960,0.002610,0.062706,0.063860
[fold_3] 2970,0.003708,0.063114,0.064512
[fold_3] 2980,0.004502,0.062668,0.063745
[fold_3] 2990,0.003384,0.062719,0.063722
[fold_3] 3000,0.003779,0.062765,0.064046

[fold_2] 2020,0.004015,0.069279,0.069360
[fold_2] 2030,0.006355,0.069231,0.069182
[fold_2] 2040,0.004615,0.069247,0.069147
[fold_2] 2050,0.005237,0.069159,0.069120
[fold_2] 2060,0.004918,0.069422,0.069157
[fold_2] 2070,0.003113,0.069492,0.069800
[fold_2] 2080,0.005597,0.069076,0.069023
[fold_2] 2090,0.005150,0.069640,0.069289
[fold_2] 2100,0.005370,0.069019,0.069043
[fold_2] 2110,0.006445,0.068991,0.068984
[fold_2] 2120,0.005851,0.069117,0.068913
[fold_2] 2130,0.003281,0.068922,0.068908
[fold_2] 2140,0.006738,0.068907,0.068812
[fold_2] 2150,0.004691,0.069722,0.069310
[fold_2] 2160,0.005243,0.069266,0.069562
[fold_2] 2170,0.005764,0.068869,0.068922
[fold_2] 2180,0.004356,0.069214,0.068897
[fold_2] 2190,0.005510,0.068792,0.068860
[fold_2] 2200,0.004426,0.068787,0.068646
[fold_2] 2210,0.007751,0.068696,0.068704
[fold_2] 2220,0.005462,0.069044,0.068714
[fold_2] 2230,0.004271,0.068717,0.068564
[fold_2] 2240,0.005650,0.068646,0.068533
[fold_2] 2250,0.005521,0.068889,0.068577
[fold_2] 2260,0.005584,0.068586,0.068487
[fold_2] 2270,0.004754,0.068526,0.068485
[fold_2] 2280,0.004865,0.068649,0.068424
[fold_2] 2290,0.004127,0.068914,0.068560
[fold_2] 2300,0.004348,0.068448,0.068429
[fold_2] 2310,0.005311,0.068880,0.069166
[fold_2] 2320,0.004421,0.068466,0.068300
[fold_2] 2330,0.005664,0.068378,0.068319
[fold_2] 2340,0.004538,0.068465,0.068238
[fold_2] 2350,0.005162,0.068492,0.068244
[fold_2] 2360,0.007594,0.069096,0.069498
[fold_2] 2370,0.005448,0.069582,0.068982
[fold_2] 2380,0.004934,0.068199,0.068108
[fold_2] 2390,0.006152,0.068175,0.068024
[fold_2] 2400,0.003362,0.068158,0.067981
[fold_2] 2410,0.004646,0.068133,0.068060
[fold_2] 2420,0.003178,0.068893,0.068384
[fold_2] 2430,0.006600,0.068211,0.067937
[fold_2] 2440,0.005443,0.068151,0.067878
[fold_2] 2450,0.003411,0.068143,0.067826
[fold_2] 2460,0.003092,0.068011,0.067767
[fold_2] 2470,0.004524,0.067952,0.067864
[fold_2] 2480,0.003298,0.068045,0.067740
[fold_2] 2490,0.007210,0.067878,0.067776
[fold_2] 2500,0.003340,0.067907,0.067906
[fold_2] 2510,0.004674,0.067876,0.067665
[fold_2] 2520,0.006927,0.067922,0.067683
[fold_2] 2530,0.005403,0.067759,0.067727
[fold_2] 2540,0.005132,0.067745,0.067719
[fold_2] 2550,0.007338,0.068126,0.067760
[fold_2] 2560,0.007256,0.067726,0.067503
[fold_2] 2570,0.004785,0.067802,0.067881
[fold_2] 2580,0.003407,0.067827,0.067503
[fold_2] 2590,0.004850,0.067540,0.067435
[fold_2] 2600,0.003491,0.067512,0.067441
[fold_2] 2610,0.003786,0.067480,0.067324
[fold_2] 2620,0.004717,0.067475,0.067262
[fold_2] 2630,0.006821,0.067438,0.067275
[fold_2] 2640,0.004723,0.067427,0.067211
[fold_2] 2650,0.004328,0.067336,0.067154
[fold_2] 2660,0.003007,0.067312,0.067115
[fold_2] 2670,0.003690,0.067340,0.067082
[fold_2] 2680,0.003616,0.067311,0.067088
[fold_2] 2690,0.006005,0.067463,0.067603
[fold_2] 2700,0.003246,0.067243,0.067045
[fold_2] 2710,0.003263,0.067460,0.067119
[fold_2] 2720,0.004365,0.067216,0.067249
[fold_2] 2730,0.003233,0.067145,0.067143
[fold_2] 2740,0.004592,0.067149,0.066893
[fold_2] 2750,0.004340,0.067204,0.066992
[fold_2] 2760,0.007922,0.066997,0.066869
[fold_2] 2770,0.005850,0.067260,0.066883
[fold_2] 2780,0.002397,0.066989,0.066970
[fold_2] 2790,0.007659,0.066948,0.066874
[fold_2] 2800,0.005860,0.067267,0.066891
[fold_2] 2810,0.005428,0.067132,0.067248
[fold_2] 2820,0.002528,0.066820,0.066684
[fold_2] 2830,0.005640,0.066797,0.066593
[fold_2] 2840,0.002802,0.066773,0.066626
[fold_2] 2850,0.003740,0.066742,0.066685
[fold_2] 2860,0.005164,0.066795,0.066487
[fold_2] 2870,0.004958,0.067885,0.067274
[fold_2] 2880,0.002861,0.066875,0.066948
[fold_2] 2890,0.005068,0.066631,0.066376
[fold_2] 2900,0.004739,0.066567,0.066351
[fold_2] 2910,0.004275,0.066590,0.066418
[fold_2] 2920,0.006706,0.066572,0.066300
[fold_2] 2930,0.005442,0.066838,0.066408
[fold_2] 2940,0.009011,0.066636,0.066646
[fold_2] 2950,0.004570,0.067594,0.066980
[fold_2] 2960,0.002943,0.066387,0.066151
[fold_2] 2970,0.003254,0.066475,0.066413
[fold_2] 2980,0.005326,0.066743,0.066297
[fold_2] 2990,0.004991,0.066279,0.066203
[fold_2] 3000,0.004681,0.066250,0.066038

[fold_4] 2020,0.004648,0.066291,0.065307
[fold_4] 2030,0.003962,0.066528,0.065458
[fold_4] 2040,0.006682,0.066484,0.065559
[fold_4] 2050,0.005251,0.066196,0.065236
[fold_4] 2060,0.005150,0.066172,0.065202
[fold_4] 2070,0.003274,0.066180,0.065250
[fold_4] 2080,0.006276,0.066162,0.065189
[fold_4] 2090,0.008022,0.066272,0.065246
[fold_4] 2100,0.004242,0.066227,0.065304
[fold_4] 2110,0.004408,0.066052,0.065073
[fold_4] 2120,0.003132,0.066010,0.065048
[fold_4] 2130,0.005059,0.065998,0.065043
[fold_4] 2140,0.005054,0.066156,0.065175
[fold_4] 2150,0.006347,0.066020,0.065038
[fold_4] 2160,0.004714,0.066303,0.065356
[fold_4] 2170,0.003053,0.066056,0.065113
[fold_4] 2180,0.002675,0.065865,0.064891
[fold_4] 2190,0.005150,0.065877,0.064875
[fold_4] 2200,0.006059,0.065827,0.064866
[fold_4] 2210,0.005589,0.066028,0.065163
[fold_4] 2220,0.004491,0.065798,0.064875
[fold_4] 2230,0.006391,0.065727,0.064752
[fold_4] 2240,0.003169,0.065719,0.064795
[fold_4] 2250,0.004507,0.065690,0.064743
[fold_4] 2260,0.004274,0.065965,0.065043
[fold_4] 2270,0.003848,0.065836,0.064831
[fold_4] 2280,0.004248,0.065620,0.064708
[fold_4] 2290,0.003919,0.065582,0.064631
[fold_4] 2300,0.002848,0.065569,0.064607
[fold_4] 2310,0.003517,0.065552,0.064570
[fold_4] 2320,0.003232,0.065559,0.064641
[fold_4] 2330,0.002780,0.065460,0.064460
[fold_4] 2340,0.002880,0.065432,0.064468
[fold_4] 2350,0.003816,0.065504,0.064569
[fold_4] 2360,0.005526,0.065517,0.064492
[fold_4] 2370,0.002388,0.065377,0.064363
[fold_4] 2380,0.002778,0.065312,0.064397
[fold_4] 2390,0.005525,0.065435,0.064519
[fold_4] 2400,0.004121,0.065437,0.064463
[fold_4] 2410,0.002856,0.065214,0.064321
[fold_4] 2420,0.003659,0.065390,0.064525
[fold_4] 2430,0.004486,0.065586,0.064783
[fold_4] 2440,0.003452,0.065760,0.064838
[fold_4] 2450,0.006273,0.065245,0.064460
[fold_4] 2460,0.004424,0.065638,0.064823
[fold_4] 2470,0.005169,0.065115,0.064291
[fold_4] 2480,0.006225,0.065194,0.064461
[fold_4] 2490,0.002487,0.065113,0.064285
[fold_4] 2500,0.004400,0.064983,0.064222
[fold_4] 2510,0.006763,0.065043,0.064380
[fold_4] 2520,0.007093,0.064963,0.064270
[fold_4] 2530,0.004064,0.064913,0.064255
[fold_4] 2540,0.003944,0.064860,0.064196
[fold_4] 2550,0.006792,0.065176,0.064511
[fold_4] 2560,0.004822,0.064877,0.064167
[fold_4] 2570,0.003289,0.064824,0.064168
[fold_4] 2580,0.006474,0.064927,0.064269
[fold_4] 2590,0.004085,0.065037,0.064345
[fold_4] 2600,0.002767,0.064758,0.064022
[fold_4] 2610,0.004094,0.064727,0.064030
[fold_4] 2620,0.003414,0.065018,0.064313
[fold_4] 2630,0.004166,0.065045,0.064251
[fold_4] 2640,0.003939,0.064605,0.063920
[fold_4] 2650,0.004319,0.064534,0.063816
[fold_4] 2660,0.005376,0.064648,0.063853
[fold_4] 2670,0.003876,0.064519,0.063778
[fold_4] 2680,0.004151,0.064462,0.063742
[fold_4] 2690,0.004749,0.064747,0.063933
[fold_4] 2700,0.003123,0.064622,0.063934
[fold_4] 2710,0.003489,0.064462,0.063724
[fold_4] 2720,0.003990,0.064413,0.063729
[fold_4] 2730,0.005138,0.064304,0.063605
[fold_4] 2740,0.004852,0.064309,0.063643
[fold_4] 2750,0.009980,0.064353,0.063635
[fold_4] 2760,0.004944,0.064316,0.063563
[fold_4] 2770,0.004007,0.064273,0.063652
[fold_4] 2780,0.004375,0.064327,0.063566
[fold_4] 2790,0.003116,0.064168,0.063468
[fold_4] 2800,0.003437,0.064251,0.063517
[fold_4] 2810,0.005066,0.064085,0.063382
[fold_4] 2820,0.003313,0.064125,0.063379
[fold_4] 2830,0.004446,0.064021,0.063291
[fold_4] 2840,0.005251,0.063989,0.063266
[fold_4] 2850,0.004564,0.064545,0.063739
[fold_4] 2860,0.004598,0.064191,0.063526
[fold_4] 2870,0.005405,0.064154,0.063353
[fold_4] 2880,0.003225,0.064000,0.063287
[fold_4] 2890,0.002662,0.064341,0.063499
[fold_4] 2900,0.005386,0.063858,0.063142
[fold_4] 2910,0.002825,0.063933,0.063236
[fold_4] 2920,0.003522,0.064180,0.063350
[fold_4] 2930,0.005304,0.064297,0.063663
[fold_4] 2940,0.002385,0.064618,0.063725
[fold_4] 2950,0.005778,0.063800,0.063125
[fold_4] 2960,0.003189,0.063984,0.063237
[fold_4] 2970,0.002896,0.063770,0.062991
[fold_4] 2980,0.004683,0.064154,0.063508
[fold_4] 2990,0.003265,0.063933,0.063110
[fold_4] 3000,0.005194,0.063841,0.063148

Cross-validation summary
Mean train RMSE norm      : 0.065817
Mean validation RMSE norm : 0.066495
Median best epoch         : 2970
Best-so-far checkpoint    : kept previous
Training-curve plot       : plots/cross_validation_curves.png
