[fold_5] 0,0.876840,1.000000,0.996132
[fold_5] 1,1.034939,0.998582,0.994703
[fold_5] 10,0.922600,0.934669,0.930660
[fold_5] 20,0.372088,0.545541,0.539516
[fold_5] 30,0.223524,0.382566,0.374362
[fold_5] 40,0.049198,0.205235,0.192516
[fold_5] 50,0.029301,0.170564,0.158607
[fold_5] 60,0.017311,0.140779,0.126648
[fold_5] 70,0.017241,0.128999,0.113560
[fold_5] 80,0.011518,0.118931,0.101167
[fold_5] 90,0.008866,0.112516,0.096896
[fold_5] 100,0.011961,0.107290,0.090255
[fold_5] 110,0.007303,0.102342,0.087216
[fold_5] 120,0.008939,0.097645,0.081808
[fold_5] 130,0.006339,0.094079,0.077743
[fold_5] 140,0.012042,0.091525,0.076189
[fold_5] 150,0.006460,0.087517,0.069824
[fold_5] 160,0.009043,0.084024,0.072794
[fold_5] 170,0.008532,0.087804,0.079842
[fold_5] 180,0.005353,0.081819,0.064418
[fold_5] 190,0.003693,0.077437,0.062341
[fold_5] 200,0.005032,0.075640,0.065343
[fold_5] 210,0.006411,0.078084,0.066283
[fold_5] 220,0.005684,0.072815,0.063801
[fold_5] 230,0.007558,0.075405,0.069503
[fold_5] 240,0.003173,0.070853,0.059488
[fold_5] 250,0.005155,0.070678,0.060224
[fold_5] 260,0.005407,0.073350,0.059579
[fold_5] 270,0.005106,0.070928,0.060520
[fold_5] 280,0.004174,0.069151,0.061269
[fold_5] 290,0.004209,0.070800,0.065442
[fold_5] 300,0.002636,0.068066,0.059670
[fold_5] 310,0.004129,0.067771,0.058928
[fold_5] 320,0.003021,0.067806,0.057643
[fold_5] 330,0.003590,0.067713,0.059596
[fold_5] 340,0.003273,0.068333,0.059720
[fold_5] 350,0.006252,0.067816,0.059893
[fold_5] 360,0.003043,0.067315,0.057425
[fold_5] 370,0.004268,0.067276,0.059143
[fold_5] 380,0.003284,0.067198,0.059032
[fold_5] 390,0.003216,0.068205,0.056510
[fold_5] 400,0.005004,0.067316,0.059666
[fold_5] 410,0.004724,0.066972,0.057514
[fold_5] 420,0.004670,0.067082,0.059097
[fold_5] 430,0.007321,0.066946,0.056902
[fold_5] 440,0.005678,0.066779,0.057107
[fold_5] 450,0.003045,0.066675,0.057604
[fold_5] 460,0.004202,0.066691,0.057331
[fold_5] 470,0.004372,0.066674,0.057155
[fold_5] 480,0.005773,0.066704,0.058151
[fold_5] 490,0.005603,0.066764,0.058671
[fold_1] 0,0.986680,1.000000,1.007238
[fold_1] 1,0.950892,0.998582,1.005816
[fold_1] 10,0.880966,0.933558,0.940643
[fold_1] 20,0.376542,0.538751,0.545538
[fold_1] 30,0.269185,0.411869,0.418399
[fold_1] 40,0.054170,0.206090,0.218315
[fold_1] 50,0.031005,0.165875,0.181493
[fold_1] 60,0.020668,0.137081,0.153545
[fold_1] 70,0.012930,0.122935,0.142425
[fold_1] 80,0.011244,0.115113,0.131786
[fold_1] 90,0.011402,0.116499,0.129556
[fold_1] 100,0.011478,0.103347,0.123237
[fold_1] 110,0.012117,0.106842,0.129645
[fold_1] 120,0.007528,0.102528,0.126076
[fold_1] 130,0.008555,0.094989,0.116699
[fold_1] 140,0.011044,0.090357,0.107741
[fold_1] 150,0.006562,0.093638,0.107339
[fold_1] 160,0.011098,0.088385,0.102686
[fold_1] 170,0.007173,0.080051,0.099609
[fold_1] 180,0.004889,0.077579,0.098313
[fold_1] 190,0.006963,0.080067,0.102519
[fold_1] 200,0.005379,0.073794,0.094711
[fold_1] 210,0.002852,0.072640,0.089952
[fold_1] 220,0.005392,0.071319,0.087379
[fold_1] 230,0.003036,0.069986,0.088924
[fold_1] 240,0.006968,0.067381,0.086648
[fold_1] 250,0.002893,0.066397,0.082767
[fold_1] 260,0.002542,0.069471,0.090480
[fold_1] 270,0.005746,0.067422,0.082914
[fold_1] 280,0.004025,0.064116,0.080910
[fold_1] 290,0.007303,0.068644,0.082338
[fold_1] 300,0.005083,0.063696,0.081396
[fold_1] 310,0.003073,0.061769,0.078037
[fold_1] 320,0.004963,0.061420,0.078592
[fold_1] 330,0.003924,0.062592,0.076314
[fold_1] 340,0.003881,0.061622,0.080637
[fold_1] 350,0.004284,0.063133,0.076526
[fold_1] 360,0.004382,0.058804,0.075192
[fold_1] 370,0.004050,0.059414,0.074350
[fold_1] 380,0.002971,0.059524,0.078200
[fold_1] 390,0.002669,0.058069,0.075972
[fold_1] 400,0.006953,0.063001,0.074884
[fold_1] 410,0.002570,0.061169,0.078381
[fold_1] 420,0.001646,0.059865,0.075794
[fold_1] 430,0.001771,0.063224,0.080892
[fold_1] 440,0.001962,0.058943,0.075448
[fold_1] 450,0.004508,0.057464,0.073519
[fold_1] 460,0.003536,0.056286,0.074844
[fold_1] 470,0.001942,0.055287,0.071938
[fold_1] 480,0.002276,0.055103,0.071318
[fold_1] 490,0.003320,0.054766,0.072371
[fold_1] 500,0.001596,0.055667,0.074425
[fold_1] 510,0.001623,0.054844,0.073176
[fold_1] 520,0.002048,0.054695,0.070410
[fold_1] 530,0.002296,0.054219,0.071163
[fold_1] 540,0.003924,0.054284,0.072082
[fold_1] 550,0.001943,0.054186,0.070977
[fold_1] 560,0.004976,0.054133,0.071451
[fold_1] 570,0.003757,0.054048,0.070956
[fold_1] 580,0.004656,0.054137,0.071729
[fold_1] 590,0.003512,0.054006,0.070704
[fold_1] 600,0.002254,0.053993,0.071097
[fold_1] 610,0.003784,0.053998,0.071335
[fold_1] 620,0.002123,0.053968,0.071222
[fold_3] 0,1.005000,1.000000,1.008801
[fold_3] 1,1.006502,0.998582,1.007360
[fold_3] 10,0.948516,0.932987,0.941165
[fold_3] 20,0.351644,0.525624,0.531786
[fold_3] 30,0.319568,0.446392,0.445398
[fold_3] 40,0.053145,0.215692,0.219999
[fold_3] 50,0.025298,0.174778,0.178626
[fold_3] 60,0.021831,0.146501,0.149389
[fold_3] 70,0.015521,0.131038,0.132812
[fold_3] 80,0.011496,0.122642,0.123788
[fold_3] 90,0.017277,0.119674,0.122614
[fold_3] 100,0.015336,0.109226,0.112883
[fold_3] 110,0.010015,0.104418,0.107724
[fold_3] 120,0.007252,0.103347,0.104363
[fold_3] 130,0.006726,0.097047,0.098810
[fold_3] 140,0.006878,0.095351,0.098033
[fold_3] 150,0.006347,0.089946,0.092716
[fold_3] 160,0.014335,0.088243,0.089987
[fold_3] 170,0.005354,0.082676,0.084336
[fold_3] 180,0.007690,0.086051,0.086674
[fold_3] 190,0.005557,0.077990,0.079644
[fold_3] 200,0.011991,0.083909,0.086436
[fold_3] 210,0.009846,0.073980,0.075151
[fold_3] 220,0.005598,0.078750,0.078248
[fold_3] 230,0.006792,0.091889,0.095630
[fold_3] 240,0.002615,0.076636,0.075606
[fold_3] 250,0.003285,0.074625,0.074012
[fold_3] 260,0.005495,0.070764,0.070846
[fold_3] 270,0.007544,0.071731,0.073718
[fold_3] 280,0.003518,0.068825,0.070908
[fold_3] 290,0.004035,0.069804,0.072155
[fold_3] 300,0.002199,0.068078,0.068781
[fold_3] 310,0.005649,0.068177,0.068709
[fold_3] 320,0.005325,0.067496,0.069519
[fold_3] 330,0.002432,0.066735,0.067874
[fold_3] 340,0.003240,0.066584,0.068180
[fold_3] 350,0.006482,0.066356,0.067150
[fold_3] 360,0.002158,0.066897,0.067586
[fold_3] 370,0.003946,0.066463,0.068706
[fold_3] 380,0.003058,0.065984,0.067518
[fold_3] 390,0.003147,0.065316,0.066577
[fold_3] 400,0.005096,0.065158,0.066402
[fold_3] 410,0.003213,0.065237,0.066877
[fold_3] 420,0.003095,0.065066,0.066243
[fold_3] 430,0.002826,0.065221,0.067061
[fold_3] 440,0.002606,0.065228,0.066833
[fold_3] 450,0.004512,0.064916,0.065829
[fold_3] 460,0.003023,0.065439,0.067100
[fold_3] 470,0.002217,0.064414,0.065934
[fold_3] 480,0.005710,0.064740,0.065671
[fold_3] 490,0.003059,0.064267,0.065967
[fold_3] 500,0.002392,0.064341,0.065308
[fold_3] 510,0.003922,0.064315,0.066128
[fold_3] 520,0.002743,0.065422,0.066009
[fold_3] 530,0.003765,0.065394,0.067876
[fold_3] 540,0.003436,0.064364,0.065333
[fold_3] 550,0.004037,0.064204,0.065012
[fold_3] 560,0.002344,0.063693,0.065170
[fold_3] 570,0.002759,0.063829,0.064815
[fold_3] 580,0.004104,0.063521,0.064823
[fold_3] 590,0.004523,0.063897,0.065870
[fold_3] 600,0.003813,0.063568,0.064597
[fold_3] 610,0.004819,0.063429,0.065108
[fold_3] 620,0.003405,0.063278,0.064654
[fold_3] 630,0.005960,0.063251,0.064842
[fold_3] 640,0.006751,0.063219,0.064847
[fold_3] 650,0.005940,0.063246,0.064571
[fold_3] 660,0.004177,0.063291,0.064460
[fold_3] 670,0.004750,0.063241,0.064911
[fold_3] 680,0.003786,0.063351,0.065266
[fold_3] 690,0.002262,0.063424,0.064377
[fold_3] 700,0.002453,0.063036,0.064369
[fold_3] 710,0.002809,0.063061,0.064425
[fold_3] 720,0.004184,0.063534,0.064461
[fold_3] 730,0.002067,0.062942,0.064395
[fold_3] 740,0.006038,0.062937,0.064524
[fold_3] 750,0.006690,0.062928,0.064536
[fold_3] 760,0.004717,0.062909,0.064505
[fold_3] 770,0.004379,0.062890,0.064425
[fold_3] 780,0.002617,0.062900,0.064542
[fold_3] 790,0.002550,0.062971,0.064764
[fold_3] 800,0.003169,0.062898,0.064571
[fold_2] 0,0.975596,1.000000,0.997663
[fold_2] 1,0.986588,0.998578,0.996271
[fold_2] 10,0.870882,0.934065,0.932341
[fold_2] 20,0.386956,0.543126,0.543127
[fold_2] 30,0.221776,0.373535,0.367317
[fold_2] 40,0.044354,0.204915,0.198990
[fold_2] 50,0.028854,0.158831,0.155971
[fold_2] 60,0.021320,0.144057,0.140046
[fold_2] 70,0.018071,0.128238,0.125592
[fold_2] 80,0.014835,0.117597,0.115733
[fold_2] 90,0.012262,0.109307,0.107555
[fold_2] 100,0.004763,0.108682,0.108821
[fold_2] 110,0.014063,0.099656,0.099251
[fold_2] 120,0.011725,0.096667,0.096024
[fold_2] 130,0.007960,0.090196,0.090126
[fold_2] 140,0.008292,0.088753,0.088700
[fold_2] 150,0.010264,0.084411,0.085310
[fold_2] 160,0.005608,0.079597,0.080654
[fold_2] 170,0.004454,0.078221,0.079854
[fold_2] 180,0.007651,0.081282,0.082168
[fold_2] 190,0.005797,0.077701,0.080381
[fold_2] 200,0.006465,0.074455,0.076283
[fold_2] 210,0.007342,0.071039,0.073446
[fold_2] 220,0.006760,0.069421,0.071351
[fold_2] 230,0.005457,0.067882,0.070218
[fold_2] 240,0.005433,0.070549,0.073335
[fold_2] 250,0.002459,0.077262,0.080536
[fold_2] 260,0.007469,0.067881,0.071266
[fold_2] 270,0.004539,0.066207,0.069473
[fold_2] 280,0.005517,0.064911,0.068097
[fold_2] 290,0.005341,0.068562,0.072169
[fold_2] 300,0.001993,0.065353,0.068775
[fold_2] 310,0.004202,0.064660,0.068364
[fold_2] 320,0.004657,0.063404,0.066284
[fold_2] 330,0.004480,0.063216,0.066522
[fold_2] 340,0.004394,0.063338,0.066707
[fold_2] 350,0.002154,0.064798,0.068213
[fold_2] 360,0.004727,0.064534,0.066889
[fold_2] 370,0.002703,0.064753,0.068417
[fold_2] 380,0.004482,0.063211,0.065751
[fold_2] 390,0.003524,0.062375,0.065367
[fold_2] 400,0.005270,0.062330,0.065164
[fold_2] 410,0.004450,0.061959,0.065193
[fold_2] 420,0.004599,0.062080,0.065529
[fold_2] 430,0.004872,0.061779,0.065026
[fold_2] 440,0.002529,0.062379,0.065154
[fold_2] 450,0.004705,0.061661,0.065051
[fold_2] 460,0.002567,0.061580,0.065016
[fold_2] 470,0.004450,0.061459,0.064547
[fold_2] 480,0.003801,0.062041,0.064781
[fold_2] 490,0.001924,0.062042,0.065498
[fold_2] 500,0.002252,0.061084,0.064276
[fold_2] 510,0.004505,0.061226,0.064207
[fold_2] 520,0.004883,0.060860,0.064011
[fold_2] 530,0.005592,0.061364,0.064939
[fold_2] 540,0.003306,0.061223,0.064153
[fold_2] 550,0.004521,0.061331,0.064557
[fold_2] 560,0.003229,0.060771,0.064216
[fold_2] 570,0.005042,0.060533,0.063997
[fold_2] 580,0.005629,0.060684,0.064436
[fold_2] 590,0.004173,0.060461,0.064103
[fold_2] 600,0.006477,0.060341,0.063790
[fold_2] 610,0.002487,0.060311,0.063635
[fold_2] 620,0.005010,0.060215,0.063567
[fold_2] 630,0.002584,0.060207,0.063489
[fold_2] 640,0.002328,0.060198,0.063750
[fold_2] 650,0.003193,0.060135,0.063718
[fold_2] 660,0.004362,0.060172,0.063451
[fold_2] 670,0.002673,0.060986,0.063910
[fold_2] 680,0.004277,0.059970,0.063626
[fold_2] 690,0.005552,0.061129,0.065206
[fold_2] 700,0.004240,0.059959,0.063282
[fold_2] 710,0.003642,0.059776,0.063216
[fold_2] 720,0.005495,0.059724,0.063259
[fold_2] 730,0.002665,0.059756,0.063113
[fold_2] 740,0.004387,0.059708,0.063071
[fold_2] 750,0.005007,0.059707,0.063124
[fold_2] 760,0.003987,0.059808,0.063029
[fold_2] 770,0.004174,0.059762,0.063518
[fold_2] 780,0.004651,0.059904,0.063111
[fold_2] 790,0.004387,0.059651,0.062951
[fold_2] 800,0.002964,0.059618,0.063346
[fold_2] 810,0.005217,0.059629,0.062889
[fold_2] 820,0.003418,0.059559,0.062848
[fold_2] 830,0.001959,0.059404,0.062922
[fold_2] 840,0.002156,0.060173,0.063192
[fold_2] 850,0.003973,0.059369,0.062898
[fold_2] 860,0.004106,0.059333,0.062963
[fold_2] 870,0.002647,0.059335,0.062908
[fold_2] 880,0.002774,0.059318,0.062769
[fold_2] 890,0.006697,0.059512,0.062784
[fold_2] 900,0.004285,0.059305,0.062735
[fold_2] 910,0.002090,0.059307,0.062709
[fold_2] 920,0.003724,0.059253,0.062724
[fold_2] 930,0.001877,0.059220,0.062733
[fold_2] 940,0.002559,0.059216,0.062849
[fold_2] 950,0.003359,0.059177,0.062817
[fold_2] 960,0.003798,0.059195,0.062847
[fold_2] 970,0.005314,0.059206,0.062657
[fold_2] 980,0.004887,0.059191,0.062641
[fold_2] 990,0.002703,0.059143,0.062668
[fold_2] 1000,0.004160,0.059155,0.062712
[fold_2] 1010,0.004545,0.059105,0.062657
[fold_2] 1020,0.003847,0.059094,0.062655
[fold_2] 1030,0.003952,0.059092,0.062710
[fold_2] 1040,0.003997,0.059081,0.062715
[fold_2] 1050,0.003700,0.059073,0.062719
[fold_2] 1060,0.005519,0.059065,0.062581
[fold_2] 1070,0.002527,0.059049,0.062574
[fold_2] 1080,0.006657,0.059037,0.062635
[fold_2] 1090,0.003604,0.059088,0.062523
[fold_2] 1100,0.004744,0.059527,0.062669
[fold_2] 1110,0.003258,0.059034,0.062525
[fold_2] 1120,0.001750,0.059023,0.062679
[fold_2] 1130,0.002159,0.058999,0.062636
[fold_2] 1140,0.002481,0.059087,0.062834
[fold_2] 1150,0.004925,0.058983,0.062621
[fold_2] 1160,0.002103,0.059011,0.062445
[fold_2] 1170,0.004508,0.058930,0.062456
[fold_2] 1180,0.003444,0.058924,0.062474
[fold_2] 1190,0.003749,0.058961,0.062428
[fold_2] 1200,0.003958,0.059005,0.062350
[fold_2] 1210,0.004260,0.058974,0.062337
[fold_2] 1220,0.004068,0.058880,0.062406
[fold_2] 1230,0.002637,0.058898,0.062523
[fold_2] 1240,0.004963,0.058859,0.062412
[fold_2] 1250,0.004239,0.058943,0.062319
[fold_2] 1260,0.004568,0.058980,0.062299
[fold_2] 1270,0.004248,0.058878,0.062280
[fold_2] 1280,0.003099,0.058870,0.062272
[fold_2] 1290,0.002997,0.058802,0.062320
[fold_2] 1300,0.002124,0.058870,0.062245
[fold_2] 1310,0.003472,0.059282,0.062409
[fold_2] 1320,0.002766,0.059030,0.062269
[fold_2] 1330,0.002214,0.058798,0.062468
[fold_2] 1340,0.003847,0.058941,0.062773
[fold_2] 1350,0.003580,0.058813,0.062573
[fold_2] 1360,0.003252,0.058716,0.062319
[fold_2] 1370,0.002533,0.058723,0.062314
[fold_2] 1380,0.006627,0.058696,0.062286
[fold_2] 1390,0.004882,0.058832,0.062254
[fold_2] 1400,0.004460,0.058705,0.062207
[fold_2] 1410,0.004864,0.058659,0.062205
[fold_2] 1420,0.004704,0.058682,0.062143
[fold_2] 1430,0.005092,0.058638,0.062239
[fold_2] 1440,0.004238,0.058628,0.062223
[fold_2] 1450,0.002224,0.058609,0.062191
[fold_2] 1460,0.004857,0.058660,0.062304
[fold_2] 1470,0.002792,0.058624,0.062097
[fold_2] 1480,0.003398,0.058612,0.062086
[fold_2] 1490,0.003882,0.058613,0.062300
[fold_2] 1500,0.002088,0.058556,0.062064
[fold_2] 1510,0.003084,0.058545,0.062057
[fold_2] 1520,0.003692,0.058772,0.062063
[fold_2] 1530,0.005170,0.058954,0.062137
[fold_2] 1540,0.004665,0.058622,0.061987
[fold_2] 1550,0.003964,0.058496,0.062024
[fold_2] 1560,0.003484,0.058509,0.062023
[fold_2] 1570,0.001950,0.058509,0.062139
[fold_2] 1580,0.003127,0.058463,0.062015
[fold_2] 1590,0.001982,0.058470,0.061944
[fold_2] 1600,0.005320,0.058475,0.061976
[fold_4] 0,1.050589,1.000000,0.990148
[fold_4] 1,1.070256,0.998581,0.988740
[fold_4] 10,0.846169,0.933713,0.924240
[fold_4] 20,0.377427,0.538155,0.532615
[fold_4] 30,0.280346,0.426841,0.428409
[fold_4] 40,0.058052,0.212539,0.213831
[fold_4] 50,0.025223,0.174527,0.173933
[fold_4] 60,0.016414,0.145096,0.146279
[fold_4] 70,0.019692,0.133925,0.135566
[fold_4] 80,0.013436,0.124427,0.125694
[fold_4] 90,0.014261,0.118871,0.119529
[fold_4] 100,0.020607,0.112463,0.112660
[fold_4] 110,0.019827,0.113722,0.113872
[fold_4] 120,0.014280,0.101466,0.101654
[fold_4] 130,0.020037,0.110316,0.110664
[fold_4] 140,0.005116,0.097102,0.096665
[fold_4] 150,0.005304,0.091783,0.091195
[fold_4] 160,0.008552,0.088739,0.088171
[fold_4] 170,0.006722,0.085561,0.085084
[fold_4] 180,0.012567,0.083638,0.083026
[fold_4] 190,0.006930,0.091612,0.089813
[fold_4] 200,0.006580,0.078949,0.077885
[fold_4] 210,0.004700,0.080165,0.079434
[fold_4] 220,0.005344,0.079639,0.077653
[fold_4] 230,0.004870,0.073730,0.072280
[fold_4] 240,0.005125,0.070688,0.069878
[fold_4] 250,0.007962,0.080132,0.078546
[fold_4] 260,0.004308,0.069210,0.068927
[fold_4] 270,0.004212,0.068467,0.067660
[fold_4] 280,0.006238,0.068587,0.067795
[fold_4] 290,0.005319,0.066762,0.066491
[fold_4] 300,0.002786,0.066669,0.066742
[fold_4] 310,0.003127,0.067138,0.067135
[fold_4] 320,0.006575,0.075325,0.074127
[fold_4] 330,0.004730,0.067719,0.067132
[fold_4] 340,0.002566,0.063965,0.063493
[fold_4] 350,0.006928,0.064291,0.063819
[fold_4] 360,0.005069,0.063162,0.063163
[fold_4] 370,0.005351,0.062010,0.061693
[fold_4] 380,0.005098,0.061724,0.061756
[fold_4] 390,0.005401,0.061777,0.061587
[fold_4] 400,0.003618,0.061840,0.061922
[fold_4] 410,0.005146,0.061645,0.061214
[fold_4] 420,0.005294,0.061372,0.061111
[fold_4] 430,0.002832,0.061158,0.061085
[fold_4] 440,0.005576,0.060634,0.060552
[fold_4] 450,0.005518,0.060387,0.060269
[fold_4] 460,0.003944,0.064975,0.065074
[fold_4] 470,0.005318,0.065320,0.064612
[fold_4] 480,0.004055,0.059033,0.059357
[fold_4] 490,0.002356,0.059747,0.060206
[fold_4] 500,0.003737,0.060126,0.059988
[fold_4] 510,0.002198,0.058125,0.058433
[fold_4] 520,0.005282,0.058238,0.058865
[fold_4] 530,0.004059,0.059345,0.059528
[fold_4] 540,0.002037,0.058806,0.059758
[fold_4] 550,0.004301,0.057065,0.057555
[fold_4] 560,0.002432,0.057475,0.057920
[fold_4] 570,0.003691,0.057960,0.058415
[fold_4] 580,0.004616,0.060554,0.060388
[fold_4] 590,0.003291,0.059270,0.059849
[fold_4] 600,0.004668,0.056515,0.057023
[fold_4] 610,0.002551,0.056546,0.057159
[fold_4] 620,0.003152,0.056792,0.057579
[fold_4] 630,0.002161,0.056744,0.057293
[fold_4] 640,0.003697,0.056259,0.056894
[fold_4] 650,0.002646,0.056568,0.057232
[fold_4] 660,0.001930,0.056213,0.056632
[fold_4] 670,0.003963,0.056099,0.056702
[fold_4] 680,0.001907,0.055996,0.056525
[fold_4] 690,0.003953,0.056214,0.056813
[fold_4] 700,0.002555,0.055945,0.056471
[fold_4] 710,0.002367,0.056435,0.056996
[fold_4] 720,0.002446,0.056081,0.056483
[fold_4] 730,0.004940,0.056154,0.056730
[fold_4] 740,0.004107,0.055919,0.056486
[fold_4] 750,0.003699,0.055815,0.056361
[fold_4] 760,0.004143,0.055907,0.056443
[fold_4] 770,0.002082,0.056390,0.057066
[fold_4] 780,0.001597,0.055809,0.056306
[fold_4] 790,0.001620,0.055744,0.056311
[fold_4] 800,0.001682,0.055688,0.056205
[fold_4] 810,0.001837,0.055883,0.056433
[fold_4] 820,0.002089,0.055864,0.056474
[fold_4] 830,0.001821,0.055803,0.056245
[fold_4] 840,0.003407,0.055658,0.056173
[fold_4] 850,0.002114,0.055656,0.056146
[fold_4] 860,0.004846,0.055684,0.056246
[fold_4] 870,0.002043,0.055787,0.056314
[fold_4] 880,0.001841,0.055692,0.056224
[fold_4] 890,0.002242,0.055634,0.056199
[fold_4] 900,0.003295,0.055600,0.056139
[fold_4] 910,0.001958,0.055744,0.056145
[fold_4] 920,0.001738,0.055633,0.056095
[fold_4] 930,0.001612,0.055580,0.056168
[fold_4] 940,0.003474,0.055722,0.056337
[fold_4] 950,0.003355,0.055575,0.056085
[fold_4] 960,0.002040,0.055579,0.056064
[fold_4] 970,0.001813,0.055539,0.056105
[fold_4] 980,0.001764,0.055553,0.056140
[fold_4] 990,0.002540,0.055745,0.056380
[fold_4] 1000,0.001912,0.055665,0.056247
[fold_4] 1010,0.002115,0.055554,0.056095
[fold_4] 1020,0.002223,0.055526,0.056049
[fold_4] 1030,0.003118,0.055504,0.056039
[fold_4] 1040,0.004197,0.055482,0.055996
[fold_4] 1050,0.004206,0.055583,0.056027
[fold_4] 1060,0.002817,0.055568,0.056042
[fold_4] 1070,0.003923,0.055460,0.056028
[fold_4] 1080,0.001911,0.055523,0.056017
[fold_4] 1090,0.002316,0.055487,0.056005
[fold_4] 1100,0.001847,0.055456,0.056073
[fold_4] 1110,0.003819,0.055626,0.056290
[fold_4] 1120,0.001966,0.055609,0.056223
[fold_4] 1130,0.003014,0.055799,0.056434
[fold_4] 1140,0.005195,0.055578,0.056137

Cross-validation summary
Mean train RMSE norm      : 0.059978
Mean validation RMSE norm : 0.061846
Median best epoch         : 700
Best-so-far checkpoint    : kept previous
Training-curve plot       : plots/cross_validation_curves.png
