[fold_1] 0,1.195188,1.094168,1.099788
[fold_1] 1,1.181894,1.092429,1.098070
[fold_1] 10,1.139925,1.077030,1.082859
[fold_1] 20,1.161586,1.060348,1.066400
[fold_1] 30,1.153256,1.043788,1.050064
[fold_1] 40,1.009413,1.027126,1.033633
[fold_1] 50,1.048926,1.010088,1.016820
[fold_1] 60,0.980578,0.992132,0.999038
[fold_1] 70,0.954182,0.972717,0.979716
[fold_1] 80,0.917769,0.950838,0.957822
[fold_1] 90,0.823874,0.924918,0.931871
[fold_1] 100,0.854640,0.892199,0.899078
[fold_1] 110,0.730168,0.847600,0.854379
[fold_1] 120,0.642730,0.790085,0.797057
[fold_1] 130,0.581103,0.736088,0.743025
[fold_1] 140,0.556429,0.743071,0.749305
[fold_1] 150,0.481855,0.704754,0.713778
[fold_1] 160,0.400092,0.607550,0.618414
[fold_1] 170,0.266150,0.550883,0.562254
[fold_1] 180,0.251370,0.496559,0.507941
[fold_1] 190,0.202054,0.454251,0.463738
[fold_1] 200,0.203303,0.426942,0.433444
[fold_1] 210,0.157425,0.401585,0.397705
[fold_1] 220,0.140949,0.358333,0.358454
[fold_1] 230,0.108285,0.329675,0.326141
[fold_1] 240,0.107317,2.324278,2.174058
[fold_1] 250,6.290527,3.349839,4.774966
[fold_1] 260,0.079667,3.383593,4.727679
[fold_1] 270,0.099946,3.365672,4.734489
[fold_1] 280,0.076734,3.367151,2.234818
[fold_1] 290,0.081860,3.362786,4.754990
[fold_1] 300,0.084894,3.391141,4.797668
[fold_1] 310,0.074497,3.403751,4.817219
[fold_1] 320,0.081815,3.385194,4.789567
[fold_1] 330,0.072906,3.380121,4.773026
[fold_3] 0,1.171838,1.093829,1.102976
[fold_3] 1,1.169666,1.092095,1.101229
[fold_3] 10,1.078465,1.076705,1.085736
[fold_3] 20,1.073554,1.060049,1.068961
[fold_3] 30,1.045449,1.043611,1.052386
[fold_3] 40,1.114378,1.027093,1.035720
[fold_3] 50,1.054118,1.010084,1.018561
[fold_3] 60,0.972242,0.992203,1.000478
[fold_3] 70,0.960685,0.972815,0.980842
[fold_3] 80,0.926686,0.950992,0.958677
[fold_3] 90,0.921204,0.925278,0.932497
[fold_3] 100,0.792055,0.892803,0.899386
[fold_3] 110,0.719282,0.848419,0.854183
[fold_3] 120,0.669047,0.789765,0.794535
[fold_3] 130,0.536802,0.734834,0.741554
[fold_3] 140,0.491787,0.701160,0.703249
[fold_3] 150,0.493982,0.669309,0.672650
[fold_3] 160,0.351166,0.608545,0.612037
[fold_3] 170,0.281590,0.536637,0.558387
[fold_3] 180,0.251712,0.500956,0.505780
[fold_3] 190,0.187593,0.449838,0.470112
[fold_3] 200,0.178372,0.424834,0.440317
[fold_3] 210,0.163172,0.394232,0.408514
[fold_3] 220,0.143006,0.363669,0.374147
[fold_3] 230,0.121225,0.348013,0.360709
[fold_3] 240,0.095270,0.315126,0.320939
[fold_3] 250,0.079250,4.023279,1.650643
[fold_3] 260,19.488525,4.085260,1.699854
[fold_3] 270,0.090828,4.064561,1.680095
[fold_3] 280,0.088423,2.609897,0.310869
[fold_3] 290,0.076890,0.281467,0.299532
[fold_3] 300,0.089068,0.286364,0.291548
[fold_3] 310,0.079680,0.328302,0.304322
[fold_3] 320,0.060291,0.339996,0.292025
[fold_3] 330,0.071753,0.270462,0.277508
[fold_3] 340,0.075679,0.266501,0.273142
[fold_3] 350,0.067298,0.263262,0.270098
[fold_3] 360,0.068025,0.291178,0.270634
[fold_3] 370,0.090846,0.269102,0.267714
[fold_3] 380,0.069748,0.265303,0.263346
[fold_3] 390,0.118538,0.298684,0.266912
[fold_3] 400,0.062991,2.639247,0.284173
[fold_3] 410,9.695830,2.643662,0.355029
[fold_3] 420,0.057778,2.643942,0.288043
[fold_3] 430,0.058360,2.649030,0.297122
[fold_3] 440,0.062537,2.644528,0.331054
[fold_3] 450,0.056965,2.656205,0.356338
[fold_3] 460,7.388624,2.660799,0.360017
[fold_3] 470,0.063045,2.657803,0.365947
[fold_3] 480,0.065274,2.651550,0.353908
[fold_5] 0,1.273975,1.094304,1.089509
[fold_5] 1,1.065131,1.092565,1.087787
[fold_5] 10,1.127558,1.077242,1.072595
[fold_5] 20,1.177019,1.060562,1.055998
[fold_5] 30,1.080114,1.044059,1.039518
[fold_5] 40,1.033142,1.027444,1.022889
[fold_5] 50,1.052550,1.010413,1.005831
[fold_5] 60,0.928201,0.992468,0.987864
[fold_5] 70,0.993342,0.973042,0.968442
[fold_5] 80,0.972296,0.951220,0.946650
[fold_5] 90,0.892448,0.925432,0.920911
[fold_5] 100,0.816557,0.892862,0.888590
[fold_5] 110,0.861104,0.848378,0.844587
[fold_5] 120,0.612647,0.791162,0.786568
[fold_5] 130,0.568617,0.744774,0.736764
[fold_5] 140,0.411011,0.688521,0.681897
[fold_5] 150,0.390602,0.639420,0.634114
[fold_5] 160,0.300948,0.588955,0.584135
[fold_5] 170,0.284662,0.537661,0.525967
[fold_5] 180,0.256226,0.490584,0.476017
[fold_5] 190,0.212212,0.448648,0.442995
[fold_5] 200,0.180755,0.417218,0.411949
[fold_5] 210,0.142341,0.383746,0.382674
[fold_5] 220,0.124628,0.364103,0.354241
[fold_5] 230,0.101301,0.319350,0.318044
[fold_5] 240,0.095019,2.565661,0.285473
[fold_5] 250,0.071514,4.160328,2.489445
[fold_5] 260,0.068256,4.188196,2.550006
[fold_5] 270,9.316784,4.172306,2.519591
[fold_5] 280,6.627536,4.188019,0.324738
[fold_5] 290,0.091441,2.379540,0.278065
[fold_5] 300,0.085121,0.286061,0.285677
[fold_5] 310,0.079184,0.274338,0.273158
[fold_5] 320,0.072735,0.275796,0.270306
[fold_5] 330,0.062522,0.264467,0.266917
[fold_5] 340,0.080377,0.257791,0.264334
[fold_5] 350,0.051348,0.266165,0.259395
[fold_5] 360,0.058930,0.262045,0.255204
[fold_5] 370,0.104824,2.596159,0.249654
[fold_5] 380,0.074336,2.579235,0.255861
[fold_5] 390,0.061993,0.249142,0.255923
[fold_5] 400,0.064777,0.242542,0.255024
[fold_5] 410,0.057640,0.240275,0.252755
[fold_5] 420,0.057618,0.238992,0.254453
[fold_5] 430,0.064950,0.241427,0.249042
[fold_5] 440,0.060436,0.241506,0.247944
[fold_5] 450,0.056355,0.236325,0.246472
[fold_5] 460,0.046129,0.234539,0.245865
[fold_5] 470,0.051744,0.235192,0.245884
[fold_5] 480,0.059939,0.232455,0.243391
[fold_5] 490,0.059808,0.232785,0.241732
[fold_5] 500,0.048738,0.232983,0.239341
[fold_5] 510,0.054614,0.232141,0.238352
[fold_5] 520,0.085994,0.238101,0.236855
[fold_5] 530,0.052591,0.229531,0.235890
[fold_5] 540,0.056512,0.227032,0.235648
[fold_5] 550,0.050925,0.228604,0.234273
[fold_5] 560,0.069164,0.236438,0.232296
[fold_5] 570,0.046830,0.236174,0.231622
[fold_5] 580,0.058852,0.227229,0.230757
[fold_5] 590,0.056120,0.226276,0.230384
[fold_5] 600,0.046647,0.230015,0.228474
[fold_5] 610,0.093411,0.229135,0.227589
[fold_5] 620,0.052377,0.224712,0.226501
[fold_5] 630,0.052648,0.220888,0.225976
[fold_5] 640,0.048339,0.221489,0.225022
[fold_5] 650,0.046995,0.219976,0.224741
[fold_5] 660,0.044492,0.217836,0.224404
[fold_5] 670,0.045942,0.216377,0.223904
[fold_5] 680,0.040784,0.215283,0.222417
[fold_5] 690,0.044068,0.215150,0.221209
[fold_5] 700,0.040631,0.215800,0.220392
[fold_5] 710,0.067212,0.214553,0.219380
[fold_5] 720,0.046468,0.211736,0.219212
[fold_5] 730,0.049245,0.210965,0.218066
[fold_5] 740,0.038253,0.210861,0.218099
[fold_5] 750,0.050254,0.212710,0.214546
[fold_5] 760,0.042112,0.211958,0.214492
[fold_5] 770,0.038444,0.208709,0.215109
[fold_5] 780,0.040306,0.208598,0.212984
[fold_5] 790,0.045150,0.208041,0.214895
[fold_5] 800,0.037455,0.206898,0.209516
[fold_5] 810,0.046917,0.205658,0.213406
[fold_5] 820,0.037897,0.206383,0.206896
[fold_5] 830,0.063743,0.208636,0.205414
[fold_5] 840,0.044650,0.206285,0.204862
[fold_5] 850,0.044710,0.206000,0.203735
[fold_5] 860,0.042516,0.209294,0.202381
[fold_5] 870,0.038154,0.214847,0.201060
[fold_5] 880,0.035702,0.209567,0.200174
[fold_5] 890,0.036597,0.207767,0.201398
[fold_5] 900,0.042463,0.198784,0.201769
[fold_5] 910,0.042728,0.196216,0.199100
[fold_5] 920,0.033569,0.197168,0.197415
[fold_5] 930,0.039985,0.199055,0.196399
[fold_5] 940,0.048115,0.202718,0.195387
[fold_5] 950,0.042267,0.197545,0.194767
[fold_5] 960,0.042883,0.192947,0.194661
[fold_5] 970,0.032450,0.192350,0.193789
[fold_5] 980,0.034673,0.193486,0.192406
[fold_5] 990,0.043085,0.191143,0.191397
[fold_5] 1000,0.039864,0.189365,0.190799
[fold_5] 1010,0.038921,0.188895,0.190725
[fold_4] 0,1.188716,1.093706,1.086865
[fold_4] 1,1.195286,1.091972,1.085116
[fold_4] 10,1.166258,1.076616,1.069609
[fold_4] 20,1.122726,1.059985,1.052865
[fold_4] 30,0.898714,1.043435,1.036296
[fold_4] 40,1.066520,1.026859,1.019783
[fold_4] 50,1.042986,1.009773,1.002776
[fold_4] 60,0.891213,0.991801,0.984847
[fold_4] 70,0.825246,0.972375,0.965372
[fold_4] 80,0.918830,0.950656,0.943444
[fold_4] 90,0.854326,0.925174,0.917601
[fold_4] 100,0.781204,0.892992,0.884962
[fold_4] 110,0.733053,0.848940,0.840441
[fold_4] 120,0.650470,0.791133,0.782215
[fold_4] 130,0.594554,0.743447,0.735340
[fold_4] 140,0.514385,0.691532,0.682629
[fold_4] 150,0.464846,0.647845,0.639174
[fold_4] 160,0.342900,0.586286,0.578893
[fold_4] 170,0.301125,0.533772,0.526938
[fold_4] 180,0.235747,0.486078,0.481122
[fold_4] 190,0.197834,0.446479,0.440231
[fold_4] 200,0.171733,0.429681,0.425929
[fold_4] 210,0.152765,0.388575,0.382698
[fold_4] 220,0.133883,0.361261,0.353542
[fold_4] 230,0.120154,0.334521,0.330279
[fold_4] 240,0.086387,0.316623,0.308598
[fold_4] 250,0.086771,3.436063,4.472814
[fold_4] 260,18.698244,3.685791,4.495692
[fold_4] 270,6.487094,3.486473,4.493161
[fold_4] 280,18.163502,3.493023,4.511907
[fold_4] 290,0.091712,3.483045,4.511146
[fold_4] 300,0.060967,3.457424,4.483744
[fold_4] 310,0.091181,2.748620,4.469883
[fold_4] 320,0.075817,2.618374,0.346108
[fold_4] 330,0.070458,1.097118,0.277151
[fold_4] 340,0.077063,0.301539,0.268189
[fold_4] 350,0.085528,0.308758,0.267540
[fold_4] 360,0.075360,0.271081,0.259287
[fold_4] 370,0.073086,0.264759,0.257788
[fold_4] 380,0.076624,0.265293,0.259657
[fold_4] 390,0.079598,0.263798,0.258689
[fold_4] 400,0.067843,0.261945,0.255847
[fold_4] 410,0.073325,0.260535,0.256720
[fold_4] 420,0.073857,0.262149,0.258037
[fold_4] 430,0.070263,0.260760,0.258095
[fold_4] 440,0.073825,0.263298,0.256840
[fold_4] 450,0.069002,0.263840,0.255637
[fold_4] 460,0.055115,0.262912,0.253375
[fold_4] 470,0.069399,0.261277,0.251033
[fold_4] 480,0.062659,0.256696,0.250807
[fold_4] 490,0.069078,0.257099,0.248895
[fold_4] 500,0.067758,0.255961,0.247973
[fold_4] 510,0.066937,0.254116,0.247528
[fold_4] 520,0.060252,0.249860,0.247263
[fold_4] 530,0.072041,0.248664,0.246488
[fold_4] 540,0.064638,0.247778,0.245857
[fold_4] 550,0.060012,0.247102,0.245341
[fold_4] 560,0.055421,0.245789,0.244788
[fold_4] 570,0.056198,0.244403,0.243934
[fold_4] 580,0.065060,0.243409,0.243201
[fold_4] 590,0.064483,0.243137,0.242982
[fold_4] 600,0.054629,0.242187,0.242779
[fold_4] 610,0.062927,0.241562,0.240939
[fold_4] 620,0.061766,0.240960,0.240318
[fold_4] 630,0.083766,0.242561,0.242547
[fold_4] 640,0.058420,0.244088,0.242452
[fold_4] 650,0.050973,0.243250,0.241686
[fold_4] 660,0.052287,0.241359,0.240578
[fold_4] 670,0.059812,0.240815,0.239819
[fold_4] 680,0.051927,0.240471,0.239245
[fold_4] 690,0.058323,0.240056,0.238927
[fold_4] 700,0.057711,0.241469,0.239865
[fold_4] 710,0.050662,0.242588,0.240205
[fold_4] 720,0.071493,0.244349,0.240011
[fold_4] 730,0.077650,0.245651,0.240572
[fold_4] 740,0.057858,0.246862,0.241039
[fold_4] 750,0.060101,0.246549,0.240702
[fold_4] 760,0.048831,0.247660,0.240859
[fold_4] 770,0.060470,0.247902,0.240806
[fold_4] 780,0.071043,0.248092,0.240783
[fold_4] 790,0.047572,0.247582,0.240698
[fold_2] 0,1.208533,1.094224,1.091092
[fold_2] 1,1.193402,1.092491,1.089347
[fold_2] 10,1.199221,1.077121,1.073929
[fold_2] 20,1.090140,1.060398,1.057147
[fold_2] 30,1.070191,1.043876,1.040532
[fold_2] 40,1.194393,1.027295,1.023806
[fold_2] 50,0.995675,1.010266,1.006642
[fold_2] 60,0.962904,0.992371,0.988729
[fold_2] 70,0.920778,0.972927,0.969484
[fold_2] 80,0.863528,0.950990,0.948054
[fold_2] 90,0.836815,0.924939,0.922800
[fold_2] 100,0.852034,0.892003,0.890895
[fold_2] 110,0.741415,0.846612,0.846500
[fold_2] 120,0.643529,0.788418,0.789311
[fold_2] 130,0.600616,0.740791,0.742091
[fold_2] 140,0.528745,0.726527,0.731150
[fold_2] 150,0.401071,0.643945,0.644995
[fold_2] 160,0.375430,0.598760,0.602535
[fold_2] 170,0.309616,0.538968,0.539307
[fold_2] 180,0.249891,0.506912,0.509521
[fold_2] 190,0.197893,0.453685,0.457958
[fold_2] 200,0.175912,0.419821,0.424422
[fold_2] 210,0.153331,0.385899,0.394511
[fold_2] 220,0.129746,0.351254,0.359304
[fold_2] 230,0.118743,0.330839,0.342055
[fold_2] 240,0.105140,0.323178,0.335250
[fold_2] 250,0.104611,3.363107,4.709840
[fold_2] 260,0.098069,1.107620,4.638402
[fold_2] 270,0.076953,0.276771,0.287827
[fold_2] 280,0.081905,0.268685,0.279374
[fold_2] 290,0.563444,1.147217,4.742715
[fold_2] 300,0.066746,0.272276,0.317084
[fold_2] 310,0.078291,0.252647,0.259942
[fold_2] 320,0.057751,0.242211,0.252087
[fold_2] 330,0.052081,0.236732,0.244824
[fold_2] 340,0.059033,0.234753,0.252183
[fold_2] 350,0.053395,0.227208,0.238635
[fold_2] 360,0.057852,0.222921,0.233413
[fold_2] 370,0.046514,0.220893,0.231056
[fold_2] 380,0.044500,0.215845,0.225173
[fold_2] 390,0.070378,0.217620,0.239355
[fold_2] 400,0.056408,0.221038,0.252942
[fold_2] 410,0.044490,0.206260,0.216119
[fold_2] 420,0.038646,0.201619,0.210430
[fold_2] 430,0.037849,0.199256,0.209132
[fold_2] 440,0.045165,0.198087,0.207816
[fold_2] 450,0.037664,0.193376,0.204821
[fold_2] 460,0.035508,0.189362,0.199265
[fold_2] 470,0.033489,0.185768,0.195223
[fold_2] 480,0.038474,0.182917,0.191925
[fold_2] 490,0.029053,0.180777,0.188704
[fold_2] 500,0.029635,0.177748,0.185614
[fold_2] 510,0.031807,0.174560,0.182142
[fold_2] 520,0.029515,0.172450,0.180649
[fold_2] 530,0.041857,0.169873,0.177001
[fold_2] 540,0.025180,0.168879,0.177483
[fold_2] 550,0.029249,0.169510,0.182388
[fold_2] 560,0.034171,0.167147,0.179797
[fold_2] 570,0.028758,0.162125,0.167652
[fold_2] 580,0.026282,0.160170,0.166741
[fold_2] 590,0.030024,0.158299,0.164599
[fold_2] 600,0.026505,0.155845,0.159802
[fold_2] 610,0.020608,0.154506,0.160545
[fold_2] 620,0.025115,0.152920,0.158707
[fold_2] 630,0.021633,0.152477,0.159058
[fold_2] 640,0.023602,0.150254,0.154036
[fold_2] 650,0.022265,0.148654,0.151807
[fold_2] 660,0.021330,0.147380,0.150916
[fold_2] 670,0.020855,0.145904,0.149618
[fold_2] 680,0.027899,0.144837,0.148141
[fold_2] 690,0.019054,0.143309,0.145802
[fold_2] 700,0.021758,0.141961,0.144471
[fold_2] 710,0.014355,0.140772,0.143010
[fold_2] 720,0.020848,0.140689,0.144801
[fold_2] 730,0.018962,0.138446,0.141385
[fold_2] 740,0.020002,0.137043,0.138768
[fold_2] 750,0.022376,0.135951,0.138185
[fold_2] 760,0.017326,0.134629,0.136335
[fold_2] 770,0.017426,0.133402,0.134921
[fold_2] 780,0.016715,0.132205,0.133820
[fold_2] 790,0.016158,0.131223,0.132950
[fold_2] 800,0.020898,0.129725,0.130774
[fold_2] 810,0.013722,0.128805,0.129593
[fold_2] 820,0.015203,0.127246,0.128313
[fold_2] 830,0.016871,0.126208,0.127472
[fold_2] 840,0.015935,0.125705,0.127379
[fold_2] 850,0.014656,0.123421,0.123734
[fold_2] 860,0.014427,0.122532,0.122745
[fold_2] 870,0.013784,0.121177,0.121376
[fold_2] 880,0.014898,0.119501,0.119774
[fold_2] 890,0.013982,0.118184,0.118452
[fold_2] 900,0.012510,0.117203,0.117412
[fold_2] 910,0.015305,0.115404,0.115239
[fold_2] 920,0.013594,0.114109,0.113991
[fold_2] 930,0.014263,0.113021,0.113036
[fold_2] 940,0.013388,0.111763,0.111603
[fold_2] 950,0.011527,0.110768,0.110258
[fold_2] 960,0.012121,0.109477,0.109098
[fold_2] 970,0.011007,0.108234,0.107927
[fold_2] 980,0.013556,0.106810,0.106252

Cross-validation summary
Mean train RMSE norm      : 0.226148
Mean validation RMSE norm : 0.225078
Median best epoch         : 690
Best-so-far checkpoint    : kept previous
Training-curve plot       : plots/cross_validation_curves.png
