[fold_4] 0,1.449870,1.199091,1.190981
[fold_4] 1,1.422037,1.184938,1.176760
[fold_4] 10,1.209059,1.072742,1.063962
[fold_4] 20,0.856417,0.976802,0.967503
[fold_4] 30,0.866902,0.940972,0.931473
[fold_4] 40,0.812874,0.903001,0.892985
[fold_4] 50,0.732880,0.852748,0.842128
[fold_4] 60,0.577747,0.699631,0.688002
[fold_4] 70,0.358548,0.538692,0.540346
[fold_4] 80,0.159119,0.363592,0.361507
[fold_4] 90,0.079904,0.302423,0.297786
[fold_4] 100,0.065044,0.238455,0.238505
[fold_4] 110,0.045394,0.202631,0.202077
[fold_4] 120,0.023878,0.171522,0.171293
[fold_4] 130,0.022920,0.148507,0.147857
[fold_4] 140,0.014972,0.127825,0.125301
[fold_4] 150,0.009116,0.114821,0.112862
[fold_4] 160,0.013420,0.118922,0.114821
[fold_4] 170,0.014611,0.111157,0.106438
[fold_4] 180,0.014276,0.097378,0.094154
[fold_4] 190,0.006469,0.091980,0.089706
[fold_4] 200,0.006443,0.088017,0.086314
[fold_4] 210,0.013594,0.089649,0.085678
[fold_4] 220,0.007729,0.082532,0.079843
[fold_4] 230,0.005429,0.079477,0.078052
[fold_4] 240,0.007785,0.087942,0.087253
[fold_4] 250,0.008450,0.075648,0.074512
[fold_4] 260,0.010365,0.077463,0.074055
[fold_4] 270,0.009112,0.082356,0.079593
[fold_4] 280,0.005048,0.106125,0.104123
[fold_4] 290,0.003658,0.088517,0.087341
[fold_4] 300,0.003096,0.068774,0.065303
[fold_4] 310,0.004980,0.064331,0.062073
[fold_4] 320,0.009572,0.071004,0.069267
[fold_4] 330,0.003335,0.062750,0.060060
[fold_4] 340,0.004075,0.062776,0.061041
[fold_4] 350,0.002409,0.060909,0.058540
[fold_4] 360,0.002533,0.059761,0.057461
[fold_4] 370,0.008037,0.066252,0.062187
[fold_4] 380,0.003043,0.064094,0.061897
[fold_4] 390,0.002058,0.057701,0.055433
[fold_4] 400,0.001987,0.057373,0.054889
[fold_4] 410,0.005434,0.059416,0.057388
[fold_4] 420,0.002313,0.056196,0.053044
[fold_4] 430,0.006346,0.057861,0.054174
[fold_4] 440,0.001859,0.059189,0.057450
[fold_4] 450,0.003066,0.055221,0.052369
[fold_4] 460,0.002632,0.053233,0.051613
[fold_4] 470,0.002537,0.052798,0.050939
[fold_4] 480,0.003947,0.052556,0.050280
[fold_4] 490,0.002327,0.055853,0.053720
[fold_4] 500,0.004003,0.053638,0.050512
[fold_4] 510,0.002089,0.050182,0.047952
[fold_4] 520,0.002134,0.049571,0.047654
[fold_4] 530,0.001678,0.049971,0.048026
[fold_4] 540,0.001834,0.049565,0.047370
[fold_4] 550,0.002549,0.048975,0.045833
[fold_4] 560,0.001191,0.059450,0.057714
[fold_4] 570,0.001699,0.053115,0.049507
[fold_4] 580,0.002873,0.048350,0.045736
[fold_4] 590,0.001177,0.054247,0.051999
[fold_4] 600,0.002421,0.046529,0.043327
[fold_4] 610,0.001164,0.044763,0.042230
[fold_4] 620,0.002025,0.044416,0.042203
[fold_4] 630,0.001143,0.044438,0.041203
[fold_4] 640,0.002084,0.045211,0.040963
[fold_4] 650,0.002648,0.043722,0.040184
[fold_4] 660,0.001660,0.044297,0.041453
[fold_4] 670,0.001479,0.048491,0.047265
[fold_4] 680,0.001409,0.043752,0.042354
[fold_4] 690,0.001235,0.042950,0.041440
[fold_4] 700,0.003995,0.040984,0.038984
[fold_4] 710,0.001665,0.041894,0.039455
[fold_4] 720,0.001345,0.040986,0.038754
[fold_4] 730,0.000973,0.040969,0.038765
[fold_4] 740,0.001635,0.041601,0.039307
[fold_4] 750,0.002058,0.040468,0.037817
[fold_4] 760,0.002023,0.040989,0.038718
[fold_4] 770,0.001923,0.041518,0.038624
[fold_4] 780,0.001277,0.039189,0.036814
[fold_4] 790,0.001728,0.039061,0.036690
[fold_4] 800,0.000952,0.040820,0.038695
[fold_4] 810,0.001911,0.042900,0.039589
[fold_4] 820,0.001520,0.040496,0.037207
[fold_4] 830,0.001813,0.039210,0.036196
[fold_4] 840,0.001717,0.039181,0.036092
[fold_4] 850,0.001225,0.038843,0.035870
[fold_4] 860,0.002570,0.040164,0.038102
[fold_4] 870,0.000806,0.038283,0.035788
[fold_4] 880,0.001212,0.041374,0.039099
[fold_4] 890,0.002008,0.039056,0.035720
[fold_4] 900,0.001474,0.038574,0.035290
[fold_4] 910,0.001489,0.037751,0.035033
[fold_4] 920,0.001018,0.037763,0.035142
[fold_4] 930,0.001226,0.037789,0.035337
[fold_4] 940,0.001122,0.037749,0.035238
[fold_4] 950,0.002195,0.037684,0.034675
[fold_4] 960,0.001721,0.037865,0.035456
[fold_4] 970,0.000896,0.037039,0.034304
[fold_4] 980,0.000956,0.037043,0.034493
[fold_4] 990,0.001425,0.037117,0.034285
[fold_4] 1000,0.001688,0.037853,0.035540
[fold_4] 1010,0.002399,0.037095,0.034234
[fold_4] 1020,0.000881,0.037463,0.035101
[fold_4] 1030,0.000960,0.036885,0.034077
[fold_4] 1040,0.001232,0.036593,0.033988
[fold_4] 1050,0.001704,0.037459,0.035171
[fold_4] 1060,0.000997,0.036588,0.034105
[fold_4] 1070,0.000952,0.037618,0.034816
[fold_4] 1080,0.000710,0.037474,0.035218
[fold_4] 1090,0.001134,0.037275,0.034458
[fold_4] 1100,0.002339,0.036784,0.034418
[fold_4] 1110,0.002009,0.036378,0.033875
[fold_4] 1120,0.000855,0.036345,0.033774
[fold_4] 1130,0.000803,0.036552,0.034126
[fold_4] 1140,0.001977,0.036337,0.033762
[fold_4] 1150,0.000977,0.036359,0.033686
[fold_4] 1160,0.000601,0.036475,0.033988
[fold_4] 1170,0.001351,0.036342,0.033647
[fold_4] 1180,0.001237,0.036332,0.033631
[fold_4] 1190,0.001108,0.036388,0.033895
[fold_4] 1200,0.002337,0.036417,0.033703
[fold_4] 1210,0.002135,0.036244,0.033636
[fold_4] 1220,0.007132,0.036229,0.033589
[fold_4] 1230,0.000868,0.036241,0.033541
[fold_4] 1240,0.001650,0.036216,0.033542
[fold_4] 1250,0.001057,0.036282,0.033682
[fold_4] 1260,0.000890,0.036578,0.034081
[fold_4] 1270,0.002677,0.036202,0.033534
[fold_4] 1280,0.001275,0.036213,0.033482
[fold_4] 1290,0.001943,0.036210,0.033460
[fold_4] 1300,0.000991,0.036281,0.033480
[fold_4] 1310,0.000814,0.036180,0.033447
[fold_4] 1320,0.000921,0.036847,0.034455
[fold_4] 1330,0.000654,0.036132,0.033462
[fold_4] 1340,0.000731,0.036298,0.033513
[fold_4] 1350,0.000789,0.036193,0.033452
[fold_4] 1360,0.001877,0.036136,0.033524
[fold_4] 1370,0.001364,0.036116,0.033414
[fold_4] 1380,0.001682,0.036084,0.033407
[fold_4] 1390,0.001059,0.036151,0.033562
[fold_4] 1400,0.000726,0.036256,0.033722
[fold_4] 1410,0.003641,0.036180,0.033615
[fold_4] 1420,0.000908,0.036073,0.033343
[fold_4] 1430,0.001908,0.036080,0.033451
[fold_4] 1440,0.000845,0.036265,0.033737
[fold_4] 1450,0.000957,0.036036,0.033384
[fold_4] 1460,0.002475,0.036018,0.033311
[fold_4] 1470,0.001160,0.036032,0.033280
[fold_4] 1480,0.001113,0.036026,0.033386
[fold_4] 1490,0.000842,0.036197,0.033655
[fold_4] 1500,0.000923,0.036037,0.033418
[fold_4] 1510,0.001921,0.036038,0.033253
[fold_4] 1520,0.001202,0.036008,0.033236
[fold_4] 1530,0.000874,0.035942,0.033223
[fold_4] 1540,0.001041,0.036071,0.033527
[fold_4] 1550,0.000827,0.035999,0.033426
[fold_4] 1560,0.000918,0.035950,0.033210
[fold_4] 1570,0.001860,0.035967,0.033206
[fold_4] 1580,0.000843,0.035911,0.033315
[fold_4] 1590,0.000953,0.036003,0.033471
[fold_4] 1600,0.001910,0.035936,0.033375
[fold_4] 1610,0.001591,0.036032,0.033244
[fold_4] 1620,0.001631,0.035835,0.033220
[fold_4] 1630,0.000904,0.036345,0.033922
[fold_4] 1640,0.000574,0.035885,0.033325
[fold_4] 1650,0.000939,0.035921,0.033172
[fold_4] 1660,0.000849,0.035781,0.033116
[fold_4] 1670,0.001875,0.035778,0.033116
[fold_4] 1680,0.001708,0.035781,0.033057
[fold_4] 1690,0.000706,0.035748,0.033103
[fold_4] 1700,0.000726,0.035891,0.033341
[fold_4] 1710,0.001055,0.035888,0.033321
[fold_4] 1720,0.000609,0.036072,0.033207
[fold_4] 1730,0.001342,0.035690,0.033019
[fold_4] 1740,0.001395,0.035835,0.033298
[fold_4] 1750,0.000738,0.035726,0.032989
[fold_4] 1760,0.002262,0.035723,0.032985
[fold_4] 1770,0.002439,0.035633,0.033005
[fold_4] 1780,0.001751,0.035654,0.033073
[fold_4] 1790,0.000893,0.035690,0.032952
[fold_4] 1800,0.001571,0.035681,0.032946
[fold_4] 1810,0.001594,0.035788,0.033266
[fold_4] 1820,0.000997,0.035590,0.032890
[fold_4] 1830,0.001310,0.035593,0.032993
[fold_4] 1840,0.001365,0.035550,0.032882
[fold_4] 1850,0.000697,0.036071,0.033614
[fold_4] 1860,0.001386,0.035568,0.032832
[fold_4] 1870,0.000786,0.035540,0.032880
[fold_4] 1880,0.001140,0.035543,0.032860
[fold_4] 1890,0.002548,0.035527,0.032814
[fold_4] 1900,0.001001,0.035511,0.032744
[fold_4] 1910,0.001797,0.035525,0.032718
[fold_4] 1920,0.001303,0.035547,0.032839
[fold_4] 1930,0.000871,0.035509,0.032665
[fold_4] 1940,0.001210,0.035494,0.032655
[fold_4] 1950,0.000987,0.035672,0.033055
[fold_4] 1960,0.001227,0.035568,0.032919
[fold_4] 1970,0.001366,0.035411,0.032629
[fold_4] 1980,0.000592,0.035475,0.032619
[fold_4] 1990,0.000928,0.035726,0.033140
[fold_4] 2000,0.002157,0.035408,0.032689
[fold_4] 2010,0.001046,0.035483,0.032602[fold_2] 0,1.490573,1.199321,1.200609
[fold_2] 1,1.287521,1.185163,1.186279
[fold_2] 10,1.189057,1.072860,1.072474
[fold_2] 20,0.864249,0.976870,0.974769
[fold_2] 30,0.915391,0.941075,0.938853
[fold_2] 40,0.809487,0.903165,0.901317
[fold_2] 50,0.693859,0.852622,0.851404
[fold_2] 60,0.524163,0.702239,0.703568
[fold_2] 70,0.345401,0.565987,0.579284
[fold_2] 80,0.141433,0.364282,0.368977
[fold_2] 90,0.084926,0.302680,0.308149
[fold_2] 100,0.044246,0.237190,0.243475
[fold_2] 110,0.032914,0.189779,0.196846
[fold_2] 120,0.036681,0.166957,0.173214
[fold_2] 130,0.026239,0.147781,0.153935
[fold_2] 140,0.021739,0.127790,0.132272
[fold_2] 150,0.006347,0.118202,0.122164
[fold_2] 160,0.013731,0.110290,0.114193
[fold_2] 170,0.008339,0.101484,0.104376
[fold_2] 180,0.009085,0.100492,0.103073
[fold_2] 190,0.012817,0.117399,0.117292
[fold_2] 200,0.011080,0.097419,0.097146
[fold_2] 210,0.006997,0.083271,0.085060
[fold_2] 220,0.006696,0.083960,0.086040
[fold_2] 230,0.010477,0.079992,0.080613
[fold_2] 240,0.003182,0.078174,0.081371
[fold_2] 250,0.006226,0.078523,0.081749
[fold_2] 260,0.006731,0.071694,0.072997
[fold_2] 270,0.003852,0.067626,0.069784
[fold_2] 280,0.012135,0.065634,0.067673
[fold_2] 290,0.007520,0.067392,0.070965
[fold_2] 300,0.006161,0.068415,0.072012
[fold_2] 310,0.004281,0.068885,0.071964
[fold_2] 320,0.005615,0.058808,0.059597
[fold_2] 330,0.007191,0.060713,0.060821
[fold_2] 340,0.003518,0.058608,0.059113
[fold_2] 350,0.004460,0.055782,0.057580
[fold_2] 360,0.002605,0.054924,0.056732
[fold_2] 370,0.004948,0.055058,0.057527
[fold_2] 380,0.001831,0.054541,0.055596
[fold_2] 390,0.003627,0.052809,0.054459
[fold_2] 400,0.003016,0.054556,0.057442
[fold_2] 410,0.005383,0.053539,0.054215
[fold_2] 420,0.002914,0.051098,0.052607
[fold_2] 430,0.003496,0.054495,0.054641
[fold_2] 440,0.004002,0.050761,0.051226
[fold_2] 450,0.002083,0.054108,0.057509
[fold_2] 460,0.002191,0.048183,0.049819
[fold_2] 470,0.003842,0.047432,0.049314
[fold_2] 480,0.002382,0.049328,0.049957
[fold_2] 490,0.003172,0.047943,0.048624
[fold_2] 500,0.003185,0.045677,0.047404
[fold_2] 510,0.001950,0.044818,0.046940
[fold_2] 520,0.001847,0.045109,0.046519
[fold_2] 530,0.001783,0.045607,0.048974
[fold_2] 540,0.002502,0.053272,0.052934
[fold_2] 550,0.002725,0.048968,0.052880
[fold_2] 560,0.002673,0.043701,0.046354
[fold_2] 570,0.002124,0.048320,0.048092
[fold_2] 580,0.002439,0.045581,0.045804
[fold_2] 590,0.003289,0.047194,0.047387
[fold_2] 600,0.001954,0.041466,0.043787
[fold_2] 610,0.001636,0.042938,0.046566
[fold_2] 620,0.001639,0.041026,0.043252
[fold_2] 630,0.001785,0.041605,0.042883
[fold_2] 640,0.002174,0.040873,0.043113
[fold_2] 650,0.001427,0.041079,0.043427
[fold_2] 660,0.002455,0.043416,0.046947
[fold_2] 670,0.001756,0.042634,0.046024
[fold_2] 680,0.001922,0.040063,0.042490
[fold_2] 690,0.001206,0.039655,0.041710
[fold_2] 700,0.001199,0.039524,0.041856
[fold_2] 710,0.002246,0.039654,0.042418
[fold_2] 720,0.002191,0.039587,0.041208
[fold_2] 730,0.001633,0.039635,0.041140
[fold_2] 740,0.001161,0.045224,0.049454
[fold_2] 750,0.001495,0.043156,0.047120
[fold_2] 760,0.001720,0.038966,0.040736
[fold_2] 770,0.002307,0.038896,0.040679
[fold_2] 780,0.001941,0.039610,0.042723
[fold_2] 790,0.001031,0.040072,0.043355
[fold_2] 800,0.002389,0.040661,0.044119
[fold_2] 810,0.002129,0.040555,0.041189
[fold_2] 820,0.001665,0.038473,0.041178
[fold_2] 830,0.001866,0.037962,0.040032
[fold_2] 840,0.001289,0.038515,0.041316
[fold_2] 850,0.001536,0.037889,0.039752
[fold_2] 860,0.001443,0.037934,0.040451
[fold_2] 870,0.000867,0.037696,0.039948
[fold_2] 880,0.001206,0.037758,0.039554
[fold_2] 890,0.001012,0.037793,0.039515
[fold_2] 900,0.002520,0.038102,0.041035
[fold_2] 910,0.001516,0.037480,0.039845
[fold_2] 920,0.001955,0.037426,0.039426
[fold_2] 930,0.002063,0.037583,0.039304
[fold_2] 940,0.001763,0.037443,0.039993
[fold_2] 950,0.001589,0.037279,0.039692
[fold_2] 960,0.002235,0.037118,0.039262
[fold_2] 970,0.001338,0.037968,0.039236
[fold_2] 980,0.001563,0.037099,0.039427
[fold_2] 990,0.001604,0.037423,0.040005
[fold_2] 1000,0.001675,0.038011,0.041014
[fold_2] 1010,0.001645,0.037126,0.038810
[fold_2] 1020,0.001269,0.036949,0.038858
[fold_2] 1030,0.001105,0.036850,0.038941
[fold_2] 1040,0.001209,0.036841,0.038740
[fold_2] 1050,0.001080,0.036826,0.038710
[fold_2] 1060,0.001629,0.036779,0.038614
[fold_2] 1070,0.001216,0.036696,0.039007
[fold_2] 1080,0.000703,0.036638,0.038980
[fold_2] 1090,0.001611,0.036550,0.038809
[fold_2] 1100,0.001256,0.036556,0.038928
[fold_2] 1110,0.001933,0.036580,0.038529
[fold_2] 1120,0.001306,0.036576,0.038517
[fold_2] 1130,0.002605,0.036472,0.038652
[fold_2] 1140,0.001014,0.036719,0.038452
[fold_2] 1150,0.002425,0.036876,0.039726
[fold_2] 1160,0.001365,0.036422,0.038663
[fold_2] 1170,0.001459,0.036643,0.038415
[fold_2] 1180,0.001977,0.036550,0.038414
[fold_2] 1190,0.001366,0.036671,0.038379
[fold_2] 1200,0.001409,0.036464,0.038921
[fold_2] 1210,0.000913,0.036719,0.039435
[fold_2] 1220,0.000747,0.036378,0.038358
[fold_2] 1230,0.001534,0.036333,0.038428
[fold_2] 1240,0.002096,0.036929,0.038340
[fold_2] 1250,0.000828,0.036323,0.038625
[fold_2] 1260,0.001184,0.036632,0.039355
[fold_2] 1270,0.001261,0.037046,0.038383
[fold_2] 1280,0.001887,0.036369,0.038210
[fold_2] 1290,0.001683,0.036319,0.038747
[fold_2] 1300,0.001882,0.036478,0.038154
[fold_2] 1310,0.001547,0.036520,0.038136
[fold_2] 1320,0.001847,0.036441,0.039059
[fold_2] 1330,0.001485,0.036196,0.038477
[fold_2] 1340,0.001458,0.036180,0.038202
[fold_2] 1350,0.001487,0.036170,0.038209
[fold_2] 1360,0.001183,0.036335,0.038072
[fold_2] 1370,0.002384,0.036155,0.038156
[fold_2] 1380,0.001532,0.036122,0.038217
[fold_2] 1390,0.001892,0.036119,0.038182
[fold_2] 1400,0.001468,0.036177,0.038054
[fold_2] 1410,0.000709,0.036152,0.038541
[fold_2] 1420,0.001362,0.036092,0.038397
[fold_2] 1430,0.001985,0.036058,0.038151
[fold_2] 1440,0.001587,0.036041,0.038141
[fold_2] 1450,0.001968,0.036058,0.038058
[fold_2] 1460,0.001571,0.036285,0.037959
[fold_2] 1470,0.000852,0.036019,0.038261
[fold_2] 1480,0.001896,0.036102,0.038548
[fold_2] 1490,0.000845,0.035977,0.038139
[fold_2] 1500,0.001760,0.036656,0.038017
[fold_2] 1510,0.001194,0.036068,0.037894
[fold_2] 1520,0.001836,0.036046,0.038514
[fold_2] 1530,0.001894,0.035955,0.037921
[fold_2] 1540,0.001865,0.035910,0.038158
[fold_2] 1550,0.001320,0.035888,0.038021
[fold_2] 1560,0.001644,0.035907,0.037896
[fold_2] 1570,0.001631,0.036158,0.037787
[fold_2] 1580,0.001718,0.035880,0.037875
[fold_2] 1590,0.001479,0.035881,0.038188
[fold_2] 1600,0.000635,0.035999,0.037732
[fold_2] 1610,0.000990,0.035822,0.037871
[fold_2] 1620,0.001333,0.035882,0.037752
[fold_2] 1630,0.001641,0.035790,0.037930
[fold_2] 1640,0.001954,0.035870,0.037735
[fold_2] 1650,0.001347,0.035906,0.037678
[fold_2] 1660,0.001314,0.035931,0.037659
[fold_2] 1670,0.000678,0.035882,0.038364
[fold_2] 1680,0.001101,0.035745,0.038029
[fold_2] 1690,0.001218,0.036041,0.037626
[fold_2] 1700,0.001644,0.036027,0.037609
[fold_2] 1710,0.001429,0.035731,0.037670
[fold_2] 1720,0.001397,0.035855,0.037601
[fold_2] 1730,0.001531,0.035700,0.037712
[fold_2] 1740,0.003192,0.035680,0.037984
[fold_2] 1750,0.001488,0.035811,0.037595
[fold_2] 1760,0.002169,0.035684,0.038102
[fold_2] 1770,0.001169,0.035870,0.037568
[fold_2] 1780,0.001630,0.035719,0.037577
[fold_2] 1790,0.001101,0.035648,0.038031
[fold_2] 1800,0.001215,0.035593,0.037912
[fold_2] 1810,0.002133,0.035582,0.037585
[fold_2] 1820,0.001558,0.035878,0.037485
[fold_2] 1830,0.001187,0.035527,0.037758
[fold_2] 1840,0.002437,0.035531,0.037593
[fold_2] 1850,0.001821,0.035521,0.037554
[fold_2] 1860,0.000891,0.035796,0.038456
[fold_2] 1870,0.000843,0.036147,0.039062
[fold_2] 1880,0.001239,0.035983,0.037421
[fold_2] 1890,0.001347,0.035453,0.037762
[fold_2] 1900,0.001167,0.035700,0.038356
[fold_2] 1910,0.000983,0.035440,0.037385
[fold_2] 1920,0.000793,0.035389,0.037741
[fold_2] 1930,0.001394,0.035341,0.037514
[fold_2] 1940,0.001085,0.035332,0.037629
[fold_2] 1950,0.001226,0.035400,0.037340
[fold_2] 1960,0.001121,0.036458,0.037658
[fold_2] 1970,0.001767,0.035289,0.037410
[fold_2] 1980,0.001373,0.035520,0.037252
[fold_2] 1990,0.001138,0.035476,0.037239
[fold_2] 2000,0.001277,0.035283,0.037574
[fold_2] 2010,0.000794,0.035241,0.037337[fold_5] 0,1.445819,1.199291,1.193662
[fold_5] 1,1.454185,1.185130,1.179563
[fold_5] 10,1.219033,1.072858,1.067863
[fold_5] 20,1.017101,0.976881,0.972730
[fold_5] 30,0.911230,0.940827,0.937077
[fold_5] 40,0.851456,0.903100,0.899421
[fold_5] 50,0.753011,0.853049,0.849549
[fold_5] 60,0.476545,0.703570,0.699049
[fold_5] 70,0.354354,0.549516,0.532845
[fold_5] 80,0.158330,0.343759,0.329199
[fold_5] 90,0.083578,0.284403,0.270117
[fold_5] 100,0.042174,0.229374,0.213751
[fold_5] 110,0.056012,0.186091,0.171023
[fold_5] 120,0.029389,0.157934,0.144230
[fold_5] 130,0.022317,0.137986,0.123566
[fold_5] 140,0.016113,0.129150,0.109363
[fold_5] 150,0.017546,0.114889,0.096650
[fold_5] 160,0.010487,0.107118,0.091161
[fold_5] 170,0.007068,0.103157,0.085226
[fold_5] 180,0.016238,0.103704,0.093774
[fold_5] 190,0.010129,0.100440,0.094252
[fold_5] 200,0.013208,0.093419,0.085221
[fold_5] 210,0.015461,0.089445,0.072295
[fold_5] 220,0.008804,0.088575,0.081081
[fold_5] 230,0.008891,0.083927,0.075006
[fold_5] 240,0.005124,0.083780,0.068858
[fold_5] 250,0.007194,0.082858,0.076133
[fold_5] 260,0.006525,0.077694,0.068392
[fold_5] 270,0.005342,0.076194,0.066325
[fold_5] 280,0.005600,0.076463,0.069870
[fold_5] 290,0.006980,0.075366,0.060876
[fold_5] 300,0.004668,0.076356,0.070878
[fold_5] 310,0.004241,0.071704,0.063183
[fold_5] 320,0.005302,0.077795,0.062218
[fold_5] 330,0.007192,0.069011,0.058307
[fold_5] 340,0.006364,0.068098,0.058585
[fold_5] 350,0.003170,0.067574,0.057455
[fold_5] 360,0.003295,0.068077,0.056545
[fold_5] 370,0.002820,0.069960,0.057341
[fold_5] 380,0.003023,0.066355,0.054962
[fold_5] 390,0.006462,0.066351,0.059224
[fold_5] 400,0.005736,0.067125,0.061528
[fold_5] 410,0.004307,0.064546,0.053960
[fold_5] 420,0.002964,0.063430,0.053512
[fold_5] 430,0.005802,0.062804,0.053030
[fold_5] 440,0.002984,0.063772,0.058547
[fold_5] 450,0.003134,0.062724,0.052359
[fold_5] 460,0.004530,0.062408,0.051138
[fold_5] 470,0.002437,0.063804,0.051188
[fold_5] 480,0.004425,0.060268,0.051746
[fold_5] 490,0.004566,0.065800,0.064726
[fold_5] 500,0.002662,0.059521,0.053598
[fold_5] 510,0.002590,0.059219,0.050789
[fold_5] 520,0.002615,0.058724,0.050351
[fold_5] 530,0.002600,0.058338,0.050683
[fold_5] 540,0.003773,0.058291,0.051249
[fold_5] 550,0.003229,0.057751,0.050078
[fold_5] 560,0.002164,0.057796,0.048820
[fold_5] 570,0.004643,0.057503,0.048719
[fold_5] 580,0.002421,0.058410,0.048384
[fold_5] 590,0.002726,0.056939,0.050574
[fold_5] 600,0.004030,0.059189,0.055470
[fold_5] 610,0.003062,0.058234,0.053934
[fold_5] 620,0.005658,0.056779,0.047128
[fold_5] 630,0.005288,0.056163,0.050047
[fold_5] 640,0.003726,0.055894,0.047927
[fold_5] 650,0.002121,0.055631,0.048620
[fold_5] 660,0.003454,0.055938,0.047358
[fold_5] 670,0.002674,0.055763,0.049826
[fold_5] 680,0.002041,0.055493,0.047574
[fold_5] 690,0.004624,0.055467,0.047482
[fold_5] 700,0.003923,0.055348,0.048169
[fold_5] 710,0.003820,0.055372,0.048683
[fold_5] 720,0.002365,0.055290,0.048248
[fold_3] 0,1.426694,1.199206,1.207392
[fold_3] 1,1.445186,1.185050,1.193276
[fold_3] 10,1.211486,1.072816,1.081375
[fold_3] 20,0.947757,0.976962,0.985564
[fold_3] 30,0.914535,0.941238,0.949378
[fold_3] 40,0.797730,0.903408,0.911517
[fold_3] 50,0.724531,0.853988,0.861838
[fold_3] 60,0.536404,0.709109,0.716138
[fold_3] 70,0.349660,0.532652,0.529154
[fold_3] 80,0.133058,0.347329,0.346146
[fold_3] 90,0.073692,0.282233,0.281247
[fold_3] 100,0.049296,0.220618,0.219513
[fold_3] 110,0.055823,0.253444,0.251313
[fold_3] 120,0.026319,0.191568,0.195325
[fold_3] 130,0.021731,0.149350,0.149574
[fold_3] 140,0.015718,0.148023,0.146307
[fold_3] 150,0.013146,0.130760,0.130364
[fold_3] 160,0.015355,0.110790,0.113128
[fold_3] 170,0.016722,0.105089,0.107836
[fold_3] 180,0.006509,0.097728,0.098842
[fold_3] 190,0.011518,0.093670,0.095471
[fold_3] 200,0.010277,0.091480,0.091807
[fold_3] 210,0.008124,0.105312,0.108731
[fold_3] 220,0.009545,0.092106,0.095308
[fold_3] 230,0.007258,0.087483,0.091194
[fold_3] 240,0.005334,0.077942,0.079544
[fold_3] 250,0.009436,0.075370,0.076029
[fold_3] 260,0.004854,0.085484,0.089413
[fold_3] 270,0.003721,0.073885,0.076525
[fold_3] 280,0.003944,0.073950,0.077598
[fold_3] 290,0.004968,0.070652,0.073643
[fold_3] 300,0.005229,0.075553,0.073769
[fold_3] 310,0.005329,0.068542,0.071419
[fold_3] 320,0.003059,0.064525,0.064292
[fold_3] 330,0.008502,0.077112,0.074705
[fold_3] 340,0.003342,0.065931,0.068155
[fold_3] 350,0.004746,0.062544,0.064186
[fold_3] 360,0.003020,0.060520,0.062628
[fold_3] 370,0.003519,0.059638,0.060088
[fold_3] 380,0.004603,0.059332,0.059436
[fold_3] 390,0.004697,0.062238,0.060030
[fold_3] 400,0.002979,0.059472,0.060090
[fold_3] 410,0.004942,0.059553,0.058878
[fold_3] 420,0.006172,0.059060,0.061871
[fold_3] 430,0.004033,0.059258,0.057899
[fold_3] 440,0.001825,0.054004,0.054630
[fold_3] 450,0.004503,0.055424,0.057255
[fold_3] 460,0.003495,0.053052,0.053732
[fold_3] 470,0.002381,0.052396,0.052409
[fold_3] 480,0.003161,0.052766,0.054640
[fold_3] 490,0.002229,0.053911,0.053019
[fold_3] 500,0.002384,0.051192,0.052804
[fold_3] 510,0.002559,0.049761,0.049971
[fold_3] 520,0.001623,0.049531,0.049936
[fold_3] 530,0.001998,0.049249,0.049958
[fold_3] 540,0.001885,0.049042,0.049650
[fold_3] 550,0.002501,0.048790,0.049558
[fold_3] 560,0.002068,0.049611,0.048943
[fold_3] 570,0.002312,0.048859,0.048315
[fold_3] 580,0.002971,0.047653,0.047989
[fold_3] 590,0.002541,0.047785,0.047884
[fold_3] 600,0.002694,0.048606,0.050264
[fold_3] 610,0.002911,0.048116,0.049666
[fold_3] 620,0.002726,0.046605,0.046979
[fold_3] 630,0.002476,0.047149,0.046575
[fold_3] 640,0.001419,0.046011,0.046121
[fold_3] 650,0.001499,0.046406,0.047672
[fold_3] 660,0.002598,0.045450,0.045807
[fold_3] 670,0.001597,0.045229,0.045621
[fold_3] 680,0.001655,0.047063,0.048754
[fold_3] 690,0.001260,0.044537,0.044714
[fold_3] 700,0.001959,0.047819,0.049881
[fold_3] 710,0.003395,0.044078,0.044722
[fold_3] 720,0.001180,0.047306,0.045768
[fold_3] 730,0.001064,0.043623,0.043533
[fold_3] 740,0.002615,0.043605,0.044080
[fold_3] 750,0.001537,0.043288,0.043177
[fold_3] 760,0.002646,0.043063,0.043204
[fold_3] 770,0.001060,0.044599,0.043476
[fold_3] 780,0.001773,0.044539,0.043461
[fold_3] 790,0.002850,0.045421,0.047290
[fold_3] 800,0.001285,0.042594,0.042852
[fold_3] 810,0.001485,0.042836,0.042546
[fold_3] 820,0.001485,0.043547,0.044866
[fold_3] 830,0.001014,0.043604,0.042718
[fold_3] 840,0.002628,0.042854,0.043761
[fold_3] 850,0.001431,0.042357,0.042317
[fold_3] 860,0.001789,0.042308,0.042731
[fold_3] 870,0.000962,0.042283,0.042158
[fold_3] 880,0.001245,0.042147,0.042342
[fold_3] 890,0.001727,0.042117,0.042249
[fold_3] 900,0.003158,0.042137,0.042092
[fold_3] 910,0.001074,0.042128,0.042078
[fold_3] 920,0.002377,0.042066,0.042346
[fold_3] 930,0.002372,0.042054,0.042067
[fold_3] 940,0.001379,0.042679,0.043726
[fold_3] 950,0.001398,0.042022,0.041902
[fold_3] 960,0.001720,0.042063,0.041849
[fold_3] 970,0.001871,0.042014,0.042636
[fold_3] 980,0.001176,0.042006,0.041750
[fold_3] 990,0.002941,0.041791,0.042091
[fold_3] 1000,0.002666,0.041844,0.041673
[fold_3] 1010,0.002041,0.041695,0.041817
[fold_3] 1020,0.001855,0.041664,0.041909
[fold_3] 1030,0.001139,0.041953,0.041526
[fold_3] 1040,0.000807,0.042060,0.042874
[fold_3] 1050,0.001342,0.041918,0.041455
[fold_3] 1060,0.001918,0.041748,0.042251
[fold_3] 1070,0.001350,0.041999,0.041430
[fold_3] 1080,0.001171,0.041794,0.042480
[fold_3] 1090,0.001531,0.041733,0.041310
[fold_3] 1100,0.002013,0.041816,0.042593
[fold_3] 1110,0.001933,0.041818,0.041297
[fold_3] 1120,0.000894,0.041571,0.042139
[fold_3] 1130,0.001409,0.041497,0.041199
[fold_3] 1140,0.002391,0.041372,0.041877
[fold_3] 1150,0.001187,0.041629,0.041173
[fold_3] 1160,0.001250,0.041245,0.041666
[fold_3] 1170,0.002144,0.041278,0.041039
[fold_3] 1180,0.001921,0.041090,0.041228
[fold_3] 1190,0.001797,0.041529,0.041003
[fold_3] 1200,0.001398,0.041148,0.041631
[fold_3] 1210,0.002594,0.041256,0.040879
[fold_3] 1220,0.001945,0.040931,0.040968
[fold_3] 1230,0.001113,0.040888,0.041019
[fold_3] 1240,0.001261,0.040868,0.040891
[fold_3] 1250,0.002435,0.040838,0.040941
[fold_3] 1260,0.001274,0.041195,0.041947
[fold_3] 1270,0.002200,0.040820,0.040775
[fold_3] 1280,0.001326,0.040847,0.041248
[fold_3] 1290,0.000938,0.040781,0.040803
[fold_3] 1300,0.003061,0.040867,0.040658
[fold_3] 1310,0.001554,0.040731,0.040763
[fold_3] 1320,0.001877,0.040690,0.040798
[fold_3] 1330,0.001261,0.040739,0.041197
[fold_3] 1340,0.002207,0.040678,0.040657
[fold_3] 1350,0.001554,0.040711,0.041205
[fold_3] 1360,0.000924,0.040610,0.040895
[fold_3] 1370,0.002184,0.040753,0.040535
[fold_3] 1380,0.001161,0.040599,0.040608
[fold_3] 1390,0.002410,0.040611,0.041034
[fold_3] 1400,0.003338,0.041167,0.042157
[fold_3] 1410,0.002940,0.040613,0.041119
[fold_3] 1420,0.001319,0.040510,0.040697
[fold_3] 1430,0.002548,0.040594,0.041122
[fold_3] 1440,0.002679,0.040494,0.040721
[fold_3] 1450,0.001384,0.040479,0.040621
[fold_3] 1460,0.001460,0.040467,0.040778
[fold_3] 1470,0.002915,0.040468,0.040847
[fold_1] 0,1.391212,1.199358,1.203639
[fold_1] 1,1.462802,1.185196,1.189614
[fold_1] 10,1.203410,1.072952,1.078562
[fold_1] 20,1.013635,0.977195,0.984153
[fold_1] 30,0.919783,0.941682,0.949029
[fold_1] 40,0.803299,0.903722,0.911171
[fold_1] 50,0.766889,0.854583,0.862226
[fold_1] 60,0.556494,0.711642,0.720302
[fold_1] 70,0.333390,0.533937,0.542472
[fold_1] 80,0.127893,0.338589,0.352427
[fold_1] 90,0.084991,0.288443,0.302222
[fold_1] 100,0.057818,0.235700,0.247620
[fold_1] 110,0.044530,0.187945,0.199515
[fold_1] 120,0.023519,0.157925,0.170709
[fold_1] 130,0.024625,0.138552,0.150250
[fold_1] 140,0.015488,0.128823,0.144497
[fold_1] 150,0.016181,0.117871,0.135397
[fold_1] 160,0.012585,0.108444,0.126721
[fold_1] 170,0.008905,0.101120,0.119714
[fold_1] 180,0.007506,0.095501,0.113726
[fold_1] 190,0.008625,0.090506,0.106637
[fold_1] 200,0.010681,0.085079,0.098280
[fold_1] 210,0.006344,0.082422,0.098677
[fold_1] 220,0.004115,0.086254,0.104711
[fold_1] 230,0.007042,0.079068,0.092176
[fold_1] 240,0.004619,0.083945,0.101071
[fold_1] 250,0.006521,0.072497,0.083637
[fold_1] 260,0.006798,0.076135,0.092724
[fold_1] 270,0.006336,0.067363,0.084133
[fold_1] 280,0.003665,0.064736,0.081341
[fold_1] 290,0.003580,0.063918,0.077345
[fold_1] 300,0.002820,0.060488,0.075734
[fold_1] 310,0.002494,0.058532,0.071037
[fold_1] 320,0.006424,0.069291,0.083851
[fold_1] 330,0.003663,0.073936,0.075840
[fold_1] 340,0.004554,0.078405,0.093197
[fold_1] 350,0.006154,0.075768,0.077649
[fold_1] 360,0.002126,0.060876,0.075611
[fold_1] 370,0.005127,0.057152,0.063942
[fold_1] 380,0.003459,0.051439,0.062505
[fold_1] 390,0.002822,0.051164,0.063287
[fold_1] 400,0.003432,0.049957,0.061439
[fold_1] 410,0.002191,0.052177,0.061421
[fold_1] 420,0.002112,0.049480,0.061465
[fold_1] 430,0.004014,0.048959,0.059420
[fold_1] 440,0.002910,0.048534,0.059733
[fold_1] 450,0.002549,0.047687,0.056926
[fold_1] 460,0.002994,0.049303,0.061375
[fold_1] 470,0.001658,0.047038,0.059368
[fold_1] 480,0.001396,0.046108,0.057302
[fold_1] 490,0.001563,0.045689,0.056013
[fold_1] 500,0.002120,0.045758,0.056603
[fold_1] 510,0.001843,0.045349,0.054930
[fold_1] 520,0.001953,0.045437,0.057160
[fold_1] 530,0.001361,0.044420,0.055209
[fold_1] 540,0.002866,0.044344,0.054665
[fold_1] 550,0.001763,0.045124,0.056772
[fold_1] 560,0.002458,0.044612,0.056383
[fold_1] 570,0.001397,0.043881,0.053467
[fold_1] 580,0.002652,0.048348,0.054779
[fold_1] 590,0.002708,0.042995,0.053303
[fold_1] 600,0.001413,0.043855,0.055559
[fold_1] 610,0.001484,0.042554,0.053083
[fold_1] 620,0.001466,0.044612,0.056415
[fold_1] 630,0.002528,0.041917,0.051492
[fold_1] 640,0.001794,0.042827,0.051193
[fold_1] 650,0.001520,0.041765,0.053067
[fold_1] 660,0.001042,0.042644,0.055550
[fold_1] 670,0.002069,0.041435,0.052334
[fold_1] 680,0.001693,0.040915,0.050902
[fold_1] 690,0.002183,0.040674,0.049833
[fold_1] 700,0.002493,0.041117,0.049188
[fold_1] 710,0.001455,0.040694,0.049150
[fold_1] 720,0.001321,0.041232,0.048624
[fold_1] 730,0.001411,0.040646,0.048642
[fold_1] 740,0.001962,0.041310,0.048453
[fold_1] 750,0.001442,0.039913,0.049006
[fold_1] 760,0.000858,0.039775,0.048887
[fold_1] 770,0.001633,0.039730,0.048762
[fold_1] 780,0.001991,0.039687,0.049824
[fold_1] 790,0.001296,0.039516,0.048767
[fold_1] 800,0.001864,0.039695,0.049999
[fold_1] 810,0.001429,0.039398,0.049051
[fold_1] 820,0.002464,0.039479,0.049666
[fold_1] 830,0.001704,0.039642,0.048341
[fold_1] 840,0.001008,0.039312,0.048810
[fold_1] 850,0.001213,0.039294,0.048951
[fold_1] 860,0.001309,0.039310,0.049145
[fold_1] 870,0.001712,0.039284,0.048350
[fold_1] 880,0.001192,0.039226,0.048811
[fold_1] 890,0.002957,0.039323,0.049323
[fold_1] 900,0.000781,0.039284,0.049269
[fold_1] 910,0.001168,0.039176,0.048810
[fold_1] 920,0.001716,0.039297,0.048228
[fold_1] 930,0.001569,0.039182,0.049053
[fold_1] 940,0.001831,0.039218,0.049223
[fold_1] 950,0.000844,0.039252,0.049378
[fold_1] 960,0.001814,0.039117,0.048760
[fold_1] 970,0.000775,0.039128,0.048986
[fold_1] 980,0.002176,0.039372,0.049817
[fold_1] 990,0.001740,0.039097,0.048944
[fold_1] 1000,0.001095,0.039178,0.049383
[fold_1] 1010,0.001133,0.039147,0.049322
[fold_1] 1020,0.001755,0.039099,0.048478

[fold_4] 2020,0.000948,0.035395,0.032673
[fold_4] 2030,0.001260,0.035641,0.033008
[fold_4] 2040,0.002195,0.035656,0.032709
[fold_4] 2050,0.001055,0.035739,0.032797
[fold_4] 2060,0.001067,0.036095,0.033596
[fold_4] 2070,0.001831,0.035332,0.032583
[fold_4] 2080,0.001150,0.035379,0.032481
[fold_4] 2090,0.001388,0.035273,0.032486
[fold_4] 2100,0.001361,0.035254,0.032438
[fold_4] 2110,0.001523,0.035249,0.032430
[fold_4] 2120,0.000900,0.035391,0.032507
[fold_4] 2130,0.001060,0.035243,0.032559
[fold_4] 2140,0.000884,0.035180,0.032406
[fold_4] 2150,0.001228,0.035289,0.032409
[fold_4] 2160,0.001462,0.035189,0.032442
[fold_4] 2170,0.000801,0.035145,0.032377
[fold_4] 2180,0.001020,0.035144,0.032409
[fold_4] 2190,0.000748,0.035153,0.032318
[fold_4] 2200,0.001417,0.035092,0.032332
[fold_4] 2210,0.001347,0.035227,0.032583
[fold_4] 2220,0.001321,0.035055,0.032302
[fold_4] 2230,0.001205,0.035049,0.032319
[fold_4] 2240,0.002028,0.035102,0.032407
[fold_4] 2250,0.001465,0.035053,0.032326
[fold_4] 2260,0.001501,0.034996,0.032214
[fold_4] 2270,0.001108,0.034981,0.032203
[fold_4] 2280,0.001483,0.035407,0.032460
[fold_4] 2290,0.001505,0.035210,0.032613
[fold_4] 2300,0.000667,0.034942,0.032218
[fold_4] 2310,0.001504,0.035185,0.032251
[fold_4] 2320,0.000679,0.034932,0.032171
[fold_4] 2330,0.001577,0.034916,0.032154
[fold_4] 2340,0.001205,0.035009,0.032110
[fold_4] 2350,0.001417,0.034887,0.032094
[fold_4] 2360,0.000553,0.034871,0.032052
[fold_4] 2370,0.000603,0.034917,0.032176
[fold_4] 2380,0.000916,0.034956,0.032054
[fold_4] 2390,0.001409,0.034818,0.032018
[fold_4] 2400,0.002229,0.034943,0.032029
[fold_4] 2410,0.001329,0.035375,0.032374
[fold_4] 2420,0.001617,0.034948,0.032314
[fold_4] 2430,0.001561,0.035032,0.032399
[fold_4] 2440,0.001447,0.034755,0.031909
[fold_4] 2450,0.000834,0.034801,0.031942
[fold_4] 2460,0.001113,0.034721,0.031912
[fold_4] 2470,0.001786,0.034734,0.031996
[fold_4] 2480,0.000807,0.034670,0.031916
[fold_4] 2490,0.004148,0.034649,0.031905
[fold_4] 2500,0.001757,0.034691,0.031994
[fold_4] 2510,0.001493,0.034615,0.031855
[fold_4] 2520,0.002104,0.034825,0.032171
[fold_4] 2530,0.000775,0.034812,0.031869
[fold_4] 2540,0.001495,0.034863,0.032220
[fold_4] 2550,0.000724,0.034578,0.031750
[fold_4] 2560,0.001449,0.035179,0.032168
[fold_4] 2570,0.000770,0.034518,0.031710
[fold_4] 2580,0.001206,0.034809,0.032196
[fold_4] 2590,0.001454,0.034603,0.031751
[fold_4] 2600,0.000761,0.034535,0.031853
[fold_4] 2610,0.001566,0.034505,0.031650
[fold_4] 2620,0.000957,0.034439,0.031634
[fold_4] 2630,0.001228,0.034441,0.031736
[fold_4] 2640,0.000824,0.034455,0.031748
[fold_4] 2650,0.001043,0.034455,0.031585
[fold_4] 2660,0.000805,0.034392,0.031606
[fold_4] 2670,0.000848,0.034388,0.031541
[fold_4] 2680,0.001029,0.034644,0.032003
[fold_4] 2690,0.000562,0.034328,0.031556
[fold_4] 2700,0.001515,0.034574,0.031658
[fold_4] 2710,0.001863,0.034594,0.031984
[fold_4] 2720,0.000953,0.034318,0.031469
[fold_4] 2730,0.001097,0.034247,0.031473
[fold_4] 2740,0.002150,0.034243,0.031505
[fold_4] 2750,0.000767,0.034318,0.031439
[fold_4] 2760,0.001199,0.034393,0.031728
[fold_4] 2770,0.000718,0.034221,0.031436
[fold_4] 2780,0.001387,0.034216,0.031378
[fold_4] 2790,0.000728,0.034179,0.031452
[fold_4] 2800,0.001241,0.034198,0.031510
[fold_4] 2810,0.001327,0.034122,0.031347
[fold_4] 2820,0.000669,0.034176,0.031457
[fold_4] 2830,0.001187,0.034190,0.031292
[fold_4] 2840,0.001667,0.034094,0.031308
[fold_4] 2850,0.001402,0.034091,0.031236
[fold_4] 2860,0.000827,0.034297,0.031644
[fold_4] 2870,0.001539,0.034053,0.031231
[fold_4] 2880,0.001402,0.034141,0.031454
[fold_4] 2890,0.001279,0.033997,0.031204
[fold_4] 2900,0.001663,0.033985,0.031211
[fold_4] 2910,0.001726,0.034035,0.031318
[fold_4] 2920,0.000813,0.034129,0.031417
[fold_4] 2930,0.000865,0.034364,0.031392
[fold_4] 2940,0.001147,0.034545,0.031975
[fold_4] 2950,0.000667,0.033947,0.031084
[fold_4] 2960,0.000859,0.034685,0.031670
[fold_4] 2970,0.001936,0.034558,0.032006
[fold_4] 2980,0.001228,0.034882,0.031802
[fold_4] 2990,0.001623,0.034565,0.032048
[fold_4] 3000,0.001864,0.033996,0.031321

[fold_2] 2020,0.001953,0.035236,0.037547
[fold_2] 2030,0.001817,0.035301,0.037158
[fold_2] 2040,0.001269,0.035236,0.037185
[fold_2] 2050,0.002241,0.035181,0.037444
[fold_2] 2060,0.001263,0.035202,0.037169
[fold_2] 2070,0.001739,0.035162,0.037188
[fold_2] 2080,0.001179,0.035210,0.037697
[fold_2] 2090,0.001063,0.035111,0.037391
[fold_2] 2100,0.001606,0.035494,0.038275
[fold_2] 2110,0.001254,0.035447,0.037041
[fold_2] 2120,0.001862,0.035053,0.037322
[fold_2] 2130,0.001370,0.035462,0.038290
[fold_2] 2140,0.003339,0.036092,0.037309
[fold_2] 2150,0.001616,0.035031,0.037373
[fold_2] 2160,0.000953,0.035461,0.038249
[fold_2] 2170,0.002013,0.035287,0.036959
[fold_2] 2180,0.001333,0.035306,0.036960
[fold_2] 2190,0.001276,0.035084,0.037524
[fold_2] 2200,0.001481,0.034981,0.037185
[fold_2] 2210,0.000774,0.035194,0.036923
[fold_2] 2220,0.001282,0.035097,0.037680
[fold_2] 2230,0.001490,0.034946,0.037336
[fold_2] 2240,0.000639,0.034909,0.037089
[fold_2] 2250,0.001566,0.034911,0.037017
[fold_2] 2260,0.001120,0.035381,0.036982
[fold_2] 2270,0.004570,0.034886,0.037393
[fold_2] 2280,0.001232,0.035015,0.037670
[fold_2] 2290,0.000993,0.035488,0.036950
[fold_2] 2300,0.001101,0.034925,0.036849
[fold_2] 2310,0.001089,0.034897,0.037392
[fold_2] 2320,0.002429,0.034801,0.036952
[fold_2] 2330,0.002061,0.034802,0.037201
[fold_2] 2340,0.001082,0.034819,0.036816
[fold_2] 2350,0.000942,0.034751,0.036880
[fold_2] 2360,0.001719,0.034713,0.037006
[fold_2] 2370,0.001234,0.034910,0.036696
[fold_2] 2380,0.001598,0.034681,0.036865
[fold_2] 2390,0.001356,0.034734,0.036700
[fold_2] 2400,0.002718,0.034674,0.037015
[fold_2] 2410,0.001653,0.034956,0.036602
[fold_2] 2420,0.001598,0.034903,0.037628
[fold_2] 2430,0.001273,0.034643,0.036616
[fold_2] 2440,0.001094,0.034574,0.036655
[fold_2] 2450,0.001329,0.034551,0.036899
[fold_2] 2460,0.001570,0.034763,0.037437
[fold_2] 2470,0.001330,0.034591,0.037127
[fold_2] 2480,0.001100,0.034923,0.036496
[fold_2] 2490,0.000867,0.034582,0.036449
[fold_2] 2500,0.002143,0.034557,0.037099
[fold_2] 2510,0.000839,0.034496,0.036424
[fold_2] 2520,0.001552,0.034461,0.036409
[fold_2] 2530,0.001577,0.034443,0.036902
[fold_2] 2540,0.000678,0.034384,0.036438
[fold_2] 2550,0.000558,0.034338,0.036558
[fold_2] 2560,0.001019,0.034375,0.036871
[fold_2] 2570,0.001214,0.034281,0.036487
[fold_2] 2580,0.001024,0.034343,0.036879
[fold_2] 2590,0.000681,0.034468,0.037141
[fold_2] 2600,0.001164,0.035500,0.036669
[fold_2] 2610,0.001723,0.034486,0.037248
[fold_2] 2620,0.001113,0.034195,0.036364
[fold_2] 2630,0.000824,0.034296,0.036209
[fold_2] 2640,0.001586,0.034170,0.036536
[fold_2] 2650,0.001037,0.034617,0.036165
[fold_2] 2660,0.001795,0.034121,0.036295
[fold_2] 2670,0.000933,0.034102,0.036298
[fold_2] 2680,0.001227,0.034167,0.036669
[fold_2] 2690,0.001142,0.034894,0.036205
[fold_2] 2700,0.001487,0.034356,0.037012
[fold_2] 2710,0.001661,0.034091,0.036489
[fold_2] 2720,0.001636,0.034516,0.036020
[fold_2] 2730,0.000920,0.034658,0.037628
[fold_2] 2740,0.000806,0.034007,0.036017
[fold_2] 2750,0.001328,0.034043,0.035958
[fold_2] 2760,0.001637,0.034032,0.036566
[fold_2] 2770,0.001755,0.033996,0.035926
[fold_2] 2780,0.001402,0.034751,0.036079
[fold_2] 2790,0.001344,0.034523,0.037467
[fold_2] 2800,0.002294,0.033891,0.036272
[fold_2] 2810,0.001386,0.034158,0.035831
[fold_2] 2820,0.001546,0.033824,0.036104
[fold_2] 2830,0.001355,0.033856,0.035856
[fold_2] 2840,0.001043,0.033780,0.035957
[fold_2] 2850,0.002153,0.033774,0.036096
[fold_2] 2860,0.000917,0.033894,0.035758
[fold_2] 2870,0.000967,0.033853,0.036462
[fold_2] 2880,0.000856,0.033713,0.036113
[fold_2] 2890,0.000847,0.034136,0.035767
[fold_2] 2900,0.001136,0.033778,0.036404
[fold_2] 2910,0.002245,0.033654,0.035873
[fold_2] 2920,0.001252,0.033681,0.036087
[fold_2] 2930,0.001119,0.033732,0.035699
[fold_2] 2940,0.001202,0.033641,0.035832
[fold_2] 2950,0.001633,0.033923,0.036641
[fold_2] 2960,0.001201,0.034143,0.035645
[fold_2] 2970,0.001109,0.033621,0.035708
[fold_2] 2980,0.001482,0.033612,0.036002
[fold_2] 2990,0.001804,0.034136,0.035599
[fold_2] 3000,0.001427,0.033647,0.036166

Cross-validation summary
Mean train RMSE norm      : 0.040982
Mean validation RMSE norm : 0.040515
Median best epoch         : 1370
Best-so-far checkpoint    : updated
Training-curve plot       : plots/cross_validation_curves.png
