[fold_1] 0,1.839406,1.356375,1.359239
[fold_1] 1,1.863030,1.339468,1.342574
[fold_1] 10,1.555995,1.231332,1.236369
[fold_1] 20,1.250839,1.109088,1.114431
[fold_1] 30,0.956576,0.949242,0.955401
[fold_1] 40,0.815884,0.880290,0.885281
[fold_1] 50,0.733263,0.838617,0.844105
[fold_1] 60,0.576124,0.764538,0.769723
[fold_1] 70,0.327937,0.534449,0.541676
[fold_1] 80,0.240667,0.494549,0.501525
[fold_1] 90,0.165736,0.399045,0.405214
[fold_1] 100,0.093153,0.298101,0.304230
[fold_1] 110,0.043781,0.204059,0.215545
[fold_1] 120,0.022084,0.127562,0.137937
[fold_1] 130,0.018290,0.137172,0.138924
[fold_1] 140,0.013681,0.101748,0.116147
[fold_1] 150,0.007853,0.087340,0.096782
[fold_1] 160,0.009673,0.082350,0.089817
[fold_1] 170,0.007849,0.077058,0.084573
[fold_1] 180,0.007597,0.078549,0.081635
[fold_1] 190,0.003763,0.072425,0.082396
[fold_1] 200,0.006474,0.078274,0.091868
[fold_1] 210,0.003521,0.065377,0.078655
[fold_1] 220,0.007009,0.063418,0.073685
[fold_1] 230,0.005059,0.062818,0.072870
[fold_1] 240,0.004717,0.070924,0.074622
[fold_1] 250,0.005361,0.070888,0.091481
[fold_1] 260,0.002791,0.057541,0.070323
[fold_1] 270,0.003082,0.056784,0.065289
[fold_1] 280,0.003348,0.062822,0.077671
[fold_1] 290,0.003934,0.057082,0.070315
[fold_1] 300,0.002386,0.061292,0.064282
[fold_1] 310,0.002795,0.051410,0.060123
[fold_1] 320,0.002975,0.051236,0.061329
[fold_1] 330,0.003642,0.049118,0.057106
[fold_1] 340,0.003185,0.050003,0.055673
[fold_1] 350,0.003623,0.047917,0.055209
[fold_1] 360,0.003130,0.047155,0.051926
[fold_1] 370,0.003199,0.047245,0.053873
[fold_1] 380,0.003263,0.046967,0.054333
[fold_1] 390,0.003019,0.058741,0.057728
[fold_1] 400,0.003086,0.046463,0.048808
[fold_1] 410,0.002237,0.044860,0.048583
[fold_1] 420,0.001919,0.043889,0.048754
[fold_1] 430,0.001872,0.043609,0.050125
[fold_1] 440,0.002480,0.044466,0.050746
[fold_1] 450,0.001435,0.043271,0.049286
[fold_1] 460,0.001429,0.042435,0.047956
[fold_1] 470,0.002155,0.042583,0.049102
[fold_1] 480,0.001843,0.042030,0.047145
[fold_1] 490,0.001431,0.042042,0.046708
[fold_1] 500,0.001632,0.042722,0.046530
[fold_1] 510,0.001395,0.041558,0.047494
[fold_1] 520,0.001962,0.041259,0.046643
[fold_1] 530,0.001659,0.041257,0.045386
[fold_1] 540,0.001641,0.042434,0.045265
[fold_1] 550,0.001724,0.040425,0.045879
[fold_1] 560,0.001419,0.041358,0.048114
[fold_1] 570,0.001647,0.039857,0.045332
[fold_1] 580,0.001377,0.039755,0.045312
[fold_1] 590,0.001591,0.039698,0.045356
[fold_1] 600,0.001313,0.040639,0.047139
[fold_1] 610,0.001367,0.039560,0.044213
[fold_1] 620,0.001696,0.039512,0.045249
[fold_1] 630,0.002258,0.039414,0.044077
[fold_1] 640,0.001559,0.039380,0.043899
[fold_1] 650,0.001461,0.039229,0.044386
[fold_1] 660,0.001825,0.039207,0.044455
[fold_1] 670,0.001292,0.039834,0.043468
[fold_1] 680,0.001186,0.039750,0.045864
[fold_1] 690,0.001478,0.039118,0.043769
[fold_1] 700,0.001786,0.039327,0.043407
[fold_1] 710,0.001313,0.039125,0.043651
[fold_1] 720,0.001424,0.039117,0.044087
[fold_1] 730,0.001899,0.039163,0.043473
[fold_1] 740,0.001416,0.039106,0.044311
[fold_1] 750,0.001701,0.038988,0.043836
[fold_1] 760,0.001818,0.038946,0.043767
[fold_1] 770,0.001225,0.038914,0.043649
[fold_1] 780,0.001978,0.038907,0.043412
[fold_1] 790,0.001383,0.038984,0.044237
[fold_1] 800,0.001798,0.038859,0.043649
[fold_2] 0,1.811916,1.356230,1.356199
[fold_2] 1,1.763819,1.339342,1.338822
[fold_2] 10,1.571008,1.229329,1.225405
[fold_2] 20,1.288708,1.105842,1.103261
[fold_2] 30,0.992558,0.941686,0.940770
[fold_2] 40,0.788038,0.880789,0.882552
[fold_2] 50,0.767621,0.837855,0.838904
[fold_2] 60,0.587876,0.765599,0.767559
[fold_2] 70,0.316528,0.540185,0.541695
[fold_2] 80,0.236850,0.489281,0.491285
[fold_2] 90,0.162875,0.394638,0.397182
[fold_2] 100,0.104629,0.305630,0.309034
[fold_2] 110,0.048586,0.194158,0.195767
[fold_2] 120,0.019407,0.134468,0.135620
[fold_2] 130,0.016381,0.113019,0.115470
[fold_2] 140,0.017359,0.098950,0.102554
[fold_2] 150,0.010185,0.094551,0.098269
[fold_2] 160,0.006963,0.082984,0.084155
[fold_2] 170,0.006282,0.077204,0.079525
[fold_2] 180,0.005741,0.079417,0.083888
[fold_2] 190,0.013229,0.073469,0.076574
[fold_2] 200,0.009915,0.083147,0.083891
[fold_2] 210,0.006747,0.075504,0.076589
[fold_2] 220,0.004205,0.075841,0.076692
[fold_2] 230,0.005812,0.070180,0.075056
[fold_2] 240,0.005500,0.067944,0.068856
[fold_2] 250,0.003473,0.065329,0.069351
[fold_2] 260,0.004874,0.068413,0.069070
[fold_2] 270,0.002927,0.059777,0.062340
[fold_2] 280,0.002811,0.062825,0.067494
[fold_2] 290,0.002841,0.060058,0.061894
[fold_2] 300,0.004681,0.057430,0.060395
[fold_2] 310,0.003332,0.058728,0.060218
[fold_2] 320,0.003152,0.059027,0.060504
[fold_2] 330,0.005074,0.060985,0.064995
[fold_2] 340,0.003204,0.063808,0.064443
[fold_2] 350,0.004521,0.055475,0.057198
[fold_2] 360,0.003220,0.053840,0.055955
[fold_2] 370,0.003061,0.053426,0.055589
[fold_2] 380,0.003553,0.053445,0.055247
[fold_2] 390,0.002999,0.053317,0.055078
[fold_2] 400,0.003006,0.052554,0.054914
[fold_2] 410,0.002530,0.052640,0.055197
[fold_2] 420,0.002400,0.053625,0.056640
[fold_2] 430,0.002159,0.059176,0.063421
[fold_2] 440,0.003411,0.051360,0.053752
[fold_2] 450,0.003301,0.052700,0.053933
[fold_2] 460,0.002485,0.051363,0.053127
[fold_2] 470,0.002830,0.050878,0.053122
[fold_2] 480,0.002262,0.051468,0.054194
[fold_2] 490,0.001967,0.050637,0.052840
[fold_2] 500,0.003138,0.051172,0.054026
[fold_2] 510,0.003303,0.050433,0.052841
[fold_2] 520,0.002457,0.050168,0.052547
[fold_2] 530,0.002896,0.049956,0.052096
[fold_2] 540,0.002502,0.049872,0.052188
[fold_2] 550,0.001875,0.049667,0.052037
[fold_2] 560,0.001974,0.049601,0.052042
[fold_2] 570,0.003013,0.049522,0.051402
[fold_2] 580,0.001966,0.049165,0.051557
[fold_2] 590,0.002312,0.049687,0.052601
[fold_2] 600,0.002333,0.051443,0.054999
[fold_2] 610,0.002125,0.049913,0.051432
[fold_2] 620,0.001928,0.048620,0.050984
[fold_2] 630,0.002421,0.049810,0.052879
[fold_2] 640,0.003424,0.049163,0.050704
[fold_2] 650,0.003055,0.048610,0.051139
[fold_2] 660,0.002614,0.048682,0.051269
[fold_2] 670,0.003237,0.048759,0.050441
[fold_2] 680,0.001723,0.048309,0.050889
[fold_2] 690,0.003224,0.048150,0.050226
[fold_2] 700,0.001908,0.048009,0.050513
[fold_2] 710,0.003125,0.047984,0.050703
[fold_2] 720,0.002999,0.047935,0.050229
[fold_2] 730,0.002772,0.047774,0.050230
[fold_2] 740,0.002057,0.047834,0.050043
[fold_2] 750,0.003064,0.047795,0.049944
[fold_2] 760,0.002076,0.047619,0.050091
[fold_2] 770,0.003886,0.047579,0.049869
[fold_2] 780,0.002203,0.047564,0.049760
[fold_2] 790,0.002042,0.047479,0.049754
[fold_2] 800,0.002504,0.047471,0.049749
[fold_2] 810,0.002271,0.047703,0.049614
[fold_2] 820,0.002056,0.047429,0.049566
[fold_2] 830,0.002846,0.047351,0.049624
[fold_2] 840,0.002466,0.047319,0.049758
[fold_2] 850,0.002704,0.047431,0.049385
[fold_2] 860,0.002252,0.047261,0.049700
[fold_2] 870,0.002065,0.048297,0.049767
[fold_2] 880,0.001579,0.047738,0.050549
[fold_2] 890,0.002283,0.047118,0.049227
[fold_2] 900,0.001879,0.047454,0.049234
[fold_2] 910,0.002139,0.047043,0.049368
[fold_2] 920,0.001789,0.047237,0.049167
[fold_2] 930,0.002560,0.047048,0.049516
[fold_2] 940,0.001697,0.046982,0.049121
[fold_2] 950,0.002884,0.047074,0.049012
[fold_2] 960,0.002538,0.047024,0.048975
[fold_2] 970,0.002288,0.046960,0.049391
[fold_2] 980,0.001812,0.047480,0.049074
[fold_2] 990,0.001776,0.046939,0.049327
[fold_2] 1000,0.001760,0.046835,0.049078
[fold_2] 1010,0.002043,0.047079,0.048833
[fold_2] 1020,0.002890,0.046796,0.048863
[fold_2] 1030,0.002500,0.047151,0.049741
[fold_2] 1040,0.002167,0.046760,0.048943
[fold_2] 1050,0.002485,0.047426,0.048966
[fold_2] 1060,0.002896,0.046752,0.048765
[fold_2] 1070,0.002616,0.046728,0.049012
[fold_2] 1080,0.002689,0.046803,0.048703
[fold_2] 1090,0.001913,0.046662,0.048766
[fold_2] 1100,0.002541,0.046775,0.049196
[fold_2] 1110,0.002644,0.046619,0.048788
[fold_2] 1120,0.002577,0.046799,0.048625
[fold_2] 1130,0.002164,0.046667,0.048601
[fold_2] 1140,0.001932,0.046753,0.049204
[fold_2] 1150,0.002555,0.046548,0.048716
[fold_2] 1160,0.001859,0.046757,0.048558
[fold_2] 1170,0.002750,0.046533,0.048791
[fold_2] 1180,0.002617,0.046508,0.048753
[fold_2] 1190,0.001701,0.046542,0.048510
[fold_2] 1200,0.002403,0.046679,0.048494
[fold_2] 1210,0.002494,0.046435,0.048631
[fold_2] 1220,0.001590,0.046454,0.048483
[fold_2] 1230,0.002430,0.046393,0.048550
[fold_2] 1240,0.002683,0.046387,0.048677
[fold_2] 1250,0.001833,0.046361,0.048509
[fold_2] 1260,0.002289,0.046413,0.048413
[fold_2] 1270,0.002160,0.046333,0.048437
[fold_2] 1280,0.002426,0.046356,0.048375
[fold_2] 1290,0.002245,0.046289,0.048558
[fold_2] 1300,0.001924,0.046278,0.048571
[fold_2] 1310,0.001789,0.046301,0.048323
[fold_2] 1320,0.001705,0.046308,0.048303
[fold_2] 1330,0.002347,0.046219,0.048519
[fold_2] 1340,0.002236,0.046244,0.048288
[fold_2] 1350,0.002035,0.046222,0.048612
[fold_2] 1360,0.002124,0.046269,0.048234
[fold_2] 1370,0.001933,0.046211,0.048225
[fold_2] 1380,0.002683,0.046107,0.048356
[fold_2] 1390,0.002468,0.046119,0.048476
[fold_2] 1400,0.001983,0.046088,0.048230
[fold_2] 1410,0.003011,0.046082,0.048430
[fold_2] 1420,0.002081,0.046032,0.048244
[fold_2] 1430,0.002179,0.046052,0.048119
[fold_4] 0,1.790513,1.355369,1.349450
[fold_4] 1,1.876045,1.338479,1.332600
[fold_4] 10,1.582897,1.228841,1.223384
[fold_4] 20,1.255298,1.106342,1.100365
[fold_4] 30,0.933564,0.944628,0.937385
[fold_4] 40,0.770945,0.880566,0.873340
[fold_4] 50,0.721899,0.837299,0.831092
[fold_4] 60,0.613256,0.757341,0.751809
[fold_4] 70,0.296050,0.544600,0.544053
[fold_4] 80,0.248323,0.495699,0.495126
[fold_4] 90,0.173857,0.410801,0.409359
[fold_4] 100,0.099434,0.311284,0.308897
[fold_4] 110,0.042556,0.205638,0.203222
[fold_4] 120,0.020305,0.164594,0.164010
[fold_4] 130,0.015488,0.137636,0.136213
[fold_4] 140,0.015763,0.110404,0.107454
[fold_4] 150,0.011213,0.089206,0.083553
[fold_4] 160,0.009010,0.097989,0.090464
[fold_4] 170,0.012300,0.084226,0.077123
[fold_4] 180,0.005364,0.082066,0.075838
[fold_4] 190,0.006197,0.076067,0.070831
[fold_4] 200,0.005113,0.072754,0.066551
[fold_4] 210,0.006195,0.073783,0.066896
[fold_4] 220,0.005664,0.078105,0.070849
[fold_4] 230,0.002801,0.077837,0.072130
[fold_4] 240,0.004441,0.077806,0.071600
[fold_4] 250,0.002671,0.068256,0.063412
[fold_4] 260,0.002755,0.062540,0.057934
[fold_4] 270,0.004253,0.065615,0.061074
[fold_4] 280,0.005061,0.059569,0.054229
[fold_4] 290,0.003909,0.061096,0.055839
[fold_4] 300,0.004714,0.066019,0.060374
[fold_4] 310,0.002978,0.075394,0.070815
[fold_4] 320,0.003246,0.059863,0.054965
[fold_4] 330,0.004289,0.056713,0.051747
[fold_4] 340,0.004981,0.056017,0.050975
[fold_4] 350,0.002672,0.055372,0.050616
[fold_4] 360,0.003465,0.055338,0.050568
[fold_4] 370,0.002958,0.056646,0.051757
[fold_4] 380,0.003580,0.054625,0.049930
[fold_4] 390,0.003468,0.054391,0.049792
[fold_4] 400,0.003957,0.053859,0.049199
[fold_4] 410,0.003133,0.053644,0.048983
[fold_4] 420,0.003096,0.053209,0.048594
[fold_4] 430,0.002295,0.054503,0.050292
[fold_4] 440,0.002835,0.054312,0.050080
[fold_4] 450,0.003513,0.052022,0.047644
[fold_4] 460,0.003151,0.054190,0.049933
[fold_4] 470,0.002695,0.052833,0.048791
[fold_4] 480,0.003071,0.051741,0.047683
[fold_4] 490,0.002874,0.051157,0.047011
[fold_4] 500,0.002386,0.050845,0.046517
[fold_4] 510,0.003523,0.051632,0.047227
[fold_4] 520,0.002562,0.053851,0.049808
[fold_4] 530,0.003992,0.051466,0.047346
[fold_4] 540,0.002340,0.050336,0.046058
[fold_4] 550,0.002818,0.050312,0.045994
[fold_4] 560,0.002708,0.050769,0.046577
[fold_4] 570,0.002722,0.051168,0.046805
[fold_4] 580,0.002803,0.050035,0.045765
[fold_4] 590,0.003059,0.050790,0.046661
[fold_4] 600,0.003200,0.050149,0.045810
[fold_4] 610,0.002402,0.050008,0.045756
[fold_4] 620,0.002115,0.049746,0.045485
[fold_4] 630,0.002862,0.049943,0.045599
[fold_4] 640,0.002904,0.049501,0.045211
[fold_4] 650,0.001978,0.049427,0.045180
[fold_4] 660,0.003278,0.049363,0.045142
[fold_4] 670,0.002256,0.049660,0.045408
[fold_4] 680,0.001671,0.049125,0.044971
[fold_4] 690,0.001973,0.049085,0.044973
[fold_4] 700,0.002690,0.049006,0.044825
[fold_4] 710,0.002203,0.048974,0.044827
[fold_4] 720,0.002103,0.048876,0.044684
[fold_4] 730,0.003005,0.048798,0.044600
[fold_4] 740,0.002285,0.048713,0.044545
[fold_4] 750,0.001817,0.048639,0.044430
[fold_4] 760,0.002210,0.049017,0.044730
[fold_4] 770,0.002738,0.048519,0.044333
[fold_4] 780,0.003023,0.048411,0.044255
[fold_4] 790,0.002247,0.048503,0.044412
[fold_4] 800,0.003007,0.049632,0.045389
[fold_4] 810,0.002001,0.048291,0.044239
[fold_4] 820,0.003015,0.047985,0.043865
[fold_4] 830,0.002982,0.047964,0.043842
[fold_4] 840,0.002119,0.047791,0.043828
[fold_4] 850,0.001954,0.047653,0.043714
[fold_4] 860,0.002437,0.047638,0.043741
[fold_4] 870,0.001905,0.047518,0.043663
[fold_4] 880,0.001812,0.047572,0.043765
[fold_4] 890,0.002424,0.047449,0.043530
[fold_4] 900,0.002660,0.047796,0.043828
[fold_4] 910,0.001775,0.047155,0.043246
[fold_4] 920,0.001820,0.047108,0.043138
[fold_4] 930,0.002388,0.047453,0.043466
[fold_4] 940,0.002425,0.046841,0.042869
[fold_4] 950,0.001879,0.046848,0.042964
[fold_4] 960,0.002064,0.046683,0.042697
[fold_4] 970,0.002129,0.046597,0.042665
[fold_4] 980,0.002424,0.047479,0.043536
[fold_4] 990,0.002168,0.046443,0.042574
[fold_4] 1000,0.001780,0.046515,0.042648
[fold_4] 1010,0.002289,0.046565,0.042601
[fold_4] 1020,0.002119,0.047678,0.043895
[fold_4] 1030,0.002403,0.046747,0.042771
[fold_4] 1040,0.001729,0.046706,0.042837
[fold_4] 1050,0.002564,0.046373,0.042401
[fold_4] 1060,0.002950,0.046202,0.042352
[fold_4] 1070,0.002192,0.045946,0.042019
[fold_4] 1080,0.001704,0.045953,0.042055
[fold_4] 1090,0.002074,0.046074,0.042114
[fold_4] 1100,0.002695,0.046040,0.042175
[fold_4] 1110,0.002135,0.045844,0.041945
[fold_4] 1120,0.002183,0.045795,0.041853
[fold_4] 1130,0.001949,0.045957,0.041979
[fold_4] 1140,0.001468,0.045979,0.042097
[fold_4] 1150,0.002205,0.046192,0.042221
[fold_4] 1160,0.002502,0.045699,0.041778
[fold_4] 1170,0.002000,0.045670,0.041749
[fold_4] 1180,0.001596,0.045656,0.041729
[fold_4] 1190,0.002254,0.045674,0.041780
[fold_4] 1200,0.002372,0.045645,0.041696
[fold_4] 1210,0.001987,0.045679,0.041733
[fold_4] 1220,0.001581,0.045573,0.041687
[fold_4] 1230,0.002250,0.045561,0.041686
[fold_4] 1240,0.001494,0.045531,0.041652
[fold_4] 1250,0.001709,0.045687,0.041851
[fold_4] 1260,0.002032,0.045723,0.041869
[fold_4] 1270,0.002992,0.045487,0.041590
[fold_4] 1280,0.001627,0.045494,0.041582
[fold_4] 1290,0.002152,0.045456,0.041571
[fold_4] 1300,0.001622,0.045478,0.041586
[fold_4] 1310,0.001929,0.045611,0.041669
[fold_4] 1320,0.001880,0.045394,0.041511
[fold_4] 1330,0.002123,0.045401,0.041556
[fold_4] 1340,0.001720,0.045394,0.041517
[fold_4] 1350,0.003044,0.045328,0.041463
[fold_4] 1360,0.001598,0.045565,0.041754
[fold_4] 1370,0.002348,0.045350,0.041489
[fold_4] 1380,0.002704,0.045291,0.041434
[fold_4] 1390,0.002179,0.045280,0.041423
[fold_4] 1400,0.002185,0.045245,0.041372
[fold_4] 1410,0.001598,0.045260,0.041410
[fold_4] 1420,0.003002,0.045273,0.041447
[fold_4] 1430,0.002615,0.045525,0.041639
[fold_4] 1440,0.002193,0.045256,0.041425
[fold_4] 1450,0.001646,0.045147,0.041296
[fold_4] 1460,0.001844,0.045212,0.041343
[fold_5] 0,2.005364,1.356123,1.349921
[fold_5] 1,1.834069,1.339268,1.333307
[fold_5] 10,1.650748,1.232406,1.228433
[fold_5] 20,1.203708,1.112062,1.107629
[fold_5] 30,0.960550,0.953610,0.949745
[fold_5] 40,0.790736,0.880613,0.878286
[fold_5] 50,0.707269,0.841933,0.839544
[fold_5] 60,0.634600,0.780391,0.778182
[fold_5] 70,0.325495,0.554083,0.545429
[fold_5] 80,0.267251,0.493423,0.485832
[fold_5] 90,0.172621,0.400041,0.394908
[fold_5] 100,0.094395,0.290131,0.285734
[fold_5] 110,0.037143,0.197712,0.188074
[fold_5] 120,0.026862,0.164007,0.149280
[fold_5] 130,0.018180,0.145539,0.145913
[fold_5] 140,0.016677,0.112738,0.109488
[fold_5] 150,0.017749,0.100987,0.099295
[fold_5] 160,0.008647,0.087499,0.082220
[fold_5] 170,0.011780,0.084349,0.079827
[fold_5] 180,0.006294,0.078231,0.071353
[fold_5] 190,0.008778,0.076081,0.072814
[fold_5] 200,0.007664,0.073494,0.070240
[fold_5] 210,0.007641,0.084422,0.085523
[fold_5] 220,0.004588,0.075007,0.075837
[fold_5] 230,0.005742,0.064139,0.060100
[fold_5] 240,0.006558,0.071449,0.072175
[fold_5] 250,0.005665,0.081503,0.084846
[fold_5] 260,0.004802,0.068627,0.069146
[fold_5] 270,0.004354,0.060606,0.052572
[fold_5] 280,0.003530,0.058281,0.053754
[fold_5] 290,0.003967,0.058503,0.051595
[fold_5] 300,0.003401,0.056836,0.051866
[fold_5] 310,0.004304,0.059875,0.058693
[fold_5] 320,0.003057,0.055979,0.052275
[fold_5] 330,0.003834,0.055346,0.051557
[fold_5] 340,0.002795,0.055049,0.051908
[fold_5] 350,0.002619,0.054701,0.051667
[fold_5] 360,0.002210,0.054271,0.051060
[fold_5] 370,0.002817,0.054536,0.052067
[fold_5] 380,0.003708,0.055583,0.054277
[fold_5] 390,0.003774,0.054557,0.052884
[fold_5] 400,0.002813,0.053214,0.049237
[fold_5] 410,0.003225,0.053044,0.048995
[fold_5] 420,0.002720,0.052921,0.049231
[fold_5] 430,0.002464,0.052901,0.048257
[fold_5] 440,0.002636,0.052569,0.048572
[fold_5] 450,0.002282,0.052526,0.048016
[fold_5] 460,0.002232,0.053266,0.047747
[fold_5] 470,0.002829,0.052227,0.047784
[fold_5] 480,0.002303,0.052794,0.047396
[fold_5] 490,0.003385,0.052057,0.047401
[fold_5] 500,0.003205,0.051992,0.048916
[fold_5] 510,0.002167,0.051595,0.047578
[fold_5] 520,0.002601,0.051496,0.047744
[fold_5] 530,0.002320,0.051410,0.047702
[fold_5] 540,0.003073,0.051363,0.047287
[fold_5] 550,0.002785,0.051228,0.047968
[fold_5] 560,0.002544,0.051122,0.047298
[fold_5] 570,0.003653,0.051017,0.047697
[fold_5] 580,0.001971,0.051042,0.047003
[fold_5] 590,0.001911,0.050932,0.047184
[fold_5] 600,0.002965,0.050860,0.047436
[fold_5] 610,0.002126,0.050863,0.047020
[fold_5] 620,0.002738,0.050818,0.047766
[fold_5] 630,0.001984,0.050771,0.047603
[fold_5] 640,0.002668,0.050835,0.046846
[fold_5] 650,0.003668,0.050705,0.047401
[fold_5] 660,0.002318,0.050729,0.047730
[fold_5] 670,0.002172,0.050759,0.046836
[fold_5] 680,0.002168,0.050754,0.047967
[fold_5] 690,0.005171,0.050667,0.047714
[fold_5] 700,0.002160,0.050625,0.046960
[fold_5] 710,0.003407,0.050578,0.047180
[fold_5] 720,0.002399,0.050584,0.046969
[fold_5] 730,0.002167,0.050580,0.046908
[fold_5] 740,0.002490,0.050790,0.048366
[fold_5] 750,0.002908,0.050573,0.047704
[fold_5] 760,0.002708,0.050506,0.047029
[fold_5] 770,0.002017,0.050503,0.046944
[fold_3] 0,1.818775,1.355816,1.365160
[fold_3] 1,1.851362,1.338981,1.348305
[fold_3] 10,1.502813,1.231977,1.240589
[fold_3] 20,1.260854,1.110564,1.118458
[fold_3] 30,0.940976,0.951293,0.957417
[fold_3] 40,0.768393,0.880750,0.884270
[fold_3] 50,0.687894,0.843201,0.846269
[fold_3] 60,0.617668,0.785743,0.787804
[fold_3] 70,0.369517,0.559318,0.559362
[fold_3] 80,0.272912,0.503942,0.502085
[fold_3] 90,0.165770,0.401099,0.400259
[fold_3] 100,0.102879,0.295566,0.295214
[fold_3] 110,0.040740,0.192639,0.193897
[fold_3] 120,0.016159,0.160442,0.158582
[fold_3] 130,0.011797,0.115690,0.117756
[fold_3] 140,0.012394,0.110290,0.110203
[fold_3] 150,0.009687,0.090724,0.093743
[fold_3] 160,0.008138,0.082810,0.087510
[fold_3] 170,0.009786,0.078000,0.082254
[fold_3] 180,0.006043,0.082785,0.089065
[fold_3] 190,0.005372,0.071161,0.072703
[fold_3] 200,0.005302,0.078662,0.083787
[fold_3] 210,0.006075,0.069214,0.072439
[fold_3] 220,0.008193,0.065359,0.066916
[fold_3] 230,0.007085,0.084266,0.081771
[fold_3] 240,0.004958,0.067365,0.065893
[fold_3] 250,0.004611,0.075820,0.072957
[fold_3] 260,0.005966,0.059716,0.060544
[fold_3] 270,0.004941,0.057781,0.059949
[fold_3] 280,0.002964,0.057202,0.057097
[fold_3] 290,0.003626,0.057745,0.058159
[fold_3] 300,0.005138,0.053986,0.055681
[fold_3] 310,0.002521,0.059790,0.063591
[fold_3] 320,0.004540,0.059470,0.063390
[fold_3] 330,0.004812,0.061357,0.060301
[fold_3] 340,0.003808,0.052925,0.056134
[fold_3] 350,0.002645,0.060239,0.059407
[fold_3] 360,0.003801,0.055020,0.058329
[fold_3] 370,0.002360,0.050775,0.053172
[fold_3] 380,0.002411,0.049414,0.051080
[fold_3] 390,0.003197,0.049752,0.051726
[fold_3] 400,0.003308,0.052687,0.055458
[fold_3] 410,0.003126,0.048476,0.049753
[fold_3] 420,0.001884,0.050490,0.050018
[fold_3] 430,0.002234,0.047775,0.048360
[fold_3] 440,0.002269,0.047684,0.048070
[fold_3] 450,0.001997,0.047396,0.048084
[fold_3] 460,0.002010,0.047110,0.048173
[fold_3] 470,0.002481,0.048645,0.048398
[fold_3] 480,0.003143,0.047042,0.048873
[fold_3] 490,0.001774,0.046731,0.047386
[fold_3] 500,0.002552,0.046829,0.048658
[fold_3] 510,0.002842,0.046307,0.047029
[fold_3] 520,0.003444,0.046295,0.046914
[fold_3] 530,0.001883,0.046037,0.047661
[fold_3] 540,0.001778,0.047419,0.049753
[fold_3] 550,0.002035,0.045911,0.047601
[fold_3] 560,0.004566,0.045981,0.046530
[fold_3] 570,0.003754,0.045530,0.046983
[fold_3] 580,0.001641,0.045401,0.046484
[fold_3] 590,0.001970,0.045469,0.046332
[fold_3] 600,0.002664,0.045650,0.047437
[fold_3] 610,0.002241,0.045216,0.046260
[fold_3] 620,0.001682,0.045190,0.046643
[fold_3] 630,0.001921,0.045426,0.046064
[fold_3] 640,0.001924,0.045846,0.047818
[fold_3] 650,0.002052,0.045583,0.046032
[fold_3] 660,0.001905,0.044873,0.045970
[fold_3] 670,0.002126,0.044902,0.046253
[fold_3] 680,0.002517,0.045068,0.045635
[fold_3] 690,0.002453,0.045210,0.046904
[fold_3] 700,0.002864,0.044646,0.045719
[fold_3] 710,0.002116,0.044852,0.046425
[fold_3] 720,0.001251,0.044617,0.045411
[fold_3] 730,0.002007,0.044481,0.045611
[fold_3] 740,0.001855,0.044587,0.046009
[fold_3] 750,0.002680,0.044418,0.045571
[fold_3] 760,0.001851,0.044416,0.045649
[fold_3] 770,0.002408,0.044404,0.045682
[fold_3] 780,0.001718,0.044375,0.045630
[fold_3] 790,0.001697,0.044343,0.045419
[fold_3] 800,0.001805,0.044359,0.045323
[fold_3] 810,0.003506,0.044323,0.045493
[fold_3] 820,0.001951,0.044354,0.045657
[fold_3] 830,0.001504,0.044417,0.045221
[fold_3] 840,0.001819,0.044302,0.045317
[fold_3] 850,0.003013,0.044329,0.045637
[fold_3] 860,0.001511,0.044274,0.045297
[fold_3] 870,0.002240,0.044289,0.045222
[fold_3] 880,0.001823,0.044273,0.045507
[fold_3] 890,0.002191,0.044290,0.045590
[fold_3] 900,0.001728,0.044332,0.045147
[fold_3] 910,0.001853,0.044217,0.045399
[fold_3] 920,0.002016,0.044226,0.045482
[fold_3] 930,0.002210,0.044206,0.045448
[fold_3] 940,0.002223,0.044175,0.045335
[fold_3] 950,0.001954,0.044272,0.045686
[fold_3] 960,0.002222,0.044143,0.045276
[fold_3] 970,0.001590,0.044264,0.045042
[fold_3] 980,0.002538,0.044125,0.045141
[fold_3] 990,0.002138,0.044179,0.045529
[fold_3] 1000,0.001678,0.044090,0.045218
[fold_3] 1010,0.002364,0.044080,0.045147
[fold_3] 1020,0.001873,0.044066,0.045214
[fold_3] 1030,0.002419,0.044079,0.045037
[fold_3] 1040,0.002582,0.044049,0.045240
[fold_3] 1050,0.001730,0.044089,0.045425
[fold_3] 1060,0.001648,0.044045,0.044998
[fold_3] 1070,0.001950,0.044006,0.045193
[fold_3] 1080,0.002204,0.044117,0.045555
[fold_3] 1090,0.002011,0.043984,0.045208
[fold_3] 1100,0.001712,0.044109,0.044877
[fold_3] 1110,0.001509,0.044054,0.044874
[fold_3] 1120,0.002366,0.043939,0.045030
[fold_3] 1130,0.002089,0.043997,0.045323
[fold_3] 1140,0.002238,0.043914,0.045081
[fold_3] 1150,0.002153,0.043913,0.045156
[fold_3] 1160,0.001826,0.043995,0.044803
[fold_3] 1170,0.002399,0.043899,0.045179
[fold_3] 1180,0.001955,0.043860,0.044906
[fold_3] 1190,0.002404,0.043925,0.044768
[fold_3] 1200,0.001731,0.043842,0.044833
[fold_3] 1210,0.002223,0.043920,0.045292
[fold_3] 1220,0.002248,0.043883,0.044712
[fold_3] 1230,0.002424,0.043853,0.044709
[fold_3] 1240,0.002024,0.043774,0.044878
[fold_3] 1250,0.002748,0.043777,0.044984
[fold_3] 1260,0.002153,0.043778,0.045021
[fold_3] 1270,0.001864,0.043748,0.044739
[fold_3] 1280,0.001698,0.043763,0.044691
[fold_3] 1290,0.001754,0.043716,0.044793
[fold_3] 1300,0.002188,0.043724,0.044812
[fold_3] 1310,0.001981,0.043753,0.045039
[fold_3] 1320,0.001544,0.043665,0.044776
[fold_3] 1330,0.001909,0.043783,0.044531
[fold_3] 1340,0.002432,0.043638,0.044719
[fold_3] 1350,0.002041,0.043874,0.045396
[fold_3] 1360,0.001468,0.043612,0.044585
[fold_3] 1370,0.001467,0.043601,0.044569
[fold_3] 1380,0.001749,0.043736,0.045194
[fold_3] 1390,0.001887,0.043555,0.044733
[fold_3] 1400,0.002166,0.043533,0.044576
[fold_3] 1410,0.002031,0.043624,0.044431
[fold_3] 1420,0.001846,0.043520,0.044554
[fold_3] 1430,0.001490,0.043508,0.044456
[fold_3] 1440,0.002322,0.043649,0.044352

Cross-validation summary
Mean train RMSE norm      : 0.044987
Mean validation RMSE norm : 0.044802
Median best epoch         : 1430
Best-so-far checkpoint    : kept previous
Training-curve plot       : plots/cross_validation_curves.png
