[fold_1] 0,1.058182,1.000000,1.007238
[fold_1] 1,1.072147,0.998889,1.006131
[fold_1] 10,0.999212,0.974931,0.982205
[fold_1] 20,0.792261,0.901535,0.908764
[fold_1] 30,0.628191,0.744067,0.750514
[fold_1] 40,0.238594,0.479760,0.480198
[fold_1] 50,0.166504,0.394278,0.397751
[fold_1] 60,0.069984,0.259779,0.270505
[fold_1] 70,0.045300,0.203621,0.220799
[fold_1] 80,0.023646,0.162907,0.180901
[fold_1] 90,0.025411,0.144156,0.161447
[fold_1] 100,0.020033,0.127002,0.145904
[fold_1] 110,0.013412,0.116665,0.138321
[fold_1] 120,0.008529,0.109780,0.132897
[fold_1] 130,0.011836,0.103050,0.125453
[fold_1] 140,0.012160,0.098051,0.118341
[fold_1] 150,0.010385,0.093405,0.112858
[fold_1] 160,0.006260,0.087964,0.106828
[fold_1] 170,0.007111,0.084361,0.102425
[fold_1] 180,0.007896,0.079800,0.097603
[fold_1] 190,0.004570,0.076285,0.097011
[fold_1] 200,0.005099,0.073246,0.090972
[fold_1] 210,0.005237,0.074700,0.088120
[fold_1] 220,0.005877,0.073653,0.087313
[fold_1] 230,0.003033,0.078216,0.096831
[fold_1] 240,0.004987,0.068017,0.088121
[fold_1] 250,0.004718,0.065447,0.082220
[fold_1] 260,0.003649,0.064858,0.080276
[fold_1] 270,0.005484,0.064310,0.079729
[fold_1] 280,0.003700,0.063595,0.083652
[fold_1] 290,0.004908,0.062195,0.078853
[fold_1] 300,0.002899,0.062229,0.079169
[fold_1] 310,0.003203,0.059560,0.075864
[fold_1] 320,0.004631,0.061333,0.075572
[fold_1] 330,0.003486,0.058909,0.074482
[fold_1] 340,0.004148,0.058435,0.075816
[fold_1] 350,0.002793,0.057436,0.072426
[fold_1] 360,0.002422,0.056561,0.074847
[fold_1] 370,0.003721,0.060618,0.073376
[fold_1] 380,0.003850,0.056339,0.070548
[fold_1] 390,0.003283,0.055500,0.073897
[fold_1] 400,0.001706,0.054712,0.072985
[fold_1] 410,0.002231,0.054482,0.070972
[fold_1] 420,0.002669,0.053190,0.069560
[fold_1] 430,0.003202,0.054692,0.067286
[fold_1] 440,0.003491,0.053071,0.068575
[fold_1] 450,0.003959,0.052405,0.067295
[fold_1] 460,0.002296,0.052897,0.066278
[fold_1] 470,0.003275,0.054283,0.066405
[fold_1] 480,0.002218,0.052495,0.070247
[fold_1] 490,0.002875,0.051293,0.066534
[fold_1] 500,0.002245,0.052109,0.066332
[fold_1] 510,0.002636,0.051704,0.068803
[fold_1] 520,0.002168,0.051077,0.067914
[fold_1] 530,0.003518,0.050713,0.065647
[fold_1] 540,0.001635,0.050613,0.066958
[fold_1] 550,0.002178,0.050790,0.067677
[fold_1] 560,0.002093,0.050864,0.066535
[fold_1] 570,0.002697,0.050563,0.067060
[fold_1] 580,0.002212,0.050547,0.066752
[fold_1] 590,0.002888,0.050355,0.066286
[fold_1] 600,0.002517,0.050344,0.066697
[fold_1] 610,0.003047,0.050295,0.066433
[fold_1] 620,0.002248,0.050267,0.066158
[fold_1] 630,0.001666,0.050284,0.065632
[fold_1] 640,0.003270,0.050281,0.065531
[fold_1] 650,0.002662,0.050259,0.065607
[fold_1] 660,0.003426,0.050276,0.065399
[fold_1] 670,0.002835,0.050429,0.064937
[fold_1] 680,0.002961,0.050344,0.065238
[fold_1] 690,0.002157,0.050234,0.065887
[fold_1] 700,0.002078,0.050217,0.066354
[fold_1] 710,0.001995,0.050198,0.066292
[fold_1] 720,0.002004,0.050172,0.066032
[fold_1] 730,0.002085,0.050198,0.066102
[fold_1] 740,0.002984,0.050163,0.065792
[fold_1] 750,0.003433,0.050150,0.065899
[fold_1] 760,0.002233,0.050148,0.065803
[fold_1] 770,0.002929,0.050140,0.065984
[fold_5] 0,0.943560,1.000000,0.996132
[fold_5] 1,1.027120,0.998891,0.995009
[fold_5] 10,0.974115,0.974787,0.970807
[fold_5] 20,0.820932,0.901083,0.897124
[fold_5] 30,0.589899,0.743704,0.740161
[fold_5] 40,0.258820,0.486949,0.481874
[fold_5] 50,0.179963,0.398175,0.395066
[fold_5] 60,0.065061,0.269655,0.259136
[fold_5] 70,0.039942,0.213675,0.200688
[fold_5] 80,0.029698,0.174289,0.158752
[fold_5] 90,0.017099,0.151867,0.136499
[fold_5] 100,0.013530,0.133493,0.118819
[fold_5] 110,0.017236,0.127790,0.116735
[fold_5] 120,0.011069,0.120051,0.108369
[fold_5] 130,0.013569,0.113588,0.101428
[fold_5] 140,0.010687,0.105794,0.090190
[fold_5] 150,0.005936,0.105653,0.087479
[fold_5] 160,0.009889,0.102138,0.087440
[fold_5] 170,0.005697,0.104708,0.086855
[fold_5] 180,0.010350,0.099336,0.079862
[fold_5] 190,0.009660,0.089993,0.073150
[fold_5] 200,0.007444,0.089253,0.072262
[fold_5] 210,0.008100,0.084405,0.071446
[fold_5] 220,0.008422,0.081600,0.066403
[fold_5] 230,0.006898,0.083623,0.069377
[fold_5] 240,0.004764,0.081287,0.066233
[fold_5] 250,0.003997,0.074237,0.063771
[fold_5] 260,0.004736,0.073644,0.063691
[fold_5] 270,0.003738,0.076738,0.062790
[fold_5] 280,0.007978,0.070729,0.060720
[fold_5] 290,0.005496,0.076470,0.070219
[fold_5] 300,0.003907,0.071908,0.064791
[fold_5] 310,0.004330,0.068269,0.059470
[fold_5] 320,0.005735,0.067898,0.057422
[fold_5] 330,0.005884,0.068176,0.058320
[fold_5] 340,0.004381,0.069116,0.059391
[fold_5] 350,0.003515,0.067134,0.056534
[fold_5] 360,0.002611,0.069371,0.057329
[fold_5] 370,0.005982,0.071746,0.061012
[fold_5] 380,0.006601,0.073229,0.062003
[fold_5] 390,0.004593,0.064669,0.059357
[fold_5] 400,0.004584,0.065242,0.058866
[fold_5] 410,0.003449,0.062440,0.052741
[fold_5] 420,0.004625,0.063010,0.055437
[fold_5] 430,0.003396,0.063756,0.059940
[fold_5] 440,0.003696,0.061287,0.052677
[fold_5] 450,0.002850,0.062724,0.051902
[fold_5] 460,0.005428,0.061248,0.055414
[fold_5] 470,0.003111,0.061022,0.055278
[fold_5] 480,0.004847,0.063865,0.060005
[fold_5] 490,0.002781,0.061312,0.051088
[fold_5] 500,0.003575,0.059780,0.053446
[fold_5] 510,0.006301,0.060030,0.052443
[fold_5] 520,0.004167,0.059653,0.053003
[fold_5] 530,0.003585,0.059409,0.050627
[fold_5] 540,0.003780,0.059808,0.053494
[fold_5] 550,0.002727,0.059242,0.052841
[fold_5] 560,0.002200,0.059243,0.050465
[fold_5] 570,0.003769,0.058883,0.052463
[fold_5] 580,0.005791,0.059071,0.050753
[fold_5] 590,0.003024,0.059774,0.054909
[fold_5] 600,0.003415,0.058552,0.051640
[fold_5] 610,0.004212,0.058849,0.050334
[fold_5] 620,0.002472,0.058909,0.053521
[fold_5] 630,0.003674,0.058485,0.051307
[fold_5] 640,0.002639,0.058510,0.050941
[fold_5] 650,0.002261,0.058369,0.050806
[fold_5] 660,0.002529,0.058345,0.051138
[fold_5] 670,0.002343,0.058345,0.050738
[fold_5] 680,0.002615,0.058314,0.050769
[fold_5] 690,0.002415,0.058283,0.050921
[fold_5] 700,0.003837,0.058284,0.050814
[fold_5] 710,0.004323,0.058257,0.051007
[fold_4] 0,1.052639,1.000000,0.990148
[fold_4] 1,0.915938,0.998895,0.989052
[fold_4] 10,0.964553,0.975040,0.965290
[fold_4] 20,0.887931,0.901769,0.892237
[fold_4] 30,0.585285,0.746297,0.737706
[fold_4] 40,0.252935,0.486120,0.485627
[fold_4] 50,0.187467,0.413139,0.412373
[fold_4] 60,0.061283,0.262993,0.262732
[fold_4] 70,0.037934,0.212743,0.213286
[fold_4] 80,0.025962,0.176390,0.177643
[fold_4] 90,0.019223,0.150999,0.151734
[fold_4] 100,0.014750,0.132408,0.131851
[fold_4] 110,0.013367,0.123729,0.123103
[fold_4] 120,0.012676,0.119515,0.118861
[fold_4] 130,0.012258,0.112833,0.112921
[fold_4] 140,0.009770,0.107188,0.106651
[fold_4] 150,0.010024,0.101639,0.101503
[fold_4] 160,0.008256,0.097869,0.097080
[fold_4] 170,0.008193,0.095372,0.095047
[fold_4] 180,0.006381,0.089565,0.089604
[fold_4] 190,0.008805,0.086205,0.086151
[fold_4] 200,0.004197,0.083004,0.081885
[fold_4] 210,0.006435,0.079752,0.078768
[fold_4] 220,0.006609,0.078042,0.077219
[fold_4] 230,0.004596,0.076485,0.075560
[fold_4] 240,0.003737,0.073314,0.072906
[fold_4] 250,0.005105,0.071987,0.071256
[fold_4] 260,0.004517,0.071573,0.071188
[fold_4] 270,0.005644,0.069351,0.069185
[fold_4] 280,0.005410,0.070997,0.071753
[fold_4] 290,0.002641,0.081281,0.082717
[fold_4] 300,0.004401,0.078733,0.080126
[fold_4] 310,0.004799,0.068473,0.067582
[fold_4] 320,0.004263,0.072301,0.070895
[fold_4] 330,0.002671,0.065270,0.065243
[fold_4] 340,0.004521,0.065116,0.065885
[fold_4] 350,0.006228,0.064688,0.064659
[fold_4] 360,0.004204,0.065105,0.065960
[fold_4] 370,0.005148,0.064099,0.065302
[fold_4] 380,0.005693,0.062820,0.063074
[fold_4] 390,0.004995,0.063815,0.064865
[fold_4] 400,0.003027,0.063969,0.065347
[fold_4] 410,0.002818,0.061730,0.061949
[fold_4] 420,0.002834,0.061529,0.061890
[fold_4] 430,0.003132,0.061266,0.061497
[fold_4] 440,0.005535,0.062381,0.062207
[fold_4] 450,0.003841,0.061113,0.062351
[fold_4] 460,0.002908,0.060093,0.061037
[fold_4] 470,0.003606,0.062605,0.064024
[fold_4] 480,0.002810,0.064841,0.066576
[fold_4] 490,0.002131,0.065508,0.067400
[fold_4] 500,0.003111,0.061052,0.061133
[fold_4] 510,0.002190,0.062357,0.063909
[fold_4] 520,0.001878,0.059017,0.059829
[fold_4] 530,0.004615,0.058221,0.059054
[fold_4] 540,0.002649,0.059361,0.061032
[fold_4] 550,0.003984,0.059222,0.059864
[fold_4] 560,0.002645,0.059829,0.061561
[fold_4] 570,0.004553,0.058481,0.059027
[fold_4] 580,0.004836,0.058003,0.058542
[fold_4] 590,0.005061,0.057422,0.058368
[fold_4] 600,0.002068,0.057718,0.059033
[fold_4] 610,0.002551,0.057376,0.058406
[fold_4] 620,0.002321,0.057451,0.058695
[fold_4] 630,0.002618,0.057287,0.058452
[fold_4] 640,0.003811,0.057364,0.058620
[fold_4] 650,0.003234,0.058800,0.058691
[fold_4] 660,0.002233,0.057315,0.057989
[fold_4] 670,0.004560,0.057335,0.058571
[fold_4] 680,0.002869,0.057001,0.057950
[fold_4] 690,0.002547,0.057103,0.057871
[fold_4] 700,0.001829,0.057030,0.058175
[fold_4] 710,0.002475,0.057113,0.058196
[fold_4] 720,0.002132,0.057075,0.058286
[fold_4] 730,0.002057,0.056899,0.057827
[fold_4] 740,0.003062,0.056889,0.057878
[fold_4] 750,0.003872,0.056897,0.057856
[fold_4] 760,0.001834,0.056929,0.058035
[fold_4] 770,0.002203,0.056986,0.058156
[fold_4] 780,0.003420,0.056887,0.057904
[fold_4] 790,0.001993,0.056871,0.057867
[fold_4] 800,0.004320,0.056861,0.057862
[fold_4] 810,0.003001,0.056880,0.057686
[fold_4] 820,0.002631,0.056847,0.057655
[fold_4] 830,0.002658,0.056824,0.057747
[fold_4] 840,0.003695,0.056835,0.057861
[fold_4] 850,0.003037,0.056832,0.057880
[fold_4] 860,0.002411,0.056836,0.057909
[fold_4] 870,0.002262,0.056838,0.057926
[fold_4] 880,0.002812,0.056839,0.057936
[fold_4] 890,0.004396,0.056785,0.057771
[fold_4] 900,0.002469,0.056770,0.057729
[fold_4] 910,0.001990,0.056756,0.057627
[fold_4] 920,0.004837,0.056750,0.057740
[fold_4] 930,0.002526,0.056768,0.057560
[fold_4] 940,0.002464,0.056781,0.057538
[fold_4] 950,0.002344,0.056715,0.057652
[fold_4] 960,0.006800,0.056707,0.057655
[fold_4] 970,0.001974,0.056714,0.057552
[fold_4] 980,0.004689,0.056744,0.057804
[fold_4] 990,0.002871,0.056767,0.057900
[fold_4] 1000,0.001921,0.056678,0.057668
[fold_4] 1010,0.003052,0.056667,0.057622
[fold_4] 1020,0.002028,0.056698,0.057704
[fold_4] 1030,0.003556,0.056736,0.057849
[fold_4] 1040,0.002497,0.056662,0.057603
[fold_2] 0,0.943866,1.000000,0.997663
[fold_2] 1,0.987315,0.998887,0.996553
[fold_2] 10,0.881251,0.974756,0.972558
[fold_2] 20,0.810874,0.900610,0.898848
[fold_2] 30,0.593881,0.741283,0.740623
[fold_2] 40,0.224784,0.474144,0.471720
[fold_2] 50,0.191446,0.406428,0.401064
[fold_2] 60,0.070093,0.265326,0.259919
[fold_2] 70,0.039371,0.216043,0.210179
[fold_2] 80,0.025741,0.170511,0.164336
[fold_2] 90,0.024727,0.152187,0.146658
[fold_2] 100,0.017069,0.134031,0.129945
[fold_2] 110,0.019340,0.122210,0.118794
[fold_2] 120,0.014322,0.115694,0.112423
[fold_2] 130,0.012803,0.109539,0.106752
[fold_2] 140,0.006086,0.106752,0.104026
[fold_2] 150,0.007457,0.098752,0.096670
[fold_2] 160,0.011463,0.092943,0.091258
[fold_2] 170,0.011394,0.088057,0.086604
[fold_2] 180,0.010085,0.093311,0.092373
[fold_2] 190,0.006724,0.082253,0.080957
[fold_2] 200,0.008394,0.078969,0.077757
[fold_2] 210,0.005554,0.077205,0.076276
[fold_2] 220,0.006002,0.074282,0.073142
[fold_2] 230,0.003037,0.082727,0.081296
[fold_2] 240,0.006015,0.075116,0.073663
[fold_2] 250,0.003066,0.073269,0.072074
[fold_2] 260,0.007378,0.069063,0.067777
[fold_2] 270,0.005565,0.068345,0.067265
[fold_2] 280,0.005133,0.070277,0.069680
[fold_2] 290,0.005623,0.070012,0.069428
[fold_2] 300,0.003997,0.065497,0.064294
[fold_2] 310,0.002896,0.067779,0.066720
[fold_2] 320,0.004618,0.067567,0.066850
[fold_2] 330,0.002400,0.066536,0.066003
[fold_2] 340,0.003848,0.063492,0.063164
[fold_2] 350,0.003293,0.063357,0.062645
[fold_2] 360,0.003441,0.062917,0.062239
[fold_2] 370,0.002360,0.063068,0.062618
[fold_2] 380,0.003237,0.063777,0.063000
[fold_2] 390,0.004703,0.065567,0.065471
[fold_2] 400,0.007664,0.060817,0.060208
[fold_2] 410,0.003415,0.060416,0.059863
[fold_2] 420,0.004511,0.060094,0.059666
[fold_2] 430,0.003922,0.060304,0.059904
[fold_2] 440,0.003631,0.060977,0.060587
[fold_2] 450,0.003569,0.059491,0.059031
[fold_2] 460,0.003689,0.059314,0.058785
[fold_2] 470,0.002525,0.060428,0.059941
[fold_2] 480,0.004278,0.059231,0.058793
[fold_2] 490,0.004812,0.059439,0.059069
[fold_2] 500,0.002709,0.058754,0.058498
[fold_2] 510,0.004426,0.058839,0.058560
[fold_2] 520,0.003506,0.058757,0.058370
[fold_2] 530,0.003470,0.058463,0.058105
[fold_2] 540,0.002224,0.058367,0.058100
[fold_2] 550,0.002957,0.058277,0.057940
[fold_2] 560,0.003272,0.059954,0.059628
[fold_2] 570,0.002902,0.059479,0.059227
[fold_2] 580,0.003331,0.058006,0.057782
[fold_2] 590,0.003018,0.058338,0.058029
[fold_2] 600,0.004797,0.057830,0.057511
[fold_2] 610,0.002618,0.058401,0.058315
[fold_2] 620,0.002608,0.057931,0.057829
[fold_2] 630,0.002820,0.057489,0.057361
[fold_2] 640,0.002053,0.057464,0.057394
[fold_2] 650,0.004096,0.057943,0.058036
[fold_2] 660,0.004062,0.057285,0.057328
[fold_2] 670,0.003590,0.057130,0.057146
[fold_2] 680,0.002154,0.057118,0.057106
[fold_2] 690,0.004165,0.056995,0.057058
[fold_2] 700,0.003723,0.056882,0.056913
[fold_2] 710,0.003867,0.057517,0.057449
[fold_2] 720,0.003069,0.056673,0.056711
[fold_2] 730,0.001945,0.056755,0.056811
[fold_2] 740,0.004462,0.056438,0.056406
[fold_2] 750,0.003386,0.056474,0.056438
[fold_2] 760,0.005594,0.056554,0.056660
[fold_2] 770,0.003785,0.057045,0.057008
[fold_2] 780,0.001774,0.056446,0.056477
[fold_2] 790,0.002920,0.056792,0.056752
[fold_2] 800,0.002759,0.056377,0.056405
[fold_2] 810,0.002849,0.056117,0.056141
[fold_2] 820,0.002597,0.056105,0.056119
[fold_2] 830,0.004068,0.055947,0.056003
[fold_2] 840,0.002134,0.056109,0.056160
[fold_2] 850,0.003785,0.055913,0.055931
[fold_2] 860,0.003321,0.055860,0.055879
[fold_2] 870,0.003766,0.055862,0.055934
[fold_2] 880,0.003672,0.055898,0.055916
[fold_2] 890,0.003510,0.055779,0.055857
[fold_2] 900,0.003391,0.055727,0.055772
[fold_2] 910,0.001993,0.055805,0.055825
[fold_2] 920,0.002895,0.055696,0.055773
[fold_2] 930,0.001638,0.056049,0.056062
[fold_2] 940,0.002860,0.055683,0.055751
[fold_2] 950,0.003659,0.055657,0.055743
[fold_2] 960,0.003341,0.055819,0.055870
[fold_2] 970,0.002578,0.055756,0.055816
[fold_2] 980,0.003270,0.055615,0.055684
[fold_2] 990,0.002331,0.055749,0.055804
[fold_2] 1000,0.001734,0.055593,0.055710
[fold_2] 1010,0.004897,0.055627,0.055762
[fold_2] 1020,0.002889,0.055566,0.055676
[fold_2] 1030,0.003365,0.055568,0.055679
[fold_2] 1040,0.004242,0.055542,0.055652
[fold_2] 1050,0.002961,0.055561,0.055642
[fold_2] 1060,0.004085,0.055568,0.055645
[fold_2] 1070,0.002258,0.055619,0.055741
[fold_2] 1080,0.003068,0.055558,0.055653
[fold_2] 1090,0.003340,0.055515,0.055613
[fold_2] 1100,0.003206,0.055514,0.055634
[fold_2] 1110,0.001824,0.055470,0.055579
[fold_2] 1120,0.002133,0.055454,0.055567
[fold_2] 1130,0.003359,0.055458,0.055545
[fold_2] 1140,0.003946,0.055443,0.055564
[fold_2] 1150,0.004142,0.055624,0.055782
[fold_2] 1160,0.003691,0.055666,0.055797
[fold_2] 1170,0.003055,0.055558,0.055675
[fold_2] 1180,0.003077,0.055440,0.055563
[fold_2] 1190,0.003396,0.055398,0.055520
[fold_2] 1200,0.003308,0.055382,0.055499
[fold_2] 1210,0.004488,0.055387,0.055504
[fold_2] 1220,0.002310,0.055389,0.055533
[fold_2] 1230,0.004355,0.055376,0.055530
[fold_2] 1240,0.001860,0.055394,0.055534
[fold_2] 1250,0.002932,0.055436,0.055540
[fold_2] 1260,0.002977,0.055358,0.055474
[fold_2] 1270,0.003038,0.055400,0.055563
[fold_2] 1280,0.003857,0.055450,0.055605
[fold_2] 1290,0.003866,0.055366,0.055468
[fold_2] 1300,0.002792,0.055321,0.055433
[fold_2] 1310,0.003700,0.055287,0.055434
[fold_2] 1320,0.004223,0.055276,0.055425
[fold_2] 1330,0.004368,0.055371,0.055465
[fold_2] 1340,0.002810,0.055370,0.055474
[fold_2] 1350,0.001854,0.055372,0.055475
[fold_2] 1360,0.002758,0.055288,0.055400
[fold_2] 1370,0.001806,0.055309,0.055417
[fold_2] 1380,0.002067,0.055224,0.055360
[fold_2] 1390,0.003930,0.055244,0.055349
[fold_2] 1400,0.004276,0.055220,0.055336
[fold_2] 1410,0.002000,0.055217,0.055363
[fold_2] 1420,0.003531,0.055216,0.055321
[fold_2] 1430,0.005070,0.055229,0.055337
[fold_2] 1440,0.006699,0.055204,0.055375
[fold_2] 1450,0.003409,0.055199,0.055350
[fold_2] 1460,0.003173,0.055311,0.055461
[fold_2] 1470,0.002859,0.055249,0.055362
[fold_2] 1480,0.004459,0.055129,0.055274
[fold_2] 1490,0.003499,0.055156,0.055349
[fold_2] 1500,0.003063,0.055138,0.055294
[fold_2] 1510,0.001888,0.055145,0.055271
[fold_2] 1520,0.005229,0.055114,0.055258
[fold_2] 1530,0.004474,0.055094,0.055280
[fold_2] 1540,0.002063,0.055071,0.055243
[fold_2] 1550,0.003503,0.055117,0.055246
[fold_2] 1560,0.003255,0.055104,0.055266
[fold_2] 1570,0.004105,0.055052,0.055211
[fold_2] 1580,0.003101,0.055024,0.055196
[fold_2] 1590,0.002005,0.055017,0.055202
[fold_2] 1600,0.004187,0.055006,0.055192
[fold_2] 1610,0.003484,0.055204,0.055435
[fold_2] 1620,0.003458,0.055186,0.055346
[fold_2] 1630,0.003938,0.055055,0.055224
[fold_2] 1640,0.003001,0.054984,0.055175
[fold_2] 1650,0.002839,0.054975,0.055139
[fold_2] 1660,0.002875,0.054984,0.055133
[fold_2] 1670,0.003067,0.055004,0.055220
[fold_3] 0,1.022614,1.000000,1.008801
[fold_3] 1,1.068677,0.998900,1.007689
[fold_3] 10,0.925006,0.975216,0.983829
[fold_3] 20,0.802033,0.902602,0.910641
[fold_3] 30,0.527937,0.747381,0.753706
[fold_3] 40,0.255747,0.489774,0.495737
[fold_3] 50,0.181022,0.406194,0.411640
[fold_3] 60,0.065047,0.261453,0.268188
[fold_3] 70,0.053625,0.208994,0.211282
[fold_3] 80,0.024076,0.167176,0.171197
[fold_3] 90,0.019460,0.147660,0.151170
[fold_3] 100,0.018142,0.136976,0.141872
[fold_3] 110,0.021721,0.129052,0.132859
[fold_3] 120,0.019308,0.116379,0.118683
[fold_3] 130,0.013131,0.108888,0.111451
[fold_3] 140,0.008389,0.104198,0.105784
[fold_3] 150,0.008805,0.102141,0.104746
[fold_3] 160,0.006628,0.097681,0.099320
[fold_3] 170,0.009007,0.093827,0.095790
[fold_3] 180,0.004495,0.095945,0.096759
[fold_3] 190,0.006317,0.088215,0.089591
[fold_3] 200,0.011357,0.087053,0.090026
[fold_3] 210,0.006195,0.082428,0.084961
[fold_3] 220,0.008374,0.080397,0.082754
[fold_3] 230,0.006588,0.083678,0.087021
[fold_3] 240,0.006604,0.084755,0.088380
[fold_3] 250,0.005329,0.074088,0.076185
[fold_3] 260,0.003520,0.076058,0.076741
[fold_3] 270,0.008388,0.075386,0.075334
[fold_3] 280,0.004915,0.073626,0.073674
[fold_3] 290,0.004928,0.072113,0.072464
[fold_3] 300,0.006709,0.070116,0.072859
[fold_3] 310,0.005199,0.067027,0.069053
[fold_3] 320,0.006084,0.067925,0.068647
[fold_3] 330,0.004518,0.067252,0.069307
[fold_3] 340,0.004537,0.072399,0.075575
[fold_3] 350,0.005434,0.070480,0.073915
[fold_3] 360,0.003900,0.063725,0.066016
[fold_3] 370,0.005017,0.063857,0.064828
[fold_3] 380,0.006067,0.063748,0.064877
[fold_3] 390,0.004979,0.063992,0.066432
[fold_3] 400,0.003355,0.062946,0.065344
[fold_3] 410,0.005084,0.062614,0.064087
[fold_3] 420,0.002698,0.062455,0.064132
[fold_3] 430,0.002742,0.062233,0.064598
[fold_3] 440,0.002726,0.062007,0.063101
[fold_3] 450,0.003556,0.064054,0.066954
[fold_3] 460,0.002883,0.062567,0.063277
[fold_3] 470,0.002642,0.060818,0.062770
[fold_3] 480,0.006292,0.060832,0.062256
[fold_3] 490,0.004705,0.060506,0.062104
[fold_3] 500,0.002848,0.060346,0.062127
[fold_3] 510,0.002284,0.061262,0.062530
[fold_3] 520,0.003049,0.061705,0.064086
[fold_3] 530,0.002624,0.060189,0.061617
[fold_3] 540,0.003341,0.061252,0.063026
[fold_3] 550,0.005004,0.060461,0.062789
[fold_3] 560,0.002764,0.060377,0.061390
[fold_3] 570,0.004136,0.059604,0.061556
[fold_3] 580,0.002223,0.059499,0.061023
[fold_3] 590,0.003644,0.059454,0.061356
[fold_3] 600,0.002209,0.059397,0.060841
[fold_3] 610,0.004432,0.059411,0.060924
[fold_3] 620,0.002522,0.059146,0.060765
[fold_3] 630,0.005879,0.059590,0.061822
[fold_3] 640,0.002657,0.060060,0.060873
[fold_3] 650,0.003289,0.059084,0.061169
[fold_3] 660,0.005581,0.058964,0.060706
[fold_3] 670,0.004404,0.058777,0.060505
[fold_3] 680,0.003131,0.058778,0.060621
[fold_3] 690,0.002225,0.058692,0.060424
[fold_3] 700,0.005009,0.058913,0.060949
[fold_3] 710,0.004151,0.058769,0.060815
[fold_3] 720,0.003104,0.058755,0.060147
[fold_3] 730,0.003089,0.058602,0.060512
[fold_3] 740,0.002509,0.058476,0.060307
[fold_3] 750,0.003623,0.058480,0.060175
[fold_3] 760,0.002472,0.058520,0.059936
[fold_3] 770,0.003615,0.058436,0.059917
[fold_3] 780,0.002158,0.058414,0.060353
[fold_3] 790,0.002578,0.058336,0.060111
[fold_3] 800,0.003739,0.058438,0.059852
[fold_3] 810,0.002207,0.058284,0.060058
[fold_3] 820,0.002341,0.058356,0.059989
[fold_3] 830,0.003604,0.058496,0.059827
[fold_3] 840,0.002567,0.058227,0.059806
[fold_3] 850,0.003420,0.058248,0.060173
[fold_3] 860,0.002553,0.058184,0.060018
[fold_3] 870,0.002524,0.058175,0.059806
[fold_3] 880,0.002278,0.058138,0.059731
[fold_3] 890,0.002847,0.058116,0.059914
[fold_3] 900,0.002388,0.058119,0.059831
[fold_3] 910,0.002136,0.058101,0.059721
[fold_3] 920,0.003399,0.058078,0.059690
[fold_3] 930,0.002142,0.058052,0.059778
[fold_3] 940,0.002733,0.058056,0.059741
[fold_3] 950,0.003133,0.058188,0.059722
[fold_3] 960,0.003552,0.058151,0.059631
[fold_3] 970,0.002523,0.058046,0.059613
[fold_3] 980,0.002069,0.058005,0.059726
[fold_3] 990,0.002424,0.058002,0.059822
[fold_3] 1000,0.003605,0.058012,0.059859
[fold_3] 1010,0.003734,0.057986,0.059804
[fold_3] 1020,0.003435,0.057982,0.059736
[fold_3] 1030,0.002743,0.058053,0.059634
[fold_3] 1040,0.002496,0.058145,0.059575
[fold_3] 1050,0.003474,0.058058,0.059529
[fold_3] 1060,0.003534,0.057939,0.059608
[fold_3] 1070,0.004750,0.057943,0.059773
[fold_3] 1080,0.003777,0.057947,0.059754
[fold_3] 1090,0.003131,0.057925,0.059666
[fold_3] 1100,0.002116,0.057909,0.059619
[fold_3] 1110,0.002033,0.057999,0.059703
[fold_3] 1120,0.002799,0.057890,0.059533
[fold_3] 1130,0.003266,0.057877,0.059568
[fold_3] 1140,0.004338,0.057869,0.059612
[fold_3] 1150,0.002383,0.057878,0.059678

Cross-validation summary
Mean train RMSE norm      : 0.055820
Mean validation RMSE norm : 0.057494
Median best epoch         : 940
Best-so-far checkpoint    : kept previous
Training-curve plot       : plots/cross_validation_curves.png
