[fold_2] 0,1.537194,1.199321,1.200609
[fold_2] 1,1.388556,1.185166,1.186278
[fold_2] 10,1.231141,1.072941,1.072544
[fold_2] 20,0.968165,0.976978,0.974876
[fold_2] 30,0.903266,0.941411,0.939196
[fold_2] 40,0.890651,0.903653,0.901806
[fold_2] 50,0.762969,0.854372,0.853217
[fold_2] 60,0.542196,0.711214,0.712589
[fold_2] 70,0.376454,0.564852,0.575978
[fold_2] 80,0.153358,0.366006,0.370026
[fold_2] 90,0.080612,0.285887,0.291622
[fold_2] 100,0.056907,0.224939,0.231806
[fold_2] 110,0.038743,0.187757,0.193299
[fold_2] 120,0.031516,0.156645,0.161593
[fold_2] 130,0.010562,0.145611,0.149381
[fold_2] 140,0.026715,0.127512,0.130974
[fold_2] 150,0.017811,0.114547,0.116844
[fold_2] 160,0.012724,0.114453,0.115727
[fold_2] 170,0.014641,0.148631,0.149173
[fold_2] 180,0.007124,0.095658,0.097345
[fold_2] 190,0.013901,0.102586,0.105850
[fold_2] 200,0.011278,0.092700,0.094541
[fold_2] 210,0.007543,0.085767,0.088161
[fold_2] 220,0.006828,0.083938,0.086178
[fold_2] 230,0.008735,0.079448,0.080783
[fold_2] 240,0.011046,0.080763,0.081300
[fold_2] 250,0.017677,0.109797,0.115561
[fold_2] 260,0.006168,0.084096,0.087602
[fold_2] 270,0.007909,0.073531,0.074356
[fold_2] 280,0.005712,0.074142,0.075161
[fold_2] 290,0.005307,0.068031,0.070569
[fold_2] 300,0.006368,0.067148,0.068449
[fold_2] 310,0.002558,0.068888,0.071461
[fold_2] 320,0.003292,0.065180,0.066087
[fold_2] 330,0.005092,0.081568,0.081005
[fold_2] 340,0.004414,0.076308,0.079890
[fold_2] 350,0.002448,0.062314,0.062919
[fold_2] 360,0.005634,0.068386,0.068290
[fold_2] 370,0.005041,0.061873,0.062489
[fold_2] 380,0.004017,0.063640,0.066523
[fold_2] 390,0.005707,0.063056,0.063131
[fold_2] 400,0.002334,0.062239,0.065339
[fold_2] 410,0.005322,0.061275,0.064381
[fold_2] 420,0.005977,0.056870,0.058119
[fold_2] 430,0.003624,0.058347,0.060903
[fold_2] 440,0.002858,0.057048,0.059290
[fold_2] 450,0.001984,0.055727,0.057426
[fold_2] 460,0.004361,0.055444,0.057654
[fold_2] 470,0.002969,0.055730,0.056639
[fold_2] 480,0.004592,0.056013,0.056812
[fold_2] 490,0.004183,0.057110,0.057377
[fold_2] 500,0.004948,0.054973,0.055457
[fold_2] 510,0.002078,0.053229,0.054830
[fold_2] 520,0.003653,0.053026,0.054997
[fold_2] 530,0.001874,0.055189,0.058071
[fold_2] 540,0.002194,0.055473,0.058534
[fold_2] 550,0.003868,0.052547,0.053605
[fold_2] 560,0.003586,0.055349,0.055598
[fold_2] 570,0.003887,0.051668,0.052848
[fold_2] 580,0.004359,0.051845,0.052884
[fold_2] 590,0.004678,0.051056,0.052684
[fold_2] 600,0.001539,0.050885,0.052344
[fold_2] 610,0.001536,0.050670,0.052175
[fold_2] 620,0.001728,0.051552,0.052186
[fold_2] 630,0.003452,0.050143,0.051836
[fold_2] 640,0.001477,0.053069,0.056228
[fold_2] 650,0.004612,0.051241,0.053988
[fold_2] 660,0.002729,0.050105,0.052491
[fold_2] 670,0.002123,0.049584,0.051075
[fold_2] 680,0.002261,0.049429,0.051414
[fold_2] 690,0.001471,0.049342,0.051312
[fold_2] 700,0.002883,0.049334,0.050818
[fold_2] 710,0.003423,0.049097,0.050784
[fold_2] 720,0.002320,0.049071,0.051021
[fold_2] 730,0.001873,0.049631,0.050700
[fold_2] 740,0.004288,0.048816,0.050578
[fold_2] 750,0.002602,0.048738,0.050464
[fold_2] 760,0.002381,0.048854,0.050164
[fold_2] 770,0.002474,0.048634,0.050425
[fold_2] 780,0.003324,0.049013,0.051360
[fold_2] 790,0.002428,0.048474,0.049934
[fold_2] 800,0.002456,0.048256,0.050070
[fold_2] 810,0.001970,0.050154,0.050881
[fold_2] 820,0.003190,0.048457,0.050754
[fold_2] 830,0.002730,0.048023,0.049902
[fold_2] 840,0.002488,0.048110,0.049563
[fold_2] 850,0.001490,0.047922,0.049623
[fold_2] 860,0.003254,0.047929,0.049934
[fold_2] 870,0.004714,0.047867,0.049386
[fold_2] 880,0.002676,0.048142,0.049443
[fold_2] 890,0.003286,0.047732,0.049399
[fold_2] 900,0.002972,0.047980,0.049303
[fold_2] 910,0.002037,0.047991,0.050277
[fold_2] 920,0.002241,0.047703,0.049197
[fold_2] 930,0.002686,0.048561,0.049528
[fold_2] 940,0.002640,0.047971,0.050323
[fold_2] 950,0.003063,0.048661,0.049455
[fold_2] 960,0.004335,0.047383,0.048987
[fold_2] 970,0.003767,0.047541,0.049581
[fold_2] 980,0.003614,0.047406,0.048840
[fold_2] 990,0.001632,0.047558,0.048810
[fold_2] 1000,0.001913,0.047630,0.048793
[fold_2] 1010,0.001682,0.047250,0.048788
[fold_2] 1020,0.001327,0.047209,0.048824
[fold_2] 1030,0.001421,0.047183,0.048738
[fold_2] 1040,0.001397,0.047174,0.048660
[fold_2] 1050,0.002179,0.047214,0.049121
[fold_2] 1060,0.002970,0.047170,0.048556
[fold_2] 1070,0.003684,0.047077,0.048567
[fold_2] 1080,0.001396,0.047040,0.048806
[fold_2] 1090,0.002818,0.047008,0.048540
[fold_2] 1100,0.001527,0.046967,0.048689
[fold_2] 1110,0.002404,0.047019,0.048452
[fold_2] 1120,0.002266,0.047191,0.048435
[fold_2] 1130,0.002640,0.047112,0.048412
[fold_2] 1140,0.002415,0.047048,0.049101
[fold_2] 1150,0.003197,0.046875,0.048376
[fold_2] 1160,0.003069,0.046827,0.048396
[fold_2] 1170,0.002633,0.046768,0.048592
[fold_2] 1180,0.002681,0.047241,0.048400
[fold_2] 1190,0.001750,0.046923,0.048301
[fold_2] 1200,0.002375,0.046793,0.048790
[fold_2] 1210,0.002903,0.046763,0.048758
[fold_2] 1220,0.001363,0.046671,0.048279
[fold_2] 1230,0.001481,0.046670,0.048241
[fold_2] 1240,0.001515,0.046652,0.048224
[fold_2] 1250,0.002863,0.046641,0.048220
[fold_2] 1260,0.003702,0.046675,0.048174
[fold_2] 1270,0.003272,0.046611,0.048179
[fold_2] 1280,0.002252,0.046545,0.048263
[fold_2] 1290,0.002806,0.046565,0.048508
[fold_2] 1300,0.002700,0.046541,0.048151
[fold_2] 1310,0.001473,0.046485,0.048246
[fold_2] 1320,0.002573,0.046495,0.048120
[fold_2] 1330,0.001481,0.046437,0.048224
[fold_2] 1340,0.001187,0.046840,0.049140
[fold_2] 1350,0.001620,0.046477,0.048488
[fold_2] 1360,0.002100,0.046378,0.048033
[fold_2] 1370,0.002267,0.046428,0.047946
[fold_2] 1380,0.003100,0.046444,0.047922
[fold_2] 1390,0.001945,0.046320,0.048163
[fold_2] 1400,0.003725,0.046315,0.048199
[fold_2] 1410,0.002624,0.046670,0.047916
[fold_2] 1420,0.001824,0.046484,0.047851
[fold_2] 1430,0.002375,0.046291,0.048269
[fold_2] 1440,0.001904,0.046208,0.047958
[fold_2] 1450,0.001064,0.046197,0.047861
[fold_2] 1460,0.002199,0.046198,0.047819
[fold_2] 1470,0.001506,0.046175,0.047790
[fold_2] 1480,0.002548,0.046121,0.047941
[fold_2] 1490,0.001673,0.046100,0.047823
[fold_2] 1500,0.001819,0.046079,0.047905
[fold_2] 1510,0.001348,0.046163,0.048226
[fold_2] 1520,0.001629,0.046038,0.047920
[fold_2] 1530,0.002876,0.046060,0.048063
[fold_2] 1540,0.001304,0.046030,0.048025
[fold_2] 1550,0.001309,0.046149,0.047587
[fold_2] 1560,0.002563,0.046331,0.047622
[fold_2] 1570,0.001925,0.045916,0.047781
[fold_2] 1580,0.001660,0.045956,0.047976
[fold_2] 1590,0.002200,0.046034,0.047503
[fold_2] 1600,0.002443,0.046083,0.047487
[fold_2] 1610,0.008796,0.046017,0.048165
[fold_2] 1620,0.001658,0.045991,0.047403
[fold_2] 1630,0.001217,0.045793,0.047482
[fold_2] 1640,0.001526,0.045831,0.047757
[fold_2] 1650,0.002038,0.045962,0.047368
[fold_2] 1660,0.002525,0.045735,0.047424
[fold_2] 1670,0.001695,0.045758,0.047710
[fold_2] 1680,0.003445,0.045749,0.047294
[fold_2] 1690,0.003029,0.046286,0.047412
[fold_2] 1700,0.003043,0.045753,0.047253
[fold_2] 1710,0.003473,0.045624,0.047461
[fold_2] 1720,0.002798,0.045690,0.047723
[fold_2] 1730,0.001243,0.045767,0.047175
[fold_2] 1740,0.001908,0.045699,0.047146
[fold_2] 1750,0.001337,0.045550,0.047184
[fold_2] 1760,0.002233,0.045509,0.047266
[fold_2] 1770,0.001749,0.045488,0.047172
[fold_2] 1780,0.001737,0.045469,0.047137
[fold_2] 1790,0.002574,0.045492,0.047061
[fold_2] 1800,0.002733,0.045563,0.047010
[fold_2] 1810,0.002011,0.045385,0.047183
[fold_2] 1820,0.002050,0.045379,0.047055
[fold_2] 1830,0.002453,0.045336,0.047135
[fold_2] 1840,0.002533,0.045316,0.047072
[fold_2] 1850,0.002817,0.045560,0.046896
[fold_2] 1860,0.001835,0.045353,0.047372
[fold_2] 1870,0.002277,0.045239,0.046918
[fold_2] 1880,0.000967,0.045220,0.046970
[fold_2] 1890,0.001506,0.045389,0.047537
[fold_2] 1900,0.002031,0.045152,0.046971
[fold_2] 1910,0.001863,0.045289,0.046747
[fold_2] 1920,0.002350,0.045464,0.047772
[fold_2] 1930,0.002250,0.045077,0.046852
[fold_2] 1940,0.002922,0.045152,0.047255
[fold_2] 1950,0.002783,0.045167,0.046702
[fold_2] 1960,0.002532,0.045321,0.046704
[fold_2] 1970,0.002239,0.045075,0.046662
[fold_2] 1980,0.003010,0.044992,0.046982
[fold_2] 1990,0.001093,0.044964,0.046899
[fold_2] 2000,0.001307,0.044969,0.046990
[fold_2] 2010,0.002365,0.045027,0.047167[fold_4] 0,1.479913,1.199091,1.190981
[fold_4] 1,1.466159,1.184942,1.176769
[fold_4] 10,1.187664,1.072802,1.064045
[fold_4] 20,0.984686,0.976912,0.967619
[fold_4] 30,0.928994,0.941170,0.931697
[fold_4] 40,0.707620,0.903289,0.893339
[fold_4] 50,0.761680,0.854011,0.843484
[fold_4] 60,0.550300,0.710059,0.698280
[fold_4] 70,0.376335,0.567934,0.577139
[fold_4] 80,0.111450,0.365867,0.362655
[fold_4] 90,0.075055,0.282101,0.279797
[fold_4] 100,0.059382,0.233308,0.233449
[fold_4] 110,0.038974,0.187760,0.184805
[fold_4] 120,0.033745,0.166976,0.161787
[fold_4] 130,0.017259,0.144549,0.143680
[fold_4] 140,0.025421,0.121907,0.119099
[fold_4] 150,0.008211,0.110627,0.108393
[fold_4] 160,0.016903,0.106361,0.105915
[fold_4] 170,0.012885,0.104522,0.100742
[fold_4] 180,0.011564,0.098312,0.094334
[fold_4] 190,0.006300,0.090685,0.089041
[fold_4] 200,0.008015,0.098590,0.094318
[fold_4] 210,0.007101,0.085054,0.082308
[fold_4] 220,0.004735,0.080923,0.078356
[fold_4] 230,0.003251,0.090482,0.089462
[fold_4] 240,0.010258,0.082234,0.078990
[fold_4] 250,0.007121,0.073803,0.071018
[fold_4] 260,0.006411,0.072372,0.069892
[fold_4] 270,0.007712,0.082015,0.080579
[fold_4] 280,0.005175,0.068372,0.065074
[fold_4] 290,0.004954,0.065566,0.061837
[fold_4] 300,0.003574,0.065368,0.063348
[fold_4] 310,0.007693,0.064266,0.062009
[fold_4] 320,0.002803,0.059968,0.057167
[fold_4] 330,0.003965,0.080228,0.075677
[fold_4] 340,0.002582,0.057379,0.054996
[fold_4] 350,0.002808,0.056708,0.054815
[fold_4] 360,0.005160,0.080030,0.075577
[fold_4] 370,0.004671,0.054408,0.051417
[fold_4] 380,0.005801,0.053421,0.050797
[fold_4] 390,0.004512,0.050436,0.047166
[fold_4] 400,0.001415,0.068920,0.066639
[fold_4] 410,0.003204,0.049893,0.046660
[fold_4] 420,0.001810,0.078722,0.074013
[fold_4] 430,0.007252,0.063503,0.059541
[fold_4] 440,0.004238,0.087173,0.082389
[fold_4] 450,0.000902,0.069115,0.066845
[fold_4] 460,0.004020,0.057036,0.053311
[fold_4] 470,0.001198,0.048696,0.046014
[fold_4] 480,0.004017,0.045723,0.042645
[fold_4] 490,0.002770,0.044447,0.041357
[fold_4] 500,0.001081,0.047134,0.044857
[fold_4] 510,0.002060,0.044004,0.040551
[fold_4] 520,0.003872,0.043424,0.040095
[fold_4] 530,0.002183,0.043458,0.040777
[fold_4] 540,0.001698,0.042076,0.039130
[fold_4] 550,0.003209,0.041978,0.038840
[fold_4] 560,0.002491,0.043789,0.040233
[fold_4] 570,0.002104,0.041142,0.038085
[fold_4] 580,0.001402,0.041565,0.038912
[fold_4] 590,0.002083,0.041753,0.039252
[fold_4] 600,0.001033,0.040227,0.037439
[fold_4] 610,0.001666,0.041292,0.038556
[fold_4] 620,0.002542,0.045071,0.041445
[fold_4] 630,0.000815,0.043366,0.040844
[fold_4] 640,0.000992,0.039110,0.036107
[fold_4] 650,0.001228,0.039450,0.036654
[fold_4] 660,0.000827,0.041475,0.038952
[fold_4] 670,0.001148,0.044800,0.042621
[fold_4] 680,0.001245,0.038736,0.036083
[fold_4] 690,0.002464,0.039384,0.036517
[fold_4] 700,0.001776,0.039183,0.036648
[fold_4] 710,0.001327,0.038252,0.035203
[fold_4] 720,0.000726,0.038097,0.035233
[fold_4] 730,0.001010,0.037812,0.034826
[fold_4] 740,0.001947,0.038099,0.034985
[fold_4] 750,0.001961,0.039423,0.036820
[fold_4] 760,0.001004,0.037737,0.034637
[fold_4] 770,0.000934,0.037971,0.034770
[fold_4] 780,0.001959,0.037602,0.034427
[fold_4] 790,0.002386,0.037957,0.034949
[fold_4] 800,0.001116,0.040521,0.037953
[fold_4] 810,0.002614,0.037447,0.034397
[fold_4] 820,0.001218,0.039513,0.036275
[fold_4] 830,0.000718,0.036986,0.034070
[fold_4] 840,0.000807,0.036954,0.034001
[fold_4] 850,0.001060,0.037076,0.034273
[fold_4] 860,0.000713,0.036790,0.033923
[fold_4] 870,0.001296,0.037040,0.033960
[fold_4] 880,0.001038,0.036667,0.033751
[fold_4] 890,0.001541,0.036603,0.033583
[fold_4] 900,0.000977,0.036859,0.034039
[fold_4] 910,0.002229,0.036967,0.034162
[fold_4] 920,0.000972,0.036477,0.033412
[fold_4] 930,0.001349,0.036716,0.033736
[fold_4] 940,0.000851,0.036203,0.033234
[fold_4] 950,0.000769,0.036295,0.033519
[fold_4] 960,0.001772,0.037000,0.034322
[fold_4] 970,0.001360,0.037380,0.034203
[fold_4] 980,0.000992,0.036021,0.032958
[fold_4] 990,0.001007,0.036583,0.033913
[fold_4] 1000,0.000884,0.035605,0.032712
[fold_4] 1010,0.000715,0.035990,0.033247
[fold_4] 1020,0.001169,0.037300,0.034129
[fold_4] 1030,0.000589,0.035536,0.032632
[fold_4] 1040,0.000668,0.035780,0.032987
[fold_4] 1050,0.000886,0.035633,0.032571
[fold_4] 1060,0.001757,0.035478,0.032489
[fold_4] 1070,0.002061,0.035711,0.032925
[fold_4] 1080,0.000773,0.035533,0.032692
[fold_4] 1090,0.000785,0.035276,0.032295
[fold_4] 1100,0.001295,0.035727,0.032967
[fold_4] 1110,0.000838,0.035215,0.032276
[fold_4] 1120,0.001656,0.035522,0.032424
[fold_4] 1130,0.000675,0.036471,0.033808
[fold_4] 1140,0.001702,0.035238,0.032203
[fold_4] 1150,0.001345,0.035817,0.032653
[fold_4] 1160,0.001036,0.035344,0.032541
[fold_4] 1170,0.001953,0.035282,0.032232
[fold_4] 1180,0.000742,0.035056,0.032208
[fold_4] 1190,0.000859,0.034957,0.031936
[fold_4] 1200,0.001618,0.035130,0.032376
[fold_4] 1210,0.001929,0.034887,0.032041
[fold_4] 1220,0.000789,0.035092,0.032035
[fold_4] 1230,0.000689,0.034778,0.031854
[fold_4] 1240,0.000772,0.034844,0.031994
[fold_4] 1250,0.001317,0.035108,0.032320
[fold_4] 1260,0.000970,0.034767,0.031809
[fold_4] 1270,0.001968,0.034832,0.031829
[fold_4] 1280,0.001854,0.034770,0.031895
[fold_4] 1290,0.000884,0.034800,0.031957
[fold_4] 1300,0.000600,0.034806,0.031976
[fold_4] 1310,0.001404,0.034716,0.031823
[fold_4] 1320,0.001242,0.034707,0.031797
[fold_4] 1330,0.002359,0.034744,0.031884
[fold_4] 1340,0.001525,0.034697,0.031791
[fold_4] 1350,0.001707,0.034687,0.031794
[fold_4] 1360,0.000807,0.034797,0.031988
[fold_4] 1370,0.002002,0.034670,0.031773
[fold_4] 1380,0.000724,0.034705,0.031734
[fold_4] 1390,0.001291,0.034848,0.032048
[fold_4] 1400,0.000978,0.034683,0.031832
[fold_4] 1410,0.000730,0.034628,0.031711
[fold_4] 1420,0.001448,0.034652,0.031785
[fold_4] 1430,0.000638,0.034637,0.031681
[fold_4] 1440,0.001677,0.034754,0.031757
[fold_4] 1450,0.000495,0.034592,0.031680
[fold_4] 1460,0.000800,0.034619,0.031759
[fold_4] 1470,0.000829,0.034690,0.031863
[fold_4] 1480,0.001444,0.034587,0.031631
[fold_4] 1490,0.001420,0.035116,0.032040
[fold_4] 1500,0.000935,0.034659,0.031862
[fold_4] 1510,0.002292,0.034533,0.031652
[fold_4] 1520,0.001703,0.034687,0.031691
[fold_4] 1530,0.002835,0.034554,0.031679
[fold_4] 1540,0.000653,0.034528,0.031644
[fold_4] 1550,0.001377,0.034512,0.031613
[fold_4] 1560,0.000853,0.034589,0.031781
[fold_4] 1570,0.001424,0.034635,0.031653
[fold_4] 1580,0.001191,0.034476,0.031599
[fold_4] 1590,0.000456,0.035122,0.032458
[fold_4] 1600,0.001345,0.034508,0.031685
[fold_4] 1610,0.001473,0.034471,0.031542
[fold_4] 1620,0.001682,0.034520,0.031706
[fold_4] 1630,0.000760,0.034469,0.031532
[fold_4] 1640,0.001326,0.034509,0.031552
[fold_4] 1650,0.002111,0.034462,0.031640
[fold_4] 1660,0.001098,0.034427,0.031583
[fold_4] 1670,0.000762,0.034633,0.031871
[fold_4] 1680,0.001655,0.034371,0.031491
[fold_4] 1690,0.000624,0.034373,0.031523
[fold_4] 1700,0.001346,0.034368,0.031519
[fold_4] 1710,0.000863,0.034367,0.031455
[fold_4] 1720,0.000816,0.034357,0.031488
[fold_4] 1730,0.001225,0.034335,0.031461
[fold_4] 1740,0.001966,0.034390,0.031592
[fold_4] 1750,0.001431,0.034313,0.031463
[fold_4] 1760,0.002632,0.034297,0.031413
[fold_4] 1770,0.002458,0.034429,0.031461
[fold_4] 1780,0.001164,0.034294,0.031381
[fold_4] 1790,0.000861,0.034339,0.031517
[fold_4] 1800,0.000938,0.034276,0.031406
[fold_4] 1810,0.001866,0.034261,0.031384
[fold_4] 1820,0.000925,0.034389,0.031420
[fold_4] 1830,0.000983,0.034231,0.031343
[fold_4] 1840,0.000796,0.034215,0.031329
[fold_4] 1850,0.000771,0.034221,0.031327
[fold_4] 1860,0.002306,0.034653,0.031960
[fold_4] 1870,0.000651,0.034397,0.031397
[fold_4] 1880,0.002071,0.034163,0.031292
[fold_4] 1890,0.000724,0.034209,0.031394
[fold_4] 1900,0.001356,0.034179,0.031287
[fold_4] 1910,0.001282,0.034142,0.031266
[fold_4] 1920,0.000980,0.034194,0.031378
[fold_4] 1930,0.000678,0.034575,0.031871
[fold_4] 1940,0.000747,0.034144,0.031319
[fold_4] 1950,0.001751,0.034115,0.031207
[fold_4] 1960,0.001957,0.034170,0.031216
[fold_4] 1970,0.000837,0.034379,0.031376
[fold_4] 1980,0.000942,0.034072,0.031222
[fold_4] 1990,0.001738,0.034344,0.031596
[fold_4] 2000,0.001420,0.034049,0.031145
[fold_4] 2010,0.000802,0.034072,0.031157[fold_3] 0,1.436614,1.199206,1.207392
[fold_3] 1,1.493139,1.185056,1.193284
[fold_3] 10,1.178887,1.072902,1.081445
[fold_3] 20,0.958296,0.976983,0.985553
[fold_3] 30,0.972649,0.941589,0.949684
[fold_3] 40,0.828165,0.903782,0.911832
[fold_3] 50,0.792110,0.854439,0.862171
[fold_3] 60,0.565413,0.710666,0.717544
[fold_3] 70,0.359333,0.559031,0.558444
[fold_3] 80,0.147979,0.347852,0.347203
[fold_3] 90,0.085957,0.300237,0.300319
[fold_3] 100,0.061536,0.230282,0.229441
[fold_3] 110,0.033236,0.185893,0.185786
[fold_3] 120,0.026563,0.160439,0.162365
[fold_3] 130,0.027381,0.139133,0.139425
[fold_3] 140,0.015727,0.133569,0.137294
[fold_3] 150,0.014370,0.113209,0.115786
[fold_3] 160,0.013550,0.106546,0.107348
[fold_3] 170,0.006013,0.098012,0.099111
[fold_3] 180,0.006887,0.094948,0.094801
[fold_3] 190,0.004525,0.091189,0.091125
[fold_3] 200,0.010073,0.108453,0.113402
[fold_3] 210,0.007520,0.084917,0.087927
[fold_3] 220,0.009770,0.079347,0.079808
[fold_3] 230,0.005252,0.080542,0.078397
[fold_3] 240,0.006994,0.075337,0.077692
[fold_3] 250,0.005478,0.097511,0.102150
[fold_3] 260,0.005868,0.068573,0.069552
[fold_3] 270,0.002991,0.092170,0.089840
[fold_3] 280,0.010932,0.068136,0.067554
[fold_3] 290,0.004459,0.066497,0.068741
[fold_3] 300,0.004685,0.071795,0.069039
[fold_3] 310,0.005200,0.060179,0.059900
[fold_3] 320,0.012788,0.061550,0.063517
[fold_3] 330,0.002097,0.062344,0.060163
[fold_3] 340,0.003592,0.062703,0.060285
[fold_3] 350,0.004492,0.066056,0.069034
[fold_3] 360,0.003472,0.070431,0.067395
[fold_3] 370,0.002327,0.062313,0.065226
[fold_3] 380,0.002439,0.052966,0.053491
[fold_3] 390,0.002769,0.056910,0.058837
[fold_3] 400,0.002283,0.052213,0.052243
[fold_3] 410,0.004346,0.051960,0.052220
[fold_3] 420,0.003974,0.051599,0.051890
[fold_3] 430,0.004208,0.051630,0.051104
[fold_3] 440,0.003051,0.050959,0.051117
[fold_3] 450,0.002301,0.050732,0.051360
[fold_3] 460,0.001950,0.050291,0.050371
[fold_3] 470,0.002660,0.050373,0.049840
[fold_3] 480,0.001804,0.050015,0.050617
[fold_3] 490,0.001416,0.051661,0.050361
[fold_3] 500,0.001785,0.049530,0.049422
[fold_3] 510,0.001833,0.049511,0.050054
[fold_3] 520,0.001733,0.048586,0.048635
[fold_3] 530,0.002168,0.048797,0.050094
[fold_3] 540,0.003296,0.049014,0.050543
[fold_3] 550,0.002794,0.047911,0.048521
[fold_3] 560,0.003133,0.050152,0.052033
[fold_3] 570,0.001473,0.047571,0.048298
[fold_3] 580,0.001214,0.048509,0.047410
[fold_3] 590,0.003075,0.047123,0.047830
[fold_3] 600,0.001878,0.047293,0.048241
[fold_3] 610,0.003149,0.048562,0.050292
[fold_3] 620,0.003216,0.045962,0.046085
[fold_3] 630,0.001659,0.045892,0.045931
[fold_3] 640,0.003172,0.046428,0.047359
[fold_3] 650,0.001870,0.049068,0.047564
[fold_3] 660,0.002375,0.046197,0.045573
[fold_3] 670,0.002716,0.046495,0.045607
[fold_3] 680,0.001182,0.046040,0.045355
[fold_3] 690,0.004049,0.045216,0.045080
[fold_3] 700,0.002455,0.045895,0.045050
[fold_3] 710,0.002369,0.046136,0.045202
[fold_3] 720,0.001637,0.044883,0.044593
[fold_3] 730,0.002476,0.046821,0.048576
[fold_3] 740,0.002261,0.051971,0.054744
[fold_3] 750,0.002109,0.044581,0.045454
[fold_3] 760,0.001716,0.045288,0.044455
[fold_3] 770,0.002732,0.045695,0.047231
[fold_3] 780,0.002167,0.045128,0.044314
[fold_3] 790,0.001786,0.045759,0.047440
[fold_3] 800,0.001286,0.045940,0.044786
[fold_3] 810,0.001268,0.043777,0.044333
[fold_3] 820,0.003761,0.043861,0.044638
[fold_3] 830,0.002029,0.043696,0.043743
[fold_3] 840,0.001675,0.043944,0.044886
[fold_3] 850,0.002689,0.043554,0.043952
[fold_3] 860,0.001140,0.043645,0.043641
[fold_3] 870,0.001290,0.043477,0.043884
[fold_3] 880,0.002546,0.043564,0.043510
[fold_3] 890,0.001445,0.043572,0.044320
[fold_3] 900,0.001262,0.043431,0.043431
[fold_3] 910,0.002049,0.043438,0.043361
[fold_3] 920,0.001881,0.043415,0.044068
[fold_3] 930,0.001160,0.043231,0.043500
[fold_3] 940,0.002887,0.043208,0.043639
[fold_3] 950,0.001200,0.043229,0.043277
[fold_3] 960,0.002623,0.043386,0.043177
[fold_3] 970,0.002308,0.043135,0.043455
[fold_3] 980,0.001520,0.043214,0.043163
[fold_3] 990,0.001858,0.043175,0.043158
[fold_3] 1000,0.002614,0.043081,0.043296
[fold_3] 1010,0.001971,0.043071,0.043247
[fold_3] 1020,0.003033,0.043092,0.043122
[fold_3] 1030,0.001612,0.043084,0.043596
[fold_3] 1040,0.001644,0.043102,0.043040
[fold_3] 1050,0.002333,0.043237,0.044012
[fold_3] 1060,0.001851,0.043021,0.043048
[fold_3] 1070,0.002387,0.043076,0.042976
[fold_3] 1080,0.001465,0.043062,0.043690
[fold_3] 1090,0.002625,0.042931,0.043070
[fold_3] 1100,0.001225,0.042898,0.043107
[fold_3] 1110,0.001394,0.042881,0.043083
[fold_3] 1120,0.001279,0.042869,0.043199
[fold_3] 1130,0.002459,0.043069,0.043821
[fold_3] 1140,0.001300,0.042956,0.042867
[fold_3] 1150,0.001364,0.043217,0.042847
[fold_3] 1160,0.001556,0.042811,0.043019
[fold_3] 1170,0.002478,0.042891,0.043469
[fold_3] 1180,0.001280,0.042815,0.042901
[fold_3] 1190,0.001375,0.042765,0.042964
[fold_3] 1200,0.002775,0.042863,0.043469
[fold_3] 1210,0.002212,0.042783,0.042810
[fold_3] 1220,0.001377,0.042780,0.042786
[fold_3] 1230,0.002086,0.042721,0.043137
[fold_3] 1240,0.001159,0.042833,0.042707
[fold_3] 1250,0.001474,0.042721,0.042760
[fold_3] 1260,0.001225,0.042671,0.042846
[fold_3] 1270,0.001608,0.042651,0.042967
[fold_3] 1280,0.002868,0.042725,0.042675
[fold_3] 1290,0.001490,0.042699,0.042669
[fold_3] 1300,0.001798,0.042673,0.043181
[fold_3] 1310,0.001196,0.042594,0.042858
[fold_3] 1320,0.002525,0.042605,0.042706
[fold_3] 1330,0.001901,0.042576,0.042722
[fold_3] 1340,0.002326,0.042567,0.042675
[fold_3] 1350,0.002154,0.042599,0.042591
[fold_3] 1360,0.001674,0.042575,0.043066
[fold_3] 1370,0.001049,0.042941,0.042536
[fold_3] 1380,0.003132,0.042797,0.042497
[fold_3] 1390,0.001480,0.042616,0.043225
[fold_3] 1400,0.001405,0.042603,0.043226
[fold_3] 1410,0.001969,0.042464,0.042579
[fold_3] 1420,0.002586,0.042526,0.042478
[fold_3] 1430,0.001282,0.042515,0.043096
[fold_3] 1440,0.002155,0.042457,0.042978
[fold_3] 1450,0.002196,0.042374,0.042650
[fold_3] 1460,0.000953,0.042369,0.042732
[fold_3] 1470,0.002257,0.042569,0.043332
[fold_3] 1480,0.001552,0.042427,0.043048
[fold_3] 1490,0.001499,0.042732,0.042363
[fold_3] 1500,0.000986,0.042294,0.042525
[fold_3] 1510,0.001175,0.042273,0.042527
[fold_3] 1520,0.001210,0.042274,0.042414
[fold_3] 1530,0.001745,0.042496,0.042258
[fold_3] 1540,0.000922,0.042231,0.042507
[fold_3] 1550,0.004049,0.042378,0.043063
[fold_3] 1560,0.001429,0.042227,0.042317
[fold_3] 1570,0.001186,0.042638,0.042227
[fold_3] 1580,0.001615,0.042174,0.042504
[fold_3] 1590,0.000882,0.042215,0.042733
[fold_3] 1600,0.000847,0.042306,0.042159
[fold_3] 1610,0.001025,0.042127,0.042294
[fold_3] 1620,0.001155,0.042144,0.042603
[fold_3] 1630,0.002437,0.042186,0.042138
[fold_3] 1640,0.001117,0.042499,0.042102
[fold_3] 1650,0.001447,0.042061,0.042331
[fold_3] 1660,0.001401,0.042056,0.042362
[fold_3] 1670,0.001401,0.042064,0.042159
[fold_3] 1680,0.002055,0.042110,0.042682
[fold_3] 1690,0.001856,0.041991,0.042249
[fold_3] 1700,0.000951,0.042346,0.041992
[fold_3] 1710,0.001726,0.041984,0.042400
[fold_3] 1720,0.003627,0.042206,0.042993
[fold_3] 1730,0.002032,0.042265,0.043150
[fold_3] 1740,0.001725,0.042286,0.041954
[fold_3] 1750,0.002187,0.042007,0.041922
[fold_3] 1760,0.002018,0.042018,0.042699
[fold_3] 1770,0.002126,0.041910,0.041935
[fold_3] 1780,0.001520,0.041825,0.042090
[fold_3] 1790,0.002104,0.041968,0.041854
[fold_3] 1800,0.002197,0.041788,0.042020
[fold_3] 1810,0.001206,0.041800,0.042282
[fold_3] 1820,0.001571,0.041749,0.041939
[fold_3] 1830,0.001091,0.041955,0.041755
[fold_3] 1840,0.001423,0.041732,0.041847
[fold_3] 1850,0.001440,0.041723,0.041817
[fold_3] 1860,0.001176,0.041689,0.042022
[fold_3] 1870,0.001820,0.041670,0.041912
[fold_3] 1880,0.001618,0.041647,0.041854
[fold_3] 1890,0.001608,0.041777,0.042458
[fold_3] 1900,0.001135,0.041631,0.041739
[fold_3] 1910,0.001186,0.041582,0.041857
[fold_3] 1920,0.001679,0.041569,0.041957
[fold_3] 1930,0.001856,0.041607,0.041636
[fold_3] 1940,0.001009,0.041525,0.041761
[fold_3] 1950,0.001304,0.041643,0.041561
[fold_3] 1960,0.001171,0.041499,0.041725
[fold_3] 1970,0.001597,0.041514,0.042008
[fold_3] 1980,0.002502,0.041465,0.041709
[fold_3] 1990,0.000947,0.041631,0.041467
[fold_3] 2000,0.002373,0.041505,0.042073
[fold_3] 2010,0.002383,0.041613,0.042384[fold_1] 0,1.423915,1.199358,1.203639
[fold_1] 1,1.421771,1.185201,1.189615
[fold_1] 10,1.206284,1.072997,1.078600
[fold_1] 20,1.082561,0.977021,0.983976
[fold_1] 30,0.902179,0.941025,0.948373
[fold_1] 40,0.826337,0.903412,0.910874
[fold_1] 50,0.723939,0.853966,0.861625
[fold_1] 60,0.559831,0.708319,0.716853
[fold_1] 70,0.362692,0.555855,0.562381
[fold_1] 80,0.128371,0.354831,0.368254
[fold_1] 90,0.085777,0.295647,0.308924
[fold_1] 100,0.052034,0.226959,0.240277
[fold_1] 110,0.038775,0.196598,0.209489
[fold_1] 120,0.026192,0.159884,0.173157
[fold_1] 130,0.027669,0.139725,0.154051
[fold_1] 140,0.020733,0.127583,0.142954
[fold_1] 150,0.021000,0.114055,0.129231
[fold_1] 160,0.012434,0.104416,0.120400
[fold_1] 170,0.013719,0.099441,0.112907
[fold_1] 180,0.011459,0.093260,0.109269
[fold_1] 190,0.007335,0.091649,0.109036
[fold_1] 200,0.008681,0.084521,0.100222
[fold_1] 210,0.008789,0.085110,0.096212
[fold_1] 220,0.006027,0.079846,0.096585
[fold_1] 230,0.004620,0.076418,0.093349
[fold_1] 240,0.005293,0.072615,0.086694
[fold_1] 250,0.002810,0.082722,0.099464
[fold_1] 260,0.005126,0.070524,0.087387
[fold_1] 270,0.006823,0.066587,0.082448
[fold_1] 280,0.004106,0.073411,0.081129
[fold_1] 290,0.004868,0.065844,0.080734
[fold_1] 300,0.004181,0.069468,0.084717
[fold_1] 310,0.004001,0.058808,0.071327
[fold_1] 320,0.003057,0.057327,0.070206
[fold_1] 330,0.002808,0.063670,0.078059
[fold_1] 340,0.002654,0.064557,0.080364
[fold_1] 350,0.005996,0.068206,0.083709
[fold_1] 360,0.003906,0.055834,0.065659
[fold_1] 370,0.002739,0.052338,0.064961
[fold_1] 380,0.002081,0.052135,0.063772
[fold_1] 390,0.001738,0.051945,0.065647
[fold_1] 400,0.002877,0.053356,0.062901
[fold_1] 410,0.002492,0.050195,0.062957
[fold_1] 420,0.001501,0.050949,0.064738
[fold_1] 430,0.003067,0.049656,0.060728
[fold_1] 440,0.001959,0.050447,0.059581
[fold_1] 450,0.002616,0.048167,0.059717
[fold_1] 460,0.003940,0.048512,0.061553
[fold_1] 470,0.001998,0.047515,0.059447
[fold_1] 480,0.002781,0.047293,0.060361
[fold_1] 490,0.003303,0.046854,0.058743
[fold_1] 500,0.001522,0.046166,0.055488
[fold_1] 510,0.003596,0.045517,0.056945
[fold_1] 520,0.001798,0.054587,0.059388
[fold_1] 530,0.002267,0.054369,0.067725
[fold_1] 540,0.003304,0.046387,0.058965
[fold_1] 550,0.000998,0.044537,0.056617
[fold_1] 560,0.002116,0.043941,0.055612
[fold_1] 570,0.001130,0.043671,0.054648
[fold_1] 580,0.001004,0.046227,0.059160
[fold_1] 590,0.002573,0.043408,0.054618
[fold_1] 600,0.003287,0.044234,0.053003
[fold_1] 610,0.002009,0.044115,0.052549
[fold_1] 620,0.002657,0.043494,0.052265
[fold_1] 630,0.001949,0.043156,0.054364
[fold_1] 640,0.001885,0.042962,0.054107
[fold_1] 650,0.001949,0.042698,0.053413
[fold_1] 660,0.001349,0.042543,0.052471
[fold_1] 670,0.001890,0.042526,0.053150
[fold_1] 680,0.001249,0.042435,0.052841
[fold_1] 690,0.002470,0.042464,0.053169
[fold_1] 700,0.002366,0.042378,0.052088
[fold_1] 710,0.002090,0.042257,0.052176
[fold_1] 720,0.001524,0.042332,0.052985
[fold_1] 730,0.001561,0.042495,0.051614
[fold_1] 740,0.001136,0.043197,0.054752
[fold_1] 750,0.002094,0.042459,0.051586
[fold_1] 760,0.002646,0.042079,0.052493
[fold_1] 770,0.002144,0.042097,0.051825
[fold_1] 780,0.001026,0.041991,0.052189
[fold_1] 790,0.001455,0.041974,0.052267
[fold_1] 800,0.001182,0.041952,0.052207
[fold_1] 810,0.002337,0.041928,0.052120
[fold_1] 820,0.000919,0.041963,0.051670
[fold_1] 830,0.001619,0.041903,0.052184
[fold_1] 840,0.002278,0.042011,0.052739
[fold_1] 850,0.001292,0.041869,0.051997
[fold_5] 0,1.468443,1.199291,1.193662
[fold_5] 1,1.448376,1.185139,1.179571
[fold_5] 10,1.185045,1.072914,1.067912
[fold_5] 20,0.953125,0.976964,0.972801
[fold_5] 30,0.888290,0.941338,0.937588
[fold_5] 40,0.835664,0.903509,0.899834
[fold_5] 50,0.745588,0.853641,0.850137
[fold_5] 60,0.583090,0.706745,0.702049
[fold_5] 70,0.328172,0.540845,0.525542
[fold_5] 80,0.146080,0.345580,0.329266
[fold_5] 90,0.087726,0.282551,0.267308
[fold_5] 100,0.057083,0.223070,0.207031
[fold_5] 110,0.035523,0.182850,0.168293
[fold_5] 120,0.025001,0.157385,0.143421
[fold_5] 130,0.021498,0.154931,0.136933
[fold_5] 140,0.021965,0.124824,0.106340
[fold_5] 150,0.023173,0.114110,0.095729
[fold_5] 160,0.020007,0.108105,0.094481
[fold_5] 170,0.013025,0.110144,0.101593
[fold_5] 180,0.009148,0.096554,0.084105
[fold_5] 190,0.007169,0.102170,0.094666
[fold_5] 200,0.012252,0.095175,0.088749
[fold_5] 210,0.007901,0.092897,0.088747
[fold_5] 220,0.006832,0.092394,0.075567
[fold_5] 230,0.006356,0.082233,0.067272
[fold_5] 240,0.005600,0.081627,0.070590
[fold_5] 250,0.006409,0.079113,0.063988
[fold_5] 260,0.008480,0.080761,0.072571
[fold_5] 270,0.005707,0.078576,0.064289
[fold_5] 280,0.007773,0.074973,0.066045
[fold_5] 290,0.005730,0.073868,0.064280
[fold_5] 300,0.004260,0.074086,0.065080
[fold_5] 310,0.004472,0.072576,0.060386
[fold_5] 320,0.004881,0.072410,0.060499
[fold_5] 330,0.009919,0.072939,0.060488
[fold_5] 340,0.006468,0.070641,0.062456
[fold_5] 350,0.006911,0.070165,0.060240
[fold_5] 360,0.003820,0.069710,0.060927
[fold_5] 370,0.005814,0.069315,0.059821
[fold_5] 380,0.003366,0.070171,0.058429
[fold_5] 390,0.006741,0.071425,0.065991
[fold_5] 400,0.004757,0.068380,0.058196
[fold_5] 410,0.004464,0.073058,0.058938
[fold_5] 420,0.005466,0.067817,0.058312
[fold_5] 430,0.004517,0.067509,0.058634
[fold_5] 440,0.003625,0.068088,0.056367
[fold_5] 450,0.004072,0.067103,0.057618
[fold_5] 460,0.004272,0.067021,0.056394
[fold_5] 470,0.005077,0.066815,0.056319
[fold_5] 480,0.004381,0.066913,0.055943
[fold_5] 490,0.002987,0.066875,0.058922
[fold_5] 500,0.004184,0.067809,0.055446
[fold_5] 510,0.005732,0.066115,0.056706
[fold_5] 520,0.009652,0.066041,0.056948
[fold_5] 530,0.006762,0.066265,0.054976
[fold_5] 540,0.003193,0.066780,0.059905
[fold_5] 550,0.005439,0.065427,0.055957
[fold_5] 560,0.004991,0.065290,0.056280
[fold_5] 570,0.001964,0.065188,0.056485
[fold_5] 580,0.004697,0.065057,0.055768
[fold_5] 590,0.004181,0.065034,0.055333
[fold_5] 600,0.003802,0.064951,0.055501
[fold_5] 610,0.004694,0.065033,0.056922
[fold_5] 620,0.003966,0.064844,0.056130
[fold_5] 630,0.003996,0.064808,0.056098

[fold_3] 2020,0.002040,0.041399,0.041904
[fold_3] 2030,0.001092,0.041382,0.041530
[fold_3] 2040,0.002205,0.041437,0.041418
[fold_3] 2050,0.001192,0.041551,0.042374
[fold_3] 2060,0.002468,0.041382,0.041370
[fold_3] 2070,0.002608,0.041264,0.041504
[fold_3] 2080,0.001806,0.041549,0.042428
[fold_3] 2090,0.002319,0.041307,0.041322
[fold_3] 2100,0.002391,0.041207,0.041615
[fold_3] 2110,0.003648,0.041181,0.041483
[fold_3] 2120,0.000985,0.041303,0.041239
[fold_3] 2130,0.000962,0.041167,0.041324
[fold_3] 2140,0.002289,0.041203,0.041226
[fold_3] 2150,0.001028,0.041360,0.041152
[fold_3] 2160,0.000965,0.041167,0.041734
[fold_3] 2170,0.001208,0.041085,0.041470
[fold_3] 2180,0.001560,0.041112,0.041175
[fold_3] 2190,0.001778,0.041097,0.041124
[fold_3] 2200,0.002254,0.041029,0.041395
[fold_3] 2210,0.001430,0.041028,0.041171
[fold_3] 2220,0.002765,0.040978,0.041258
[fold_3] 2230,0.001141,0.040984,0.041432
[fold_3] 2240,0.002499,0.040938,0.041165
[fold_3] 2250,0.001329,0.040952,0.041049
[fold_3] 2260,0.001923,0.040897,0.041175
[fold_3] 2270,0.001334,0.041386,0.042407
[fold_3] 2280,0.002068,0.041097,0.040918
[fold_3] 2290,0.003415,0.041268,0.040910
[fold_3] 2300,0.002480,0.040956,0.041642
[fold_3] 2310,0.001649,0.040937,0.041625
[fold_3] 2320,0.001073,0.040930,0.041660
[fold_3] 2330,0.000878,0.040762,0.040956
[fold_3] 2340,0.002097,0.040908,0.040789
[fold_3] 2350,0.002054,0.040730,0.041188
[fold_3] 2360,0.002363,0.040686,0.041052
[fold_3] 2370,0.001808,0.041081,0.042048
[fold_3] 2380,0.001767,0.040790,0.041500
[fold_3] 2390,0.001108,0.040636,0.040951
[fold_3] 2400,0.001892,0.041167,0.042283
[fold_3] 2410,0.001119,0.040750,0.040680
[fold_3] 2420,0.001433,0.040692,0.040657
[fold_3] 2430,0.002699,0.040524,0.040874
[fold_3] 2440,0.002066,0.040549,0.040666
[fold_3] 2450,0.001140,0.040477,0.040829
[fold_3] 2460,0.001247,0.040594,0.041327
[fold_3] 2470,0.001825,0.040636,0.040510
[fold_3] 2480,0.002019,0.040624,0.041435
[fold_3] 2490,0.000891,0.040666,0.040464
[fold_3] 2500,0.001093,0.040355,0.040776
[fold_3] 2510,0.002180,0.040973,0.042140
[fold_3] 2520,0.001989,0.040342,0.040889
[fold_3] 2530,0.001985,0.040313,0.040462
[fold_3] 2540,0.001715,0.040273,0.040735
[fold_3] 2550,0.001186,0.040233,0.040648
[fold_3] 2560,0.001143,0.040211,0.040638
[fold_3] 2570,0.001199,0.040264,0.040921
[fold_3] 2580,0.001375,0.040221,0.040716
[fold_3] 2590,0.000985,0.040343,0.040270
[fold_3] 2600,0.001011,0.040134,0.040456
[fold_3] 2610,0.001287,0.040100,0.040410
[fold_3] 2620,0.001575,0.040101,0.040302
[fold_3] 2630,0.001085,0.040073,0.040255
[fold_3] 2640,0.001246,0.040258,0.041090
[fold_3] 2650,0.002340,0.040015,0.040245
[fold_3] 2660,0.001611,0.040014,0.040175
[fold_3] 2670,0.000773,0.040295,0.040055
[fold_3] 2680,0.001066,0.040010,0.040630
[fold_3] 2690,0.001921,0.039916,0.040247
[fold_3] 2700,0.002608,0.039937,0.040043
[fold_3] 2710,0.000759,0.039863,0.040198
[fold_3] 2720,0.001375,0.039850,0.040086
[fold_3] 2730,0.001207,0.039830,0.040073
[fold_3] 2740,0.000814,0.039868,0.040466
[fold_3] 2750,0.001572,0.039799,0.039959
[fold_3] 2760,0.001134,0.039773,0.040277
[fold_3] 2770,0.003299,0.039730,0.040154
[fold_3] 2780,0.000744,0.039768,0.039851
[fold_3] 2790,0.000940,0.039745,0.040344
[fold_3] 2800,0.000879,0.039704,0.039798
[fold_3] 2810,0.000789,0.039696,0.039758
[fold_3] 2820,0.001281,0.041027,0.042547
[fold_3] 2830,0.001399,0.039820,0.039667
[fold_3] 2840,0.003108,0.039706,0.039659
[fold_3] 2850,0.001898,0.039532,0.039835
[fold_3] 2860,0.000963,0.039604,0.040268
[fold_3] 2870,0.002364,0.039740,0.039572
[fold_3] 2880,0.001067,0.039488,0.039666
[fold_3] 2890,0.001005,0.039450,0.039703
[fold_3] 2900,0.001452,0.039557,0.039524
[fold_3] 2910,0.001468,0.039404,0.039707
[fold_3] 2920,0.001254,0.039381,0.039681
[fold_3] 2930,0.001656,0.039407,0.039929
[fold_3] 2940,0.001117,0.039377,0.039938
[fold_3] 2950,0.000888,0.039324,0.039644
[fold_3] 2960,0.000823,0.039853,0.040972
[fold_3] 2970,0.002102,0.039345,0.039460
[fold_3] 2980,0.001212,0.039236,0.039652
[fold_3] 2990,0.002027,0.039236,0.039437
[fold_3] 3000,0.000773,0.039221,0.039779

[fold_4] 2020,0.001352,0.034157,0.031192
[fold_4] 2030,0.000828,0.034291,0.031556
[fold_4] 2040,0.001613,0.033999,0.031094
[fold_4] 2050,0.000647,0.033998,0.031086
[fold_4] 2060,0.000757,0.034371,0.031663
[fold_4] 2070,0.000785,0.033962,0.031098
[fold_4] 2080,0.001924,0.034400,0.031365
[fold_4] 2090,0.000889,0.034006,0.031199
[fold_4] 2100,0.001709,0.033945,0.031117
[fold_4] 2110,0.001879,0.033924,0.031083
[fold_4] 2120,0.000930,0.033906,0.031021
[fold_4] 2130,0.001046,0.033944,0.031023
[fold_4] 2140,0.000610,0.034289,0.031596
[fold_4] 2150,0.001072,0.033876,0.031011
[fold_4] 2160,0.001424,0.033890,0.030978
[fold_4] 2170,0.000987,0.033875,0.030966
[fold_4] 2180,0.000487,0.033894,0.031082
[fold_4] 2190,0.000781,0.033852,0.031045
[fold_4] 2200,0.000744,0.033805,0.030957
[fold_4] 2210,0.000711,0.033796,0.030943
[fold_4] 2220,0.000621,0.033790,0.030936
[fold_4] 2230,0.000654,0.033839,0.030906
[fold_4] 2240,0.006190,0.033778,0.030889
[fold_4] 2250,0.000746,0.033787,0.030981
[fold_4] 2260,0.001354,0.033933,0.031181
[fold_4] 2270,0.001200,0.033753,0.030877
[fold_4] 2280,0.001525,0.033767,0.030978
[fold_4] 2290,0.000720,0.033761,0.030970
[fold_4] 2300,0.000687,0.033733,0.030919
[fold_4] 2310,0.000853,0.033729,0.030909
[fold_4] 2320,0.000881,0.033695,0.030852
[fold_4] 2330,0.000949,0.034030,0.031074
[fold_4] 2340,0.001165,0.034069,0.031393
[fold_4] 2350,0.000701,0.034194,0.031539
[fold_4] 2360,0.001592,0.033785,0.030865
[fold_4] 2370,0.001424,0.033752,0.030843
[fold_4] 2380,0.000758,0.034217,0.031583
[fold_4] 2390,0.000862,0.033764,0.030829
[fold_4] 2400,0.001555,0.033825,0.031133
[fold_4] 2410,0.000770,0.033583,0.030799
[fold_4] 2420,0.001338,0.033685,0.030762
[fold_4] 2430,0.001369,0.033639,0.030717
[fold_4] 2440,0.000690,0.033710,0.030787
[fold_4] 2450,0.001598,0.033629,0.030876
[fold_4] 2460,0.002153,0.033715,0.030966
[fold_4] 2470,0.001285,0.033508,0.030673
[fold_4] 2480,0.000787,0.033830,0.031113
[fold_4] 2490,0.001220,0.033516,0.030709
[fold_4] 2500,0.001006,0.033694,0.030739
[fold_4] 2510,0.001759,0.033650,0.030906
[fold_4] 2520,0.001844,0.033514,0.030607
[fold_4] 2530,0.001466,0.033572,0.030664
[fold_4] 2540,0.000736,0.033524,0.030765
[fold_4] 2550,0.000930,0.033523,0.030609
[fold_4] 2560,0.000621,0.033443,0.030665
[fold_4] 2570,0.000838,0.033456,0.030563
[fold_4] 2580,0.001379,0.033362,0.030526
[fold_4] 2590,0.001092,0.033630,0.030936
[fold_4] 2600,0.000808,0.033364,0.030581
[fold_4] 2610,0.000650,0.033666,0.030705
[fold_4] 2620,0.000837,0.033616,0.030659
[fold_4] 2630,0.001838,0.033302,0.030511
[fold_4] 2640,0.000708,0.033283,0.030483
[fold_4] 2650,0.000689,0.033266,0.030451
[fold_4] 2660,0.001232,0.033270,0.030411
[fold_4] 2670,0.000737,0.033288,0.030505
[fold_4] 2680,0.000744,0.033272,0.030399
[fold_4] 2690,0.000809,0.033218,0.030361
[fold_4] 2700,0.000768,0.033782,0.030759
[fold_4] 2710,0.000671,0.033490,0.030800
[fold_4] 2720,0.002573,0.033559,0.030871
[fold_4] 2730,0.001455,0.033201,0.030311
[fold_4] 2740,0.001093,0.033359,0.030655
[fold_4] 2750,0.001368,0.033138,0.030323
[fold_4] 2760,0.001015,0.033140,0.030347
[fold_4] 2770,0.000976,0.033258,0.030366
[fold_4] 2780,0.001433,0.033332,0.030647
[fold_4] 2790,0.000601,0.033355,0.030666
[fold_4] 2800,0.000635,0.033170,0.030315
[fold_4] 2810,0.000633,0.033422,0.030759
[fold_4] 2820,0.001509,0.033250,0.030328
[fold_4] 2830,0.000822,0.033166,0.030266
[fold_4] 2840,0.000610,0.033318,0.030623
[fold_4] 2850,0.001448,0.033046,0.030196
[fold_4] 2860,0.001210,0.033163,0.030251
[fold_4] 2870,0.001307,0.033008,0.030173
[fold_4] 2880,0.001808,0.033005,0.030184
[fold_4] 2890,0.000828,0.032982,0.030162
[fold_4] 2900,0.000747,0.033109,0.030388
[fold_4] 2910,0.001304,0.032962,0.030131
[fold_4] 2920,0.000536,0.033007,0.030269
[fold_4] 2930,0.000810,0.032974,0.030109
[fold_4] 2940,0.001279,0.032920,0.030160
[fold_4] 2950,0.001042,0.033288,0.030657
[fold_4] 2960,0.001108,0.032902,0.030069
[fold_4] 2970,0.001427,0.032936,0.030067
[fold_4] 2980,0.000510,0.033232,0.030595
[fold_4] 2990,0.000819,0.032877,0.030151
[fold_4] 3000,0.000600,0.032896,0.030030

[fold_2] 2020,0.002401,0.044903,0.046741
[fold_2] 2030,0.001247,0.044917,0.046605
[fold_2] 2040,0.002407,0.045421,0.046665
[fold_2] 2050,0.001461,0.044838,0.046567
[fold_2] 2060,0.001990,0.044814,0.046529
[fold_2] 2070,0.003709,0.044769,0.046526
[fold_2] 2080,0.002277,0.044913,0.047121
[fold_2] 2090,0.001869,0.044743,0.046758
[fold_2] 2100,0.002252,0.044680,0.046506
[fold_2] 2110,0.001693,0.044663,0.046439
[fold_2] 2120,0.002524,0.045030,0.046358
[fold_2] 2130,0.002523,0.044708,0.046286
[fold_2] 2140,0.002494,0.044789,0.046253
[fold_2] 2150,0.002204,0.044761,0.046212
[fold_2] 2160,0.002368,0.044546,0.046461
[fold_2] 2170,0.003977,0.044526,0.046291
[fold_2] 2180,0.002530,0.044524,0.046191
[fold_2] 2190,0.002580,0.044496,0.046134
[fold_2] 2200,0.000955,0.044426,0.046232
[fold_2] 2210,0.003550,0.044766,0.046051
[fold_2] 2220,0.002814,0.044525,0.045971
[fold_2] 2230,0.001910,0.044602,0.046814
[fold_2] 2240,0.001482,0.044325,0.046134
[fold_2] 2250,0.001780,0.044855,0.046022
[fold_2] 2260,0.001576,0.044830,0.046003
[fold_2] 2270,0.001491,0.044270,0.045992
[fold_2] 2280,0.001847,0.044380,0.045879
[fold_2] 2290,0.002039,0.044256,0.045905
[fold_2] 2300,0.002012,0.044191,0.045955
[fold_2] 2310,0.001568,0.044616,0.045858
[fold_2] 2320,0.001966,0.044170,0.046086
[fold_2] 2330,0.002981,0.044118,0.045998
[fold_2] 2340,0.001734,0.044099,0.045794
[fold_2] 2350,0.001126,0.044061,0.046032
[fold_2] 2360,0.001485,0.044149,0.045685
[fold_2] 2370,0.002851,0.043964,0.045801
[fold_2] 2380,0.003084,0.044017,0.045616
[fold_2] 2390,0.002358,0.043902,0.045811
[fold_2] 2400,0.001296,0.043857,0.045720
[fold_2] 2410,0.001399,0.043999,0.045477
[fold_2] 2420,0.001318,0.043799,0.045508
[fold_2] 2430,0.001091,0.043774,0.045457
[fold_2] 2440,0.003468,0.043739,0.045536
[fold_2] 2450,0.001566,0.043748,0.045330
[fold_2] 2460,0.001231,0.043738,0.045394
[fold_2] 2470,0.001465,0.043768,0.045808
[fold_2] 2480,0.002313,0.043717,0.045217
[fold_2] 2490,0.001714,0.043599,0.045320
[fold_2] 2500,0.003726,0.043601,0.045204
[fold_2] 2510,0.002066,0.043636,0.045167
[fold_2] 2520,0.002318,0.043521,0.045217
[fold_2] 2530,0.002220,0.043486,0.045231
[fold_2] 2540,0.001215,0.043688,0.045893
[fold_2] 2550,0.001682,0.043454,0.045436
[fold_2] 2560,0.001719,0.043738,0.046065
[fold_2] 2570,0.001655,0.043651,0.045045
[fold_2] 2580,0.001498,0.043486,0.044992
[fold_2] 2590,0.001133,0.043456,0.045643
[fold_2] 2600,0.002839,0.043280,0.045188
[fold_2] 2610,0.003294,0.043322,0.044944
[fold_2] 2620,0.001262,0.043252,0.044937
[fold_2] 2630,0.002072,0.043239,0.045325
[fold_2] 2640,0.002396,0.043191,0.044922
[fold_2] 2650,0.002319,0.043151,0.044898
[fold_2] 2660,0.001182,0.043211,0.044827
[fold_2] 2670,0.002491,0.043264,0.044789
[fold_2] 2680,0.001374,0.043111,0.044776
[fold_2] 2690,0.001617,0.043052,0.044754
[fold_2] 2700,0.002020,0.043068,0.045147
[fold_2] 2710,0.001585,0.043061,0.044612
[fold_2] 2720,0.001251,0.042963,0.044619
[fold_2] 2730,0.001809,0.042927,0.044696
[fold_2] 2740,0.002239,0.042908,0.044798
[fold_2] 2750,0.003009,0.042858,0.044629
[fold_2] 2760,0.003093,0.043161,0.044472
[fold_2] 2770,0.002364,0.042849,0.044435
[fold_2] 2780,0.001041,0.042853,0.044914
[fold_2] 2790,0.002633,0.042736,0.044468
[fold_2] 2800,0.002630,0.042769,0.044809
[fold_2] 2810,0.002046,0.042667,0.044420
[fold_2] 2820,0.001824,0.042630,0.044531
[fold_2] 2830,0.002653,0.042620,0.044358
[fold_2] 2840,0.003015,0.042567,0.044455
[fold_2] 2850,0.003046,0.042627,0.044761
[fold_2] 2860,0.001718,0.042548,0.044245
[fold_2] 2870,0.001243,0.042513,0.044531
[fold_2] 2880,0.002382,0.042510,0.044585
[fold_2] 2890,0.002461,0.042522,0.044165
[fold_2] 2900,0.002527,0.042417,0.044353
[fold_2] 2910,0.001732,0.042458,0.044546
[fold_2] 2920,0.000870,0.042367,0.044099
[fold_2] 2930,0.001991,0.042676,0.044055
[fold_2] 2940,0.002760,0.042372,0.044490
[fold_2] 2950,0.001956,0.042279,0.044001
[fold_2] 2960,0.001128,0.042294,0.043952
[fold_2] 2970,0.002389,0.042258,0.043907
[fold_2] 2980,0.001162,0.042329,0.044527
[fold_2] 2990,0.002519,0.042249,0.044408
[fold_2] 3000,0.002190,0.042462,0.043843

Cross-validation summary
Mean train RMSE norm      : 0.044663
Mean validation RMSE norm : 0.043974
Median best epoch         : 2990
Best-so-far checkpoint    : kept previous
Training-curve plot       : plots/cross_validation_curves.png
