epoch,window_loss_norm_mse,val_rmse_norm
0,1.024937,0.912268
1,1.005393,0.908922
25,1.398119,0.916635
50,0.359054,0.834572
75,0.355240,1.222818
100,0.186137,0.452023
125,0.334776,0.638058
150,0.048142,0.252923
175,0.077656,0.672527
200,0.032558,0.224220
225,0.023402,0.104004
250,0.042037,0.171907
275,0.305795,0.080119
300,0.056685,0.126016
325,0.051957,0.427060
350,0.015417,0.174280
375,0.008427,0.169446
400,0.011739,0.081400
425,0.068327,0.163580
450,0.004760,0.123728
475,0.098284,0.347654
500,0.041288,0.085945
525,0.160764,0.162986
550,0.055058,0.141595
575,0.009953,0.051384
600,0.030718,0.110584
625,0.054513,0.204011
650,0.007640,0.124020
675,0.004652,0.088747
700,0.117383,0.143205
725,0.003755,0.081363
750,0.077930,0.176667
775,0.026638,0.181033
800,0.067984,0.346165
825,0.062484,0.108349
