[fold_3] 0,0.031882,1.022363,1.021859
[fold_3] 1,2.359160,1.013938,1.013427
[fold_3] 25,0.305642,0.892241,0.891946
[fold_3] 50,0.107010,0.580174,0.580968
[fold_3] 75,0.080391,0.330564,0.330519
[fold_3] 100,0.196277,0.243135,0.245254
[fold_3] 125,0.003328,0.229996,0.230611
[fold_3] 150,0.056808,0.193480,0.195669
[fold_3] 175,0.087575,0.155324,0.157425
[fold_3] 200,0.020448,0.151205,0.153014
[fold_3] 225,0.003848,0.121113,0.124208
[fold_3] 250,0.026280,0.122129,0.125077
[fold_3] 275,0.025626,0.125923,0.128458
[fold_3] 300,0.019989,0.102564,0.105674
[fold_3] 325,0.180226,0.100199,0.103278
[fold_3] 350,0.009131,0.098011,0.101020
[fold_3] 375,0.002904,0.101056,0.104149
[fold_3] 400,0.004602,0.091870,0.094964
[fold_3] 425,0.007447,0.096178,0.099366
[fold_3] 450,0.000426,0.096747,0.099349
[fold_3] 475,0.005015,0.089382,0.092244
[fold_3] 500,0.006680,0.090564,0.093189
[fold_3] 525,0.021964,0.089878,0.092767
[fold_3] 550,0.016324,0.093983,0.096912
[fold_3] 575,0.010611,0.081316,0.084329
[fold_3] 600,0.008566,0.081450,0.084538
[fold_3] 625,0.017373,0.083448,0.086632
[fold_3] 650,0.002516,0.081590,0.084623
[fold_3] 675,0.004645,0.079833,0.082795
[fold_3] 700,0.001980,0.079091,0.082291
[fold_3] 725,0.013599,0.080397,0.083564
[fold_3] 750,0.001888,0.079276,0.082494
[fold_3] 775,0.001104,0.077500,0.080625
[fold_3] 800,0.015200,0.076785,0.079886
[fold_3] 825,0.001385,0.076984,0.080076
[fold_3] 850,0.012966,0.083698,0.086655
[fold_3] 875,0.004823,0.077262,0.080267
[fold_3] 900,0.016706,0.076612,0.079762
[fold_3] 925,0.004862,0.077212,0.080288
[fold_3] 950,0.005721,0.075715,0.078818
[fold_3] 975,0.007623,0.075284,0.078383
[fold_3] 1000,0.024852,0.075428,0.078550
[fold_3] 1025,0.025928,0.076154,0.079179
[fold_3] 1050,0.011961,0.076581,0.079634
[fold_3] 1075,0.002835,0.074696,0.077765
[fold_3] 1100,0.010672,0.075021,0.078061
[fold_3] 1125,0.008162,0.074540,0.077595
[fold_3] 1150,0.006859,0.075097,0.078177
[fold_3] 1175,0.006568,0.074646,0.077703
[fold_3] 1200,0.003708,0.074133,0.077239
[fold_3] 1225,0.000993,0.074109,0.077185
[fold_3] 1250,0.006068,0.073951,0.077032
[fold_3] 1275,0.024708,0.074164,0.077259
[fold_3] 1300,0.009746,0.074281,0.077262
[fold_3] 1325,0.025973,0.074408,0.077463
[fold_3] 1350,0.014724,0.073606,0.076708
[fold_3] 1375,0.014253,0.073795,0.076914
[fold_3] 1400,0.000507,0.074144,0.077246
[fold_3] 1425,0.002040,0.073585,0.076656
[fold_3] 1450,0.007237,0.073498,0.076597
[fold_3] 1475,0.005311,0.073489,0.076573
[fold_3] 1500,0.017766,0.073353,0.076429
[fold_3] 1525,0.022037,0.073256,0.076373
[fold_3] 1550,0.039668,0.073235,0.076353
[fold_3] 1575,0.008919,0.073259,0.076338
[fold_3] 1600,0.011320,0.073490,0.076642
[fold_3] 1625,0.003726,0.073512,0.076605
[fold_3] 1650,0.012652,0.073320,0.076325
[fold_3] 1675,0.017710,0.072989,0.076050
[fold_3] 1700,0.005569,0.072972,0.076045
[fold_3] 1725,0.002533,0.073021,0.076155
[fold_3] 1750,0.011321,0.073513,0.076564
[fold_3] 1775,0.002114,0.072871,0.075976
[fold_3] 1800,0.002776,0.072844,0.075956
[fold_3] 1825,0.000667,0.072825,0.075943
[fold_3] 1850,0.003229,0.072727,0.075814
[fold_3] 1875,0.005174,0.072911,0.076030
[fold_3] 1900,0.013123,0.072781,0.075885
[fold_3] 1925,0.003830,0.072730,0.075801
[fold_3] 1950,0.003370,0.072744,0.075866
[fold_3] 1975,0.018412,0.072683,0.075801
[fold_3] 2000,0.015690,0.072643,0.075717
[fold_3] 2025,0.006935,0.072548,0.075662
[fold_3] 2050,0.000542,0.072680,0.075796
[fold_3] 2075,0.003071,0.072744,0.075844
[fold_3] 2100,0.002282,0.072489,0.075575
[fold_3] 2125,0.003720,0.072504,0.075572
[fold_3] 2150,0.001543,0.072407,0.075495
[fold_3] 2175,0.001118,0.072854,0.075934
[fold_3] 2200,0.008615,0.072407,0.075507
[fold_3] 2225,0.021842,0.072370,0.075485
[fold_3] 2250,0.054469,0.072446,0.075522
[fold_3] 2275,0.024981,0.072368,0.075444
[fold_3] 2300,0.007682,0.072408,0.075527
[fold_3] 2325,0.010577,0.072521,0.075615
[fold_3] 2350,0.014850,0.072171,0.075278
[fold_3] 2375,0.000739,0.072165,0.075240
[fold_3] 2400,0.001491,0.072186,0.075266
[fold_3] 2425,0.002287,0.072115,0.075214
[fold_3] 2450,0.000941,0.072086,0.075178
[fold_3] 2475,0.001612,0.072336,0.075419
[fold_3] 2500,0.028623,0.072331,0.075436
[fold_3] 2525,0.110895,0.071980,0.075086
[fold_3] 2550,0.002147,0.071986,0.075066
[fold_3] 2575,0.002070,0.071970,0.075050
[fold_3] 2600,0.000663,0.071932,0.074995
[fold_3] 2625,0.006021,0.071892,0.074993
[fold_3] 2650,0.024048,0.071817,0.074906
[fold_3] 2675,0.016899,0.071844,0.074901
[fold_3] 2700,0.014385,0.071828,0.074869
[fold_3] 2725,0.010424,0.071839,0.074890
[fold_3] 2750,0.010298,0.071675,0.074783
[fold_3] 2775,0.000718,0.071754,0.074872
[fold_3] 2800,0.001369,0.071672,0.074776
[fold_3] 2825,0.023591,0.071760,0.074885
[fold_3] 2850,0.004468,0.071670,0.074771
[fold_3] 2875,0.012545,0.071553,0.074642
[fold_3] 2900,0.004094,0.071637,0.074710
[fold_3] 2925,0.001392,0.071539,0.074657
[fold_3] 2950,0.001916,0.071582,0.074670
[fold_3] 2975,0.008582,0.071462,0.074565
[fold_3] 3000,0.002263,0.071472,0.074574
[fold_3] 3025,0.005578,0.071496,0.074605
[fold_3] 3050,0.005986,0.071517,0.074608
[fold_3] 3075,0.031049,0.071392,0.074509
[fold_3] 3100,0.024411,0.071402,0.074493
[fold_3] 3125,0.000684,0.071356,0.074459
[fold_3] 3150,0.040273,0.071472,0.074604
[fold_3] 3175,0.000741,0.071362,0.074449
[fold_3] 3200,0.028024,0.071387,0.074468
[fold_3] 3225,0.015722,0.071311,0.074434
[fold_3] 3250,0.001854,0.071285,0.074399
[fold_3] 3275,0.022909,0.071323,0.074423
[fold_3] 3300,0.000902,0.071220,0.074317
[fold_3] 3325,0.001304,0.071272,0.074372
[fold_3] 3350,0.000913,0.071233,0.074348
[fold_3] 3375,0.000606,0.071203,0.074309
[fold_3] 3400,0.022910,0.071272,0.074379
[fold_3] 3425,0.010013,0.071120,0.074224
[fold_3] 3450,0.004745,0.071125,0.074212
[fold_3] 3475,0.000521,0.071254,0.074311
[fold_3] 3500,0.002552,0.071273,0.074330
[fold_3] 3525,0.001357,0.071040,0.074131
[fold_3] 3550,0.000963,0.071011,0.074125
[fold_3] 3575,0.003680,0.071001,0.074113
[fold_3] 3600,0.001894,0.071027,0.074132
[fold_3] 3625,0.004299,0.070976,0.074087
[fold_3] 3650,0.001036,0.071026,0.074158
[fold_3] 3675,0.018104,0.070948,0.074063
[fold_3] 3700,0.000626,0.070934,0.074034
[fold_3] 3725,0.027853,0.070900,0.074002
[fold_3] 3750,0.003116,0.070884,0.073971
[fold_3] 3775,0.011196,0.070973,0.074059
[fold_3] 3800,0.001013,0.070815,0.073923
[fold_3] 3825,0.001669,0.070836,0.073931
[fold_3] 3850,0.003945,0.070756,0.073845
[fold_3] 3875,0.001320,0.070729,0.073827
[fold_3] 3900,0.002944,0.070764,0.073846
[fold_3] 3925,0.005447,0.070716,0.073833
[fold_3] 3950,0.037024,0.070870,0.073980
[fold_3] 3975,0.008155,0.070751,0.073863
[fold_3] 4000,0.001011,0.070853,0.073978
[fold_3] 4025,0.015853,0.070708,0.073797
[fold_3] 4050,0.004704,0.070639,0.073752
[fold_3] 4075,0.046226,0.070640,0.073772
[fold_3] 4100,0.005444,0.070553,0.073653
[fold_3] 4125,0.003354,0.070655,0.073753
[fold_3] 4150,0.003067,0.070541,0.073634
[fold_3] 4175,0.002754,0.070567,0.073663
[fold_3] 4200,0.008618,0.070482,0.073571
[fold_3] 4225,0.006828,0.070495,0.073615
[fold_3] 4250,0.011353,0.070475,0.073605
[fold_3] 4275,0.003128,0.070451,0.073575
[fold_3] 4300,0.004585,0.070405,0.073534
[fold_3] 4325,0.001078,0.070366,0.073487
[fold_3] 4350,0.000750,0.070352,0.073470
[fold_3] 4375,0.020533,0.070451,0.073552
[fold_3] 4400,0.000749,0.070387,0.073515
[fold_3] 4425,0.001952,0.070325,0.073420
[fold_3] 4450,0.000952,0.070366,0.073486
[fold_3] 4475,0.004772,0.070360,0.073479
[fold_3] 4500,0.011934,0.070331,0.073454
[fold_3] 4525,0.006463,0.070219,0.073335
[fold_3] 4550,0.003368,0.070267,0.073353
[fold_3] 4575,0.003361,0.070229,0.073332
[fold_3] 4600,0.000943,0.070254,0.073324
[fold_3] 4625,0.015100,0.070149,0.073260
[fold_3] 4650,0.007802,0.070131,0.073257
[fold_3] 4675,0.000697,0.070178,0.073309
[fold_3] 4700,0.002266,0.070094,0.073192
[fold_3] 4725,0.004947,0.070181,0.073237
[fold_3] 4750,0.009243,0.070149,0.073233
[fold_3] 4775,0.000517,0.070040,0.073151
[fold_3] 4800,0.149020,0.070005,0.073118
[fold_3] 4825,0.001054,0.069995,0.073121
[fold_3] 4850,0.001474,0.069998,0.073116
[fold_3] 4875,0.026032,0.069983,0.073094
[fold_3] 4900,0.009429,0.070083,0.073209
[fold_3] 4925,0.003223,0.069974,0.073102
[fold_3] 4950,0.003028,0.069976,0.073115
[fold_3] 4975,0.035517,0.069871,0.072983[fold_5] 0,0.284427,1.022419,1.020961
[fold_5] 1,1.733292,1.014210,1.012804
[fold_5] 25,0.046758,0.898293,0.896863
[fold_5] 50,0.009540,0.598709,0.598447
[fold_5] 75,0.026518,0.291799,0.293511
[fold_5] 100,0.192425,0.243214,0.245217
[fold_5] 125,0.037191,0.204066,0.206971
[fold_5] 150,0.034659,0.189323,0.192186
[fold_5] 175,0.059387,0.147672,0.151974
[fold_5] 200,0.052765,0.134755,0.139252
[fold_5] 225,0.016260,0.139444,0.144423
[fold_5] 250,0.001328,0.119986,0.125080
[fold_5] 275,0.008307,0.106834,0.112337
[fold_5] 300,0.020269,0.112484,0.118020
[fold_5] 325,0.001793,0.100355,0.106226
[fold_5] 350,0.027711,0.102609,0.108475
[fold_5] 375,0.002912,0.111477,0.116788
[fold_5] 400,0.000920,0.121876,0.126623
[fold_5] 425,0.002518,0.092969,0.098752
[fold_5] 450,0.007139,0.092268,0.098169
[fold_5] 475,0.005854,0.092121,0.097841
[fold_5] 500,0.013449,0.087747,0.093751
[fold_5] 525,0.085266,0.086167,0.092419
[fold_5] 550,0.002570,0.086575,0.092815
[fold_5] 575,0.001909,0.085734,0.091968
[fold_5] 600,0.001615,0.084303,0.090652
[fold_5] 625,0.000422,0.085260,0.091549
[fold_5] 650,0.000630,0.085060,0.091189
[fold_5] 675,0.096635,0.083602,0.089768
[fold_5] 700,0.018058,0.080276,0.086763
[fold_5] 725,0.014869,0.097632,0.102860
[fold_5] 750,0.043690,0.082779,0.088903
[fold_5] 775,0.033214,0.095604,0.100851
[fold_5] 800,0.000607,0.077507,0.084028
[fold_5] 825,0.017703,0.077901,0.084331
[fold_5] 850,0.002868,0.078298,0.084679
[fold_5] 875,0.001396,0.076814,0.083305
[fold_5] 900,0.003780,0.075898,0.082469
[fold_5] 925,0.020028,0.075143,0.081718
[fold_5] 950,0.067161,0.075252,0.081843
[fold_5] 975,0.002052,0.074220,0.080848
[fold_5] 1000,0.018732,0.074058,0.080614
[fold_5] 1025,0.002271,0.073708,0.080240
[fold_5] 1050,0.030168,0.074488,0.080965
[fold_5] 1075,0.001406,0.073218,0.079717
[fold_5] 1100,0.003384,0.073177,0.079656
[fold_5] 1125,0.009230,0.071870,0.078514
[fold_5] 1150,0.000801,0.072024,0.078640
[fold_5] 1175,0.004054,0.072607,0.079145
[fold_5] 1200,0.002052,0.072301,0.078832
[fold_5] 1225,0.003359,0.071958,0.078486
[fold_5] 1250,0.007617,0.072516,0.078982
[fold_5] 1275,0.005177,0.073204,0.079588
[fold_5] 1300,0.012208,0.070679,0.077270
[fold_5] 1325,0.004131,0.071639,0.078231
[fold_5] 1350,0.003336,0.070800,0.077336
[fold_5] 1375,0.001908,0.070269,0.076884
[fold_5] 1400,0.017805,0.070267,0.076887
[fold_5] 1425,0.003389,0.070588,0.077150
[fold_5] 1450,0.009983,0.069633,0.076321
[fold_5] 1475,0.001347,0.069492,0.076194
[fold_5] 1500,0.001105,0.069339,0.075979
[fold_5] 1525,0.013344,0.069728,0.076316
[fold_5] 1550,0.011632,0.068757,0.075479
[fold_5] 1575,0.000535,0.070518,0.077093
[fold_5] 1600,0.007548,0.069048,0.075734
[fold_5] 1625,0.000319,0.068873,0.075575
[fold_5] 1650,0.018383,0.068479,0.075160
[fold_5] 1675,0.002180,0.068322,0.075065
[fold_5] 1700,0.017224,0.068233,0.074978
[fold_5] 1725,0.001090,0.068643,0.075289
[fold_5] 1750,0.044825,0.068298,0.074999
[fold_5] 1775,0.000411,0.068496,0.075185
[fold_5] 1800,0.015325,0.068213,0.074892
[fold_5] 1825,0.000917,0.067921,0.074627
[fold_5] 1850,0.000401,0.068000,0.074723
[fold_5] 1875,0.003212,0.067706,0.074426
[fold_5] 1900,0.010718,0.067846,0.074580
[fold_5] 1925,0.011615,0.067621,0.074354
[fold_5] 1950,0.140327,0.068213,0.074866
[fold_5] 1975,0.001100,0.067853,0.074530
[fold_5] 2000,0.006637,0.067576,0.074286
[fold_5] 2025,0.013274,0.067697,0.074414
[fold_5] 2050,0.001576,0.067885,0.074610
[fold_5] 2075,0.005100,0.067436,0.074179
[fold_5] 2100,0.002218,0.067874,0.074581
[fold_5] 2125,0.005841,0.067626,0.074324
[fold_5] 2150,0.014304,0.067316,0.074057
[fold_5] 2175,0.010600,0.067389,0.074098
[fold_5] 2200,0.014898,0.067312,0.074012
[fold_5] 2225,0.013649,0.067238,0.073959
[fold_5] 2250,0.006195,0.067261,0.074004
[fold_5] 2275,0.003982,0.067397,0.074120
[fold_5] 2300,0.004744,0.067134,0.073863
[fold_5] 2325,0.009611,0.067090,0.073822
[fold_5] 2350,0.193469,0.067368,0.074098
[fold_5] 2375,0.000859,0.067123,0.073851
[fold_5] 2400,0.005592,0.067025,0.073785
[fold_5] 2425,0.041654,0.067113,0.073869
[fold_5] 2450,0.009463,0.067249,0.073985
[fold_5] 2475,0.001061,0.067670,0.074404
[fold_5] 2500,0.001106,0.067015,0.073776
[fold_5] 2525,0.005722,0.066961,0.073725
[fold_5] 2550,0.002121,0.067058,0.073815
[fold_5] 2575,0.041908,0.067183,0.073923
[fold_5] 2600,0.004621,0.066911,0.073658
[fold_5] 2625,0.005315,0.066779,0.073529
[fold_5] 2650,0.007386,0.066740,0.073499
[fold_5] 2675,0.013573,0.066753,0.073519
[fold_5] 2700,0.001764,0.066730,0.073498
[fold_5] 2725,0.006167,0.066754,0.073527
[fold_5] 2750,0.007263,0.066701,0.073478
[fold_5] 2775,0.001704,0.066676,0.073455
[fold_5] 2800,0.013430,0.066658,0.073427
[fold_5] 2825,0.002261,0.066724,0.073477
[fold_5] 2850,0.016096,0.066726,0.073479
[fold_5] 2875,0.007619,0.066596,0.073363
[fold_5] 2900,0.019537,0.066572,0.073338
[fold_5] 2925,0.000649,0.066546,0.073312
[fold_5] 2950,0.000504,0.066619,0.073383
[fold_5] 2975,0.000523,0.066522,0.073289
[fold_5] 3000,0.000385,0.066693,0.073458
[fold_5] 3025,0.006582,0.066579,0.073350
[fold_5] 3050,0.000715,0.066531,0.073306
[fold_5] 3075,0.000489,0.066520,0.073298
[fold_5] 3100,0.011041,0.066527,0.073291
[fold_5] 3125,0.006641,0.066504,0.073262
[fold_5] 3150,0.004339,0.066496,0.073254
[fold_5] 3175,0.010638,0.066496,0.073243
[fold_5] 3200,0.008451,0.066470,0.073234
[fold_5] 3225,0.006665,0.066447,0.073200
[fold_5] 3250,0.005399,0.066386,0.073147
[fold_5] 3275,0.007852,0.066404,0.073156
[fold_5] 3300,0.004759,0.066357,0.073110
[fold_5] 3325,0.006935,0.066396,0.073146
[fold_5] 3350,0.002373,0.066325,0.073084
[fold_5] 3375,0.002229,0.066311,0.073062
[fold_5] 3400,0.002272,0.066298,0.073051
[fold_5] 3425,0.007422,0.066277,0.073043
[fold_5] 3450,0.013353,0.066308,0.073070
[fold_5] 3475,0.002145,0.066310,0.073065
[fold_5] 3500,0.000770,0.066272,0.073038
[fold_5] 3525,0.000560,0.066214,0.072979
[fold_5] 3550,0.003277,0.066205,0.072968
[fold_5] 3575,0.005938,0.066304,0.073044
[fold_5] 3600,0.024690,0.066204,0.072962
[fold_5] 3625,0.015945,0.066483,0.073231
[fold_5] 3650,0.001705,0.066165,0.072931
[fold_5] 3675,0.017346,0.066181,0.072942
[fold_5] 3700,0.008510,0.066260,0.073028
[fold_5] 3725,0.003188,0.066298,0.073045
[fold_5] 3750,0.001285,0.066111,0.072880
[fold_5] 3775,0.008130,0.066097,0.072868
[fold_5] 3800,0.002176,0.066119,0.072879
[fold_5] 3825,0.001841,0.066065,0.072835
[fold_5] 3850,0.000556,0.066045,0.072812
[fold_5] 3875,0.000718,0.066146,0.072918
[fold_5] 3900,0.001169,0.066062,0.072836
[fold_5] 3925,0.018653,0.066056,0.072828
[fold_5] 3950,0.005327,0.066020,0.072784
[fold_5] 3975,0.009779,0.065987,0.072750
[fold_5] 4000,0.002039,0.066080,0.072826
[fold_5] 4025,0.002244,0.066030,0.072787
[fold_5] 4050,0.032076,0.066037,0.072806
[fold_5] 4075,0.001198,0.065935,0.072700
[fold_5] 4100,0.005333,0.065934,0.072696
[fold_5] 4125,0.013837,0.066043,0.072809
[fold_5] 4150,0.000666,0.065897,0.072667
[fold_5] 4175,0.004348,0.065910,0.072667
[fold_5] 4200,0.032623,0.066112,0.072842
[fold_5] 4225,0.011109,0.065852,0.072626
[fold_5] 4250,0.029370,0.066275,0.072987
[fold_5] 4275,0.012385,0.065902,0.072656
[fold_5] 4300,0.016420,0.065961,0.072725
[fold_5] 4325,0.000874,0.065814,0.072579
[fold_5] 4350,0.012533,0.065801,0.072576
[fold_5] 4375,0.002655,0.065829,0.072596
[fold_5] 4400,0.009110,0.065732,0.072504
[fold_5] 4425,0.000663,0.065858,0.072627
[fold_5] 4450,0.021688,0.066003,0.072762
[fold_5] 4475,0.000674,0.065835,0.072579
[fold_5] 4500,0.046524,0.065704,0.072466
[fold_5] 4525,0.009542,0.065715,0.072477
[fold_5] 4550,0.000632,0.065672,0.072444
[fold_5] 4575,0.001192,0.065648,0.072429
[fold_5] 4600,0.005800,0.065679,0.072445
[fold_5] 4625,0.001164,0.065624,0.072403
[fold_5] 4650,0.005593,0.065631,0.072412
[fold_5] 4675,0.001727,0.065761,0.072522
[fold_5] 4700,0.000929,0.065583,0.072362
[fold_5] 4725,0.003149,0.065635,0.072393
[fold_5] 4750,0.100884,0.065744,0.072510
[fold_5] 4775,0.000546,0.065534,0.072311
[fold_5] 4800,0.000607,0.065544,0.072307
[fold_5] 4825,0.001179,0.065522,0.072293
[fold_5] 4850,0.029321,0.065496,0.072270
[fold_5] 4875,0.014506,0.065483,0.072261
[fold_5] 4900,0.010820,0.065464,0.072246
[fold_5] 4925,0.000763,0.065511,0.072287
[fold_5] 4950,0.001937,0.065541,0.072323
[fold_5] 4975,0.031773,0.065490,0.072255[fold_2] 0,0.349683,1.022486,1.023342
[fold_2] 1,0.035798,1.016824,1.017712
[fold_2] 25,0.714232,0.907124,0.907975
[fold_2] 50,0.248091,0.586195,0.585967
[fold_2] 75,0.105721,0.280696,0.277793
[fold_2] 100,0.031102,0.263955,0.261812
[fold_2] 125,0.014232,0.206083,0.203733
[fold_2] 150,0.015674,0.166898,0.163980
[fold_2] 175,0.014060,0.154768,0.151433
[fold_2] 200,0.043789,0.142854,0.139128
[fold_2] 225,0.005728,0.121590,0.117537
[fold_2] 250,0.011617,0.112470,0.108492
[fold_2] 275,0.006586,0.116432,0.112345
[fold_2] 300,0.002358,0.103401,0.099096
[fold_2] 325,0.001414,0.111395,0.107637
[fold_2] 350,0.008154,0.103063,0.099417
[fold_2] 375,0.052503,0.106273,0.102676
[fold_2] 400,0.001489,0.091418,0.087146
[fold_2] 425,0.001259,0.090495,0.086116
[fold_2] 450,0.037141,0.091300,0.087081
[fold_2] 475,0.002691,0.089277,0.084930
[fold_2] 500,0.017013,0.091599,0.087499
[fold_2] 525,0.013459,0.086791,0.082560
[fold_2] 550,0.011226,0.092683,0.088726
[fold_2] 575,0.005079,0.087908,0.083767
[fold_2] 600,0.000792,0.090807,0.086724
[fold_2] 625,0.026112,0.084377,0.080087
[fold_2] 650,0.002146,0.083554,0.079365
[fold_2] 675,0.005309,0.085143,0.080942
[fold_2] 700,0.002317,0.089756,0.085747
[fold_2] 725,0.052454,0.081962,0.077564
[fold_2] 750,0.003227,0.082783,0.078542
[fold_2] 775,0.005035,0.081555,0.077230
[fold_2] 800,0.002600,0.083653,0.079301
[fold_2] 825,0.017239,0.081643,0.077347
[fold_2] 850,0.003501,0.081853,0.077634
[fold_2] 875,0.001048,0.079373,0.075015
[fold_2] 900,0.078112,0.079196,0.074916
[fold_2] 925,0.006201,0.079567,0.075278
[fold_2] 950,0.000874,0.078836,0.074527
[fold_2] 975,0.026241,0.079587,0.075323
[fold_2] 1000,0.018623,0.078614,0.074330
[fold_2] 1025,0.007771,0.078190,0.073838
[fold_2] 1050,0.014244,0.079924,0.075805
[fold_2] 1075,0.001265,0.077724,0.073312
[fold_2] 1100,0.003751,0.077403,0.072996
[fold_2] 1125,0.006551,0.077596,0.073170
[fold_2] 1150,0.006244,0.077078,0.072668
[fold_2] 1175,0.004664,0.077392,0.072983
[fold_2] 1200,0.004473,0.076583,0.072148
[fold_2] 1225,0.021364,0.076266,0.071887
[fold_2] 1250,0.003652,0.077882,0.073526
[fold_2] 1275,0.005798,0.077113,0.072791
[fold_2] 1300,0.009021,0.077596,0.073246
[fold_2] 1325,0.009156,0.075682,0.071229
[fold_2] 1350,0.008782,0.075968,0.071577
[fold_2] 1375,0.005894,0.075281,0.070818
[fold_2] 1400,0.000769,0.075165,0.070714
[fold_2] 1425,0.000562,0.075464,0.070996
[fold_2] 1450,0.002064,0.075142,0.070676
[fold_2] 1475,0.005808,0.075032,0.070572
[fold_2] 1500,0.007806,0.075161,0.070737
[fold_2] 1525,0.003002,0.074990,0.070562
[fold_2] 1550,0.007767,0.074791,0.070340
[fold_2] 1575,0.012691,0.074665,0.070174
[fold_2] 1600,0.012469,0.075811,0.071438
[fold_2] 1625,0.006533,0.075529,0.071114
[fold_2] 1650,0.002643,0.074349,0.069872
[fold_2] 1675,0.030157,0.074444,0.069961
[fold_2] 1700,0.001836,0.074263,0.069773
[fold_2] 1725,0.082527,0.074418,0.069943
[fold_2] 1750,0.000594,0.074071,0.069557
[fold_2] 1775,0.015061,0.074547,0.070039
[fold_2] 1800,0.004805,0.074105,0.069589
[fold_2] 1825,0.001139,0.073688,0.069180
[fold_2] 1850,0.029101,0.074356,0.069852
[fold_2] 1875,0.018466,0.073684,0.069139
[fold_2] 1900,0.004147,0.074072,0.069606
[fold_2] 1925,0.000836,0.073263,0.068734
[fold_2] 1950,0.001312,0.073805,0.069289
[fold_2] 1975,0.017647,0.073140,0.068601
[fold_2] 2000,0.004366,0.073089,0.068511
[fold_2] 2025,0.000796,0.073362,0.068840
[fold_2] 2050,0.001938,0.072911,0.068356
[fold_2] 2075,0.001637,0.073694,0.069197
[fold_2] 2100,0.004750,0.073340,0.068935
[fold_2] 2125,0.014273,0.073218,0.068767
[fold_2] 2150,0.006475,0.072467,0.067953
[fold_2] 2175,0.000553,0.072498,0.068020
[fold_2] 2200,0.016461,0.072327,0.067829
[fold_2] 2225,0.010745,0.072378,0.067866
[fold_2] 2250,0.005583,0.072316,0.067791
[fold_2] 2275,0.006933,0.072118,0.067570
[fold_2] 2300,0.003713,0.072123,0.067607
[fold_2] 2325,0.001573,0.072189,0.067691
[fold_2] 2350,0.005502,0.071993,0.067455
[fold_2] 2375,0.001121,0.071943,0.067398
[fold_2] 2400,0.004769,0.071979,0.067432
[fold_2] 2425,0.001039,0.072389,0.067871
[fold_2] 2450,0.002263,0.071989,0.067405
[fold_2] 2475,0.002690,0.071802,0.067215
[fold_2] 2500,0.001745,0.071776,0.067190
[fold_2] 2525,0.001053,0.071755,0.067182
[fold_2] 2550,0.022620,0.071825,0.067263
[fold_2] 2575,0.016695,0.071678,0.067102
[fold_2] 2600,0.033065,0.071723,0.067156
[fold_2] 2625,0.049943,0.071669,0.067090
[fold_2] 2650,0.002477,0.071740,0.067146
[fold_2] 2675,0.001401,0.071656,0.067083
[fold_2] 2700,0.001400,0.071674,0.067099
[fold_2] 2725,0.004775,0.071531,0.066948
[fold_2] 2750,0.001471,0.071533,0.066953
[fold_2] 2775,0.000833,0.071466,0.066883
[fold_2] 2800,0.021082,0.071612,0.067035
[fold_2] 2825,0.024099,0.071476,0.066894
[fold_2] 2850,0.000678,0.071443,0.066864
[fold_2] 2875,0.011996,0.071417,0.066827
[fold_2] 2900,0.010679,0.071579,0.066990
[fold_2] 2925,0.009888,0.071444,0.066863
[fold_2] 2950,0.003421,0.071419,0.066837
[fold_2] 2975,0.009565,0.071341,0.066757
[fold_2] 3000,0.012512,0.071381,0.066801
[fold_2] 3025,0.000692,0.071374,0.066791
[fold_2] 3050,0.013839,0.071297,0.066714
[fold_2] 3075,0.004448,0.071291,0.066709
[fold_2] 3100,0.001866,0.071270,0.066685
[fold_2] 3125,0.001221,0.071270,0.066680
[fold_2] 3150,0.003711,0.071296,0.066713
[fold_2] 3175,0.001347,0.071251,0.066655
[fold_2] 3200,0.009679,0.071210,0.066623
[fold_2] 3225,0.008011,0.071362,0.066793
[fold_2] 3250,0.009129,0.071206,0.066623
[fold_2] 3275,0.002334,0.071183,0.066600
[fold_2] 3300,0.001161,0.071252,0.066683
[fold_2] 3325,0.012058,0.071354,0.066799
[fold_2] 3350,0.004056,0.071142,0.066567
[fold_2] 3375,0.016730,0.071177,0.066618
[fold_2] 3400,0.015368,0.071069,0.066486
[fold_2] 3425,0.002364,0.071094,0.066506
[fold_2] 3450,0.000881,0.071162,0.066579
[fold_2] 3475,0.000875,0.071084,0.066502
[fold_2] 3500,0.000759,0.070998,0.066421
[fold_2] 3525,0.000803,0.071074,0.066497
[fold_2] 3550,0.006328,0.070965,0.066386
[fold_2] 3575,0.000510,0.070949,0.066361
[fold_2] 3600,0.003060,0.070915,0.066321
[fold_2] 3625,0.006520,0.070904,0.066308
[fold_2] 3650,0.004282,0.070885,0.066293
[fold_2] 3675,0.093859,0.070917,0.066296
[fold_2] 3700,0.002119,0.071076,0.066470
[fold_2] 3725,0.000810,0.070965,0.066360
[fold_2] 3750,0.002306,0.070908,0.066289
[fold_2] 3775,0.018838,0.070870,0.066237
[fold_2] 3800,0.011860,0.071266,0.066682
[fold_2] 3825,0.013341,0.070934,0.066334
[fold_2] 3850,0.000732,0.070789,0.066183
[fold_2] 3875,0.023597,0.070993,0.066411
[fold_2] 3900,0.039116,0.070742,0.066135
[fold_2] 3925,0.007139,0.070775,0.066163
[fold_2] 3950,0.001400,0.070715,0.066111
[fold_2] 3975,0.004152,0.070758,0.066154
[fold_2] 4000,0.001378,0.070788,0.066188
[fold_2] 4025,0.008425,0.070678,0.066073
[fold_2] 4050,0.000657,0.070658,0.066044
[fold_2] 4075,0.010808,0.070666,0.066063
[fold_2] 4100,0.000767,0.070682,0.066077
[fold_2] 4125,0.025827,0.070599,0.065994
[fold_2] 4150,0.009495,0.070843,0.066268
[fold_2] 4175,0.001397,0.070550,0.065942
[fold_2] 4200,0.007965,0.070573,0.065956
[fold_2] 4225,0.001576,0.070590,0.065967
[fold_2] 4250,0.000737,0.070511,0.065901
[fold_2] 4275,0.002576,0.070475,0.065867
[fold_2] 4300,0.010895,0.070731,0.066148
[fold_2] 4325,0.011390,0.070445,0.065843
[fold_2] 4350,0.018762,0.070433,0.065836
[fold_2] 4375,0.001912,0.070414,0.065807
[fold_2] 4400,0.000651,0.070411,0.065793
[fold_2] 4425,0.017500,0.070392,0.065783
[fold_2] 4450,0.012951,0.070468,0.065859
[fold_2] 4475,0.000706,0.070374,0.065753
[fold_2] 4500,0.001676,0.070347,0.065742
[fold_2] 4525,0.002508,0.070288,0.065688
[fold_2] 4550,0.023811,0.070293,0.065692
[fold_2] 4575,0.003814,0.070317,0.065720
[fold_2] 4600,0.001617,0.070314,0.065712
[fold_2] 4625,0.005037,0.070397,0.065801
[fold_2] 4650,0.078428,0.070293,0.065676
[fold_2] 4675,0.000779,0.070249,0.065616
[fold_2] 4700,0.034057,0.070256,0.065643
[fold_2] 4725,0.000659,0.070150,0.065542
[fold_2] 4750,0.009618,0.070152,0.065536
[fold_2] 4775,0.009419,0.070172,0.065563
[fold_2] 4800,0.007804,0.070103,0.065491
[fold_2] 4825,0.013027,0.070133,0.065530
[fold_2] 4850,0.005114,0.070082,0.065473
[fold_2] 4875,0.017889,0.070076,0.065471
[fold_2] 4900,0.012658,0.070054,0.065457
[fold_2] 4925,0.000689,0.070085,0.065499
[fold_2] 4950,0.011638,0.070032,0.065426
[fold_2] 4975,0.001428,0.070011,0.065412
[fold_3] 5000,0.004509,0.069936,0.073030
[fold_3] 5025,0.002574,0.069823,0.072951
[fold_3] 5050,0.005254,0.069797,0.072920
[fold_3] 5075,0.000581,0.069777,0.072896
[fold_3] 5100,0.008281,0.069765,0.072884
[fold_3] 5125,0.000856,0.069799,0.072933
[fold_3] 5150,0.000522,0.069852,0.072978
[fold_3] 5175,0.001914,0.069769,0.072904
[fold_3] 5200,0.008020,0.069687,0.072801
[fold_3] 5225,0.002828,0.069694,0.072810
[fold_3] 5250,0.003180,0.069692,0.072827
[fold_3] 5275,0.002067,0.069644,0.072778
[fold_3] 5300,0.006439,0.069598,0.072724
[fold_3] 5325,0.001499,0.069721,0.072849
[fold_3] 5350,0.014993,0.069636,0.072744
[fold_3] 5375,0.000788,0.069676,0.072746
[fold_3] 5400,0.002166,0.069566,0.072680
[fold_3] 5425,0.000941,0.069481,0.072605
[fold_3] 5450,0.012092,0.069467,0.072586
[fold_3] 5475,0.003193,0.069458,0.072596
[fold_3] 5500,0.000946,0.069438,0.072578
[fold_3] 5525,0.025397,0.069405,0.072533
[fold_3] 5550,0.011257,0.069557,0.072679
[fold_3] 5575,0.000870,0.069399,0.072541
[fold_3] 5600,0.008527,0.069391,0.072521
[fold_3] 5625,0.001552,0.069393,0.072535
[fold_3] 5650,0.015209,0.069698,0.072828
[fold_3] 5675,0.000486,0.069360,0.072498
[fold_3] 5700,0.017529,0.069394,0.072545
[fold_3] 5725,0.012673,0.069346,0.072507
[fold_3] 5750,0.020382,0.069294,0.072416
[fold_3] 5775,0.003320,0.069597,0.072738
[fold_3] 5800,0.007805,0.069218,0.072357
[fold_3] 5825,0.012464,0.069203,0.072352
[fold_3] 5850,0.005643,0.069212,0.072363
[fold_3] 5875,0.019074,0.069342,0.072464
[fold_3] 5900,0.016280,0.069149,0.072271
[fold_3] 5925,0.036201,0.069120,0.072259
[fold_3] 5950,0.006252,0.069210,0.072362
[fold_3] 5975,0.011398,0.069121,0.072245
[fold_3] 6000,0.001758,0.069080,0.072215
[fold_3] 6025,0.001250,0.069046,0.072187
[fold_3] 6050,0.011617,0.069107,0.072229
[fold_3] 6075,0.007669,0.069146,0.072283
[fold_3] 6100,0.010186,0.069030,0.072163
[fold_3] 6125,0.003576,0.068969,0.072110
[fold_3] 6150,0.004107,0.068987,0.072113
[fold_3] 6175,0.001438,0.068939,0.072104
[fold_3] 6200,0.002676,0.068978,0.072133
[fold_3] 6225,0.012235,0.068889,0.072032
[fold_3] 6250,0.012430,0.068931,0.072075
[fold_3] 6275,0.010457,0.069045,0.072159
[fold_3] 6300,0.002724,0.068815,0.071954
[fold_3] 6325,0.018666,0.068827,0.071964
[fold_3] 6350,0.023704,0.068776,0.071913
[fold_3] 6375,0.004898,0.068876,0.072027
[fold_3] 6400,0.001717,0.068729,0.071864
[fold_3] 6425,0.013782,0.068760,0.071896
[fold_3] 6450,0.000610,0.068768,0.071912
[fold_3] 6475,0.015031,0.068849,0.071991
[fold_3] 6500,0.002489,0.068778,0.071907
[fold_3] 6525,0.002421,0.068673,0.071808
[fold_3] 6550,0.001561,0.068693,0.071843
[fold_3] 6575,0.000640,0.068647,0.071810
[fold_3] 6600,0.005683,0.068961,0.072087
[fold_3] 6625,0.001434,0.068621,0.071763
[fold_3] 6650,0.001022,0.068564,0.071714
[fold_3] 6675,0.001249,0.068579,0.071734
[fold_3] 6700,0.007009,0.068556,0.071723
[fold_3] 6725,0.019416,0.068598,0.071757
[fold_3] 6750,0.001408,0.068506,0.071663
[fold_3] 6775,0.000565,0.068490,0.071632
[fold_3] 6800,0.000527,0.068491,0.071643
[fold_3] 6825,0.038664,0.068491,0.071662
[fold_3] 6850,0.003252,0.068447,0.071605
[fold_3] 6875,0.007730,0.068457,0.071609
[fold_3] 6900,0.045077,0.068429,0.071587
[fold_3] 6925,0.009116,0.068492,0.071624
[fold_3] 6950,0.000491,0.068452,0.071603
[fold_3] 6975,0.001027,0.068391,0.071547
[fold_3] 7000,0.010058,0.068318,0.071481
[fold_3] 7025,0.006800,0.068347,0.071491
[fold_3] 7050,0.009449,0.068484,0.071660
[fold_3] 7075,0.030910,0.068361,0.071562
[fold_3] 7100,0.009531,0.068398,0.071590
[fold_3] 7125,0.003714,0.068363,0.071570
[fold_3] 7150,0.004901,0.068241,0.071423
[fold_3] 7175,0.000579,0.068202,0.071367
[fold_3] 7200,0.005226,0.068228,0.071402
[fold_3] 7225,0.000528,0.068196,0.071385
[fold_3] 7250,0.004874,0.068205,0.071405
[fold_3] 7275,0.003005,0.068140,0.071329
[fold_3] 7300,0.018667,0.068198,0.071376
[fold_3] 7325,0.023703,0.068104,0.071273
[fold_3] 7350,0.015340,0.068150,0.071291
[fold_3] 7375,0.001520,0.068059,0.071224
[fold_3] 7400,0.000760,0.068144,0.071299
[fold_3] 7425,0.100867,0.068040,0.071207
[fold_3] 7450,0.005500,0.068016,0.071208
[fold_3] 7475,0.019122,0.067984,0.071176
[fold_3] 7500,0.002456,0.068007,0.071194
[fold_3] 7525,0.002355,0.067987,0.071170
[fold_3] 7550,0.007444,0.067948,0.071130
[fold_3] 7575,0.002892,0.067967,0.071148
[fold_3] 7600,0.009527,0.067899,0.071062
[fold_3] 7625,0.011791,0.067890,0.071051
[fold_3] 7650,0.003079,0.067851,0.071038
[fold_3] 7675,0.001549,0.067930,0.071108
[fold_3] 7700,0.005714,0.067841,0.071015
[fold_3] 7725,0.021324,0.067835,0.071016
[fold_3] 7750,0.012438,0.067862,0.071056
[fold_3] 7775,0.000459,0.068004,0.071176
[fold_3] 7800,0.000413,0.067906,0.071080
[fold_3] 7825,0.014889,0.067861,0.071050
[fold_3] 7850,0.001015,0.067802,0.070972
[fold_3] 7875,0.001470,0.067742,0.070926
[fold_3] 7900,0.012268,0.067825,0.071030
[fold_3] 7925,0.005405,0.067821,0.071017
[fold_3] 7950,0.038837,0.067716,0.070902
[fold_3] 7975,0.004409,0.067649,0.070826
[fold_3] 8000,0.004889,0.067695,0.070898
[fold_3] 8025,0.001909,0.067680,0.070873
[fold_3] 8050,0.003686,0.067621,0.070821
[fold_3] 8075,0.024874,0.067599,0.070787
[fold_3] 8100,0.026693,0.067573,0.070771
[fold_3] 8125,0.006913,0.067598,0.070788
[fold_3] 8150,0.003677,0.067625,0.070829
[fold_3] 8175,0.006103,0.067558,0.070762
[fold_3] 8200,0.008084,0.067583,0.070796
[fold_3] 8225,0.009777,0.067502,0.070686
[fold_3] 8250,0.089233,0.067581,0.070741
[fold_3] 8275,0.013309,0.067581,0.070738
[fold_3] 8300,0.001226,0.067507,0.070703
[fold_3] 8325,0.015131,0.067446,0.070658
[fold_3] 8350,0.003831,0.067412,0.070617
[fold_3] 8375,0.004662,0.067397,0.070616
[fold_3] 8400,0.000627,0.067397,0.070596
[fold_3] 8425,0.000696,0.067386,0.070575
[fold_3] 8450,0.000651,0.067330,0.070513
[fold_3] 8475,0.008694,0.067333,0.070530
[fold_3] 8500,0.002232,0.067301,0.070493
[fold_3] 8525,0.008671,0.067289,0.070508
[fold_3] 8550,0.000688,0.067339,0.070551
[fold_3] 8575,0.008466,0.067348,0.070561
[fold_3] 8600,0.004976,0.067323,0.070509
[fold_3] 8625,0.003470,0.067278,0.070482
[fold_3] 8650,0.002152,0.067279,0.070491
[fold_3] 8675,0.006067,0.067228,0.070432
[fold_3] 8700,0.017050,0.067234,0.070467
[fold_3] 8725,0.005211,0.067147,0.070377
[fold_3] 8750,0.005826,0.067124,0.070330
[fold_3] 8775,0.004591,0.067098,0.070323
[fold_3] 8800,0.001789,0.067257,0.070499
[fold_3] 8825,0.008779,0.067224,0.070442
[fold_3] 8850,0.001212,0.067050,0.070258
[fold_3] 8875,0.023367,0.067052,0.070245
[fold_3] 8900,0.004132,0.067041,0.070245
[fold_3] 8925,0.004006,0.067018,0.070217
[fold_3] 8950,0.002450,0.067005,0.070208
[fold_3] 8975,0.013882,0.066972,0.070177
[fold_3] 9000,0.002271,0.066960,0.070167
[fold_3] 9025,0.004281,0.067050,0.070273
[fold_3] 9050,0.016634,0.067054,0.070259
[fold_3] 9075,0.002614,0.066989,0.070226
[fold_3] 9100,0.004827,0.066956,0.070196
[fold_3] 9125,0.088599,0.066898,0.070117
[fold_3] 9150,0.009098,0.067036,0.070240
[fold_3] 9175,0.030914,0.066949,0.070175
[fold_3] 9200,0.001606,0.066933,0.070148
[fold_3] 9225,0.006762,0.066922,0.070174
[fold_3] 9250,0.000739,0.066842,0.070072
[fold_3] 9275,0.004232,0.066962,0.070183
[fold_3] 9300,0.010671,0.066866,0.070078
[fold_3] 9325,0.005271,0.066812,0.070040
[fold_3] 9350,0.011027,0.066784,0.070004
[fold_3] 9375,0.010395,0.066794,0.070001
[fold_3] 9400,0.010852,0.066770,0.069973
[fold_3] 9425,0.000635,0.066783,0.070022
[fold_3] 9450,0.002523,0.066758,0.069986
[fold_3] 9475,0.000693,0.066664,0.069882
[fold_3] 9500,0.004744,0.066723,0.069914
[fold_3] 9525,0.033796,0.066646,0.069875
[fold_3] 9550,0.005298,0.066676,0.069921
[fold_3] 9575,0.008968,0.066642,0.069888
[fold_3] 9600,0.004788,0.066693,0.069938
[fold_3] 9625,0.000681,0.066614,0.069867
[fold_3] 9650,0.003864,0.066618,0.069846
[fold_3] 9675,0.012333,0.066570,0.069812
[fold_3] 9700,0.000628,0.066660,0.069880
[fold_3] 9725,0.002023,0.066767,0.069957
[fold_3] 9750,0.000648,0.066599,0.069833
[fold_3] 9775,0.004755,0.066617,0.069826
[fold_3] 9800,0.017262,0.066496,0.069739
[fold_3] 9825,0.000629,0.066426,0.069655
[fold_3] 9850,0.026066,0.066421,0.069646
[fold_3] 9875,0.004979,0.066429,0.069653
[fold_3] 9900,0.019366,0.066377,0.069611
[fold_3] 9925,0.008672,0.066405,0.069655
[fold_3] 9950,0.034648,0.066408,0.069665
[fold_3] 9975,0.012345,0.066421,0.069674
[fold_2] 5000,0.001181,0.070053,0.065440
[fold_2] 5025,0.015539,0.070025,0.065414
[fold_2] 5050,0.011041,0.069961,0.065342
[fold_2] 5075,0.044029,0.069975,0.065350
[fold_2] 5100,0.031478,0.070190,0.065579
[fold_2] 5125,0.011704,0.070011,0.065406
[fold_2] 5150,0.000670,0.070054,0.065466
[fold_2] 5175,0.004157,0.069841,0.065244
[fold_2] 5200,0.000910,0.070021,0.065414
[fold_2] 5225,0.009799,0.069938,0.065321
[fold_2] 5250,0.013331,0.070014,0.065401
[fold_2] 5275,0.006280,0.070242,0.065667
[fold_2] 5300,0.009931,0.069861,0.065255
[fold_2] 5325,0.008398,0.069754,0.065152
[fold_2] 5350,0.000525,0.069777,0.065183
[fold_2] 5375,0.001544,0.069734,0.065142
[fold_2] 5400,0.000825,0.069676,0.065082
[fold_2] 5425,0.002102,0.069775,0.065188
[fold_2] 5450,0.000561,0.069638,0.065019
[fold_2] 5475,0.002391,0.069651,0.065035
[fold_2] 5500,0.010620,0.069634,0.065021
[fold_2] 5525,0.021321,0.069601,0.064972
[fold_2] 5550,0.004247,0.069568,0.064939
[fold_2] 5575,0.004973,0.069540,0.064915
[fold_2] 5600,0.000811,0.069540,0.064919
[fold_2] 5625,0.003972,0.069585,0.064985
[fold_2] 5650,0.001763,0.069625,0.065037
[fold_2] 5675,0.002564,0.069486,0.064872
[fold_2] 5700,0.032903,0.069484,0.064861
[fold_2] 5725,0.004939,0.069442,0.064818
[fold_2] 5750,0.115176,0.069521,0.064897
[fold_2] 5775,0.001237,0.069420,0.064795
[fold_2] 5800,0.028169,0.069458,0.064835
[fold_2] 5825,0.001224,0.069375,0.064756
[fold_2] 5850,0.009687,0.069434,0.064803
[fold_2] 5875,0.001243,0.069341,0.064711
[fold_2] 5900,0.001611,0.069389,0.064776
[fold_2] 5925,0.017324,0.069412,0.064799
[fold_2] 5950,0.005826,0.069329,0.064698
[fold_2] 5975,0.004265,0.069293,0.064681
[fold_2] 6000,0.004044,0.069260,0.064643
[fold_2] 6025,0.007434,0.069236,0.064615
[fold_2] 6050,0.010797,0.069225,0.064606
[fold_2] 6075,0.000896,0.069338,0.064714
[fold_2] 6100,0.003106,0.069192,0.064570
[fold_2] 6125,0.005984,0.069187,0.064565
[fold_2] 6150,0.002571,0.069223,0.064591
[fold_2] 6175,0.014354,0.069204,0.064563
[fold_2] 6200,0.005590,0.069173,0.064534
[fold_2] 6225,0.002790,0.069335,0.064709
[fold_2] 6250,0.007375,0.069393,0.064776
[fold_2] 6275,0.060056,0.069170,0.064551
[fold_2] 6300,0.000530,0.069110,0.064482
[fold_2] 6325,0.030616,0.069091,0.064459
[fold_2] 6350,0.112037,0.069157,0.064523
[fold_2] 6375,0.022877,0.069370,0.064761
[fold_2] 6400,0.000622,0.069025,0.064387
[fold_2] 6425,0.001375,0.069036,0.064389
[fold_2] 6450,0.004011,0.069055,0.064419
[fold_2] 6475,0.003611,0.068987,0.064361
[fold_2] 6500,0.000679,0.068963,0.064336
[fold_2] 6525,0.004927,0.068932,0.064292
[fold_2] 6550,0.002677,0.068949,0.064300
[fold_2] 6575,0.028755,0.068940,0.064311
[fold_2] 6600,0.003233,0.068927,0.064309
[fold_2] 6625,0.001291,0.069008,0.064389
[fold_2] 6650,0.008636,0.068859,0.064226
[fold_2] 6675,0.026415,0.068857,0.064229
[fold_2] 6700,0.029317,0.068929,0.064302
[fold_2] 6725,0.002689,0.068965,0.064336
[fold_2] 6750,0.008792,0.068920,0.064283
[fold_2] 6775,0.000660,0.068876,0.064216
[fold_2] 6800,0.004947,0.068979,0.064336
[fold_2] 6825,0.002916,0.068885,0.064248
[fold_2] 6850,0.000600,0.068952,0.064354
[fold_2] 6875,0.000655,0.068844,0.064234
[fold_2] 6900,0.000607,0.068753,0.064126
[fold_2] 6925,0.000453,0.068965,0.064364
[fold_2] 6950,0.001371,0.068893,0.064285
[fold_2] 6975,0.014917,0.069027,0.064427
[fold_2] 7000,0.000694,0.068705,0.064067
[fold_2] 7025,0.011523,0.068658,0.064022
[fold_2] 7050,0.001441,0.068654,0.064017
[fold_2] 7075,0.000658,0.068680,0.064039
[fold_2] 7100,0.010293,0.068714,0.064079
[fold_2] 7125,0.022869,0.068619,0.063975
[fold_2] 7150,0.009672,0.068594,0.063933
[fold_2] 7175,0.001284,0.068584,0.063916
[fold_2] 7200,0.001533,0.068774,0.064118
[fold_2] 7225,0.001774,0.068748,0.064092
[fold_2] 7250,0.002348,0.068568,0.063899
[fold_2] 7275,0.001334,0.068538,0.063879
[fold_2] 7300,0.000698,0.068524,0.063869
[fold_2] 7325,0.006077,0.068517,0.063853
[fold_2] 7350,0.001216,0.068474,0.063822
[fold_2] 7375,0.000830,0.068483,0.063829
[fold_2] 7400,0.007350,0.068517,0.063877
[fold_2] 7425,0.002179,0.068476,0.063826
[fold_2] 7450,0.001515,0.068472,0.063824
[fold_2] 7475,0.000535,0.068456,0.063816
[fold_2] 7500,0.003131,0.068628,0.064000
[fold_2] 7525,0.006167,0.068605,0.063973
[fold_2] 7550,0.018903,0.068431,0.063767
[fold_2] 7575,0.001314,0.068357,0.063680
[fold_2] 7600,0.004224,0.068371,0.063702
[fold_2] 7625,0.009258,0.068409,0.063752
[fold_2] 7650,0.056234,0.068429,0.063777
[fold_2] 7675,0.006003,0.068311,0.063645
[fold_2] 7700,0.013565,0.068311,0.063651
[fold_2] 7725,0.000685,0.068301,0.063628
[fold_2] 7750,0.006969,0.068297,0.063615
[fold_2] 7775,0.002370,0.068378,0.063696
[fold_2] 7800,0.004060,0.068410,0.063757
[fold_2] 7825,0.020140,0.068230,0.063556
[fold_2] 7850,0.002561,0.068220,0.063549
[fold_2] 7875,0.009500,0.068193,0.063517
[fold_2] 7900,0.000782,0.068182,0.063508
[fold_2] 7925,0.128120,0.068290,0.063631
[fold_2] 7950,0.092434,0.068199,0.063533
[fold_2] 7975,0.000656,0.068187,0.063521
[fold_2] 8000,0.009311,0.068129,0.063454
[fold_2] 8025,0.005185,0.068106,0.063428
[fold_2] 8050,0.004062,0.068089,0.063415
[fold_2] 8075,0.005446,0.068155,0.063475
[fold_2] 8100,0.000559,0.068105,0.063416
[fold_2] 8125,0.000577,0.068122,0.063427
[fold_2] 8150,0.002862,0.068087,0.063399
[fold_2] 8175,0.006602,0.068092,0.063413
[fold_2] 8200,0.031665,0.068078,0.063395
[fold_2] 8225,0.038044,0.068071,0.063372
[fold_2] 8250,0.012486,0.068017,0.063327
[fold_2] 8275,0.002238,0.068036,0.063348
[fold_2] 8300,0.002124,0.068054,0.063376
[fold_2] 8325,0.000467,0.068000,0.063329
[fold_2] 8350,0.002293,0.068236,0.063584
[fold_2] 8375,0.029848,0.067958,0.063269
[fold_2] 8400,0.002853,0.068261,0.063593
[fold_2] 8425,0.016066,0.068039,0.063342
[fold_2] 8450,0.014531,0.067941,0.063244
[fold_2] 8475,0.000632,0.068018,0.063339
[fold_2] 8500,0.019512,0.067910,0.063237
[fold_2] 8525,0.000507,0.067939,0.063269
[fold_2] 8550,0.041135,0.067939,0.063256
[fold_2] 8575,0.021979,0.068007,0.063320
[fold_2] 8600,0.000552,0.067877,0.063161
[fold_2] 8625,0.001850,0.067856,0.063147
[fold_2] 8650,0.000519,0.067801,0.063096
[fold_2] 8675,0.000702,0.067793,0.063108
[fold_2] 8700,0.018372,0.067923,0.063241
[fold_2] 8725,0.002237,0.067833,0.063119
[fold_2] 8750,0.005635,0.067863,0.063157
[fold_2] 8775,0.000534,0.067760,0.063060
[fold_2] 8800,0.002119,0.067766,0.063080
[fold_2] 8825,0.004084,0.067696,0.063007
[fold_2] 8850,0.042959,0.068217,0.063578
[fold_2] 8875,0.013103,0.067679,0.063000
[fold_2] 8900,0.002859,0.067746,0.063070
[fold_2] 8925,0.006469,0.067745,0.063064
[fold_2] 8950,0.005251,0.067664,0.062977
[fold_2] 8975,0.000960,0.067636,0.062951
[fold_2] 9000,0.025806,0.067624,0.062941
[fold_2] 9025,0.000424,0.067631,0.062956
[fold_2] 9050,0.013691,0.067680,0.063014
[fold_2] 9075,0.006125,0.067615,0.062931
[fold_2] 9100,0.111781,0.067558,0.062866
[fold_2] 9125,0.000429,0.067684,0.063022
[fold_2] 9150,0.002045,0.067581,0.062912
[fold_2] 9175,0.014641,0.067643,0.062965
[fold_2] 9200,0.015262,0.067625,0.062942
[fold_2] 9225,0.004244,0.067560,0.062874
[fold_2] 9250,0.003924,0.067476,0.062784
[fold_2] 9275,0.003321,0.067586,0.062890
[fold_2] 9300,0.008347,0.067485,0.062792
[fold_2] 9325,0.007652,0.067576,0.062890
[fold_2] 9350,0.004373,0.067601,0.062889
[fold_2] 9375,0.003385,0.067599,0.062896
[fold_2] 9400,0.000672,0.067491,0.062790
[fold_2] 9425,0.003773,0.067432,0.062721
[fold_2] 9450,0.000610,0.067403,0.062700
[fold_2] 9475,0.003966,0.067353,0.062647
[fold_2] 9500,0.012583,0.067361,0.062658
[fold_2] 9525,0.013321,0.067355,0.062633
[fold_2] 9550,0.038719,0.067340,0.062626
[fold_2] 9575,0.012793,0.067366,0.062682
[fold_2] 9600,0.046091,0.067319,0.062619
[fold_2] 9625,0.002045,0.067302,0.062601
[fold_2] 9650,0.004404,0.067309,0.062604
[fold_2] 9675,0.001879,0.067297,0.062594
[fold_2] 9700,0.002314,0.067335,0.062644
[fold_2] 9725,0.008754,0.067289,0.062581
[fold_2] 9750,0.005930,0.067226,0.062516
[fold_2] 9775,0.009492,0.067236,0.062545
[fold_2] 9800,0.008995,0.067214,0.062517
[fold_2] 9825,0.058481,0.067226,0.062524
[fold_2] 9850,0.013186,0.067213,0.062507
[fold_2] 9875,0.007620,0.067156,0.062454
[fold_2] 9900,0.005414,0.067677,0.063001
[fold_2] 9925,0.004019,0.067300,0.062598
[fold_2] 9950,0.004980,0.067177,0.062474
[fold_2] 9975,0.014866,0.067189,0.062497
[fold_5] 5000,0.001735,0.065455,0.072233
[fold_5] 5025,0.008713,0.065473,0.072247
[fold_5] 5050,0.008223,0.065545,0.072324
[fold_5] 5075,0.023118,0.065471,0.072242
[fold_5] 5100,0.003769,0.065389,0.072171
[fold_5] 5125,0.001523,0.065425,0.072218
[fold_5] 5150,0.023698,0.065601,0.072385
[fold_5] 5175,0.000443,0.065379,0.072178
[fold_5] 5200,0.015290,0.065353,0.072143
[fold_5] 5225,0.014241,0.065370,0.072150
[fold_5] 5250,0.001247,0.065299,0.072092
[fold_5] 5275,0.003726,0.065364,0.072139
[fold_5] 5300,0.004371,0.065371,0.072142
[fold_5] 5325,0.005550,0.065319,0.072109
[fold_5] 5350,0.001185,0.065282,0.072058
[fold_5] 5375,0.000850,0.065459,0.072210
[fold_5] 5400,0.003969,0.065345,0.072105
[fold_5] 5425,0.020256,0.065237,0.072005
[fold_5] 5450,0.003122,0.065275,0.072035
[fold_5] 5475,0.011578,0.065200,0.071980
[fold_5] 5500,0.004703,0.065194,0.071962
[fold_5] 5525,0.002009,0.065113,0.071899
[fold_5] 5550,0.007377,0.065109,0.071893
[fold_5] 5575,0.019963,0.065201,0.071984
[fold_5] 5600,0.012673,0.065084,0.071872
[fold_5] 5625,0.000678,0.065090,0.071870
[fold_5] 5650,0.003705,0.065109,0.071886
[fold_5] 5675,0.000802,0.065130,0.071901
[fold_5] 5700,0.000381,0.065071,0.071848
[fold_5] 5725,0.024015,0.065017,0.071789
[fold_5] 5750,0.024105,0.065050,0.071828
[fold_5] 5775,0.010900,0.065048,0.071828
[fold_5] 5800,0.011536,0.064967,0.071755
[fold_5] 5825,0.011616,0.064956,0.071734
[fold_5] 5850,0.011932,0.064995,0.071778
[fold_5] 5875,0.006769,0.064932,0.071719
[fold_5] 5900,0.001058,0.064968,0.071757
[fold_5] 5925,0.011747,0.064899,0.071684
[fold_5] 5950,0.102847,0.065002,0.071765
[fold_5] 5975,0.004836,0.065333,0.072043
[fold_5] 6000,0.015859,0.064981,0.071733
[fold_5] 6025,0.004144,0.064915,0.071675
[fold_5] 6050,0.001622,0.064856,0.071617
[fold_5] 6075,0.012186,0.065072,0.071833
[fold_5] 6100,0.015644,0.064889,0.071649
[fold_5] 6125,0.003650,0.064827,0.071605
[fold_5] 6150,0.002139,0.064797,0.071577
[fold_5] 6175,0.077671,0.064954,0.071712
[fold_5] 6200,0.000517,0.064799,0.071572
[fold_5] 6225,0.000424,0.064787,0.071562
[fold_5] 6250,0.016030,0.064771,0.071544
[fold_5] 6275,0.010669,0.064860,0.071633
[fold_5] 6300,0.004713,0.064778,0.071549
[fold_5] 6325,0.001098,0.064694,0.071467
[fold_5] 6350,0.002908,0.065049,0.071810
[fold_5] 6375,0.020995,0.064729,0.071511
[fold_5] 6400,0.003813,0.064694,0.071463
[fold_5] 6425,0.004144,0.064663,0.071438
[fold_5] 6450,0.014563,0.064787,0.071561
[fold_5] 6475,0.002526,0.064646,0.071416
[fold_5] 6500,0.001607,0.064708,0.071480
[fold_5] 6525,0.000536,0.064724,0.071502
[fold_5] 6550,0.019641,0.064630,0.071407
[fold_5] 6575,0.006135,0.064610,0.071389
[fold_5] 6600,0.000494,0.064587,0.071377
[fold_5] 6625,0.009450,0.064603,0.071393
[fold_5] 6650,0.009160,0.064643,0.071423
[fold_5] 6675,0.036317,0.064575,0.071364
[fold_5] 6700,0.058274,0.064598,0.071385
[fold_5] 6725,0.015355,0.064559,0.071347
[fold_5] 6750,0.015956,0.064519,0.071310
[fold_5] 6775,0.001243,0.064511,0.071296
[fold_5] 6800,0.001255,0.064500,0.071294
[fold_5] 6825,0.028473,0.064563,0.071347
[fold_5] 6850,0.032751,0.064569,0.071358
[fold_5] 6875,0.015127,0.064781,0.071558
[fold_5] 6900,0.007406,0.064580,0.071370
[fold_5] 6925,0.000483,0.064570,0.071344
[fold_5] 6950,0.004884,0.064509,0.071284
[fold_5] 6975,0.000361,0.064438,0.071235
[fold_5] 7000,0.014022,0.064458,0.071255
[fold_5] 7025,0.009593,0.064403,0.071197
[fold_5] 7050,0.003280,0.064406,0.071193
[fold_5] 7075,0.000703,0.064363,0.071147
[fold_5] 7100,0.003000,0.064368,0.071157
[fold_5] 7125,0.012188,0.064372,0.071164
[fold_5] 7150,0.001412,0.064378,0.071170
[fold_5] 7175,0.035642,0.064372,0.071174
[fold_5] 7200,0.007933,0.064374,0.071173
[fold_5] 7225,0.001899,0.064512,0.071311
[fold_5] 7250,0.012941,0.064344,0.071148
[fold_5] 7275,0.012017,0.064321,0.071115
[fold_5] 7300,0.001105,0.064326,0.071122
[fold_5] 7325,0.009006,0.064291,0.071082
[fold_5] 7350,0.000444,0.064252,0.071060
[fold_5] 7375,0.060686,0.064240,0.071052
[fold_5] 7400,0.025054,0.064220,0.071038
[fold_5] 7425,0.004658,0.064409,0.071218
[fold_5] 7450,0.008232,0.064210,0.071024
[fold_5] 7475,0.000733,0.064217,0.071036
[fold_5] 7500,0.003231,0.064228,0.071038
[fold_5] 7525,0.076247,0.064488,0.071283
[fold_5] 7550,0.006565,0.064154,0.070968
[fold_5] 7575,0.000918,0.064235,0.071034
[fold_5] 7600,0.000851,0.064181,0.071002
[fold_5] 7625,0.022916,0.064106,0.070926
[fold_5] 7650,0.002135,0.064156,0.070975
[fold_5] 7675,0.004646,0.064155,0.070961
[fold_5] 7700,0.009864,0.064214,0.071006
[fold_5] 7725,0.015506,0.064059,0.070875
[fold_5] 7750,0.006016,0.064053,0.070874
[fold_5] 7775,0.001311,0.064371,0.071170
[fold_5] 7800,0.000464,0.064079,0.070901
[fold_5] 7825,0.008484,0.064054,0.070873
[fold_5] 7850,0.019202,0.064153,0.070973
[fold_5] 7875,0.050186,0.064075,0.070899
[fold_5] 7900,0.000926,0.064067,0.070876
[fold_5] 7925,0.001781,0.063997,0.070816
[fold_5] 7950,0.001346,0.064032,0.070843
[fold_5] 7975,0.001687,0.064048,0.070860
[fold_5] 8000,0.000546,0.063993,0.070808
[fold_5] 8025,0.009677,0.064080,0.070900
[fold_5] 8050,0.004027,0.063924,0.070744
[fold_5] 8075,0.000499,0.063936,0.070756
[fold_5] 8100,0.000345,0.064007,0.070829
[fold_5] 8125,0.001706,0.063946,0.070771
[fold_5] 8150,0.031585,0.063989,0.070799
[fold_5] 8175,0.014283,0.063926,0.070746
[fold_5] 8200,0.000683,0.063904,0.070711
[fold_5] 8225,0.003292,0.063865,0.070677
[fold_5] 8250,0.005062,0.063874,0.070689
[fold_5] 8275,0.010746,0.063896,0.070697
[fold_5] 8300,0.005071,0.063930,0.070726
[fold_5] 8325,0.002157,0.063871,0.070687
[fold_5] 8350,0.001633,0.063853,0.070659
[fold_5] 8375,0.010001,0.063848,0.070663
[fold_5] 8400,0.054150,0.063961,0.070766
[fold_5] 8425,0.001863,0.063781,0.070598
[fold_5] 8450,0.028214,0.063737,0.070554
[fold_5] 8475,0.001210,0.063717,0.070524
[fold_5] 8500,0.000629,0.063682,0.070492
[fold_5] 8525,0.009453,0.063682,0.070496
[fold_5] 8550,0.009807,0.063679,0.070496
[fold_5] 8575,0.013277,0.063643,0.070459
[fold_5] 8600,0.012563,0.063628,0.070442
[fold_5] 8625,0.001353,0.063708,0.070520
[fold_5] 8650,0.005855,0.063647,0.070450
[fold_5] 8675,0.000328,0.063919,0.070711
[fold_5] 8700,0.005437,0.063585,0.070395
[fold_5] 8725,0.000601,0.063584,0.070396
[fold_5] 8750,0.003911,0.063603,0.070416
[fold_5] 8775,0.000629,0.063603,0.070412
[fold_5] 8800,0.004596,0.063716,0.070522
[fold_5] 8825,0.015365,0.063587,0.070394
[fold_5] 8850,0.006676,0.063543,0.070365
[fold_5] 8875,0.018628,0.063576,0.070405
[fold_5] 8900,0.014574,0.063535,0.070358
[fold_5] 8925,0.035991,0.063556,0.070377
[fold_5] 8950,0.001898,0.063534,0.070360
[fold_5] 8975,0.010187,0.063562,0.070389
[fold_5] 9000,0.007186,0.063529,0.070351
[fold_5] 9025,0.016159,0.063521,0.070340
[fold_5] 9050,0.007047,0.063516,0.070332
[fold_5] 9075,0.016383,0.063448,0.070272
[fold_5] 9100,0.001347,0.063599,0.070396
[fold_5] 9125,0.007427,0.063437,0.070253
[fold_5] 9150,0.007203,0.063511,0.070309
[fold_5] 9175,0.006450,0.063412,0.070223
[fold_5] 9200,0.000978,0.063463,0.070273
[fold_5] 9225,0.010254,0.063373,0.070185
[fold_5] 9250,0.002861,0.063620,0.070397
[fold_5] 9275,0.001687,0.063360,0.070171
[fold_5] 9300,0.007619,0.063374,0.070189
[fold_5] 9325,0.004186,0.063355,0.070166
[fold_5] 9350,0.010693,0.063347,0.070149
[fold_5] 9375,0.000734,0.063329,0.070136
[fold_5] 9400,0.002498,0.063380,0.070196
[fold_5] 9425,0.002183,0.063354,0.070159
[fold_5] 9450,0.002195,0.063451,0.070260
[fold_5] 9475,0.003584,0.063297,0.070109
[fold_5] 9500,0.002375,0.063289,0.070101
[fold_5] 9525,0.000815,0.063266,0.070083
[fold_5] 9550,0.018189,0.063321,0.070138
[fold_5] 9575,0.000481,0.063296,0.070111
[fold_5] 9600,0.003807,0.063347,0.070161
[fold_5] 9625,0.005017,0.063265,0.070086
[fold_5] 9650,0.000964,0.063232,0.070048
[fold_5] 9675,0.012967,0.063306,0.070125
[fold_5] 9700,0.002321,0.063337,0.070141
[fold_5] 9725,0.004918,0.063277,0.070089
[fold_5] 9750,0.005793,0.063299,0.070110
[fold_5] 9775,0.001398,0.063234,0.070064
[fold_5] 9800,0.001316,0.063178,0.070003
[fold_5] 9825,0.004780,0.063163,0.069997
[fold_5] 9850,0.001910,0.063169,0.069995
[fold_5] 9875,0.007267,0.063169,0.070000
[fold_5] 9900,0.006095,0.063268,0.070089
[fold_5] 9925,0.003140,0.063114,0.069937
[fold_5] 9950,0.003572,0.063198,0.070018
[fold_5] 9975,0.000421,0.063114,0.069935
[fold_2] 10000,0.034840,0.067137,0.062452
[fold_2] 10025,0.004308,0.067129,0.062428
[fold_2] 10050,0.001544,0.067080,0.062397
[fold_2] 10075,0.003187,0.067059,0.062368
[fold_2] 10100,0.007634,0.067213,0.062569
[fold_2] 10125,0.002008,0.067117,0.062470
[fold_2] 10150,0.010158,0.067151,0.062493
[fold_2] 10175,0.002158,0.066982,0.062295
[fold_2] 10200,0.000535,0.067035,0.062347
[fold_2] 10225,0.001316,0.066976,0.062288
[fold_2] 10250,0.007487,0.067020,0.062338
[fold_2] 10275,0.000879,0.066942,0.062242
[fold_2] 10300,0.012283,0.066983,0.062293
[fold_2] 10325,0.000587,0.066952,0.062250
[fold_2] 10350,0.000646,0.066898,0.062210
[fold_2] 10375,0.012204,0.067144,0.062473
[fold_2] 10400,0.007550,0.066834,0.062150
[fold_2] 10425,0.007797,0.066887,0.062194
[fold_2] 10450,0.006470,0.066857,0.062160
[fold_2] 10475,0.000794,0.066870,0.062176
[fold_2] 10500,0.003132,0.067325,0.062680
[fold_2] 10525,0.002988,0.066806,0.062118
[fold_2] 10550,0.000662,0.066803,0.062112
[fold_2] 10575,0.003037,0.066755,0.062059
[fold_2] 10600,0.003970,0.066757,0.062062
[fold_2] 10625,0.000447,0.066886,0.062214
[fold_2] 10650,0.013564,0.066946,0.062270
[fold_2] 10675,0.024030,0.066825,0.062148
[fold_2] 10700,0.001791,0.066760,0.062056
[fold_2] 10725,0.002756,0.066761,0.062054
[fold_2] 10750,0.001546,0.066761,0.062048
[fold_2] 10775,0.005898,0.066678,0.061961
[fold_2] 10800,0.002209,0.066753,0.062045
[fold_2] 10825,0.003695,0.066822,0.062112
[fold_2] 10850,0.012205,0.066693,0.061985
[fold_2] 10875,0.002113,0.066705,0.062026
[fold_2] 10900,0.003234,0.066750,0.062055
[fold_2] 10925,0.007060,0.066801,0.062093
[fold_2] 10950,0.000613,0.066631,0.061923
[fold_2] 10975,0.003748,0.066582,0.061898
[fold_2] 11000,0.000542,0.066619,0.061917
[fold_2] 11025,0.000523,0.066607,0.061894
[fold_2] 11050,0.038354,0.066598,0.061892
[fold_2] 11075,0.009579,0.066536,0.061840
[fold_2] 11100,0.009291,0.066535,0.061832
[fold_2] 11125,0.013476,0.066548,0.061832
[fold_2] 11150,0.003059,0.066645,0.061943
[fold_2] 11175,0.009460,0.066577,0.061882
[fold_2] 11200,0.025854,0.066586,0.061896
[fold_2] 11225,0.004169,0.066544,0.061866
[fold_2] 11250,0.000668,0.066501,0.061801
[fold_2] 11275,0.021874,0.066533,0.061842
[fold_2] 11300,0.014950,0.066566,0.061888
[fold_2] 11325,0.022230,0.066564,0.061868
[fold_2] 11350,0.078435,0.066425,0.061724
[fold_2] 11375,0.004834,0.066396,0.061704
[fold_2] 11400,0.015220,0.066367,0.061672
[fold_2] 11425,0.001554,0.066353,0.061655
[fold_2] 11450,0.002133,0.066390,0.061699
[fold_2] 11475,0.063134,0.066439,0.061758
[fold_2] 11500,0.019271,0.066395,0.061709
[fold_2] 11525,0.032677,0.066337,0.061631
[fold_2] 11550,0.014425,0.066381,0.061686
[fold_2] 11575,0.007341,0.066370,0.061671
[fold_2] 11600,0.031664,0.066373,0.061672
[fold_2] 11625,0.006803,0.066475,0.061772
[fold_2] 11650,0.003417,0.066286,0.061603
[fold_2] 11675,0.014866,0.066246,0.061558
[fold_2] 11700,0.007441,0.066271,0.061574
[fold_2] 11725,0.001405,0.066235,0.061534
[fold_2] 11750,0.000557,0.066289,0.061585
[fold_2] 11775,0.012731,0.066210,0.061509
[fold_2] 11800,0.015763,0.066191,0.061488
[fold_2] 11825,0.022433,0.066220,0.061516
[fold_2] 11850,0.005420,0.066191,0.061492
[fold_2] 11875,0.005194,0.066146,0.061444
[fold_2] 11900,0.001503,0.066312,0.061609
[fold_2] 11925,0.002264,0.066239,0.061523
[fold_2] 11950,0.000428,0.066218,0.061512
[fold_2] 11975,0.006952,0.066180,0.061483
[fold_2] 12000,0.009624,0.066117,0.061423
[fold_2] 12025,0.006196,0.066102,0.061409
[fold_2] 12050,0.009913,0.066270,0.061569
[fold_2] 12075,0.001606,0.066120,0.061411
[fold_2] 12100,0.011099,0.066108,0.061415
[fold_2] 12125,0.000622,0.066097,0.061410
[fold_2] 12150,0.015311,0.066077,0.061385
[fold_2] 12175,0.000386,0.066080,0.061380
[fold_2] 12200,0.000410,0.066097,0.061407
[fold_2] 12225,0.024304,0.066061,0.061359
[fold_2] 12250,0.004425,0.066057,0.061364
[fold_2] 12275,0.000522,0.066087,0.061409
[fold_2] 12300,0.005521,0.066028,0.061336
[fold_2] 12325,0.004236,0.066004,0.061312
[fold_2] 12350,0.005336,0.065968,0.061271
[fold_2] 12375,0.015947,0.065951,0.061250
[fold_2] 12400,0.007937,0.065934,0.061228
[fold_2] 12425,0.003487,0.066023,0.061335
[fold_2] 12450,0.008105,0.065961,0.061257
[fold_2] 12475,0.011297,0.065934,0.061231
[fold_2] 12500,0.001036,0.066069,0.061382
[fold_2] 12525,0.012005,0.065972,0.061280
[fold_2] 12550,0.003932,0.065969,0.061287
[fold_2] 12575,0.004756,0.065882,0.061208
[fold_2] 12600,0.004433,0.065906,0.061203
[fold_2] 12625,0.002877,0.065836,0.061128
[fold_2] 12650,0.011538,0.065892,0.061182
[fold_2] 12675,0.000818,0.065946,0.061244
[fold_2] 12700,0.000476,0.065929,0.061247
[fold_2] 12725,0.000452,0.066007,0.061323
[fold_2] 12750,0.028193,0.065886,0.061190
[fold_2] 12775,0.001663,0.065820,0.061104
[fold_2] 12800,0.015104,0.065800,0.061082
[fold_2] 12825,0.007517,0.065896,0.061185
[fold_2] 12850,0.005628,0.065849,0.061146
[fold_2] 12875,0.003290,0.065842,0.061141
[fold_2] 12900,0.040866,0.065799,0.061076
[fold_2] 12925,0.052353,0.065861,0.061135
[fold_2] 12950,0.002718,0.065998,0.061292
[fold_2] 12975,0.094527,0.065913,0.061220
[fold_2] 13000,0.005488,0.065744,0.061035
[fold_2] 13025,0.007177,0.065721,0.061007
[fold_2] 13050,0.003621,0.066103,0.061427
[fold_2] 13075,0.004665,0.065729,0.061004
[fold_2] 13100,0.000462,0.065804,0.061070
[fold_2] 13125,0.009039,0.065711,0.060984
[fold_2] 13150,0.022912,0.065829,0.061136
[fold_2] 13175,0.010855,0.065674,0.060970
[fold_2] 13200,0.117794,0.065666,0.060960
[fold_2] 13225,0.010194,0.065671,0.060949
[fold_2] 13250,0.000487,0.065638,0.060909
[fold_2] 13275,0.000515,0.065657,0.060939
[fold_2] 13300,0.000625,0.065620,0.060903
[fold_2] 13325,0.001210,0.065834,0.061147
[fold_2] 13350,0.005948,0.065679,0.060973
[fold_2] 13375,0.004120,0.065670,0.060964
[fold_2] 13400,0.000418,0.065560,0.060841
[fold_2] 13425,0.005217,0.065600,0.060879
[fold_2] 13450,0.004011,0.065579,0.060874
[fold_2] 13475,0.001184,0.065558,0.060862
[fold_2] 13500,0.001301,0.065508,0.060790
[fold_2] 13525,0.003583,0.065512,0.060793
[fold_2] 13550,0.002262,0.065569,0.060855
[fold_2] 13575,0.000630,0.065537,0.060837
[fold_2] 13600,0.040326,0.065605,0.060914
[fold_2] 13625,0.014527,0.065469,0.060756
[fold_2] 13650,0.016900,0.065668,0.060977
[fold_2] 13675,0.001930,0.065467,0.060766
[fold_2] 13700,0.000674,0.065468,0.060780
[fold_2] 13725,0.019327,0.065512,0.060805
[fold_2] 13750,0.009733,0.065470,0.060745
[fold_2] 13775,0.027104,0.065484,0.060759
[fold_2] 13800,0.002537,0.065478,0.060739
[fold_2] 13825,0.005035,0.065427,0.060684
[fold_2] 13850,0.001776,0.065532,0.060811
[fold_2] 13875,0.003039,0.065483,0.060769
[fold_2] 13900,0.002874,0.065492,0.060770
[fold_2] 13925,0.001691,0.065503,0.060796
[fold_2] 13950,0.007000,0.065366,0.060648
[fold_2] 13975,0.034889,0.065345,0.060616
[fold_2] 14000,0.001216,0.065333,0.060600
[fold_2] 14025,0.018401,0.065398,0.060689
[fold_2] 14050,0.004537,0.065338,0.060615
[fold_2] 14075,0.019792,0.065492,0.060776
[fold_2] 14100,0.000421,0.065347,0.060614
[fold_2] 14125,0.034997,0.065357,0.060629
[fold_2] 14150,0.008570,0.065317,0.060583
[fold_2] 14175,0.014551,0.065345,0.060610
[fold_2] 14200,0.003596,0.065274,0.060552
[fold_2] 14225,0.006211,0.065284,0.060555
[fold_2] 14250,0.001782,0.065229,0.060506
[fold_2] 14275,0.002979,0.065257,0.060531
[fold_2] 14300,0.001383,0.065299,0.060591
[fold_2] 14325,0.000413,0.065283,0.060586
[fold_2] 14350,0.000408,0.065293,0.060585
[fold_2] 14375,0.001602,0.065212,0.060488
[fold_2] 14400,0.008277,0.065214,0.060501
[fold_2] 14425,0.002459,0.065160,0.060438
[fold_2] 14450,0.004916,0.065246,0.060526
[fold_2] 14475,0.003239,0.065137,0.060418
[fold_2] 14500,0.000466,0.065159,0.060437
[fold_2] 14525,0.007657,0.065155,0.060436
[fold_2] 14550,0.003296,0.065259,0.060538
[fold_2] 14575,0.024015,0.065257,0.060539
[fold_2] 14600,0.002458,0.065106,0.060381
[fold_2] 14625,0.002184,0.065165,0.060444
[fold_2] 14650,0.001468,0.065092,0.060369
[fold_2] 14675,0.001211,0.065175,0.060461
[fold_2] 14700,0.002488,0.065259,0.060553
[fold_2] 14725,0.001599,0.065097,0.060379
[fold_2] 14750,0.012112,0.065100,0.060364
[fold_2] 14775,0.000437,0.065221,0.060500
[fold_2] 14800,0.000785,0.065128,0.060403
[fold_2] 14825,0.000345,0.065090,0.060356
[fold_2] 14850,0.007177,0.065043,0.060331
[fold_2] 14875,0.010542,0.065055,0.060335
[fold_2] 14900,0.001487,0.064996,0.060271
[fold_2] 14925,0.000499,0.065061,0.060333
[fold_2] 14950,0.006553,0.064991,0.060256
[fold_2] 14975,0.001898,0.064967,0.060235
[fold_2] 15000,0.014670,0.065059,0.060345
[fold_2] 15025,0.000534,0.064933,0.060210
[fold_2] 15050,0.003913,0.065055,0.060343
[fold_2] 15075,0.003593,0.065048,0.060330
[fold_2] 15100,0.064780,0.065115,0.060407
[fold_2] 15125,0.011079,0.065288,0.060607
[fold_2] 15150,0.007744,0.065052,0.060341
[fold_2] 15175,0.000590,0.065070,0.060353
[fold_2] 15200,0.000491,0.065000,0.060269
[fold_2] 15225,0.003467,0.064891,0.060145
[fold_2] 15250,0.009017,0.064860,0.060131
[fold_2] 15275,0.011944,0.064858,0.060139
[fold_2] 15300,0.005041,0.064834,0.060099
[fold_2] 15325,0.002124,0.065063,0.060324
[fold_2] 15350,0.013273,0.064906,0.060160
[fold_2] 15375,0.013287,0.064888,0.060154
[fold_2] 15400,0.007007,0.064876,0.060144
[fold_2] 15425,0.005576,0.064830,0.060100
[fold_2] 15450,0.000901,0.064877,0.060172
[fold_2] 15475,0.000417,0.064813,0.060118
[fold_2] 15500,0.022819,0.064884,0.060194
[fold_2] 15525,0.004186,0.064880,0.060187
[fold_2] 15550,0.002762,0.064768,0.060075
[fold_2] 15575,0.018182,0.064796,0.060085
[fold_2] 15600,0.004528,0.064771,0.060060
[fold_2] 15625,0.000489,0.064732,0.060026
[fold_2] 15650,0.010138,0.064741,0.060041
[fold_2] 15675,0.004297,0.064703,0.059973
[fold_2] 15700,0.000699,0.064793,0.060074
[fold_2] 15725,0.003261,0.064718,0.060002
[fold_2] 15750,0.001949,0.064676,0.059950
[fold_2] 15775,0.002414,0.064810,0.060089
[fold_2] 15800,0.003410,0.064672,0.059955
[fold_2] 15825,0.002187,0.064757,0.060063
[fold_2] 15850,0.003098,0.064736,0.060031
[fold_2] 15875,0.000382,0.064719,0.060014
[fold_2] 15900,0.046729,0.064656,0.059942
[fold_2] 15925,0.001906,0.064666,0.059948
[fold_2] 15950,0.008685,0.064746,0.060033
[fold_2] 15975,0.001291,0.064631,0.059916
[fold_2] 16000,0.001741,0.064620,0.059914
[fold_2] 16025,0.029795,0.064594,0.059870
[fold_2] 16050,0.000777,0.064581,0.059864
[fold_2] 16075,0.001267,0.064595,0.059863
[fold_2] 16100,0.000354,0.064907,0.060194
[fold_2] 16125,0.000726,0.064604,0.059875
[fold_2] 16150,0.006332,0.064725,0.059998
[fold_2] 16175,0.000767,0.064619,0.059872
[fold_2] 16200,0.009646,0.064612,0.059886
[fold_2] 16225,0.001856,0.064525,0.059795
[fold_2] 16250,0.006494,0.064561,0.059832
[fold_2] 16275,0.009213,0.064543,0.059807
[fold_2] 16300,0.004218,0.064568,0.059832
[fold_2] 16325,0.015604,0.064538,0.059799
[fold_2] 16350,0.002148,0.064518,0.059775
[fold_2] 16375,0.022376,0.064584,0.059860
[fold_2] 16400,0.004491,0.064506,0.059782
[fold_2] 16425,0.001683,0.064507,0.059760
[fold_2] 16450,0.000608,0.064559,0.059821
[fold_2] 16475,0.000365,0.064477,0.059745
[fold_2] 16500,0.003167,0.064453,0.059731
[fold_2] 16525,0.000479,0.064522,0.059797
[fold_2] 16550,0.012275,0.064440,0.059705
[fold_2] 16575,0.009048,0.064746,0.060017
[fold_2] 16600,0.009032,0.064441,0.059699
[fold_2] 16625,0.036089,0.064436,0.059701
[fold_2] 16650,0.004431,0.064493,0.059781
[fold_2] 16675,0.043939,0.064710,0.060007
[fold_2] 16700,0.011075,0.064378,0.059641
[fold_2] 16725,0.008043,0.064453,0.059736
[fold_2] 16750,0.002155,0.064374,0.059655
[fold_2] 16775,0.001831,0.064426,0.059702
[fold_2] 16800,0.004723,0.064372,0.059639
[fold_2] 16825,0.005888,0.064430,0.059714
[fold_2] 16850,0.000297,0.064421,0.059702
[fold_2] 16875,0.001603,0.064341,0.059619
[fold_2] 16900,0.017475,0.064374,0.059640
[fold_2] 16925,0.015403,0.064345,0.059609
[fold_2] 16950,0.007462,0.064361,0.059631
[fold_2] 16975,0.004458,0.064420,0.059692
[fold_2] 17000,0.007073,0.064620,0.059914
[fold_2] 17025,0.000402,0.064550,0.059837
[fold_2] 17050,0.004816,0.064507,0.059756
[fold_2] 17075,0.001356,0.064425,0.059677
[fold_2] 17100,0.026355,0.064344,0.059600
[fold_2] 17125,0.011423,0.064405,0.059683
[fold_2] 17150,0.000554,0.064503,0.059800
[fold_2] 17175,0.000528,0.064295,0.059535
[fold_2] 17200,0.008486,0.064288,0.059522
[fold_2] 17225,0.007192,0.064300,0.059556
[fold_2] 17250,0.004168,0.064310,0.059563
[fold_2] 17275,0.009018,0.064217,0.059474
[fold_2] 17300,0.002983,0.064264,0.059520
[fold_2] 17325,0.001717,0.064194,0.059449
[fold_2] 17350,0.021553,0.064215,0.059473
[fold_2] 17375,0.067967,0.064205,0.059464
[fold_2] 17400,0.000410,0.064209,0.059463
[fold_2] 17425,0.003059,0.064170,0.059437
[fold_2] 17450,0.024187,0.064186,0.059448
[fold_2] 17475,0.006462,0.064202,0.059470
[fold_2] 17500,0.031779,0.064153,0.059409
[fold_2] 17525,0.001102,0.064165,0.059424
[fold_2] 17550,0.000376,0.064169,0.059421
[fold_2] 17575,0.001572,0.064143,0.059389
[fold_2] 17600,0.000609,0.064158,0.059405
[fold_2] 17625,0.002588,0.064109,0.059363
[fold_2] 17650,0.012730,0.064153,0.059419
[fold_2] 17675,0.001289,0.064130,0.059403
[fold_2] 17700,0.002306,0.064157,0.059423
[fold_2] 17725,0.003395,0.064118,0.059360

[fold_5] 10000,0.001010,0.063091,0.069917
[fold_5] 10025,0.036644,0.063087,0.069904
[fold_5] 10050,0.000581,0.063051,0.069875
[fold_5] 10075,0.001072,0.063074,0.069901
[fold_5] 10100,0.017883,0.063174,0.070000
[fold_5] 10125,0.055660,0.063050,0.069880
[fold_5] 10150,0.001159,0.063045,0.069880
[fold_5] 10175,0.002420,0.063060,0.069887
[fold_5] 10200,0.000484,0.063040,0.069874
[fold_5] 10225,0.006975,0.063077,0.069891
[fold_5] 10250,0.002237,0.062976,0.069808
[fold_5] 10275,0.011739,0.063083,0.069908
[fold_5] 10300,0.000551,0.062980,0.069804
[fold_5] 10325,0.001346,0.063010,0.069835
[fold_5] 10350,0.015527,0.063004,0.069830
[fold_5] 10375,0.010409,0.062978,0.069796
[fold_5] 10400,0.012111,0.062963,0.069786
[fold_5] 10425,0.005681,0.062962,0.069797
[fold_5] 10450,0.005654,0.062940,0.069776
[fold_5] 10475,0.003450,0.062964,0.069796
[fold_5] 10500,0.008814,0.062896,0.069731
[fold_5] 10525,0.010587,0.062895,0.069735
[fold_5] 10550,0.021529,0.062864,0.069700
[fold_5] 10575,0.003118,0.062887,0.069726
[fold_5] 10600,0.007838,0.062897,0.069735
[fold_5] 10625,0.009807,0.062885,0.069728
[fold_5] 10650,0.002378,0.062892,0.069726
[fold_5] 10675,0.002412,0.062937,0.069776
[fold_5] 10700,0.009387,0.062920,0.069756
[fold_5] 10725,0.009986,0.062880,0.069722
[fold_5] 10750,0.000513,0.062865,0.069704
[fold_5] 10775,0.001872,0.062931,0.069757
[fold_5] 10800,0.010480,0.062884,0.069720
[fold_4] 0,0.040713,1.022463,1.023939
[fold_4] 1,0.353460,1.032302,1.033709
[fold_4] 25,0.599162,0.858455,0.858969
[fold_4] 50,0.208953,0.508977,0.508485
[fold_4] 75,0.030073,0.273320,0.273422
[fold_4] 100,0.171064,0.216548,0.215728
[fold_4] 125,0.092165,0.199517,0.198253
[fold_4] 150,0.070011,0.169141,0.167210
[fold_4] 175,0.010801,0.149940,0.147243
[fold_4] 200,0.024533,0.165813,0.163948
[fold_4] 225,0.066416,0.149990,0.147672
[fold_4] 250,0.012181,0.132818,0.129619
[fold_4] 275,0.005496,0.140217,0.138114
[fold_4] 300,0.018689,0.121377,0.117628
[fold_4] 325,0.009212,0.116960,0.113243
[fold_4] 350,0.002444,0.118161,0.114524
[fold_4] 375,0.005110,0.098765,0.094678
[fold_4] 400,0.008576,0.125363,0.123600
[fold_4] 425,0.007324,0.120129,0.116931
[fold_4] 450,0.011100,0.107807,0.105465
[fold_4] 475,0.027398,0.090734,0.087230
[fold_4] 500,0.000671,0.090200,0.086423
[fold_4] 525,0.017328,0.089443,0.085274
[fold_4] 550,0.002799,0.087345,0.083144
[fold_4] 575,0.019528,0.088784,0.084828
[fold_4] 600,0.003703,0.087540,0.083842
[fold_4] 625,0.004553,0.087203,0.083290
[fold_4] 650,0.015086,0.087511,0.083624
[fold_4] 675,0.001474,0.086010,0.082133
[fold_4] 700,0.017205,0.085045,0.080881
[fold_4] 725,0.007468,0.084138,0.080093
[fold_4] 750,0.010835,0.085693,0.081707
[fold_4] 775,0.011650,0.084609,0.080780
[fold_4] 800,0.002991,0.084648,0.080537
[fold_4] 825,0.008339,0.083580,0.079500
[fold_4] 850,0.009099,0.083813,0.079821
[fold_4] 875,0.103693,0.084638,0.080939
[fold_4] 900,0.000663,0.083331,0.079302
[fold_4] 925,0.012594,0.083546,0.079582
[fold_4] 950,0.005366,0.083721,0.079580
[fold_4] 975,0.000451,0.083226,0.079224
[fold_4] 1000,0.000523,0.083475,0.079416
[fold_4] 1025,0.017038,0.083240,0.079317
[fold_4] 1050,0.000815,0.083043,0.079068
[fold_4] 1075,0.009551,0.083459,0.079557
[fold_4] 1100,0.001797,0.082998,0.079017
[fold_4] 1125,0.001127,0.083686,0.080033
[fold_4] 1150,0.006305,0.083790,0.079758
[fold_4] 1175,0.016824,0.083818,0.079840
[fold_4] 1200,0.005905,0.083680,0.079816
[fold_4] 1225,0.013944,0.082786,0.078731
[fold_4] 1250,0.018552,0.082307,0.078336
[fold_4] 1275,0.007899,0.082488,0.078438
[fold_4] 1300,0.005687,0.082912,0.078987
[fold_4] 1325,0.011501,0.082305,0.078293
[fold_4] 1350,0.004852,0.082315,0.078321
[fold_4] 1375,0.019110,0.082326,0.078290
[fold_4] 1400,0.008238,0.082319,0.078345
[fold_4] 1425,0.014534,0.082228,0.078288
[fold_4] 1450,0.001435,0.082228,0.078213
[fold_4] 1475,0.016363,0.082232,0.078322
[fold_4] 1500,0.000822,0.082195,0.078162
[fold_4] 1525,0.027346,0.082038,0.078084
[fold_4] 1550,0.004148,0.082133,0.078229
[fold_4] 1575,0.000848,0.082116,0.078104
[fold_4] 1600,0.000701,0.082015,0.077996
[fold_4] 1625,0.016084,0.082052,0.078062
[fold_4] 1650,0.027326,0.082071,0.078104
[fold_4] 1675,0.035516,0.082081,0.078154
[fold_4] 1700,0.003451,0.082102,0.078201
[fold_4] 1725,0.004750,0.082003,0.078035
[fold_4] 1750,0.000749,0.081906,0.077906
[fold_4] 1775,0.005671,0.081936,0.077991
[fold_4] 1800,0.007043,0.081938,0.077992
[fold_4] 1825,0.018837,0.081892,0.077936
[fold_4] 1850,0.006911,0.081882,0.077947
[fold_4] 1875,0.002419,0.081866,0.077915
[fold_4] 1900,0.001754,0.081858,0.077911
[fold_4] 1925,0.001250,0.081949,0.077976
[fold_4] 1950,0.004603,0.081877,0.077881
[fold_4] 1975,0.000645,0.081846,0.077884
[fold_4] 2000,0.005407,0.081878,0.077888
[fold_4] 2025,0.003924,0.081828,0.077850
[fold_4] 2050,0.000795,0.081825,0.077838
[fold_4] 2075,0.015341,0.081843,0.077840
[fold_4] 2100,0.008731,0.081920,0.077909
[fold_4] 2125,0.000766,0.081830,0.077855
[fold_4] 2150,0.006046,0.081803,0.077823
[fold_4] 2175,0.000780,0.081830,0.077851
[fold_4] 2200,0.000677,0.081788,0.077811
[fold_4] 2225,0.000727,0.081800,0.077858
[fold_4] 2250,0.000571,0.081798,0.077873
[fold_4] 2275,0.006103,0.081785,0.077844
[fold_4] 2300,0.009093,0.081898,0.077952
[fold_4] 2325,0.030777,0.081802,0.077844
[fold_4] 2350,0.029135,0.081775,0.077778
[fold_4] 2375,0.017130,0.081741,0.077780
[fold_4] 2400,0.011631,0.081847,0.077861
[fold_4] 2425,0.002782,0.081759,0.077762
[fold_4] 2450,0.000721,0.081735,0.077788
[fold_4] 2475,0.015475,0.081707,0.077758
[fold_4] 2500,0.083388,0.081756,0.077772
[fold_4] 2525,0.001710,0.081827,0.077843
[fold_4] 2550,0.000839,0.081837,0.077836
[fold_4] 2575,0.000913,0.081870,0.077883
[fold_4] 2600,0.001167,0.081783,0.077808
[fold_4] 2625,0.042008,0.081698,0.077794
[fold_4] 2650,0.030607,0.081682,0.077775
[fold_4] 2675,0.008049,0.081658,0.077695
[fold_4] 2700,0.001423,0.081666,0.077689
[fold_4] 2725,0.025688,0.081677,0.077700
[fold_4] 2750,0.000792,0.081727,0.077725
[fold_4] 2775,0.066882,0.081689,0.077697
[fold_4] 2800,0.007418,0.081698,0.077719
[fold_4] 2825,0.008241,0.081723,0.077797
[fold_4] 2850,0.002636,0.081674,0.077766
[fold_4] 2875,0.001930,0.081625,0.077691
[fold_4] 2900,0.000876,0.081621,0.077704
[fold_4] 2925,0.007156,0.081596,0.077676
[fold_4] 2950,0.013342,0.081655,0.077696
[fold_4] 2975,0.016127,0.081613,0.077656
[fold_4] 3000,0.004163,0.081559,0.077632
[fold_4] 3025,0.003997,0.081585,0.077677
[fold_4] 3050,0.015149,0.081646,0.077782
[fold_4] 3075,0.013381,0.081585,0.077689
[fold_4] 3100,0.020439,0.081618,0.077754
[fold_4] 3125,0.009537,0.081601,0.077725
[fold_4] 3150,0.007620,0.081616,0.077671
[fold_4] 3175,0.018474,0.081623,0.077638
[fold_4] 3200,0.003686,0.081566,0.077596
[fold_4] 3225,0.004366,0.081577,0.077667
[fold_4] 3250,0.024245,0.081558,0.077650
[fold_4] 3275,0.005112,0.081567,0.077634
[fold_4] 3300,0.020959,0.081525,0.077555
[fold_4] 3325,0.008274,0.081541,0.077586
[fold_4] 3350,0.000721,0.081482,0.077563
[fold_4] 3375,0.001728,0.081484,0.077585
[fold_4] 3400,0.011485,0.081523,0.077615
[fold_4] 3425,0.007982,0.081480,0.077565
[fold_4] 3450,0.002223,0.081465,0.077517
[fold_4] 3475,0.005682,0.081441,0.077511
[fold_4] 3500,0.009884,0.081467,0.077524
[fold_4] 3525,0.003539,0.081442,0.077500
[fold_4] 3550,0.000910,0.081475,0.077523
[fold_4] 3575,0.000531,0.081585,0.077707
[fold_4] 3600,0.000921,0.081413,0.077492
[fold_4] 3625,0.000836,0.081430,0.077467
[fold_4] 3650,0.011593,0.081443,0.077487
[fold_4] 3675,0.023219,0.081400,0.077476
[fold_4] 3700,0.015514,0.081445,0.077509
[fold_4] 3725,0.014417,0.081396,0.077446
[fold_4] 3750,0.005473,0.081464,0.077513
[fold_4] 3775,0.006567,0.081404,0.077447
[fold_4] 3800,0.017052,0.081452,0.077485
[fold_4] 3825,0.015279,0.081542,0.077570
[fold_4] 3850,0.014223,0.081474,0.077532
[fold_4] 3875,0.017286,0.081470,0.077509
[fold_4] 3900,0.019478,0.081430,0.077487
[fold_4] 3925,0.012810,0.081361,0.077417
[fold_4] 3950,0.007434,0.081338,0.077422
[fold_4] 3975,0.044361,0.081447,0.077519
[fold_4] 4000,0.000577,0.081454,0.077486
[fold_4] 4025,0.016226,0.081337,0.077408
[fold_4] 4050,0.002585,0.081364,0.077439
[fold_4] 4075,0.000938,0.081302,0.077386
[fold_4] 4100,0.028582,0.081315,0.077380
[fold_4] 4125,0.013861,0.081320,0.077383
[fold_4] 4150,0.001541,0.081328,0.077424
[fold_4] 4175,0.014380,0.081331,0.077451
[fold_4] 4200,0.006018,0.081275,0.077375
[fold_4] 4225,0.054291,0.081339,0.077447
[fold_4] 4250,0.040246,0.081377,0.077473
[fold_4] 4275,0.009299,0.081293,0.077365
[fold_4] 4300,0.005384,0.081254,0.077304
[fold_4] 4325,0.000572,0.081297,0.077329
[fold_4] 4350,0.061329,0.081301,0.077328
[fold_4] 4375,0.006561,0.081269,0.077342
[fold_4] 4400,0.007617,0.081282,0.077335
[fold_4] 4425,0.013899,0.081215,0.077286
[fold_4] 4450,0.005610,0.081221,0.077294
[fold_4] 4475,0.003933,0.081222,0.077308
[fold_4] 4500,0.004097,0.081214,0.077272
[fold_4] 4525,0.001830,0.081204,0.077268
[fold_4] 4550,0.041288,0.081234,0.077301
[fold_4] 4575,0.004108,0.081226,0.077284
[fold_4] 4600,0.028237,0.081305,0.077353
[fold_4] 4625,0.003957,0.081227,0.077275
[fold_4] 4650,0.017967,0.081159,0.077270
[fold_4] 4675,0.000643,0.081275,0.077442
[fold_4] 4700,0.001218,0.081358,0.077545
[fold_4] 4725,0.008381,0.081431,0.077590
[fold_4] 4750,0.000740,0.081368,0.077490
[fold_4] 4775,0.000659,0.081257,0.077325

[fold_3] 10000,0.000647,0.066359,0.069597
[fold_3] 10025,0.004204,0.066321,0.069554
[fold_3] 10050,0.004136,0.066324,0.069544
[fold_3] 10075,0.000520,0.066309,0.069530
[fold_3] 10100,0.001662,0.066341,0.069551
[fold_3] 10125,0.005156,0.066300,0.069527
[fold_3] 10150,0.001183,0.066445,0.069689
[fold_3] 10175,0.001349,0.066319,0.069552
[fold_3] 10200,0.010762,0.066221,0.069450
[fold_3] 10225,0.006085,0.066284,0.069518
[fold_3] 10250,0.012884,0.066212,0.069468
[fold_3] 10275,0.000596,0.066193,0.069450
[fold_3] 10300,0.007811,0.066199,0.069462
[fold_3] 10325,0.027476,0.066241,0.069505
[fold_3] 10350,0.013351,0.066116,0.069364
[fold_3] 10375,0.002697,0.066188,0.069446
[fold_3] 10400,0.012416,0.066088,0.069344
[fold_3] 10425,0.000498,0.066136,0.069397
[fold_3] 10450,0.009568,0.066114,0.069386
[fold_3] 10475,0.010078,0.066047,0.069297
[fold_3] 10500,0.010252,0.066073,0.069335
[fold_3] 10525,0.001613,0.066030,0.069275
[fold_3] 10550,0.000821,0.065987,0.069226
[fold_3] 10575,0.001678,0.065981,0.069211
[fold_3] 10600,0.001047,0.065979,0.069227
[fold_3] 10625,0.010312,0.066089,0.069345
[fold_3] 10650,0.012903,0.066113,0.069349
[fold_3] 10675,0.001122,0.065989,0.069219
[fold_3] 10700,0.003485,0.065936,0.069173
[fold_3] 10725,0.013844,0.065952,0.069189
[fold_3] 10750,0.009928,0.065914,0.069150
[fold_3] 10775,0.009673,0.065907,0.069139
[fold_3] 10800,0.004566,0.065897,0.069156
[fold_3] 10825,0.002342,0.065828,0.069085
[fold_3] 10850,0.002094,0.065818,0.069068
[fold_3] 10875,0.001048,0.065833,0.069064
[fold_3] 10900,0.015339,0.065797,0.069059
[fold_3] 10925,0.018520,0.065848,0.069082
[fold_3] 10950,0.003888,0.065770,0.069008
[fold_3] 10975,0.003030,0.065739,0.068996
[fold_3] 11000,0.000723,0.065713,0.068965
[fold_3] 11025,0.003798,0.065717,0.068957
[fold_3] 11050,0.008245,0.065713,0.068971
[fold_3] 11075,0.056299,0.065881,0.069131
[fold_3] 11100,0.003460,0.065992,0.069261
[fold_3] 11125,0.001913,0.065803,0.069074
[fold_3] 11150,0.031857,0.065671,0.068945
[fold_3] 11175,0.000424,0.065650,0.068898
[fold_3] 11200,0.005347,0.065657,0.068895
[fold_3] 11225,0.033987,0.065616,0.068870
[fold_3] 11250,0.033861,0.065676,0.068913
[fold_3] 11275,0.000451,0.065560,0.068796
[fold_3] 11300,0.000425,0.065676,0.068882
[fold_3] 11325,0.000603,0.065629,0.068860
[fold_3] 11350,0.000547,0.065505,0.068759
[fold_3] 11375,0.004980,0.065492,0.068749
[fold_3] 11400,0.000538,0.065504,0.068766
[fold_3] 11425,0.001496,0.065522,0.068775
[fold_3] 11450,0.001178,0.065490,0.068746
[fold_3] 11475,0.014333,0.065582,0.068828
[fold_3] 11500,0.005008,0.065481,0.068707
[fold_3] 11525,0.004045,0.065429,0.068685
[fold_3] 11550,0.007588,0.065459,0.068733
[fold_3] 11575,0.000635,0.065435,0.068689
[fold_3] 11600,0.001438,0.065446,0.068693
[fold_3] 11625,0.003396,0.065433,0.068682
[fold_3] 11650,0.000599,0.065378,0.068654
[fold_3] 11675,0.018770,0.065525,0.068781
[fold_3] 11700,0.060248,0.065361,0.068617
[fold_3] 11725,0.006471,0.065403,0.068664
[fold_3] 11750,0.000429,0.065412,0.068644
[fold_3] 11775,0.007934,0.065390,0.068660
[fold_3] 11800,0.000669,0.065342,0.068595
[fold_3] 11825,0.000343,0.065365,0.068609
[fold_3] 11850,0.010980,0.065254,0.068513
[fold_3] 11875,0.005307,0.065240,0.068507
[fold_3] 11900,0.026854,0.065381,0.068638
[fold_3] 11925,0.006731,0.065279,0.068531
[fold_3] 11950,0.009846,0.065416,0.068691
[fold_3] 11975,0.000702,0.065218,0.068496
[fold_3] 12000,0.007411,0.065315,0.068576
[fold_3] 12025,0.003768,0.065315,0.068545
[fold_3] 12050,0.000514,0.065208,0.068477
[fold_3] 12075,0.012768,0.065297,0.068549
[fold_3] 12100,0.001739,0.065176,0.068445
[fold_3] 12125,0.001161,0.065132,0.068414
[fold_3] 12150,0.005334,0.065150,0.068418
[fold_3] 12175,0.008857,0.065156,0.068428
[fold_3] 12200,0.010534,0.065098,0.068368
[fold_3] 12225,0.035034,0.065078,0.068341
[fold_3] 12250,0.002543,0.065095,0.068361
[fold_3] 12275,0.012295,0.065067,0.068340
[fold_3] 12300,0.002014,0.065087,0.068382
[fold_3] 12325,0.014223,0.065038,0.068305
[fold_3] 12350,0.038338,0.065076,0.068318
[fold_3] 12375,0.000385,0.065018,0.068272
[fold_3] 12400,0.002659,0.065089,0.068369
[fold_3] 12425,0.010574,0.065020,0.068293
[fold_3] 12450,0.028389,0.065049,0.068314
[fold_3] 12475,0.043540,0.064984,0.068230
[fold_3] 12500,0.009987,0.064964,0.068223
[fold_3] 12525,0.009351,0.065150,0.068442
[fold_3] 12550,0.003826,0.064969,0.068266
[fold_3] 12575,0.012707,0.064908,0.068185
[fold_3] 12600,0.001764,0.064902,0.068170
[fold_3] 12625,0.003676,0.064913,0.068193
[fold_3] 12650,0.008152,0.064993,0.068241
[fold_3] 12675,0.010081,0.065033,0.068275
[fold_3] 12700,0.000489,0.064890,0.068158
[fold_3] 12725,0.002239,0.064965,0.068236
[fold_3] 12750,0.002156,0.064885,0.068161
[fold_3] 12775,0.014894,0.064862,0.068138
[fold_3] 12800,0.001381,0.064830,0.068107
[fold_3] 12825,0.011787,0.064819,0.068090
[fold_3] 12850,0.000380,0.064848,0.068101
[fold_3] 12875,0.007340,0.064832,0.068089
[fold_3] 12900,0.000918,0.064795,0.068074
[fold_3] 12925,0.017263,0.064818,0.068099
[fold_3] 12950,0.004149,0.064911,0.068209
[fold_3] 12975,0.007083,0.064865,0.068178
[fold_3] 13000,0.001827,0.064738,0.068051
[fold_3] 13025,0.014224,0.064761,0.068034
[fold_3] 13050,0.022000,0.064829,0.068078
[fold_3] 13075,0.002098,0.064829,0.068097
[fold_3] 13100,0.025875,0.064666,0.067959
[fold_3] 13125,0.014633,0.064726,0.068043
[fold_3] 13150,0.000446,0.064714,0.068021
[fold_3] 13175,0.003849,0.064689,0.067994
[fold_3] 13200,0.004290,0.064613,0.067911
[fold_3] 13225,0.006186,0.064598,0.067892
[fold_3] 13250,0.024634,0.064688,0.067972
[fold_3] 13275,0.001278,0.064685,0.067955
[fold_3] 13300,0.009763,0.064650,0.067948
[fold_3] 13325,0.004543,0.064596,0.067885
[fold_3] 13350,0.000387,0.064615,0.067890
[fold_3] 13375,0.000456,0.064574,0.067873
[fold_3] 13400,0.008438,0.064563,0.067872
[fold_3] 13425,0.006876,0.064524,0.067830
[fold_3] 13450,0.000523,0.064658,0.067954
[fold_3] 13475,0.000468,0.064565,0.067871
[fold_3] 13500,0.007931,0.064676,0.067967
[fold_3] 13525,0.029653,0.064519,0.067824
[fold_3] 13550,0.007508,0.064505,0.067800
[fold_3] 13575,0.018946,0.064472,0.067755
[fold_3] 13600,0.000566,0.064534,0.067847
[fold_3] 13625,0.003632,0.064684,0.067992
[fold_3] 13650,0.008512,0.064467,0.067799
[fold_3] 13675,0.005425,0.064472,0.067789
[fold_3] 13700,0.007812,0.064466,0.067774
[fold_3] 13725,0.003214,0.064476,0.067778
[fold_3] 13750,0.000715,0.064355,0.067666
[fold_3] 13775,0.000676,0.064331,0.067628
[fold_3] 13800,0.002181,0.064402,0.067698
[fold_3] 13825,0.015807,0.064690,0.067985
[fold_3] 13850,0.030765,0.064459,0.067762
[fold_3] 13875,0.020180,0.064368,0.067669
[fold_3] 13900,0.003514,0.064456,0.067751
[fold_3] 13925,0.008089,0.064622,0.067919
[fold_3] 13950,0.004685,0.064624,0.067917
[fold_3] 13975,0.002721,0.064505,0.067793
[fold_3] 14000,0.010202,0.064365,0.067643
[fold_3] 14025,0.007174,0.064497,0.067745
[fold_1] 0,0.308977,1.022439,1.022069
[fold_1] 1,0.363458,1.014574,1.014069
[fold_1] 25,0.040688,0.900380,0.900621
[fold_1] 50,0.509433,0.593164,0.593923
[fold_1] 75,0.287155,0.306123,0.305528
[fold_1] 100,0.062912,0.236781,0.235856
[fold_1] 125,0.087089,0.203382,0.202311
[fold_1] 150,0.028807,0.192193,0.191711
[fold_1] 175,0.061617,0.152697,0.151902
[fold_1] 200,0.012657,0.144134,0.143323
[fold_1] 225,0.123723,0.135039,0.133641
[fold_1] 250,0.027601,0.128164,0.127249
[fold_1] 275,0.003300,0.111347,0.110058
[fold_1] 300,0.016764,0.122372,0.121520
[fold_1] 325,0.018381,0.110983,0.109918
[fold_1] 350,0.011540,0.097997,0.096747
[fold_1] 375,0.003108,0.101418,0.100377
[fold_1] 400,0.013621,0.092677,0.091397
[fold_1] 425,0.000849,0.098900,0.097964
[fold_1] 450,0.004305,0.093554,0.092231
[fold_1] 475,0.002840,0.090296,0.089188
[fold_1] 500,0.003531,0.095982,0.094933
[fold_1] 525,0.008984,0.087287,0.085950
[fold_1] 550,0.011096,0.091414,0.090367
[fold_1] 575,0.005211,0.088145,0.086313
[fold_1] 600,0.004519,0.097752,0.096174
[fold_1] 625,0.005258,0.087108,0.085593
[fold_1] 650,0.009425,0.083237,0.081481
[fold_1] 675,0.008945,0.079833,0.078143
[fold_1] 700,0.002614,0.079722,0.077872
[fold_1] 725,0.001533,0.080717,0.079119
[fold_1] 750,0.000476,0.079132,0.077258
[fold_1] 775,0.019556,0.077587,0.075855
[fold_1] 800,0.014319,0.078730,0.076977
[fold_1] 825,0.001716,0.079286,0.077498
[fold_1] 850,0.001987,0.074638,0.072767
[fold_1] 875,0.021243,0.073489,0.071614
[fold_1] 900,0.003521,0.077850,0.076039
[fold_1] 925,0.001825,0.074338,0.072594
[fold_1] 950,0.010355,0.073397,0.071829
[fold_1] 975,0.008183,0.071611,0.069778
[fold_1] 1000,0.001794,0.072666,0.070832
[fold_1] 1025,0.012845,0.071416,0.069527
[fold_1] 1050,0.014309,0.070614,0.068724
[fold_1] 1075,0.000715,0.070934,0.069001
[fold_1] 1100,0.009141,0.071447,0.069710
[fold_1] 1125,0.002101,0.070543,0.068672
[fold_1] 1150,0.029255,0.070057,0.068339
[fold_1] 1175,0.013768,0.069720,0.067887
[fold_1] 1200,0.001049,0.069272,0.067388
[fold_1] 1225,0.000593,0.069262,0.067420
[fold_1] 1250,0.017523,0.068679,0.066848
[fold_1] 1275,0.000993,0.068731,0.066886
[fold_1] 1300,0.000392,0.067909,0.066060
[fold_1] 1325,0.004220,0.068794,0.066983
[fold_1] 1350,0.002314,0.067765,0.065896
[fold_1] 1375,0.013528,0.071661,0.069836
[fold_1] 1400,0.006503,0.067112,0.065190
[fold_1] 1425,0.001848,0.070850,0.069228
[fold_1] 1450,0.035586,0.067681,0.065871
[fold_1] 1475,0.000594,0.066923,0.065111
[fold_1] 1500,0.002329,0.069014,0.067249
[fold_1] 1525,0.002522,0.067254,0.065283
[fold_1] 1550,0.000486,0.066346,0.064517
[fold_1] 1575,0.013657,0.066711,0.064872
[fold_1] 1600,0.001061,0.068042,0.066307
[fold_1] 1625,0.003601,0.065540,0.063650
[fold_1] 1650,0.001395,0.065999,0.064148
[fold_1] 1675,0.005663,0.066712,0.064804
[fold_1] 1700,0.001086,0.065043,0.063193
[fold_1] 1725,0.041590,0.065132,0.063240
[fold_1] 1750,0.003286,0.065129,0.063303
[fold_1] 1775,0.002428,0.064594,0.062758
[fold_1] 1800,0.002168,0.065375,0.063520
[fold_1] 1825,0.003585,0.064370,0.062538
[fold_1] 1850,0.006972,0.065292,0.063441
[fold_1] 1875,0.008465,0.065075,0.063243
[fold_1] 1900,0.009565,0.064419,0.062412
[fold_1] 1925,0.003286,0.064244,0.062240
[fold_1] 1950,0.001126,0.066075,0.064167
[fold_1] 1975,0.036569,0.065852,0.064128
[fold_1] 2000,0.008189,0.063827,0.062004
[fold_1] 2025,0.016476,0.063997,0.062036
[fold_1] 2050,0.008439,0.064206,0.062176
[fold_1] 2075,0.002323,0.063404,0.061554
[fold_1] 2100,0.043846,0.062745,0.060816
[fold_1] 2125,0.001890,0.062379,0.060344
[fold_1] 2150,0.002275,0.062197,0.060248
[fold_1] 2175,0.000427,0.062137,0.060061
[fold_1] 2200,0.001471,0.062270,0.060159
[fold_1] 2225,0.031897,0.062140,0.060013
[fold_1] 2250,0.014179,0.062107,0.060064
[fold_1] 2275,0.002459,0.063122,0.061076
[fold_1] 2300,0.001012,0.063527,0.061539
[fold_1] 2325,0.029101,0.061627,0.059537
[fold_1] 2350,0.002604,0.061209,0.059124
[fold_1] 2375,0.002970,0.061311,0.059293
[fold_1] 2400,0.005593,0.061179,0.059135
[fold_1] 2425,0.029682,0.060945,0.058897
[fold_1] 2450,0.008666,0.061267,0.059225
[fold_1] 2475,0.000712,0.060876,0.058840
[fold_1] 2500,0.001833,0.061146,0.059017
[fold_1] 2525,0.001142,0.060828,0.058688
[fold_1] 2550,0.000368,0.061220,0.059126
[fold_1] 2575,0.001269,0.060780,0.058648
[fold_1] 2600,0.002652,0.061054,0.058829
[fold_1] 2625,0.001230,0.060547,0.058382
[fold_1] 2650,0.004646,0.060842,0.058717
[fold_1] 2675,0.003803,0.060373,0.058216
[fold_1] 2700,0.046760,0.060576,0.058420
[fold_1] 2725,0.005288,0.060352,0.058224
[fold_1] 2750,0.000410,0.060445,0.058334
[fold_1] 2775,0.000330,0.060389,0.058215
[fold_1] 2800,0.000678,0.060396,0.058306
[fold_1] 2825,0.033593,0.060396,0.058295
[fold_1] 2850,0.018699,0.060161,0.058071
[fold_1] 2875,0.009012,0.059941,0.057819
[fold_1] 2900,0.018577,0.059977,0.057848
[fold_1] 2925,0.000247,0.059982,0.057832
[fold_1] 2950,0.002028,0.059850,0.057717
[fold_1] 2975,0.023381,0.060113,0.058004
[fold_1] 3000,0.003505,0.059889,0.057797
[fold_1] 3025,0.004992,0.059998,0.057930
[fold_1] 3050,0.011499,0.059808,0.057701
[fold_1] 3075,0.000582,0.059833,0.057705
[fold_1] 3100,0.006168,0.059776,0.057640
[fold_1] 3125,0.005562,0.059757,0.057624
[fold_1] 3150,0.005774,0.059763,0.057641
[fold_1] 3175,0.001421,0.059728,0.057566
[fold_1] 3200,0.030564,0.059697,0.057547
[fold_1] 3225,0.010529,0.059680,0.057516
[fold_1] 3250,0.005182,0.059764,0.057584
[fold_1] 3275,0.000274,0.059664,0.057506
[fold_1] 3300,0.050395,0.059718,0.057540
[fold_1] 3325,0.008243,0.059702,0.057509
[fold_1] 3350,0.001223,0.059636,0.057482
[fold_1] 3375,0.011121,0.059767,0.057646
[fold_1] 3400,0.001439,0.059670,0.057514
[fold_1] 3425,0.005738,0.059596,0.057434
[fold_1] 3450,0.003333,0.059621,0.057473
[fold_1] 3475,0.002329,0.059919,0.057791
[fold_1] 3500,0.001399,0.059665,0.057522
[fold_1] 3525,0.000572,0.059668,0.057538
[fold_1] 3550,0.000997,0.059583,0.057421
[fold_1] 3575,0.001252,0.059570,0.057401
[fold_1] 3600,0.005818,0.059576,0.057411
[fold_1] 3625,0.003666,0.059584,0.057413
[fold_1] 3650,0.001284,0.059590,0.057434
[fold_1] 3675,0.002963,0.059553,0.057401
[fold_1] 3700,0.006310,0.059568,0.057413
[fold_1] 3725,0.015931,0.059540,0.057381
[fold_1] 3750,0.000587,0.059561,0.057400
[fold_1] 3775,0.000858,0.059560,0.057423
[fold_1] 3800,0.027710,0.059557,0.057417
[fold_1] 3825,0.000309,0.059509,0.057357
[fold_1] 3850,0.000458,0.059501,0.057345
[fold_1] 3875,0.006868,0.059498,0.057332
[fold_1] 3900,0.005642,0.059494,0.057339
[fold_1] 3925,0.007391,0.059468,0.057314
[fold_1] 3950,0.000353,0.059482,0.057339
[fold_1] 3975,0.002387,0.059474,0.057326
[fold_1] 4000,0.007685,0.059550,0.057421
[fold_1] 4025,0.001303,0.059467,0.057293
[fold_1] 4050,0.077920,0.059467,0.057284
[fold_1] 4075,0.001420,0.059482,0.057307
[fold_1] 4100,0.000393,0.059432,0.057269
[fold_1] 4125,0.000498,0.059449,0.057289
[fold_1] 4150,0.000843,0.059471,0.057330
[fold_1] 4175,0.001253,0.059641,0.057520
[fold_1] 4200,0.011143,0.059603,0.057473
[fold_1] 4225,0.005623,0.059550,0.057416
[fold_1] 4250,0.005191,0.059489,0.057357
[fold_1] 4275,0.000435,0.059545,0.057425
[fold_1] 4300,0.002808,0.059410,0.057271
[fold_1] 4325,0.002158,0.059496,0.057338
[fold_1] 4350,0.007614,0.059411,0.057243
[fold_1] 4375,0.033063,0.059389,0.057245
[fold_1] 4400,0.001525,0.059378,0.057231
[fold_1] 4425,0.013611,0.059423,0.057249
[fold_1] 4450,0.000315,0.059367,0.057184
[fold_1] 4475,0.001424,0.059365,0.057215
[fold_1] 4500,0.006568,0.059377,0.057228
[fold_1] 4525,0.002353,0.059322,0.057149
[fold_1] 4550,0.040629,0.059326,0.057145
[fold_1] 4575,0.003403,0.059315,0.057130
[fold_1] 4600,0.001265,0.059309,0.057133
[fold_1] 4625,0.001738,0.059305,0.057141
[fold_1] 4650,0.000251,0.059313,0.057161
[fold_1] 4675,0.000680,0.059320,0.057151
[fold_1] 4700,0.000586,0.059323,0.057130
[fold_1] 4725,0.002150,0.059343,0.057168
[fold_1] 4750,0.000828,0.059351,0.057196
[fold_1] 4775,0.005140,0.059368,0.057211
[fold_1] 4800,0.000464,0.059326,0.057152
[fold_1] 4825,0.000857,0.059306,0.057141

Cross-validation summary
Mean train RMSE norm      : 0.066366
Mean validation RMSE norm : 0.066217
Median best epoch         : 10550
Best-so-far checkpoint    : kept previous
Training-curve plot       : plots/cross_validation_curves.png
