[fold_2] 0,2.783630,1.143640,1.144407
[fold_2] 1,2.294446,1.136622,1.137402
[fold_2] 25,0.914039,1.006251,1.007443
[fold_2] 50,0.066311,0.996340,0.997527
[fold_2] 75,0.072020,0.989926,0.991176
[fold_2] 100,0.652905,0.955773,0.956740
[fold_2] 125,0.909910,0.872142,0.872724
[fold_2] 150,0.293909,0.703810,0.702554
[fold_2] 175,0.271867,0.585255,0.583970
[fold_2] 200,0.318033,0.597625,0.598416
[fold_2] 225,0.376424,0.368655,0.365465
[fold_2] 250,0.074974,0.345389,0.342811
[fold_2] 275,0.207237,0.393330,0.390769
[fold_2] 300,0.048270,0.314873,0.313435
[fold_2] 325,0.156837,0.262036,0.258472
[fold_2] 350,0.036218,0.283132,0.281887
[fold_2] 375,0.110792,0.254238,0.251159
[fold_2] 400,0.077174,0.219033,0.215712
[fold_2] 425,0.032984,0.240765,0.237304
[fold_2] 450,0.036128,0.254277,0.251981
[fold_2] 475,0.018511,0.215534,0.212641
[fold_2] 500,0.074773,0.217628,0.213583
[fold_2] 525,0.107187,0.250980,0.248786
[fold_2] 550,0.026548,0.198590,0.195832
[fold_2] 575,0.035124,0.161835,0.158595
[fold_2] 600,0.028392,0.218801,0.216615
[fold_2] 625,0.018468,0.181030,0.179867
[fold_2] 650,0.007870,0.158738,0.156187
[fold_2] 675,0.000862,0.176390,0.174114
[fold_2] 700,0.106107,0.231178,0.229298
[fold_2] 725,0.074882,0.222033,0.220069
[fold_2] 750,0.012930,0.151035,0.149500
[fold_2] 775,0.032659,0.127015,0.124298
[fold_2] 800,0.005244,0.123020,0.120424
[fold_2] 825,0.009042,0.118480,0.116472
[fold_2] 850,0.020463,0.128053,0.126494
[fold_2] 875,0.011345,0.117013,0.114744
[fold_3] 0,0.460052,1.143623,1.142861
[fold_3] 1,0.211415,1.136668,1.135901
[fold_3] 25,0.048171,1.004800,1.003940
[fold_3] 50,1.002618,1.001378,1.000605
[fold_3] 75,0.071994,0.989398,0.988730
[fold_3] 100,1.011296,0.912672,0.912155
[fold_3] 125,0.417008,0.825327,0.798896
[fold_3] 150,0.450111,0.777345,0.777692
[fold_3] 175,0.598567,0.492965,0.493639
[fold_3] 200,0.507041,0.433370,0.435919
[fold_3] 225,0.487368,0.431619,0.434977
[fold_3] 250,0.334098,0.377483,0.378163
[fold_3] 275,0.002862,0.292466,0.294653
[fold_3] 300,0.176841,0.464796,0.466987
[fold_3] 325,0.035500,0.306054,0.306351
[fold_3] 350,0.023197,0.232708,0.235147
[fold_3] 375,0.068902,0.275559,0.276891
[fold_3] 400,0.028303,0.251861,0.253389
[fold_3] 425,0.068327,0.227430,0.228261
[fold_3] 450,0.038122,0.218973,0.220965
[fold_3] 475,0.044427,0.195749,0.196839
[fold_3] 500,0.019202,0.237711,0.238226
[fold_3] 525,0.094663,0.324462,0.325769
[fold_3] 550,0.102474,0.225431,0.226502
[fold_3] 575,0.001950,0.157124,0.158244
[fold_3] 600,0.002241,0.146511,0.147911
[fold_3] 625,0.007508,0.147504,0.148952
[fold_3] 650,0.025114,0.147104,0.148790
[fold_3] 675,0.059005,0.139726,0.141814
[fold_3] 700,0.036214,0.143180,0.144833
[fold_3] 725,0.007416,0.137705,0.139200
[fold_3] 750,0.002600,0.139294,0.141001
[fold_3] 775,0.010374,0.134160,0.135474
[fold_3] 800,0.038269,0.123062,0.125011
[fold_3] 825,0.016294,0.134436,0.135701
[fold_5] 0,2.035684,1.143643,1.142121
[fold_5] 1,1.255608,1.136627,1.135099
[fold_5] 25,1.463698,1.005063,1.003499
[fold_5] 50,2.091779,0.998885,0.997200
[fold_5] 75,0.091922,0.989710,0.987891
[fold_5] 100,0.617712,0.923561,0.923215
[fold_5] 125,0.022667,0.824689,0.823592
[fold_5] 150,0.293927,0.655664,0.655274
[fold_5] 175,0.421176,0.717698,0.714769
[fold_5] 200,0.541290,0.542533,0.542955
[fold_5] 225,0.010356,0.442550,0.443166
[fold_5] 250,0.056810,0.387721,0.388216
[fold_5] 275,0.061490,0.370652,0.370737
[fold_5] 300,0.102494,0.378212,0.376348
[fold_5] 325,0.120224,0.304136,0.303779
[fold_5] 350,0.019615,0.306139,0.305479
[fold_5] 375,0.002289,0.221149,0.222771
[fold_5] 400,0.002094,0.202904,0.203896
[fold_5] 425,0.101346,0.261970,0.263351
[fold_5] 450,0.073904,0.225487,0.226270
[fold_5] 475,0.093648,0.247394,0.247366
[fold_5] 500,0.005940,0.245252,0.246488
[fold_5] 525,0.077134,0.166270,0.168000
[fold_5] 550,0.092833,0.156038,0.157227
[fold_5] 575,0.022071,0.150187,0.151855
[fold_5] 600,0.022116,0.176209,0.177124
[fold_5] 625,0.048245,0.177156,0.178592
[fold_5] 650,0.005565,0.176973,0.177783
[fold_5] 675,0.057024,0.174059,0.175380
[fold_5] 700,0.044213,0.128057,0.129800
[fold_5] 725,0.039137,0.123173,0.124543
[fold_5] 750,0.019018,0.118327,0.119728
[fold_5] 775,0.023127,0.133808,0.135012
[fold_5] 800,0.010116,0.114311,0.115690
[fold_5] 825,0.040950,0.115053,0.116615
[fold_5] 850,0.005737,0.119521,0.120808
[fold_1] 0,1.872268,1.143624,1.143919
[fold_1] 1,0.233372,1.136666,1.136945
[fold_1] 25,1.753324,1.005197,1.004687
[fold_1] 50,1.628753,0.996164,0.995929
[fold_1] 75,1.820722,1.072448,1.071321
[fold_1] 100,0.265357,0.839179,0.843901
[fold_1] 125,1.246246,0.715898,0.717071
[fold_1] 150,0.017709,0.571222,0.573390
[fold_1] 175,0.024799,0.490126,0.492766
[fold_1] 200,0.565905,0.451447,0.455195
[fold_1] 225,0.454417,0.435385,0.437772
[fold_1] 250,0.188606,0.368600,0.372053
[fold_1] 275,0.043663,0.284922,0.287599
[fold_1] 300,0.040010,0.258393,0.259850
[fold_1] 325,0.158865,0.347830,0.351026
[fold_1] 350,0.003359,0.366466,0.366117
[fold_1] 375,0.081517,0.237682,0.241260
[fold_1] 400,0.018320,0.196828,0.199149
[fold_1] 425,0.138222,0.246467,0.249107
[fold_1] 450,0.027164,0.287109,0.288186
[fold_1] 475,0.073516,0.194060,0.196904
[fold_1] 500,0.037874,0.197223,0.199176
[fold_1] 525,0.053552,0.166328,0.167422
[fold_1] 550,0.068804,0.214480,0.214493
[fold_1] 575,0.015291,0.215162,0.216147
[fold_1] 600,0.015758,0.185430,0.184286
[fold_1] 625,0.051434,0.144915,0.145190
[fold_1] 650,0.024572,0.124678,0.125070
[fold_1] 675,0.007362,0.135472,0.135380
[fold_1] 700,0.025305,0.137779,0.137866
[fold_1] 725,0.018570,0.179635,0.180057
[fold_1] 750,0.000460,0.112469,0.112994
[fold_1] 775,0.037790,0.108192,0.108239
[fold_1] 800,0.061718,0.109114,0.109209
[fold_1] 825,0.003111,0.102674,0.102446
[fold_1] 850,0.006918,0.132011,0.131506
[fold_1] 875,0.000820,0.125600,0.125125
[fold_1] 900,0.015283,0.099659,0.099679
[fold_4] 0,0.277197,1.143623,1.144845
[fold_4] 1,0.230845,1.136667,1.137902
[fold_4] 25,1.058058,1.024524,1.026378
[fold_4] 50,0.873721,0.998834,1.000354
[fold_4] 75,2.071026,0.979744,0.981003
[fold_4] 100,0.053460,0.898780,0.902416
[fold_4] 125,0.625033,0.859288,0.861872
[fold_4] 150,0.046421,0.658952,0.658747
[fold_4] 175,0.088911,0.552540,0.552569
[fold_4] 200,0.627439,0.490062,0.488065
[fold_4] 225,0.126939,0.393071,0.391198
[fold_4] 250,0.009832,0.486259,0.484154
[fold_4] 275,0.160818,0.366936,0.364645
[fold_4] 300,0.392363,0.324716,0.322800
[fold_4] 325,0.164229,0.300238,0.298516
[fold_4] 350,0.082443,0.251213,0.249430
[fold_4] 375,0.009276,0.240459,0.238440
[fold_4] 400,0.013596,0.265201,0.265218
[fold_4] 425,0.014493,0.203557,0.201444
[fold_4] 450,0.014836,0.267124,0.268177
[fold_4] 475,0.074592,0.199439,0.199963
[fold_4] 500,0.019924,0.221468,0.220449
[fold_4] 525,0.051976,0.167302,0.165812
[fold_4] 550,0.090795,0.180631,0.179950
[fold_4] 575,0.022421,0.219621,0.219002
[fold_4] 600,0.033289,0.217076,0.216325
[fold_4] 625,0.016823,0.146117,0.145076
[fold_4] 650,0.015553,0.141062,0.139427
[fold_4] 675,0.020406,0.125195,0.123887
[fold_4] 700,0.090808,0.159466,0.158577
[fold_4] 725,0.011677,0.173596,0.172320
[fold_4] 750,0.006143,0.141887,0.140780
[fold_4] 775,0.001270,0.115987,0.114210
[fold_4] 800,0.007367,0.127417,0.126295
[fold_4] 825,0.009476,0.127704,0.126598

Cross-validation summary
Mean train RMSE norm      : 0.114007
Mean validation RMSE norm : 0.113867
Median best epoch         : 800
Best-so-far checkpoint    : updated
Training-curve plot       : plots/cross_validation_curves.png
