[fold_3] 0,1.512332,1.019978,1.019122
[fold_3] 1,1.563056,1.017874,1.017017
[fold_3] 25,0.042967,1.000337,0.999480
[fold_3] 50,1.012197,1.000200,0.999343
[fold_3] 75,1.565299,1.000139,0.999282
[fold_3] 100,0.983015,1.000143,0.999288
[fold_3] 125,1.564552,1.000648,0.999789
[fold_3] 150,0.895691,1.000711,0.999852
[fold_3] 175,0.757908,1.000074,0.999218
[fold_3] 200,0.322409,1.000041,0.999185
[fold_3] 225,2.569721,1.000065,0.999209
[fold_3] 250,1.732661,1.000378,0.999525
[fold_3] 275,0.300977,1.000346,0.999492
[fold_3] 300,0.880636,1.000200,0.999345
[fold_3] 325,2.113741,1.000269,0.999415
[fold_3] 350,1.587971,1.000122,0.999268
[fold_3] 375,1.594804,1.000082,0.999227
[fold_3] 400,0.878520,1.000055,0.999200
[fold_3] 425,0.331373,1.000031,0.999176
[fold_3] 450,1.970589,1.000022,0.999166
[fold_3] 475,1.233183,1.000035,0.999180
[fold_3] 500,0.852446,1.000043,0.999188
[fold_3] 525,1.651692,1.000039,0.999183
[fold_3] 550,0.897830,1.000038,0.999183
[fold_3] 575,0.381991,1.000036,0.999180
[fold_3] 600,2.677260,1.000034,0.999179
[fold_3] 625,0.057139,1.000034,0.999179
[fold_3] 650,0.887070,1.000036,0.999181
[fold_3] 675,0.043952,1.000036,0.999181
[fold_3] 700,0.266804,1.000040,0.999185
[fold_2] 0,2.276978,1.019982,1.021019
[fold_2] 1,2.418137,1.017879,1.018923
[fold_2] 25,0.043238,1.000337,1.001471
[fold_2] 50,0.326467,1.000142,1.001287
[fold_2] 75,0.343298,1.000216,1.001355
[fold_2] 100,1.450305,1.000114,1.001258
[fold_2] 125,2.099184,1.000121,1.001265
[fold_2] 150,0.718070,1.000039,1.001189
[fold_2] 175,0.041941,1.000036,1.001187
[fold_2] 200,2.352806,1.000192,1.001349
[fold_2] 225,1.726221,1.000241,1.001399
[fold_2] 250,0.036650,1.000131,1.001288
[fold_2] 275,1.570692,1.000028,1.001181
[fold_2] 300,2.542168,1.000023,1.001176
[fold_2] 325,1.435128,1.000019,1.001173
[fold_2] 350,0.892576,1.000030,1.001181
[fold_2] 375,0.042733,1.000061,1.001210
[fold_2] 400,0.265854,1.000038,1.001188
[fold_2] 425,2.264303,1.000046,1.001195
[fold_2] 450,0.812980,1.000044,1.001194
[fold_2] 475,1.538817,1.000039,1.001189
[fold_2] 500,0.794371,1.000054,1.001203
[fold_2] 525,0.043057,1.000071,1.001220
[fold_2] 550,0.047634,1.000077,1.001225
[fold_2] 575,0.305540,1.000084,1.001232
[fold_1] 0,0.857782,1.019978,1.019817
[fold_1] 1,2.408705,1.017874,1.017698
[fold_1] 25,1.503677,1.000719,1.000321
[fold_1] 50,1.370627,1.000148,0.999706
[fold_1] 75,1.493194,1.000224,0.999760
[fold_1] 100,0.841136,1.000160,0.999699
[fold_1] 125,0.250836,1.000067,0.999631
[fold_1] 150,0.299870,1.000637,1.000243
[fold_1] 175,2.033344,1.000381,0.999975
[fold_1] 200,0.346143,1.000048,0.999610
[fold_1] 225,0.825095,1.000045,0.999600
[fold_1] 250,1.666522,1.000041,0.999600
[fold_1] 275,1.151812,1.000040,0.999596
[fold_1] 300,1.592885,1.000064,0.999612
[fold_1] 325,0.916759,1.000059,0.999607
[fold_1] 350,2.333380,1.000037,0.999591
[fold_1] 375,0.043341,1.000035,0.999596
[fold_1] 400,0.792296,1.000040,0.999604
[fold_1] 425,1.568699,1.000032,0.999593
[fold_1] 450,0.040462,1.000031,0.999592
[fold_1] 475,0.349864,1.000032,0.999593
[fold_1] 500,0.320098,1.000030,0.999590
[fold_1] 525,1.642357,1.000028,0.999587
[fold_1] 550,1.465819,1.000028,0.999586
[fold_1] 575,2.203822,1.000028,0.999586
[fold_1] 600,1.773478,1.000028,0.999586
[fold_1] 625,0.043229,1.000028,0.999587
[fold_1] 650,0.044140,1.000028,0.999586
[fold_1] 675,2.236131,1.000028,0.999586
[fold_1] 700,0.044528,1.000028,0.999587
[fold_1] 725,0.306229,1.000028,0.999587
[fold_1] 750,0.048680,1.000028,0.999588
[fold_1] 775,0.309070,1.000029,0.999590
[fold_1] 800,0.334987,1.000030,0.999592
[fold_5] 0,0.345474,1.019982,1.018421
[fold_5] 1,0.899463,1.017878,1.016317
[fold_5] 25,0.370169,1.001074,0.999531
[fold_5] 50,2.313834,1.000161,0.998630
[fold_5] 75,0.028847,1.001981,1.000438
[fold_5] 100,0.272524,1.000345,0.998813
[fold_5] 125,0.316662,1.000364,0.998833
[fold_5] 150,2.478176,1.000080,0.998553
[fold_5] 175,0.044217,1.000049,0.998523
[fold_5] 200,2.235308,1.000036,0.998512
[fold_5] 225,0.351947,1.000037,0.998512
[fold_5] 250,0.048850,1.000044,0.998522
[fold_5] 275,0.046666,1.000131,0.998612
[fold_5] 300,0.318833,1.000101,0.998581
[fold_5] 325,0.728510,1.000071,0.998550
[fold_5] 350,0.045682,1.000019,0.998496
[fold_5] 375,0.044877,1.000029,0.998504
[fold_5] 400,1.322371,1.000078,0.998552
[fold_5] 425,1.808624,1.000071,0.998544
[fold_5] 450,2.536004,1.000080,0.998553
[fold_5] 475,1.373931,1.000058,0.998532
[fold_5] 500,0.948623,1.000063,0.998537
[fold_5] 525,0.339121,1.000047,0.998522
[fold_5] 550,0.041616,1.000040,0.998515
[fold_5] 575,1.317144,1.000034,0.998509
[fold_5] 600,1.851891,1.000032,0.998507
[fold_4] 0,2.240047,1.019976,1.021516
[fold_4] 1,1.367170,1.017872,1.019422
[fold_4] 25,0.717670,1.001177,1.002839
[fold_4] 50,1.957194,1.000455,1.002124
[fold_4] 75,0.038704,1.000284,1.001952
[fold_4] 100,2.073037,1.000059,1.001737
[fold_4] 125,1.675218,1.000274,1.001937
[fold_4] 150,1.377543,1.000941,1.002643
[fold_4] 175,0.313309,1.000445,1.002137
[fold_4] 200,0.333849,1.000148,1.001830
[fold_4] 225,0.282237,1.000100,1.001780
[fold_4] 250,0.047357,1.000063,1.001740
[fold_4] 275,0.043123,1.000013,1.001683
[fold_4] 300,1.225670,1.000023,1.001690
[fold_4] 325,1.933630,1.000032,1.001697
[fold_4] 350,1.672700,1.000013,1.001681
[fold_4] 375,0.358212,1.000009,1.001679
[fold_4] 400,0.794477,1.000008,1.001678
[fold_4] 425,0.038645,1.000008,1.001677
[fold_4] 450,0.043024,1.000010,1.001678
[fold_4] 475,0.866329,1.000012,1.001679
[fold_4] 500,2.310426,1.000013,1.001680
[fold_4] 525,0.746371,1.000014,1.001681
[fold_4] 550,0.052443,1.000013,1.001680
[fold_4] 575,0.846651,1.000015,1.001682
[fold_4] 600,1.726687,1.000019,1.001685
[fold_4] 625,2.032313,1.000023,1.001688
[fold_4] 650,0.042363,1.000025,1.001690
[fold_4] 675,0.041206,1.000026,1.001691

Cross-validation summary
Mean train RMSE norm      : 1.000019
Mean validation RMSE norm : 1.000020
Median best epoch         : 425
Best-so-far checkpoint    : kept previous
Training-curve plot       : plots/cross_validation_curves.png
