[fold_4] 0,2.308655,1.061296,1.062789
[fold_4] 1,0.580115,1.016882,1.018445
[fold_4] 25,0.176425,0.655228,0.656906
[fold_4] 50,0.251252,0.388755,0.389810
[fold_4] 75,0.050717,0.270169,0.270545
[fold_4] 100,0.121973,0.223622,0.223404
[fold_4] 125,0.076661,0.208365,0.208328
[fold_4] 150,0.014761,0.165299,0.164670
[fold_4] 175,0.063330,0.156407,0.155773
[fold_4] 200,0.006047,0.134700,0.133674
[fold_4] 225,0.000393,0.126701,0.125444
[fold_4] 250,0.007568,0.109521,0.107717
[fold_4] 275,0.007435,0.123345,0.121611
[fold_4] 300,0.004119,0.099249,0.096735
[fold_4] 325,0.000270,0.094888,0.091935
[fold_4] 350,0.000648,0.097812,0.094730
[fold_4] 375,0.012556,0.092180,0.089038
[fold_4] 400,0.002083,0.090739,0.087289
[fold_4] 425,0.025266,0.089069,0.085507
[fold_4] 450,0.022738,0.088867,0.085350
[fold_4] 475,0.002441,0.087927,0.084330
[fold_4] 500,0.004457,0.086792,0.083037
[fold_4] 525,0.014684,0.084864,0.081160
[fold_4] 550,0.002342,0.086971,0.083240
[fold_4] 575,0.000273,0.084599,0.080809
[fold_4] 600,0.003807,0.084485,0.080704
[fold_4] 625,0.001755,0.083484,0.079660
[fold_4] 650,0.003716,0.089793,0.086152
[fold_4] 675,0.014648,0.085626,0.081903
[fold_4] 700,0.012601,0.083422,0.079587
[fold_4] 725,0.005240,0.086519,0.082677
[fold_4] 750,0.059559,0.084135,0.080336
[fold_4] 775,0.004004,0.082009,0.078183
[fold_4] 800,0.038653,0.081920,0.078139
[fold_4] 825,0.108362,0.083085,0.079352
[fold_4] 850,0.014406,0.088061,0.084483
[fold_4] 875,0.017673,0.082776,0.079018
[fold_4] 900,0.011831,0.079994,0.076157
[fold_4] 925,0.014541,0.081884,0.078155
[fold_4] 950,0.000265,0.079412,0.075520
[fold_4] 975,0.000920,0.080447,0.076528
[fold_4] 1000,0.000410,0.079894,0.076096
[fold_4] 1025,0.001494,0.080703,0.076878
[fold_4] 1050,0.001771,0.079173,0.075274
[fold_4] 1075,0.062180,0.079109,0.075171
[fold_4] 1100,0.000494,0.080586,0.076914
[fold_4] 1125,0.001781,0.078508,0.074626
[fold_4] 1150,0.013727,0.078339,0.074464
[fold_4] 1175,0.031204,0.078600,0.074649
[fold_4] 1200,0.006196,0.078574,0.074744
[fold_4] 1225,0.015410,0.077833,0.073894
[fold_4] 1250,0.000421,0.078247,0.074451
[fold_4] 1275,0.011722,0.078050,0.074114
[fold_4] 1300,0.001522,0.077885,0.073978
[fold_4] 1325,0.018350,0.077629,0.073728
[fold_4] 1350,0.013914,0.077672,0.073768
[fold_4] 1375,0.005405,0.077629,0.073776
[fold_4] 1400,0.001605,0.077511,0.073555
[fold_4] 1425,0.012939,0.077268,0.073367
[fold_4] 1450,0.017853,0.077128,0.073199
[fold_4] 1475,0.003946,0.077128,0.073164
[fold_4] 1500,0.002753,0.077300,0.073367
[fold_4] 1525,0.010010,0.077207,0.073245
[fold_4] 1550,0.001528,0.077162,0.073235
[fold_4] 1575,0.000810,0.077214,0.073367
[fold_4] 1600,0.009000,0.076904,0.072950
[fold_4] 1625,0.010064,0.076909,0.072960
[fold_4] 1650,0.015072,0.076870,0.072906
[fold_4] 1675,0.008680,0.076922,0.073029
[fold_4] 1700,0.000414,0.077000,0.073085
[fold_4] 1725,0.020926,0.076909,0.072995
[fold_4] 1750,0.000433,0.076701,0.072759
[fold_4] 1775,0.044515,0.076708,0.072760
[fold_4] 1800,0.014846,0.076733,0.072771
[fold_4] 1825,0.000464,0.076624,0.072680
[fold_4] 1850,0.000295,0.076589,0.072635
[fold_4] 1875,0.016151,0.076581,0.072633
[fold_4] 1900,0.003437,0.076608,0.072666
[fold_4] 1925,0.006189,0.076541,0.072605
[fold_4] 1950,0.004076,0.076638,0.072716
[fold_4] 1975,0.007320,0.076559,0.072627
[fold_4] 2000,0.023639,0.076659,0.072719
[fold_4] 2025,0.016068,0.076562,0.072624
[fold_4] 2050,0.014289,0.076463,0.072514
[fold_4] 2075,0.011995,0.076489,0.072557
[fold_4] 2100,0.010565,0.076485,0.072553
[fold_4] 2125,0.011889,0.076532,0.072594
[fold_4] 2150,0.000444,0.076443,0.072498
[fold_4] 2175,0.001406,0.076434,0.072497
[fold_4] 2200,0.020803,0.076437,0.072496
[fold_4] 2225,0.007959,0.076418,0.072475
[fold_4] 2250,0.011581,0.076421,0.072483
[fold_4] 2275,0.002053,0.076402,0.072460
[fold_4] 2300,0.001533,0.076412,0.072461
[fold_4] 2325,0.001295,0.076435,0.072490
[fold_4] 2350,0.000286,0.076384,0.072430
[fold_4] 2375,0.000549,0.076379,0.072431
[fold_4] 2400,0.000482,0.076364,0.072417
[fold_4] 2425,0.000818,0.076373,0.072433
[fold_4] 2450,0.000465,0.076393,0.072460
[fold_4] 2475,0.017765,0.076368,0.072436
[fold_4] 2500,0.026325,0.076382,0.072457
[fold_4] 2525,0.001384,0.076373,0.072439
[fold_4] 2550,0.016296,0.076338,0.072394
[fold_4] 2575,0.000372,0.076320,0.072380
[fold_4] 2600,0.001911,0.076319,0.072369
[fold_4] 2625,0.053080,0.076316,0.072373
[fold_4] 2650,0.006542,0.076397,0.072475
[fold_4] 2675,0.011604,0.076291,0.072352
[fold_4] 2700,0.000436,0.076292,0.072346
[fold_4] 2725,0.003279,0.076292,0.072341
[fold_4] 2750,0.012680,0.076270,0.072323
[fold_4] 2775,0.012528,0.076266,0.072308
[fold_4] 2800,0.011332,0.076262,0.072307
[fold_4] 2825,0.001838,0.076255,0.072304
[fold_4] 2850,0.003064,0.076251,0.072293
[fold_4] 2875,0.002979,0.076257,0.072303
[fold_4] 2900,0.008425,0.076279,0.072347
[fold_4] 2925,0.007650,0.076268,0.072328
[fold_4] 2950,0.032135,0.076233,0.072274
[fold_4] 2975,0.003453,0.076268,0.072300
[fold_4] 3000,0.010515,0.076292,0.072320
[fold_4] 3025,0.002627,0.076251,0.072282
[fold_4] 3050,0.001260,0.076227,0.072266
[fold_4] 3075,0.014791,0.076226,0.072271
[fold_4] 3100,0.003230,0.076173,0.072239
[fold_4] 3125,0.001368,0.076155,0.072208
[fold_4] 3150,0.021301,0.076158,0.072227
[fold_4] 3175,0.022616,0.076132,0.072187
[fold_4] 3200,0.002706,0.076137,0.072181
[fold_4] 3225,0.020752,0.076161,0.072202
[fold_4] 3250,0.013186,0.076195,0.072234
[fold_4] 3275,0.007793,0.076185,0.072230
[fold_4] 3300,0.000290,0.076182,0.072232
[fold_4] 3325,0.012515,0.076161,0.072210
[fold_4] 3350,0.002674,0.076092,0.072140
[fold_4] 3375,0.027942,0.076125,0.072162
[fold_4] 3400,0.012390,0.076105,0.072160
[fold_4] 3425,0.000288,0.076100,0.072170
[fold_4] 3450,0.003585,0.076089,0.072146
[fold_4] 3475,0.001409,0.076062,0.072123
[fold_4] 3500,0.011136,0.076086,0.072155
[fold_4] 3525,0.001594,0.076067,0.072133
[fold_4] 3550,0.025660,0.076027,0.072080
[fold_4] 3575,0.008869,0.076048,0.072106
[fold_4] 3600,0.017781,0.076038,0.072088
[fold_4] 3625,0.016854,0.076013,0.072051
[fold_4] 3650,0.001285,0.076082,0.072108
[fold_4] 3675,0.001530,0.076094,0.072119
[fold_4] 3700,0.012371,0.076020,0.072050
[fold_4] 3725,0.004777,0.076045,0.072087
[fold_4] 3750,0.011425,0.075968,0.072015
[fold_4] 3775,0.000330,0.075970,0.072002
[fold_4] 3800,0.013503,0.076016,0.072042
[fold_4] 3825,0.010304,0.075988,0.072013
[fold_4] 3850,0.015813,0.075953,0.071989
[fold_4] 3875,0.025710,0.075990,0.072028
[fold_4] 3900,0.008015,0.075940,0.071976
[fold_4] 3925,0.005728,0.075943,0.071969
[fold_4] 3950,0.007819,0.075925,0.071954
[fold_4] 3975,0.005521,0.075929,0.071960
[fold_4] 4000,0.000313,0.075896,0.071937
[fold_4] 4025,0.000284,0.075876,0.071922
[fold_4] 4050,0.002867,0.075893,0.071938
[fold_4] 4075,0.029799,0.075858,0.071895
[fold_4] 4100,0.013838,0.075846,0.071879
[fold_4] 4125,0.002932,0.075847,0.071876
[fold_4] 4150,0.020934,0.075847,0.071876
[fold_4] 4175,0.000316,0.075855,0.071885
[fold_4] 4200,0.012557,0.075827,0.071862
[fold_4] 4225,0.011699,0.075811,0.071845
[fold_4] 4250,0.020887,0.075808,0.071862
[fold_4] 4275,0.001569,0.075779,0.071829
[fold_4] 4300,0.025933,0.075817,0.071852
[fold_4] 4325,0.005223,0.075831,0.071854
[fold_4] 4350,0.002740,0.075863,0.071887
[fold_4] 4375,0.002388,0.075800,0.071832
[fold_4] 4400,0.013882,0.075747,0.071797
[fold_4] 4425,0.017264,0.075784,0.071853
[fold_4] 4450,0.005814,0.075781,0.071833
[fold_4] 4475,0.000822,0.075731,0.071767
[fold_4] 4500,0.023353,0.075706,0.071746
[fold_4] 4525,0.012693,0.075697,0.071749
[fold_4] 4550,0.005124,0.075699,0.071753
[fold_4] 4575,0.022131,0.075737,0.071800
[fold_4] 4600,0.000345,0.075687,0.071741
[fold_4] 4625,0.002697,0.075694,0.071732
[fold_4] 4650,0.012190,0.075656,0.071699
[fold_4] 4675,0.022160,0.075654,0.071683
[fold_4] 4700,0.006565,0.075646,0.071687
[fold_4] 4725,0.009568,0.075651,0.071690
[fold_4] 4750,0.002778,0.075616,0.071651
[fold_4] 4775,0.012467,0.075593,0.071638
[fold_4] 4800,0.001293,0.075588,0.071635
[fold_4] 4825,0.000297,0.075570,0.071614
[fold_4] 4850,0.003728,0.075585,0.071644
[fold_4] 4875,0.001818,0.075613,0.071677
[fold_4] 4900,0.000311,0.075617,0.071673
[fold_4] 4925,0.016152,0.075556,0.071604
[fold_4] 4950,0.000259,0.075590,0.071652
[fold_4] 4975,0.014565,0.075535,0.071586[fold_3] 0,1.602911,1.061496,1.060291
[fold_3] 1,0.573982,1.017589,1.016352
[fold_3] 25,0.414739,0.646312,0.645035
[fold_3] 50,0.055557,0.373704,0.374250
[fold_3] 75,0.077644,0.253545,0.255464
[fold_3] 100,0.011179,0.213440,0.215427
[fold_3] 125,0.008379,0.171864,0.174170
[fold_3] 150,0.136312,0.145485,0.147727
[fold_3] 175,0.064342,0.126933,0.129132
[fold_3] 200,0.015118,0.115331,0.117426
[fold_3] 225,0.012970,0.104878,0.107435
[fold_3] 250,0.000702,0.106161,0.108712
[fold_3] 275,0.001856,0.099614,0.102263
[fold_3] 300,0.018290,0.096711,0.099248
[fold_3] 325,0.094636,0.095278,0.098105
[fold_3] 350,0.000540,0.100350,0.102514
[fold_3] 375,0.010497,0.091822,0.094761
[fold_3] 400,0.029951,0.088361,0.091199
[fold_3] 425,0.000375,0.087033,0.089789
[fold_3] 450,0.001869,0.094244,0.097125
[fold_3] 475,0.297242,0.085197,0.088073
[fold_3] 500,0.002014,0.084941,0.087974
[fold_3] 525,0.007052,0.084048,0.087076
[fold_3] 550,0.013585,0.086072,0.088988
[fold_3] 575,0.037565,0.087579,0.090610
[fold_3] 600,0.055413,0.083644,0.086631
[fold_3] 625,0.001570,0.082212,0.085235
[fold_3] 650,0.039121,0.083957,0.086810
[fold_3] 675,0.000573,0.082896,0.085895
[fold_3] 700,0.003717,0.083143,0.086204
[fold_3] 725,0.000312,0.081592,0.084495
[fold_3] 750,0.015730,0.081055,0.084143
[fold_3] 775,0.007130,0.080020,0.083079
[fold_3] 800,0.000431,0.079929,0.082914
[fold_3] 825,0.016287,0.079962,0.082931
[fold_3] 850,0.008354,0.079787,0.082842
[fold_3] 875,0.000485,0.080018,0.083098
[fold_3] 900,0.000561,0.080150,0.083174
[fold_3] 925,0.008449,0.079728,0.082706
[fold_3] 950,0.002230,0.081998,0.084720
[fold_3] 975,0.003702,0.083070,0.085968
[fold_3] 1000,0.048522,0.079708,0.082695
[fold_3] 1025,0.002984,0.078629,0.081752
[fold_3] 1050,0.008963,0.079728,0.082842
[fold_3] 1075,0.006541,0.081127,0.083869
[fold_3] 1100,0.001068,0.080077,0.083096
[fold_3] 1125,0.006058,0.077708,0.080765
[fold_3] 1150,0.000446,0.077710,0.080827
[fold_3] 1175,0.010724,0.078164,0.081209
[fold_3] 1200,0.000908,0.077567,0.080613
[fold_3] 1225,0.011405,0.077574,0.080548
[fold_3] 1250,0.003350,0.076875,0.079972
[fold_3] 1275,0.001566,0.077373,0.080360
[fold_3] 1300,0.001134,0.078595,0.081734
[fold_3] 1325,0.017020,0.077665,0.080827
[fold_3] 1350,0.006560,0.076792,0.079890
[fold_3] 1375,0.001867,0.076563,0.079663
[fold_3] 1400,0.010612,0.076596,0.079667
[fold_3] 1425,0.002978,0.076761,0.079893
[fold_3] 1450,0.007709,0.076811,0.079875
[fold_3] 1475,0.019446,0.076485,0.079567
[fold_3] 1500,0.007568,0.076378,0.079495
[fold_3] 1525,0.002042,0.076609,0.079671
[fold_3] 1550,0.008970,0.076290,0.079406
[fold_3] 1575,0.002068,0.076227,0.079336
[fold_3] 1600,0.005885,0.076508,0.079604
[fold_3] 1625,0.003510,0.076687,0.079680
[fold_3] 1650,0.005122,0.076095,0.079186
[fold_3] 1675,0.009953,0.076072,0.079182
[fold_3] 1700,0.000525,0.076007,0.079103
[fold_3] 1725,0.001918,0.076452,0.079551
[fold_3] 1750,0.001381,0.075942,0.079039
[fold_3] 1775,0.011640,0.076288,0.079315
[fold_3] 1800,0.001384,0.076097,0.079235
[fold_3] 1825,0.000308,0.075983,0.079032
[fold_3] 1850,0.036467,0.075878,0.078958
[fold_3] 1875,0.000361,0.075967,0.079072
[fold_3] 1900,0.000398,0.075947,0.079077
[fold_3] 1925,0.018945,0.075804,0.078905
[fold_3] 1950,0.031747,0.075782,0.078876
[fold_3] 1975,0.059306,0.075723,0.078828
[fold_3] 2000,0.001170,0.075781,0.078886
[fold_3] 2025,0.012609,0.075904,0.078972
[fold_3] 2050,0.000319,0.075718,0.078838
[fold_3] 2075,0.022504,0.075743,0.078869
[fold_3] 2100,0.001262,0.075713,0.078814
[fold_3] 2125,0.004285,0.075669,0.078784
[fold_3] 2150,0.013313,0.075678,0.078798
[fold_3] 2175,0.003993,0.075664,0.078785
[fold_3] 2200,0.004649,0.075652,0.078769
[fold_3] 2225,0.000317,0.075688,0.078777
[fold_3] 2250,0.001804,0.075612,0.078703
[fold_3] 2275,0.019597,0.075738,0.078793
[fold_3] 2300,0.002501,0.075627,0.078717
[fold_3] 2325,0.012569,0.075602,0.078723
[fold_3] 2350,0.026709,0.075599,0.078719
[fold_3] 2375,0.002971,0.075557,0.078660
[fold_3] 2400,0.002669,0.075586,0.078687
[fold_3] 2425,0.013476,0.075542,0.078654
[fold_3] 2450,0.042479,0.075576,0.078678
[fold_3] 2475,0.020063,0.075557,0.078652
[fold_3] 2500,0.015577,0.075555,0.078643
[fold_3] 2525,0.000257,0.075559,0.078652
[fold_3] 2550,0.003677,0.075571,0.078671
[fold_3] 2575,0.000280,0.075518,0.078618
[fold_3] 2600,0.000487,0.075491,0.078597
[fold_3] 2625,0.001498,0.075490,0.078591
[fold_3] 2650,0.000356,0.075510,0.078628
[fold_3] 2675,0.045151,0.075502,0.078617
[fold_3] 2700,0.018196,0.075504,0.078616
[fold_3] 2725,0.034532,0.075450,0.078560
[fold_3] 2750,0.000274,0.075465,0.078559
[fold_3] 2775,0.017617,0.075443,0.078548
[fold_3] 2800,0.000440,0.075448,0.078556
[fold_3] 2825,0.020251,0.075420,0.078520
[fold_3] 2850,0.011174,0.075411,0.078515
[fold_3] 2875,0.013877,0.075423,0.078525
[fold_3] 2900,0.005842,0.075454,0.078564
[fold_3] 2925,0.003012,0.075416,0.078505
[fold_3] 2950,0.013860,0.075401,0.078498
[fold_3] 2975,0.001778,0.075370,0.078478
[fold_3] 3000,0.007794,0.075383,0.078503
[fold_3] 3025,0.014832,0.075424,0.078556
[fold_3] 3050,0.071604,0.075355,0.078461
[fold_3] 3075,0.022684,0.075346,0.078454
[fold_3] 3100,0.000779,0.075333,0.078437
[fold_3] 3125,0.035250,0.075357,0.078456
[fold_3] 3150,0.021051,0.075332,0.078434
[fold_3] 3175,0.000264,0.075312,0.078419
[fold_3] 3200,0.002940,0.075363,0.078450
[fold_3] 3225,0.018015,0.075307,0.078405
[fold_3] 3250,0.007296,0.075302,0.078405
[fold_3] 3275,0.000339,0.075329,0.078441
[fold_3] 3300,0.023925,0.075323,0.078442
[fold_3] 3325,0.000286,0.075278,0.078386
[fold_3] 3350,0.000346,0.075352,0.078434
[fold_3] 3375,0.008881,0.075332,0.078439
[fold_3] 3400,0.002304,0.075321,0.078420
[fold_3] 3425,0.002777,0.075252,0.078362
[fold_3] 3450,0.005130,0.075256,0.078365
[fold_3] 3475,0.011216,0.075277,0.078379
[fold_3] 3500,0.027795,0.075291,0.078387
[fold_3] 3525,0.004002,0.075220,0.078312
[fold_3] 3550,0.007097,0.075244,0.078325
[fold_3] 3575,0.000335,0.075182,0.078287
[fold_3] 3600,0.000633,0.075174,0.078288
[fold_3] 3625,0.047645,0.075167,0.078280
[fold_3] 3650,0.060296,0.075195,0.078297
[fold_3] 3675,0.003335,0.075185,0.078294
[fold_3] 3700,0.004451,0.075160,0.078276
[fold_3] 3725,0.001495,0.075137,0.078256
[fold_3] 3750,0.021713,0.075148,0.078276
[fold_3] 3775,0.000550,0.075132,0.078257
[fold_3] 3800,0.003341,0.075130,0.078252
[fold_3] 3825,0.001427,0.075169,0.078300
[fold_3] 3850,0.011679,0.075138,0.078267
[fold_3] 3875,0.007853,0.075104,0.078221
[fold_3] 3900,0.008854,0.075119,0.078231
[fold_3] 3925,0.004481,0.075075,0.078193
[fold_3] 3950,0.000264,0.075062,0.078175
[fold_3] 3975,0.004287,0.075077,0.078175
[fold_3] 4000,0.005615,0.075116,0.078200
[fold_3] 4025,0.017967,0.075039,0.078148
[fold_3] 4050,0.005382,0.075061,0.078168
[fold_3] 4075,0.001639,0.075083,0.078183
[fold_3] 4100,0.011315,0.075034,0.078139
[fold_3] 4125,0.012643,0.075076,0.078188
[fold_3] 4150,0.000745,0.075085,0.078213
[fold_3] 4175,0.021216,0.075005,0.078122
[fold_3] 4200,0.005280,0.074993,0.078106
[fold_3] 4225,0.003625,0.074982,0.078093
[fold_3] 4250,0.000415,0.074973,0.078091
[fold_3] 4275,0.099686,0.074970,0.078087
[fold_3] 4300,0.003855,0.074951,0.078071
[fold_3] 4325,0.003007,0.074996,0.078126
[fold_3] 4350,0.091914,0.074948,0.078051
[fold_3] 4375,0.013088,0.074981,0.078065
[fold_3] 4400,0.012863,0.074937,0.078030
[fold_3] 4425,0.012523,0.074894,0.078004
[fold_3] 4450,0.011054,0.074925,0.078051
[fold_3] 4475,0.005141,0.074893,0.078014
[fold_3] 4500,0.004642,0.074873,0.077994
[fold_3] 4525,0.009131,0.074856,0.077977
[fold_3] 4550,0.001663,0.074885,0.078006
[fold_3] 4575,0.009622,0.074895,0.078027
[fold_3] 4600,0.006606,0.074873,0.078010
[fold_3] 4625,0.015386,0.074876,0.077999
[fold_3] 4650,0.003679,0.074953,0.078075
[fold_3] 4675,0.003649,0.074864,0.077977
[fold_3] 4700,0.009820,0.074813,0.077932
[fold_3] 4725,0.011308,0.074834,0.077955
[fold_3] 4750,0.015798,0.074840,0.077973
[fold_3] 4775,0.001783,0.074801,0.077929
[fold_3] 4800,0.039923,0.074768,0.077895
[fold_3] 4825,0.002555,0.074766,0.077888
[fold_3] 4850,0.005907,0.074756,0.077866
[fold_3] 4875,0.007341,0.074753,0.077874
[fold_3] 4900,0.035248,0.074738,0.077854
[fold_3] 4925,0.004453,0.074732,0.077861
[fold_3] 4950,0.000377,0.074761,0.077896
[fold_3] 4975,0.011200,0.074778,0.077919[fold_2] 0,0.551218,1.061359,1.062245
[fold_2] 1,0.263939,1.022320,1.023264
[fold_2] 25,0.509843,0.677719,0.678737
[fold_2] 50,0.053765,0.380351,0.379148
[fold_2] 75,0.127422,0.264196,0.263086
[fold_2] 100,0.059292,0.211997,0.210429
[fold_2] 125,0.082116,0.203057,0.201425
[fold_2] 150,0.015409,0.159518,0.157659
[fold_2] 175,0.021028,0.145049,0.142556
[fold_2] 200,0.013649,0.136119,0.133454
[fold_2] 225,0.008289,0.111245,0.108533
[fold_2] 250,0.044888,0.102675,0.099563
[fold_2] 275,0.023019,0.113493,0.111492
[fold_2] 300,0.025609,0.105868,0.102908
[fold_2] 325,0.001705,0.094281,0.091298
[fold_2] 350,0.001325,0.095364,0.092102
[fold_2] 375,0.006484,0.103387,0.100280
[fold_2] 400,0.061822,0.088559,0.085147
[fold_2] 425,0.003198,0.089088,0.085857
[fold_2] 450,0.006373,0.087891,0.084677
[fold_2] 475,0.000690,0.088714,0.085643
[fold_2] 500,0.000504,0.085651,0.082233
[fold_2] 525,0.004590,0.086501,0.083194
[fold_2] 550,0.006435,0.085721,0.082396
[fold_2] 575,0.006757,0.087591,0.084207
[fold_2] 600,0.004922,0.085888,0.082391
[fold_2] 625,0.011326,0.085124,0.081904
[fold_2] 650,0.000742,0.084052,0.080537
[fold_2] 675,0.047491,0.084183,0.080713
[fold_2] 700,0.000445,0.083916,0.080512
[fold_2] 725,0.003686,0.083486,0.080041
[fold_2] 750,0.004359,0.083839,0.080488
[fold_2] 775,0.071605,0.083578,0.080261
[fold_2] 800,0.000220,0.083739,0.080367
[fold_2] 825,0.001790,0.082564,0.079084
[fold_2] 850,0.015811,0.082607,0.079053
[fold_2] 875,0.001741,0.082680,0.079280
[fold_2] 900,0.005386,0.082614,0.079222
[fold_2] 925,0.000329,0.082227,0.078676
[fold_2] 950,0.025558,0.082357,0.078780
[fold_2] 975,0.019342,0.082045,0.078544
[fold_2] 1000,0.004918,0.082235,0.078854
[fold_2] 1025,0.029647,0.082193,0.078677
[fold_2] 1050,0.004323,0.084025,0.080628
[fold_2] 1075,0.029775,0.081692,0.078185
[fold_2] 1100,0.002001,0.081713,0.078282
[fold_2] 1125,0.000630,0.082526,0.079211
[fold_2] 1150,0.000471,0.081451,0.077920
[fold_2] 1175,0.019338,0.081295,0.077780
[fold_2] 1200,0.000855,0.081781,0.078325
[fold_2] 1225,0.001242,0.081373,0.077805
[fold_2] 1250,0.004809,0.081377,0.077895
[fold_2] 1275,0.001757,0.081028,0.077459
[fold_2] 1300,0.018634,0.081151,0.077633
[fold_2] 1325,0.035213,0.080989,0.077464
[fold_2] 1350,0.004298,0.080900,0.077340
[fold_2] 1375,0.004374,0.080962,0.077455
[fold_2] 1400,0.014856,0.080813,0.077274
[fold_2] 1425,0.018463,0.080831,0.077275
[fold_2] 1450,0.012035,0.080764,0.077203
[fold_2] 1475,0.012662,0.080858,0.077298
[fold_2] 1500,0.004743,0.080993,0.077390
[fold_2] 1525,0.015138,0.080843,0.077268
[fold_2] 1550,0.000363,0.080675,0.077098
[fold_2] 1575,0.012576,0.080660,0.077090
[fold_2] 1600,0.015803,0.080651,0.077069
[fold_2] 1625,0.002505,0.080856,0.077297
[fold_2] 1650,0.008298,0.080665,0.077069
[fold_2] 1675,0.017933,0.080624,0.077056
[fold_2] 1700,0.002264,0.080582,0.076993
[fold_2] 1725,0.001909,0.080694,0.077118
[fold_2] 1750,0.000304,0.080633,0.077070
[fold_2] 1775,0.002315,0.080544,0.076968
[fold_2] 1800,0.000312,0.080637,0.077107
[fold_2] 1825,0.019068,0.080504,0.076922
[fold_2] 1850,0.009896,0.080479,0.076906
[fold_2] 1875,0.013990,0.080468,0.076876
[fold_2] 1900,0.009622,0.080574,0.077022
[fold_2] 1925,0.007254,0.080489,0.076909
[fold_2] 1950,0.000457,0.080477,0.076939
[fold_2] 1975,0.014564,0.080387,0.076824
[fold_2] 2000,0.031498,0.080442,0.076851
[fold_2] 2025,0.015964,0.080430,0.076865
[fold_2] 2050,0.000342,0.080362,0.076804
[fold_2] 2075,0.001945,0.080370,0.076799
[fold_2] 2100,0.006773,0.080387,0.076803
[fold_2] 2125,0.015679,0.080363,0.076800
[fold_2] 2150,0.004268,0.080338,0.076777
[fold_2] 2175,0.000402,0.080326,0.076760
[fold_2] 2200,0.000430,0.080317,0.076745
[fold_2] 2225,0.021758,0.080345,0.076748
[fold_2] 2250,0.021722,0.080302,0.076723
[fold_2] 2275,0.000586,0.080316,0.076735
[fold_2] 2300,0.004102,0.080306,0.076724
[fold_2] 2325,0.003112,0.080298,0.076709
[fold_2] 2350,0.033889,0.080357,0.076753
[fold_2] 2375,0.009233,0.080342,0.076732
[fold_2] 2400,0.000415,0.080315,0.076718
[fold_2] 2425,0.000339,0.080304,0.076709
[fold_2] 2450,0.011119,0.080302,0.076722
[fold_2] 2475,0.000565,0.080362,0.076782
[fold_2] 2500,0.025622,0.080290,0.076710
[fold_2] 2525,0.000511,0.080265,0.076684
[fold_2] 2550,0.003696,0.080261,0.076670
[fold_2] 2575,0.007207,0.080254,0.076662
[fold_2] 2600,0.023406,0.080264,0.076676
[fold_2] 2625,0.004554,0.080245,0.076646
[fold_2] 2650,0.004412,0.080248,0.076668
[fold_2] 2675,0.007992,0.080300,0.076709
[fold_2] 2700,0.000332,0.080219,0.076620
[fold_2] 2725,0.000635,0.080193,0.076607
[fold_2] 2750,0.000375,0.080223,0.076650
[fold_2] 2775,0.028919,0.080202,0.076618
[fold_2] 2800,0.000423,0.080179,0.076599
[fold_2] 2825,0.015821,0.080211,0.076634
[fold_2] 2850,0.007585,0.080290,0.076730
[fold_2] 2875,0.000433,0.080276,0.076713
[fold_2] 2900,0.001804,0.080254,0.076685
[fold_2] 2925,0.000560,0.080165,0.076591
[fold_2] 2950,0.003012,0.080130,0.076555
[fold_2] 2975,0.014566,0.080164,0.076607
[fold_2] 3000,0.004362,0.080190,0.076644
[fold_2] 3025,0.001597,0.080151,0.076593
[fold_2] 3050,0.002773,0.080152,0.076582
[fold_2] 3075,0.017405,0.080201,0.076646
[fold_2] 3100,0.000388,0.080106,0.076546
[fold_2] 3125,0.000433,0.080107,0.076544
[fold_2] 3150,0.000363,0.080072,0.076495
[fold_2] 3175,0.000607,0.080088,0.076511
[fold_2] 3200,0.004896,0.080252,0.076675
[fold_2] 3225,0.001939,0.080120,0.076539
[fold_2] 3250,0.013850,0.080046,0.076463
[fold_2] 3275,0.002946,0.080057,0.076460
[fold_2] 3300,0.020361,0.080049,0.076461
[fold_2] 3325,0.004106,0.080063,0.076463
[fold_2] 3350,0.000385,0.080039,0.076445
[fold_2] 3375,0.004009,0.080009,0.076434
[fold_2] 3400,0.000454,0.080032,0.076443
[fold_2] 3425,0.004377,0.080042,0.076444
[fold_2] 3450,0.001522,0.080022,0.076410
[fold_2] 3475,0.019467,0.080063,0.076451
[fold_2] 3500,0.006350,0.080027,0.076437
[fold_2] 3525,0.005864,0.080052,0.076487
[fold_2] 3550,0.009298,0.080110,0.076554
[fold_2] 3575,0.010980,0.079943,0.076355
[fold_2] 3600,0.003981,0.079957,0.076370
[fold_2] 3625,0.036982,0.079930,0.076339
[fold_2] 3650,0.002633,0.079949,0.076362
[fold_2] 3675,0.006743,0.079945,0.076371
[fold_2] 3700,0.031046,0.079951,0.076393
[fold_2] 3725,0.003884,0.079941,0.076382
[fold_2] 3750,0.008953,0.079896,0.076314
[fold_2] 3775,0.006902,0.079891,0.076303
[fold_2] 3800,0.001718,0.079897,0.076311
[fold_2] 3825,0.075543,0.079949,0.076378
[fold_2] 3850,0.014261,0.079887,0.076313
[fold_2] 3875,0.006291,0.079913,0.076348
[fold_2] 3900,0.005586,0.079878,0.076284
[fold_2] 3925,0.009803,0.079856,0.076267
[fold_2] 3950,0.000832,0.079859,0.076268
[fold_2] 3975,0.017465,0.079875,0.076288
[fold_2] 4000,0.018600,0.079867,0.076287
[fold_2] 4025,0.004830,0.079853,0.076261
[fold_2] 4050,0.014595,0.079814,0.076216
[fold_2] 4075,0.002914,0.079828,0.076229
[fold_2] 4100,0.016858,0.079837,0.076248
[fold_2] 4125,0.000432,0.079826,0.076242
[fold_2] 4150,0.000375,0.079820,0.076242
[fold_2] 4175,0.000428,0.079817,0.076253
[fold_2] 4200,0.009278,0.079773,0.076198
[fold_2] 4225,0.022144,0.079790,0.076201
[fold_2] 4250,0.003233,0.079760,0.076170
[fold_2] 4275,0.000831,0.079888,0.076270
[fold_2] 4300,0.000367,0.079851,0.076237
[fold_2] 4325,0.007540,0.079821,0.076197
[fold_2] 4350,0.009628,0.079749,0.076139
[fold_2] 4375,0.006833,0.079745,0.076157
[fold_2] 4400,0.011118,0.079727,0.076137
[fold_2] 4425,0.042044,0.079741,0.076136
[fold_2] 4450,0.007855,0.079724,0.076119
[fold_2] 4475,0.000633,0.079720,0.076111
[fold_2] 4500,0.008624,0.079731,0.076120
[fold_2] 4525,0.009767,0.079724,0.076120
[fold_2] 4550,0.003503,0.079746,0.076149
[fold_2] 4575,0.017885,0.079679,0.076085
[fold_2] 4600,0.000329,0.079659,0.076076
[fold_2] 4625,0.019471,0.079658,0.076062
[fold_2] 4650,0.048292,0.079633,0.076032
[fold_2] 4675,0.001946,0.079628,0.076026
[fold_2] 4700,0.000546,0.079672,0.076050
[fold_2] 4725,0.023542,0.079665,0.076043
[fold_2] 4750,0.006900,0.079636,0.076030
[fold_2] 4775,0.003102,0.079639,0.076032
[fold_2] 4800,0.001486,0.079634,0.076008
[fold_2] 4825,0.001595,0.079621,0.076003
[fold_2] 4850,0.024762,0.079602,0.076008
[fold_2] 4875,0.017999,0.079570,0.075974
[fold_2] 4900,0.000469,0.079615,0.076009
[fold_2] 4925,0.002663,0.079651,0.076043
[fold_2] 4950,0.017437,0.079563,0.075953
[fold_2] 4975,0.005996,0.079548,0.075951[fold_5] 0,0.974494,1.061346,1.060234
[fold_5] 1,1.003412,1.016811,1.015725
[fold_5] 25,0.510346,0.645554,0.646022
[fold_5] 50,0.222887,0.415624,0.418303
[fold_5] 75,0.054467,0.270543,0.272304
[fold_5] 100,0.003968,0.247679,0.249419
[fold_5] 125,0.017388,0.191737,0.194563
[fold_5] 150,0.008488,0.166480,0.169555
[fold_5] 175,0.011918,0.144816,0.148294
[fold_5] 200,0.040421,0.144819,0.148421
[fold_5] 225,0.000937,0.116761,0.120814
[fold_5] 250,0.010961,0.108448,0.112848
[fold_5] 275,0.006657,0.102691,0.107273
[fold_5] 300,0.015083,0.097677,0.102499
[fold_5] 325,0.000375,0.096236,0.101089
[fold_5] 350,0.010333,0.090736,0.095832
[fold_5] 375,0.000401,0.088514,0.093782
[fold_5] 400,0.025099,0.087764,0.092968
[fold_5] 425,0.004675,0.086870,0.092232
[fold_5] 450,0.001042,0.093423,0.098333
[fold_5] 475,0.000384,0.087867,0.093133
[fold_5] 500,0.000544,0.083830,0.089375
[fold_5] 525,0.002381,0.084625,0.090111
[fold_5] 550,0.025209,0.093466,0.098626
[fold_5] 575,0.000391,0.089018,0.094155
[fold_5] 600,0.009710,0.082482,0.088030
[fold_5] 625,0.003617,0.081454,0.087161
[fold_5] 650,0.004334,0.081216,0.086874
[fold_5] 675,0.029684,0.083128,0.088521
[fold_5] 700,0.009711,0.081156,0.086718
[fold_5] 725,0.008897,0.080542,0.086200
[fold_5] 750,0.004143,0.080533,0.086247
[fold_5] 775,0.003609,0.080128,0.085846
[fold_5] 800,0.007561,0.083647,0.089182
[fold_5] 825,0.002294,0.080392,0.086044
[fold_5] 850,0.029245,0.081347,0.087015
[fold_5] 875,0.012034,0.079078,0.084837
[fold_5] 900,0.003829,0.079280,0.084971
[fold_5] 925,0.025196,0.079263,0.084944
[fold_5] 950,0.005496,0.079429,0.085107
[fold_5] 975,0.014179,0.078610,0.084397
[fold_5] 1000,0.011835,0.078834,0.084582
[fold_5] 1025,0.007126,0.078919,0.084693
[fold_5] 1050,0.001761,0.078734,0.084488
[fold_5] 1075,0.062718,0.078624,0.084460
[fold_5] 1100,0.002417,0.078281,0.084088
[fold_5] 1125,0.012639,0.078346,0.084143
[fold_5] 1150,0.011807,0.078299,0.084082
[fold_5] 1175,0.000336,0.078179,0.083958
[fold_5] 1200,0.004298,0.078219,0.084023
[fold_5] 1225,0.002091,0.078391,0.084156
[fold_5] 1250,0.000401,0.078093,0.083927
[fold_5] 1275,0.007716,0.078062,0.083875
[fold_5] 1300,0.011456,0.078024,0.083874
[fold_5] 1325,0.003862,0.078039,0.083852
[fold_5] 1350,0.000611,0.078433,0.084203
[fold_5] 1375,0.008162,0.078289,0.084084
[fold_5] 1400,0.001776,0.077836,0.083696
[fold_5] 1425,0.012565,0.078083,0.083869
[fold_5] 1450,0.026209,0.077744,0.083597
[fold_5] 1475,0.004066,0.077764,0.083610
[fold_5] 1500,0.005862,0.077759,0.083581
[fold_5] 1525,0.000285,0.077728,0.083588
[fold_5] 1550,0.002128,0.077689,0.083533
[fold_5] 1575,0.000318,0.077771,0.083616
[fold_5] 1600,0.006470,0.077746,0.083583
[fold_5] 1625,0.001787,0.077557,0.083447
[fold_5] 1650,0.009640,0.077611,0.083455
[fold_5] 1675,0.006784,0.077815,0.083638
[fold_5] 1700,0.008496,0.077448,0.083309
[fold_5] 1725,0.000606,0.077428,0.083274
[fold_5] 1750,0.040055,0.077323,0.083180
[fold_5] 1775,0.013354,0.077435,0.083297
[fold_5] 1800,0.000671,0.077230,0.083104
[fold_5] 1825,0.005650,0.077474,0.083289
[fold_5] 1850,0.000342,0.077137,0.083023
[fold_5] 1875,0.001145,0.077411,0.083310
[fold_5] 1900,0.005170,0.077397,0.083282
[fold_5] 1925,0.002009,0.077216,0.083076
[fold_5] 1950,0.013494,0.077108,0.082989
[fold_5] 1975,0.003172,0.077008,0.082908
[fold_5] 2000,0.008921,0.077083,0.082943
[fold_5] 2025,0.013618,0.076951,0.082852
[fold_5] 2050,0.000351,0.076933,0.082811
[fold_5] 2075,0.009328,0.076879,0.082771
[fold_5] 2100,0.001651,0.076854,0.082748
[fold_5] 2125,0.000319,0.076864,0.082739
[fold_5] 2150,0.013739,0.077016,0.082889
[fold_5] 2175,0.002072,0.077107,0.082979
[fold_5] 2200,0.008401,0.076851,0.082761
[fold_5] 2225,0.009159,0.076860,0.082767
[fold_5] 2250,0.003149,0.077036,0.082909
[fold_5] 2275,0.044526,0.076940,0.082815
[fold_5] 2300,0.002658,0.076842,0.082718
[fold_5] 2325,0.011123,0.076824,0.082695
[fold_5] 2350,0.006288,0.076750,0.082642
[fold_5] 2375,0.015192,0.076701,0.082590
[fold_5] 2400,0.002013,0.076713,0.082608
[fold_5] 2425,0.016951,0.076690,0.082583
[fold_5] 2450,0.003768,0.076680,0.082559
[fold_5] 2475,0.012022,0.076672,0.082553
[fold_5] 2500,0.007225,0.076727,0.082619
[fold_5] 2525,0.010328,0.076676,0.082577
[fold_5] 2550,0.000528,0.076668,0.082566
[fold_5] 2575,0.000304,0.076662,0.082547
[fold_5] 2600,0.006248,0.076675,0.082571
[fold_5] 2625,0.013488,0.076688,0.082579
[fold_5] 2650,0.023724,0.076663,0.082561
[fold_5] 2675,0.000438,0.076662,0.082568
[fold_5] 2700,0.003323,0.076607,0.082514
[fold_5] 2725,0.003016,0.076612,0.082501
[fold_5] 2750,0.001404,0.076618,0.082499
[fold_5] 2775,0.008410,0.076584,0.082478
[fold_5] 2800,0.011315,0.076589,0.082478
[fold_5] 2825,0.006270,0.076578,0.082467
[fold_5] 2850,0.001313,0.076595,0.082490
[fold_5] 2875,0.010392,0.076574,0.082470
[fold_5] 2900,0.014846,0.076583,0.082469
[fold_5] 2925,0.003346,0.076547,0.082437
[fold_5] 2950,0.008917,0.076597,0.082469
[fold_5] 2975,0.010498,0.076512,0.082404
[fold_5] 3000,0.001937,0.076508,0.082412
[fold_5] 3025,0.001357,0.076544,0.082451
[fold_5] 3050,0.013926,0.076566,0.082477
[fold_5] 3075,0.000523,0.076519,0.082428
[fold_5] 3100,0.023253,0.076493,0.082400
[fold_5] 3125,0.013224,0.076465,0.082371
[fold_5] 3150,0.000583,0.076453,0.082350
[fold_5] 3175,0.016892,0.076478,0.082368
[fold_5] 3200,0.001985,0.076468,0.082354
[fold_5] 3225,0.009508,0.076414,0.082309
[fold_5] 3250,0.006340,0.076448,0.082335
[fold_5] 3275,0.000460,0.076407,0.082318
[fold_5] 3300,0.000310,0.076397,0.082312
[fold_5] 3325,0.001168,0.076416,0.082329
[fold_5] 3350,0.000302,0.076385,0.082304
[fold_5] 3375,0.017095,0.076382,0.082280
[fold_5] 3400,0.001899,0.076364,0.082268
[fold_5] 3425,0.005216,0.076345,0.082259
[fold_5] 3450,0.001397,0.076370,0.082283
[fold_5] 3475,0.000488,0.076419,0.082319
[fold_5] 3500,0.006835,0.076375,0.082277
[fold_5] 3525,0.002875,0.076328,0.082252
[fold_5] 3550,0.012096,0.076336,0.082266
[fold_5] 3575,0.017203,0.076298,0.082219
[fold_5] 3600,0.007423,0.076287,0.082210
[fold_5] 3625,0.001954,0.076305,0.082228
[fold_5] 3650,0.001565,0.076290,0.082209
[fold_5] 3675,0.006605,0.076291,0.082209
[fold_5] 3700,0.024023,0.076272,0.082191
[fold_5] 3725,0.064267,0.076239,0.082156
[fold_5] 3750,0.001526,0.076238,0.082167
[fold_5] 3775,0.000479,0.076237,0.082153
[fold_5] 3800,0.015145,0.076392,0.082288
[fold_5] 3825,0.006257,0.076211,0.082123
[fold_5] 3850,0.031096,0.076227,0.082144
[fold_5] 3875,0.000376,0.076190,0.082109
[fold_5] 3900,0.016657,0.076188,0.082113
[fold_5] 3925,0.013576,0.076188,0.082109
[fold_5] 3950,0.018226,0.076157,0.082070
[fold_5] 3975,0.005942,0.076168,0.082099
[fold_5] 4000,0.008603,0.076131,0.082049
[fold_5] 4025,0.006108,0.076152,0.082055
[fold_5] 4050,0.003385,0.076136,0.082054
[fold_5] 4075,0.036393,0.076111,0.082021
[fold_5] 4100,0.000449,0.076208,0.082094
[fold_5] 4125,0.009765,0.076109,0.082011
[fold_5] 4150,0.005492,0.076108,0.082005
[fold_5] 4175,0.006416,0.076102,0.082001
[fold_5] 4200,0.011307,0.076069,0.081992
[fold_5] 4225,0.003982,0.076050,0.081978
[fold_5] 4250,0.001733,0.076061,0.082006
[fold_5] 4275,0.002566,0.076027,0.081952
[fold_5] 4300,0.000357,0.076076,0.081987
[fold_5] 4325,0.021140,0.076047,0.081962
[fold_5] 4350,0.004791,0.076071,0.081977
[fold_5] 4375,0.003757,0.076077,0.081997
[fold_5] 4400,0.007151,0.076089,0.082025
[fold_5] 4425,0.003498,0.076012,0.081956
[fold_5] 4450,0.011640,0.076015,0.081927
[fold_5] 4475,0.007228,0.075981,0.081905
[fold_5] 4500,0.002873,0.075947,0.081866
[fold_5] 4525,0.000377,0.075937,0.081865
[fold_5] 4550,0.018414,0.075981,0.081895
[fold_5] 4575,0.006601,0.075975,0.081888
[fold_5] 4600,0.000324,0.076014,0.081927
[fold_5] 4625,0.006516,0.075996,0.081904
[fold_5] 4650,0.000346,0.076019,0.081920
[fold_5] 4675,0.000429,0.075898,0.081825
[fold_5] 4700,0.012135,0.075910,0.081853
[fold_5] 4725,0.003532,0.075849,0.081785
[fold_5] 4750,0.008990,0.075873,0.081815
[fold_5] 4775,0.007054,0.075859,0.081797
[fold_5] 4800,0.003451,0.075876,0.081811
[fold_5] 4825,0.008220,0.075827,0.081765
[fold_5] 4850,0.011920,0.075823,0.081756
[fold_5] 4875,0.007673,0.075846,0.081759
[fold_5] 4900,0.002713,0.075870,0.081781
[fold_5] 4925,0.001749,0.075818,0.081739
[fold_5] 4950,0.001982,0.075793,0.081716
[fold_5] 4975,0.000326,0.075847,0.081750[fold_1] 0,3.216634,1.061501,1.061441
[fold_1] 1,2.211801,1.017201,1.017033
[fold_1] 25,0.024590,0.674671,0.672923
[fold_1] 50,0.047834,0.399843,0.396791
[fold_1] 75,0.164587,0.261490,0.258711
[fold_1] 100,0.107425,0.207559,0.204659
[fold_1] 125,0.006683,0.174351,0.171465
[fold_1] 150,0.063885,0.157140,0.154507
[fold_1] 175,0.003832,0.139209,0.136772
[fold_1] 200,0.048236,0.122907,0.120664
[fold_1] 225,0.018041,0.112859,0.110850
[fold_1] 250,0.059289,0.103278,0.101456
[fold_1] 275,0.013296,0.098444,0.096527
[fold_1] 300,0.007200,0.098336,0.096756
[fold_1] 325,0.019193,0.100783,0.099024
[fold_1] 350,0.002562,0.092930,0.091089
[fold_1] 375,0.011064,0.091511,0.089712
[fold_1] 400,0.022528,0.108405,0.107437
[fold_1] 425,0.003534,0.095091,0.093347
[fold_1] 450,0.003731,0.091194,0.089700
[fold_1] 475,0.000893,0.092543,0.091217
[fold_1] 500,0.007708,0.086054,0.084535
[fold_1] 525,0.011809,0.085660,0.084166
[fold_1] 550,0.005306,0.095327,0.094051
[fold_1] 575,0.006322,0.088805,0.087372
[fold_1] 600,0.029552,0.088535,0.086981
[fold_1] 625,0.000272,0.084150,0.082594
[fold_1] 650,0.002143,0.085264,0.083627
[fold_1] 675,0.002075,0.083121,0.081487
[fold_1] 700,0.004679,0.083010,0.081369
[fold_1] 725,0.000565,0.082922,0.081321
[fold_1] 750,0.021125,0.082224,0.080559
[fold_1] 775,0.005982,0.081975,0.080333
[fold_1] 800,0.023255,0.082592,0.081016
[fold_1] 825,0.005263,0.081602,0.079926
[fold_1] 850,0.002066,0.083212,0.081540
[fold_1] 875,0.008857,0.081705,0.079982
[fold_1] 900,0.000556,0.081630,0.080097
[fold_1] 925,0.021310,0.081178,0.079553
[fold_1] 950,0.000231,0.082687,0.081183
[fold_1] 975,0.000603,0.081613,0.080112
[fold_1] 1000,0.000717,0.081463,0.079857
[fold_1] 1025,0.001563,0.080721,0.079188
[fold_1] 1050,0.001846,0.080732,0.079087
[fold_1] 1075,0.007370,0.080618,0.079028
[fold_1] 1100,0.001712,0.080787,0.079130
[fold_1] 1125,0.009212,0.080199,0.078568
[fold_1] 1150,0.019578,0.080204,0.078604
[fold_1] 1175,0.000807,0.080380,0.078679
[fold_1] 1200,0.000466,0.080567,0.078920
[fold_1] 1225,0.032816,0.080007,0.078368
[fold_1] 1250,0.003542,0.079954,0.078333
[fold_1] 1275,0.037794,0.079962,0.078311
[fold_1] 1300,0.010951,0.079915,0.078230
[fold_1] 1325,0.000467,0.080154,0.078534
[fold_1] 1350,0.007663,0.079956,0.078293
[fold_1] 1375,0.019508,0.079969,0.078345
[fold_1] 1400,0.006805,0.079910,0.078200
[fold_1] 1425,0.000460,0.079689,0.078045
[fold_1] 1450,0.007481,0.079764,0.078142
[fold_1] 1475,0.019051,0.079747,0.078071
[fold_1] 1500,0.023193,0.079635,0.077977
[fold_1] 1525,0.002523,0.079671,0.078020
[fold_1] 1550,0.012765,0.079644,0.077983
[fold_1] 1575,0.014035,0.079655,0.077974
[fold_1] 1600,0.004181,0.079640,0.077965
[fold_1] 1625,0.007194,0.079596,0.077944
[fold_1] 1650,0.013351,0.079596,0.077908
[fold_1] 1675,0.000648,0.079603,0.077935
[fold_1] 1700,0.013506,0.079623,0.077984
[fold_1] 1725,0.003050,0.079593,0.077963
[fold_1] 1750,0.006876,0.079562,0.077930
[fold_1] 1775,0.004059,0.079553,0.077917
[fold_1] 1800,0.021334,0.079520,0.077872
[fold_1] 1825,0.012940,0.079475,0.077806
[fold_1] 1850,0.003762,0.079499,0.077832
[fold_1] 1875,0.000446,0.079512,0.077871
[fold_1] 1900,0.014888,0.079546,0.077912
[fold_1] 1925,0.018504,0.079488,0.077840
[fold_1] 1950,0.007630,0.079466,0.077816
[fold_1] 1975,0.106436,0.079493,0.077852
[fold_1] 2000,0.002100,0.079470,0.077827
[fold_1] 2025,0.001553,0.079460,0.077815
[fold_1] 2050,0.010020,0.079442,0.077781
[fold_1] 2075,0.003842,0.079442,0.077773
[fold_1] 2100,0.000454,0.079441,0.077775
[fold_1] 2125,0.002503,0.079401,0.077731
[fold_1] 2150,0.000314,0.079454,0.077791
[fold_1] 2175,0.001459,0.079397,0.077719
[fold_1] 2200,0.026184,0.079402,0.077735
[fold_1] 2225,0.015123,0.079402,0.077721
[fold_1] 2250,0.031674,0.079362,0.077693
[fold_1] 2275,0.000337,0.079384,0.077739
[fold_1] 2300,0.025346,0.079417,0.077774
[fold_1] 2325,0.014736,0.079423,0.077779
[fold_1] 2350,0.008326,0.079420,0.077778
[fold_1] 2375,0.014875,0.079377,0.077712
[fold_1] 2400,0.003795,0.079389,0.077723
[fold_1] 2425,0.013411,0.079429,0.077762
[fold_1] 2450,0.005842,0.079449,0.077790
[fold_1] 2475,0.009523,0.079414,0.077753
[fold_1] 2500,0.096868,0.079415,0.077761

[fold_5] 5000,0.000519,0.075799,0.081727
[fold_5] 5025,0.024217,0.075760,0.081686
[fold_5] 5050,0.059364,0.075759,0.081683
[fold_5] 5075,0.003268,0.075814,0.081722
[fold_5] 5100,0.018020,0.075809,0.081739
[fold_5] 5125,0.000269,0.075841,0.081787
[fold_5] 5150,0.022760,0.075803,0.081771
[fold_5] 5175,0.018715,0.075708,0.081671
[fold_5] 5200,0.006953,0.075737,0.081688
[fold_5] 5225,0.017219,0.075691,0.081639
[fold_5] 5250,0.002563,0.075691,0.081639
[fold_5] 5275,0.001372,0.075674,0.081603
[fold_5] 5300,0.005802,0.075664,0.081596
[fold_5] 5325,0.037667,0.075634,0.081578
[fold_5] 5350,0.009411,0.075664,0.081607
[fold_5] 5375,0.010372,0.075658,0.081607
[fold_5] 5400,0.038410,0.075605,0.081545
[fold_5] 5425,0.010109,0.075615,0.081542
[fold_5] 5450,0.023680,0.075609,0.081536
[fold_5] 5475,0.031552,0.075589,0.081517
[fold_5] 5500,0.000416,0.075620,0.081539
[fold_5] 5525,0.002070,0.075561,0.081506
[fold_5] 5550,0.039078,0.075555,0.081511
[fold_5] 5575,0.015261,0.075551,0.081492
[fold_5] 5600,0.000996,0.075543,0.081479
[fold_5] 5625,0.016816,0.075531,0.081469
[fold_5] 5650,0.012762,0.075524,0.081476
[fold_5] 5675,0.016472,0.075485,0.081440
[fold_5] 5700,0.011469,0.075481,0.081441
[fold_5] 5725,0.002615,0.075492,0.081450
[fold_5] 5750,0.006754,0.075481,0.081417
[fold_5] 5775,0.001798,0.075503,0.081431
[fold_5] 5800,0.000466,0.075480,0.081422
[fold_5] 5825,0.032014,0.075571,0.081477
[fold_5] 5850,0.009539,0.075435,0.081378
[fold_5] 5875,0.020330,0.075412,0.081370
[fold_5] 5900,0.011983,0.075399,0.081358
[fold_5] 5925,0.018036,0.075381,0.081326
[fold_5] 5950,0.001432,0.075368,0.081321
[fold_5] 5975,0.011404,0.075365,0.081321
[fold_5] 6000,0.087095,0.075358,0.081309
[fold_5] 6025,0.005195,0.075345,0.081304
[fold_5] 6050,0.019933,0.075360,0.081299
[fold_5] 6075,0.005619,0.075340,0.081282
[fold_5] 6100,0.006873,0.075349,0.081287
[fold_5] 6125,0.011465,0.075352,0.081292
[fold_5] 6150,0.001449,0.075401,0.081318
[fold_5] 6175,0.001822,0.075285,0.081239
[fold_5] 6200,0.002833,0.075280,0.081225
[fold_5] 6225,0.024065,0.075272,0.081209
[fold_5] 6250,0.008978,0.075268,0.081224
[fold_5] 6275,0.004485,0.075293,0.081256
[fold_5] 6300,0.002736,0.075252,0.081201
[fold_5] 6325,0.007611,0.075243,0.081189
[fold_5] 6350,0.017633,0.075275,0.081218
[fold_5] 6375,0.000301,0.075209,0.081169
[fold_5] 6400,0.012774,0.075204,0.081164
[fold_5] 6425,0.002683,0.075198,0.081140
[fold_5] 6450,0.105990,0.075185,0.081131
[fold_5] 6475,0.039681,0.075230,0.081185
[fold_5] 6500,0.001972,0.075197,0.081158
[fold_5] 6525,0.008469,0.075282,0.081223
[fold_5] 6550,0.019795,0.075214,0.081147
[fold_5] 6575,0.007882,0.075145,0.081095
[fold_5] 6600,0.004393,0.075204,0.081131
[fold_5] 6625,0.006162,0.075126,0.081071
[fold_5] 6650,0.002218,0.075079,0.081039
[fold_5] 6675,0.006172,0.075128,0.081108
[fold_5] 6700,0.005573,0.075067,0.081040
[fold_5] 6725,0.001272,0.075107,0.081070
[fold_5] 6750,0.002784,0.075054,0.081029
[fold_5] 6775,0.009973,0.075083,0.081064
[fold_5] 6800,0.003878,0.075132,0.081116
[fold_5] 6825,0.005749,0.075092,0.081072
[fold_5] 6850,0.007449,0.075020,0.080995
[fold_5] 6875,0.025638,0.075031,0.081011
[fold_5] 6900,0.000267,0.075006,0.080988
[fold_5] 6925,0.001182,0.075012,0.080976
[fold_5] 6950,0.001443,0.074984,0.080964
[fold_5] 6975,0.000270,0.075013,0.081002
[fold_5] 7000,0.048617,0.074961,0.080939
[fold_5] 7025,0.011438,0.074947,0.080921
[fold_5] 7050,0.001500,0.074921,0.080903
[fold_5] 7075,0.068635,0.074924,0.080900
[fold_5] 7100,0.005530,0.075044,0.080987
[fold_5] 7125,0.009000,0.074920,0.080885
[fold_5] 7150,0.010001,0.074940,0.080912
[fold_5] 7175,0.003782,0.074914,0.080881
[fold_5] 7200,0.000278,0.074931,0.080899
[fold_5] 7225,0.012921,0.074892,0.080873
[fold_5] 7250,0.000387,0.074873,0.080842
[fold_5] 7275,0.003280,0.074874,0.080841
[fold_5] 7300,0.010734,0.074996,0.080950
[fold_5] 7325,0.080428,0.074949,0.080901
[fold_5] 7350,0.002654,0.074838,0.080812
[fold_5] 7375,0.000264,0.074815,0.080795
[fold_5] 7400,0.011643,0.074785,0.080754
[fold_5] 7425,0.003652,0.074789,0.080755
[fold_5] 7450,0.015727,0.074763,0.080740
[fold_5] 7475,0.014288,0.074761,0.080741
[fold_5] 7500,0.005197,0.074770,0.080760
[fold_5] 7525,0.012408,0.074741,0.080734
[fold_5] 7550,0.013740,0.074718,0.080699
[fold_5] 7575,0.018414,0.074741,0.080735
[fold_5] 7600,0.010449,0.074750,0.080749
[fold_5] 7625,0.000283,0.074697,0.080678
[fold_5] 7650,0.028563,0.074725,0.080696
[fold_5] 7675,0.005096,0.074679,0.080668
[fold_5] 7700,0.002533,0.074670,0.080666
[fold_5] 7725,0.027368,0.074677,0.080667
[fold_5] 7750,0.004024,0.074651,0.080650
[fold_5] 7775,0.010140,0.074641,0.080635
[fold_5] 7800,0.009877,0.074635,0.080616
[fold_5] 7825,0.019563,0.074622,0.080604
[fold_5] 7850,0.000294,0.074600,0.080581
[fold_5] 7875,0.012964,0.074595,0.080584
[fold_5] 7900,0.011315,0.074604,0.080600
[fold_5] 7925,0.004559,0.074579,0.080574
[fold_5] 7950,0.008205,0.074602,0.080598
[fold_5] 7975,0.052475,0.074582,0.080582
[fold_5] 8000,0.010034,0.074590,0.080573
[fold_5] 8025,0.004899,0.074638,0.080623
[fold_5] 8050,0.000231,0.074620,0.080608
[fold_5] 8075,0.003510,0.074587,0.080583
[fold_5] 8100,0.006966,0.074559,0.080555
[fold_5] 8125,0.000483,0.074506,0.080516
[fold_5] 8150,0.000378,0.074505,0.080514
[fold_5] 8175,0.002676,0.074491,0.080493
[fold_5] 8200,0.008827,0.074510,0.080506
[fold_5] 8225,0.006726,0.074499,0.080498
[fold_5] 8250,0.000263,0.074495,0.080480
[fold_5] 8275,0.012742,0.074455,0.080433
[fold_5] 8300,0.002805,0.074448,0.080431
[fold_5] 8325,0.003411,0.074430,0.080421
[fold_5] 8350,0.030459,0.074421,0.080415
[fold_5] 8375,0.000285,0.074468,0.080468
[fold_5] 8400,0.000250,0.074403,0.080399
[fold_5] 8425,0.009370,0.074388,0.080377
[fold_5] 8450,0.004903,0.074527,0.080471
[fold_5] 8475,0.007496,0.074373,0.080363
[fold_5] 8500,0.004456,0.074353,0.080359
[fold_5] 8525,0.000618,0.074394,0.080375
[fold_5] 8550,0.012774,0.074387,0.080388
[fold_5] 8575,0.000346,0.074401,0.080390
[fold_5] 8600,0.019439,0.074328,0.080325
[fold_5] 8625,0.007250,0.074309,0.080315
[fold_5] 8650,0.011991,0.074301,0.080296
[fold_5] 8675,0.001637,0.074341,0.080314
[fold_5] 8700,0.012637,0.074307,0.080296
[fold_5] 8725,0.009131,0.074291,0.080287
[fold_5] 8750,0.004092,0.074310,0.080312
[fold_5] 8775,0.002769,0.074339,0.080332
[fold_5] 8800,0.000283,0.074268,0.080275

[fold_4] 5000,0.007070,0.075527,0.071562
[fold_4] 5025,0.001208,0.075521,0.071553
[fold_4] 5050,0.007989,0.075552,0.071582
[fold_4] 5075,0.008508,0.075521,0.071544
[fold_4] 5100,0.002100,0.075508,0.071532
[fold_4] 5125,0.004385,0.075469,0.071502
[fold_4] 5150,0.003258,0.075515,0.071550
[fold_4] 5175,0.016880,0.075499,0.071555
[fold_4] 5200,0.025377,0.075517,0.071562
[fold_4] 5225,0.035226,0.075454,0.071490
[fold_4] 5250,0.003144,0.075506,0.071573
[fold_4] 5275,0.018465,0.075462,0.071514
[fold_4] 5300,0.000280,0.075414,0.071455
[fold_4] 5325,0.018321,0.075407,0.071441
[fold_4] 5350,0.011918,0.075398,0.071441
[fold_4] 5375,0.017488,0.075413,0.071466
[fold_4] 5400,0.000398,0.075404,0.071438
[fold_4] 5425,0.000259,0.075393,0.071429
[fold_4] 5450,0.014595,0.075370,0.071405
[fold_4] 5475,0.015585,0.075357,0.071387
[fold_4] 5500,0.000567,0.075367,0.071392
[fold_4] 5525,0.001523,0.075404,0.071427
[fold_4] 5550,0.011248,0.075342,0.071391
[fold_4] 5575,0.005589,0.075328,0.071371
[fold_4] 5600,0.005651,0.075380,0.071402
[fold_4] 5625,0.023232,0.075447,0.071463
[fold_4] 5650,0.003152,0.075430,0.071452
[fold_4] 5675,0.000274,0.075333,0.071373
[fold_4] 5700,0.006567,0.075326,0.071353
[fold_4] 5725,0.050192,0.075332,0.071353
[fold_4] 5750,0.005918,0.075260,0.071292
[fold_4] 5775,0.000516,0.075247,0.071283
[fold_4] 5800,0.010109,0.075254,0.071280
[fold_4] 5825,0.004840,0.075233,0.071261
[fold_4] 5850,0.014886,0.075234,0.071256
[fold_4] 5875,0.001213,0.075212,0.071243
[fold_4] 5900,0.005208,0.075213,0.071245
[fold_4] 5925,0.002559,0.075301,0.071351
[fold_4] 5950,0.000842,0.075243,0.071264
[fold_4] 5975,0.004240,0.075212,0.071225
[fold_4] 6000,0.015556,0.075216,0.071237
[fold_4] 6025,0.010094,0.075196,0.071221
[fold_4] 6050,0.011122,0.075182,0.071229
[fold_4] 6075,0.005569,0.075173,0.071219
[fold_4] 6100,0.002049,0.075138,0.071175
[fold_4] 6125,0.006837,0.075133,0.071162
[fold_4] 6150,0.012449,0.075125,0.071155
[fold_4] 6175,0.001540,0.075110,0.071151
[fold_4] 6200,0.004795,0.075110,0.071137
[fold_4] 6225,0.027822,0.075107,0.071153
[fold_4] 6250,0.051998,0.075101,0.071151
[fold_4] 6275,0.005361,0.075102,0.071152
[fold_4] 6300,0.010540,0.075111,0.071155
[fold_4] 6325,0.013825,0.075102,0.071120
[fold_4] 6350,0.001366,0.075105,0.071110
[fold_4] 6375,0.000491,0.075146,0.071157
[fold_4] 6400,0.011119,0.075075,0.071087
[fold_4] 6425,0.017180,0.075106,0.071116
[fold_4] 6450,0.000666,0.075023,0.071044
[fold_4] 6475,0.006814,0.075001,0.071016
[fold_4] 6500,0.001450,0.075003,0.071022
[fold_4] 6525,0.005681,0.074968,0.070994
[fold_4] 6550,0.021049,0.075003,0.071044
[fold_4] 6575,0.029239,0.074944,0.070980
[fold_4] 6600,0.044494,0.074964,0.071005
[fold_4] 6625,0.008749,0.074955,0.070989
[fold_4] 6650,0.029896,0.074955,0.070989
[fold_4] 6675,0.014274,0.075041,0.071075
[fold_4] 6700,0.004379,0.074929,0.070968
[fold_4] 6725,0.020798,0.074908,0.070951
[fold_4] 6750,0.004832,0.074955,0.071020
[fold_4] 6775,0.004345,0.074936,0.070996
[fold_4] 6800,0.001612,0.074881,0.070913
[fold_4] 6825,0.001412,0.074918,0.070955
[fold_4] 6850,0.016243,0.074874,0.070895
[fold_4] 6875,0.001330,0.074838,0.070865
[fold_4] 6900,0.013286,0.074859,0.070906
[fold_4] 6925,0.008129,0.074945,0.070985
[fold_4] 6950,0.016129,0.074818,0.070853
[fold_4] 6975,0.082124,0.074817,0.070841
[fold_4] 7000,0.000295,0.074844,0.070855
[fold_4] 7025,0.000629,0.074900,0.070898
[fold_4] 7050,0.000297,0.074954,0.070960
[fold_4] 7075,0.002526,0.074870,0.070878
[fold_4] 7100,0.000261,0.074780,0.070801
[fold_4] 7125,0.000361,0.074821,0.070839
[fold_4] 7150,0.001119,0.074809,0.070823
[fold_4] 7175,0.009821,0.074763,0.070783
[fold_4] 7200,0.025048,0.074763,0.070779
[fold_4] 7225,0.000354,0.074865,0.070868
[fold_4] 7250,0.005485,0.074919,0.070922
[fold_4] 7275,0.000292,0.074800,0.070807
[fold_4] 7300,0.012473,0.074737,0.070744
[fold_4] 7325,0.005331,0.074718,0.070762
[fold_4] 7350,0.000314,0.074767,0.070829
[fold_4] 7375,0.016102,0.074676,0.070712
[fold_4] 7400,0.013018,0.074648,0.070665
[fold_4] 7425,0.005301,0.074656,0.070674
[fold_4] 7450,0.001465,0.074636,0.070665
[fold_4] 7475,0.028162,0.074662,0.070704
[fold_4] 7500,0.009788,0.074677,0.070708
[fold_4] 7525,0.014192,0.074617,0.070632
[fold_4] 7550,0.003094,0.074669,0.070670
[fold_4] 7575,0.001478,0.074630,0.070640
[fold_4] 7600,0.009814,0.074637,0.070649
[fold_4] 7625,0.076937,0.074585,0.070608
[fold_4] 7650,0.022234,0.074652,0.070667
[fold_4] 7675,0.002096,0.074586,0.070612
[fold_4] 7700,0.002418,0.074593,0.070618
[fold_4] 7725,0.005757,0.074567,0.070580
[fold_4] 7750,0.000398,0.074553,0.070565
[fold_4] 7775,0.005842,0.074537,0.070543
[fold_4] 7800,0.001510,0.074530,0.070557
[fold_4] 7825,0.011508,0.074527,0.070552
[fold_4] 7850,0.013836,0.074533,0.070554
[fold_4] 7875,0.011451,0.074486,0.070502
[fold_4] 7900,0.004102,0.074486,0.070504
[fold_4] 7925,0.003612,0.074477,0.070493
[fold_4] 7950,0.064030,0.074496,0.070513
[fold_4] 7975,0.009725,0.074447,0.070468
[fold_4] 8000,0.003789,0.074499,0.070523
[fold_4] 8025,0.005373,0.074446,0.070475
[fold_4] 8050,0.071436,0.074432,0.070460
[fold_4] 8075,0.002225,0.074429,0.070456
[fold_4] 8100,0.004700,0.074448,0.070475
[fold_4] 8125,0.002822,0.074527,0.070566
[fold_4] 8150,0.000247,0.074435,0.070465
[fold_4] 8175,0.000410,0.074420,0.070442
[fold_4] 8200,0.000341,0.074403,0.070401
[fold_4] 8225,0.005231,0.074358,0.070363
[fold_4] 8250,0.003496,0.074409,0.070401
[fold_4] 8275,0.016357,0.074400,0.070403
[fold_4] 8300,0.009969,0.074360,0.070360
[fold_4] 8325,0.002200,0.074319,0.070331
[fold_4] 8350,0.000297,0.074315,0.070326
[fold_4] 8375,0.001800,0.074337,0.070341
[fold_4] 8400,0.039204,0.074312,0.070322
[fold_4] 8425,0.004502,0.074330,0.070329
[fold_4] 8450,0.039698,0.074317,0.070328
[fold_4] 8475,0.006797,0.074333,0.070365
[fold_4] 8500,0.053282,0.074296,0.070334
[fold_4] 8525,0.000461,0.074405,0.070458
[fold_4] 8550,0.008420,0.074274,0.070296
[fold_4] 8575,0.000936,0.074238,0.070260
[fold_4] 8600,0.000484,0.074264,0.070292
[fold_4] 8625,0.018347,0.074267,0.070285
[fold_4] 8650,0.007642,0.074212,0.070233
[fold_4] 8675,0.002849,0.074221,0.070253
[fold_4] 8700,0.002540,0.074243,0.070282
[fold_4] 8725,0.011135,0.074224,0.070261
[fold_4] 8750,0.005821,0.074215,0.070251
[fold_4] 8775,0.007667,0.074240,0.070280
[fold_4] 8800,0.001691,0.074162,0.070176
[fold_4] 8825,0.006757,0.074147,0.070152
[fold_4] 8850,0.002818,0.074141,0.070159
[fold_4] 8875,0.017719,0.074121,0.070122
[fold_4] 8900,0.047659,0.074143,0.070155
[fold_4] 8925,0.015730,0.074145,0.070152
[fold_4] 8950,0.000309,0.074095,0.070105
[fold_4] 8975,0.003636,0.074125,0.070129
[fold_4] 9000,0.001455,0.074104,0.070096
[fold_4] 9025,0.000269,0.074096,0.070092
[fold_4] 9050,0.013722,0.074059,0.070078
[fold_4] 9075,0.002032,0.074067,0.070095
[fold_4] 9100,0.017915,0.074090,0.070111

[fold_3] 5000,0.012188,0.074780,0.077925
[fold_3] 5025,0.000323,0.074717,0.077852
[fold_3] 5050,0.005995,0.074704,0.077835
[fold_3] 5075,0.006292,0.074695,0.077806
[fold_3] 5100,0.014693,0.074679,0.077792
[fold_3] 5125,0.000310,0.074651,0.077773
[fold_3] 5150,0.000296,0.074673,0.077794
[fold_3] 5175,0.007198,0.074675,0.077807
[fold_3] 5200,0.002165,0.074639,0.077770
[fold_3] 5225,0.008756,0.074676,0.077812
[fold_3] 5250,0.000298,0.074638,0.077770
[fold_3] 5275,0.058698,0.074627,0.077732
[fold_3] 5300,0.000259,0.074595,0.077718
[fold_3] 5325,0.013028,0.074595,0.077722
[fold_3] 5350,0.027326,0.074604,0.077739
[fold_3] 5375,0.000261,0.074669,0.077815
[fold_3] 5400,0.001121,0.074579,0.077713
[fold_3] 5425,0.017252,0.074599,0.077724
[fold_3] 5450,0.000281,0.074596,0.077712
[fold_3] 5475,0.032249,0.074594,0.077733
[fold_3] 5500,0.001493,0.074663,0.077774
[fold_3] 5525,0.000631,0.074537,0.077651
[fold_3] 5550,0.032807,0.074508,0.077638
[fold_3] 5575,0.015732,0.074634,0.077750
[fold_3] 5600,0.000296,0.074532,0.077645
[fold_3] 5625,0.007084,0.074479,0.077605
[fold_3] 5650,0.002119,0.074480,0.077616
[fold_3] 5675,0.002374,0.074477,0.077616
[fold_3] 5700,0.040972,0.074490,0.077622
[fold_3] 5725,0.000261,0.074478,0.077614
[fold_3] 5750,0.013766,0.074463,0.077595
[fold_3] 5775,0.004686,0.074420,0.077549
[fold_3] 5800,0.001298,0.074448,0.077584
[fold_3] 5825,0.007051,0.074411,0.077534
[fold_3] 5850,0.036176,0.074438,0.077576
[fold_3] 5875,0.001778,0.074449,0.077589
[fold_3] 5900,0.020619,0.074405,0.077545
[fold_3] 5925,0.013803,0.074385,0.077529
[fold_3] 5950,0.003471,0.074402,0.077551
[fold_3] 5975,0.003475,0.074436,0.077593
[fold_3] 6000,0.006718,0.074450,0.077612
[fold_3] 6025,0.003998,0.074360,0.077507
[fold_3] 6050,0.007504,0.074425,0.077584
[fold_3] 6075,0.034512,0.074360,0.077498
[fold_3] 6100,0.005310,0.074383,0.077514
[fold_3] 6125,0.001810,0.074465,0.077611
[fold_3] 6150,0.000351,0.074400,0.077546
[fold_3] 6175,0.027977,0.074345,0.077476
[fold_3] 6200,0.000325,0.074290,0.077405
[fold_3] 6225,0.009471,0.074304,0.077414
[fold_3] 6250,0.001658,0.074244,0.077378
[fold_3] 6275,0.006548,0.074303,0.077451
[fold_3] 6300,0.003275,0.074282,0.077433
[fold_3] 6325,0.005213,0.074228,0.077365
[fold_3] 6350,0.010083,0.074249,0.077378
[fold_3] 6375,0.000261,0.074209,0.077350
[fold_3] 6400,0.022430,0.074221,0.077372
[fold_3] 6425,0.018974,0.074267,0.077425
[fold_3] 6450,0.000608,0.074206,0.077355
[fold_3] 6475,0.001440,0.074186,0.077330
[fold_3] 6500,0.001524,0.074175,0.077312
[fold_3] 6525,0.008670,0.074205,0.077324
[fold_3] 6550,0.003858,0.074164,0.077294
[fold_3] 6575,0.001512,0.074134,0.077262
[fold_3] 6600,0.018653,0.074124,0.077263
[fold_3] 6625,0.000389,0.074178,0.077306
[fold_3] 6650,0.000271,0.074125,0.077246
[fold_3] 6675,0.000321,0.074105,0.077228
[fold_3] 6700,0.001601,0.074101,0.077229
[fold_3] 6725,0.000323,0.074098,0.077235
[fold_3] 6750,0.055627,0.074118,0.077245
[fold_3] 6775,0.000402,0.074063,0.077208
[fold_3] 6800,0.000608,0.074124,0.077279
[fold_3] 6825,0.003495,0.074134,0.077299
[fold_3] 6850,0.001308,0.074120,0.077286
[fold_3] 6875,0.014342,0.074119,0.077283
[fold_3] 6900,0.016217,0.074106,0.077271
[fold_3] 6925,0.017648,0.074011,0.077152
[fold_3] 6950,0.053090,0.074085,0.077227
[fold_3] 6975,0.000290,0.074004,0.077143
[fold_3] 7000,0.006784,0.073971,0.077115
[fold_3] 7025,0.001403,0.073960,0.077090
[fold_3] 7050,0.006238,0.073967,0.077110
[fold_3] 7075,0.006093,0.073971,0.077119
[fold_3] 7100,0.004517,0.074004,0.077129
[fold_3] 7125,0.010476,0.073960,0.077090
[fold_3] 7150,0.000453,0.073971,0.077122
[fold_3] 7175,0.004930,0.073926,0.077077
[fold_3] 7200,0.001788,0.073906,0.077055
[fold_3] 7225,0.000280,0.073893,0.077037
[fold_3] 7250,0.006009,0.073883,0.077034
[fold_3] 7275,0.024271,0.073872,0.077021
[fold_3] 7300,0.004051,0.073866,0.076996
[fold_3] 7325,0.005434,0.073861,0.077014
[fold_3] 7350,0.013715,0.073911,0.077075
[fold_3] 7375,0.000415,0.073914,0.077064
[fold_3] 7400,0.005591,0.073971,0.077092
[fold_3] 7425,0.023947,0.073902,0.077037
[fold_3] 7450,0.001538,0.073831,0.076958
[fold_3] 7475,0.011015,0.073836,0.076962
[fold_3] 7500,0.002621,0.073937,0.077036
[fold_3] 7525,0.008502,0.073844,0.076971
[fold_3] 7550,0.000329,0.073777,0.076923
[fold_3] 7575,0.070339,0.073747,0.076893
[fold_3] 7600,0.031957,0.073771,0.076921
[fold_3] 7625,0.012141,0.073745,0.076882
[fold_3] 7650,0.000371,0.073826,0.076956
[fold_3] 7675,0.002872,0.073814,0.076959
[fold_3] 7700,0.033868,0.073716,0.076869
[fold_3] 7725,0.040169,0.073691,0.076837
[fold_3] 7750,0.006826,0.073707,0.076840
[fold_3] 7775,0.026462,0.073710,0.076843
[fold_3] 7800,0.001713,0.073721,0.076872
[fold_3] 7825,0.036442,0.073688,0.076830
[fold_3] 7850,0.000329,0.073764,0.076917
[fold_3] 7875,0.005362,0.073631,0.076777
[fold_3] 7900,0.013604,0.073642,0.076798
[fold_3] 7925,0.014856,0.073642,0.076794
[fold_3] 7950,0.000335,0.073607,0.076752
[fold_3] 7975,0.000337,0.073594,0.076744
[fold_3] 8000,0.003256,0.073589,0.076733
[fold_3] 8025,0.003427,0.073579,0.076720
[fold_3] 8050,0.070767,0.073557,0.076703
[fold_3] 8075,0.007306,0.073624,0.076787
[fold_3] 8100,0.000270,0.073560,0.076720
[fold_3] 8125,0.005180,0.073573,0.076734
[fold_3] 8150,0.000288,0.073549,0.076708
[fold_3] 8175,0.011763,0.073638,0.076801
[fold_3] 8200,0.012142,0.073527,0.076687
[fold_3] 8225,0.000239,0.073507,0.076665
[fold_3] 8250,0.006392,0.073553,0.076716
[fold_3] 8275,0.036159,0.073493,0.076656
[fold_3] 8300,0.013111,0.073503,0.076666
[fold_3] 8325,0.000309,0.073474,0.076639
[fold_3] 8350,0.005229,0.073478,0.076644
[fold_3] 8375,0.000567,0.073477,0.076641
[fold_3] 8400,0.000348,0.073513,0.076684
[fold_3] 8425,0.002017,0.073452,0.076610
[fold_3] 8450,0.072145,0.073431,0.076593
[fold_3] 8475,0.032309,0.073434,0.076601
[fold_3] 8500,0.001140,0.073537,0.076711
[fold_3] 8525,0.007200,0.073556,0.076741
[fold_3] 8550,0.000326,0.073496,0.076678
[fold_3] 8575,0.000356,0.073479,0.076659
[fold_3] 8600,0.011748,0.073456,0.076628
[fold_3] 8625,0.005964,0.073410,0.076576
[fold_3] 8650,0.010809,0.073389,0.076557
[fold_3] 8675,0.015179,0.073393,0.076548
[fold_3] 8700,0.007935,0.073435,0.076590
[fold_3] 8725,0.015830,0.073378,0.076531
[fold_3] 8750,0.003638,0.073316,0.076475
[fold_3] 8775,0.012542,0.073390,0.076560
[fold_3] 8800,0.001102,0.073332,0.076508
[fold_3] 8825,0.000521,0.073287,0.076447
[fold_3] 8850,0.000307,0.073294,0.076452
[fold_3] 8875,0.016054,0.073349,0.076518
[fold_3] 8900,0.006498,0.073282,0.076438
[fold_3] 8925,0.001351,0.073281,0.076420
[fold_3] 8950,0.002009,0.073261,0.076397
[fold_3] 8975,0.007485,0.073237,0.076383
[fold_3] 9000,0.006432,0.073306,0.076459

[fold_2] 5000,0.000705,0.079569,0.075975
[fold_2] 5025,0.003193,0.079576,0.075993
[fold_2] 5050,0.000444,0.079522,0.075926
[fold_2] 5075,0.001134,0.079522,0.075915
[fold_2] 5100,0.000998,0.079512,0.075901
[fold_2] 5125,0.018330,0.079526,0.075909
[fold_2] 5150,0.008355,0.079482,0.075888
[fold_2] 5175,0.001956,0.079561,0.075978
[fold_2] 5200,0.003429,0.079490,0.075882
[fold_2] 5225,0.029080,0.079470,0.075853
[fold_2] 5250,0.045417,0.079520,0.075943
[fold_2] 5275,0.004685,0.079447,0.075847
[fold_2] 5300,0.004032,0.079444,0.075832
[fold_2] 5325,0.001850,0.079452,0.075859
[fold_2] 5350,0.003588,0.079447,0.075845
[fold_2] 5375,0.003055,0.079462,0.075845
[fold_2] 5400,0.006608,0.079418,0.075807
[fold_2] 5425,0.014764,0.079396,0.075785
[fold_2] 5450,0.001843,0.079417,0.075812
[fold_2] 5475,0.006381,0.079414,0.075807
[fold_2] 5500,0.002125,0.079386,0.075779
[fold_2] 5525,0.041528,0.079410,0.075824
[fold_2] 5550,0.000403,0.079400,0.075819
[fold_2] 5575,0.001749,0.079374,0.075764
[fold_2] 5600,0.001533,0.079352,0.075752
[fold_2] 5625,0.010674,0.079370,0.075793
[fold_2] 5650,0.083764,0.079373,0.075784
[fold_2] 5675,0.000394,0.079337,0.075733
[fold_2] 5700,0.020363,0.079312,0.075692
[fold_2] 5725,0.004622,0.079305,0.075677
[fold_2] 5750,0.017361,0.079301,0.075686
[fold_2] 5775,0.011526,0.079289,0.075691
[fold_2] 5800,0.005338,0.079289,0.075673
[fold_2] 5825,0.044413,0.079322,0.075702
[fold_2] 5850,0.000786,0.079310,0.075723
[fold_2] 5875,0.000537,0.079296,0.075696
[fold_2] 5900,0.012252,0.079275,0.075660
[fold_2] 5925,0.001505,0.079262,0.075634
[fold_2] 5950,0.020585,0.079258,0.075629
[fold_2] 5975,0.010061,0.079274,0.075645
[fold_2] 6000,0.000438,0.079277,0.075632
[fold_2] 6025,0.007765,0.079267,0.075629
[fold_2] 6050,0.020971,0.079215,0.075585
[fold_2] 6075,0.006370,0.079228,0.075598
[fold_2] 6100,0.001810,0.079201,0.075566
[fold_2] 6125,0.000465,0.079221,0.075584
[fold_2] 6150,0.000314,0.079185,0.075565
[fold_2] 6175,0.010158,0.079205,0.075568
[fold_2] 6200,0.032577,0.079244,0.075599
[fold_2] 6225,0.002658,0.079185,0.075540
[fold_2] 6250,0.003877,0.079157,0.075518
[fold_2] 6275,0.003208,0.079175,0.075545
[fold_2] 6300,0.017030,0.079161,0.075547
[fold_2] 6325,0.000435,0.079175,0.075562
[fold_2] 6350,0.003793,0.079165,0.075548
[fold_2] 6375,0.000337,0.079158,0.075521
[fold_2] 6400,0.006070,0.079163,0.075541
[fold_2] 6425,0.016493,0.079132,0.075511
[fold_2] 6450,0.002816,0.079121,0.075468
[fold_2] 6475,0.021546,0.079133,0.075478
[fold_2] 6500,0.036795,0.079088,0.075451
[fold_2] 6525,0.002793,0.079120,0.075465
[fold_2] 6550,0.003913,0.079148,0.075485
[fold_2] 6575,0.007492,0.079143,0.075486
[fold_2] 6600,0.000503,0.079042,0.075416
[fold_2] 6625,0.022440,0.079056,0.075423
[fold_2] 6650,0.001588,0.079124,0.075523
[fold_2] 6675,0.002163,0.079048,0.075429
[fold_2] 6700,0.011104,0.079105,0.075467
[fold_2] 6725,0.000363,0.079046,0.075397
[fold_2] 6750,0.025500,0.079048,0.075402
[fold_2] 6775,0.002858,0.079053,0.075419
[fold_2] 6800,0.039734,0.079041,0.075421
[fold_2] 6825,0.003880,0.079025,0.075409
[fold_2] 6850,0.002323,0.079002,0.075381
[fold_2] 6875,0.000341,0.078975,0.075340
[fold_2] 6900,0.001546,0.078966,0.075323
[fold_2] 6925,0.005297,0.079044,0.075409
[fold_2] 6950,0.009073,0.078956,0.075316
[fold_2] 6975,0.047843,0.078970,0.075339
[fold_2] 7000,0.002667,0.078953,0.075314
[fold_2] 7025,0.020298,0.078934,0.075311
[fold_2] 7050,0.056608,0.078961,0.075334
[fold_2] 7075,0.000423,0.078941,0.075313
[fold_2] 7100,0.084708,0.078946,0.075324
[fold_2] 7125,0.001677,0.078903,0.075279
[fold_2] 7150,0.015660,0.078880,0.075239
[fold_2] 7175,0.016333,0.078896,0.075258
[fold_2] 7200,0.014664,0.078851,0.075228
[fold_2] 7225,0.016379,0.078870,0.075245
[fold_2] 7250,0.016500,0.078856,0.075234
[fold_2] 7275,0.013493,0.078837,0.075205
[fold_2] 7300,0.006434,0.078829,0.075198
[fold_2] 7325,0.011815,0.078835,0.075198
[fold_2] 7350,0.006514,0.078879,0.075235
[fold_2] 7375,0.000528,0.078802,0.075162
[fold_2] 7400,0.001997,0.078805,0.075171
[fold_2] 7425,0.006040,0.078791,0.075145
[fold_2] 7450,0.000337,0.078774,0.075135
[fold_2] 7475,0.031870,0.078800,0.075173
[fold_2] 7500,0.013890,0.078869,0.075231
[fold_2] 7525,0.010105,0.078784,0.075146
[fold_2] 7550,0.001740,0.078788,0.075149
[fold_2] 7575,0.001484,0.078748,0.075099
[fold_2] 7600,0.008813,0.078744,0.075092
[fold_2] 7625,0.036843,0.078779,0.075115
[fold_2] 7650,0.003043,0.078778,0.075112
[fold_2] 7675,0.002397,0.078766,0.075138
[fold_2] 7700,0.003295,0.078732,0.075099
[fold_2] 7725,0.004652,0.078694,0.075044
[fold_2] 7750,0.011732,0.078714,0.075048
[fold_2] 7775,0.017733,0.078749,0.075103
[fold_2] 7800,0.005092,0.078677,0.075019
[fold_2] 7825,0.014952,0.078695,0.075037
[fold_2] 7850,0.003380,0.078665,0.075011
[fold_2] 7875,0.003419,0.078664,0.075006
[fold_2] 7900,0.002350,0.078660,0.075008
[fold_2] 7925,0.005152,0.078636,0.074986
[fold_2] 7950,0.001359,0.078623,0.074973
[fold_2] 7975,0.006234,0.078704,0.075064
[fold_2] 8000,0.000769,0.078735,0.075087
[fold_2] 8025,0.009852,0.078667,0.075022
[fold_2] 8050,0.016794,0.078604,0.074962
[fold_2] 8075,0.001843,0.078591,0.074940
[fold_2] 8100,0.001994,0.078575,0.074918
[fold_2] 8125,0.007464,0.078594,0.074934
[fold_2] 8150,0.002812,0.078674,0.075026
[fold_2] 8175,0.006626,0.078704,0.075037
[fold_2] 8200,0.000318,0.078601,0.074932
[fold_2] 8225,0.000308,0.078597,0.074946
[fold_2] 8250,0.001453,0.078547,0.074878
[fold_2] 8275,0.002552,0.078533,0.074875
[fold_2] 8300,0.020567,0.078572,0.074922
[fold_2] 8325,0.044309,0.078504,0.074857
[fold_2] 8350,0.015174,0.078513,0.074859
[fold_2] 8375,0.116472,0.078537,0.074886
[fold_2] 8400,0.000363,0.078533,0.074869
[fold_2] 8425,0.014171,0.078498,0.074830
[fold_2] 8450,0.022989,0.078523,0.074854
[fold_2] 8475,0.010926,0.078460,0.074803
[fold_2] 8500,0.003381,0.078464,0.074827
[fold_2] 8525,0.014306,0.078459,0.074819
[fold_2] 8550,0.000694,0.078434,0.074789
[fold_2] 8575,0.017860,0.078439,0.074804
[fold_2] 8600,0.002584,0.078458,0.074839
[fold_2] 8625,0.002464,0.078413,0.074777
[fold_2] 8650,0.016089,0.078421,0.074766
[fold_2] 8675,0.000746,0.078418,0.074758
[fold_2] 8700,0.014651,0.078390,0.074737
[fold_2] 8725,0.022750,0.078394,0.074735
[fold_2] 8750,0.019485,0.078379,0.074726
[fold_2] 8775,0.032617,0.078438,0.074777
[fold_2] 8800,0.008192,0.078437,0.074792
[fold_2] 8825,0.000325,0.078361,0.074704
[fold_2] 8850,0.000332,0.078365,0.074721
[fold_2] 8875,0.001430,0.078361,0.074700
[fold_2] 8900,0.001788,0.078392,0.074737
[fold_2] 8925,0.015519,0.078316,0.074662
[fold_2] 8950,0.001265,0.078338,0.074671
[fold_2] 8975,0.000491,0.078367,0.074688

Cross-validation summary
Mean train RMSE norm      : 0.075849
Mean validation RMSE norm : 0.075818
Median best epoch         : 8925
Best-so-far checkpoint    : kept previous
Training-curve plot       : plots/cross_validation_curves.png
