[fold_3] 0,2.576533,1.212125,1.211288
[fold_3] 1,3.619361,1.194686,1.193844
[fold_3] 25,0.920479,1.017119,1.016335
[fold_3] 50,1.938977,1.005859,1.005121
[fold_3] 75,0.289698,0.997047,0.996324
[fold_3] 100,0.571935,1.032441,1.031312
[fold_3] 125,1.375220,1.119802,1.070575
[fold_3] 150,1.188581,0.937550,0.923775
[fold_3] 175,0.990253,0.900354,0.903647
[fold_3] 200,2.333912,0.919129,0.914442
[fold_3] 225,0.278610,0.970498,0.967665
[fold_1] 0,0.345408,1.212121,1.211145
[fold_1] 1,0.322045,1.196972,1.196034
[fold_1] 25,0.063231,1.034955,1.034568
[fold_1] 50,2.382148,1.005612,1.005459
[fold_1] 75,1.481846,0.992348,0.992647
[fold_1] 100,0.041500,0.940887,0.956145
[fold_1] 125,0.411870,0.884707,0.916500
[fold_1] 150,1.982582,0.996743,0.996089
[fold_1] 175,1.954831,0.893105,0.920175
[fold_1] 200,1.386897,1.049455,1.121914
[fold_1] 225,0.439099,0.838672,0.837511
[fold_1] 250,1.191090,0.931647,0.970133
[fold_2] 0,0.428779,1.212046,1.213395
[fold_2] 1,0.632527,1.195078,1.196427
[fold_2] 25,2.248092,1.019600,1.020807
[fold_2] 50,0.036348,1.006547,1.007727
[fold_2] 75,1.257471,1.003485,1.004651
[fold_2] 100,0.285971,0.961875,0.962577
[fold_2] 125,0.356783,1.009257,1.010430
[fold_2] 150,0.361610,1.002658,1.003840
[fold_2] 175,0.928995,0.999537,1.000661
[fold_2] 200,0.049642,0.987318,0.988337
[fold_2] 225,1.257927,0.955141,0.967447
[fold_4] 0,3.102202,1.212137,1.213534
[fold_4] 1,0.660720,1.195165,1.196561
[fold_4] 25,0.039721,1.017097,1.018519
[fold_4] 50,0.850202,1.004553,1.005949
[fold_4] 75,0.060234,0.999994,1.001334
[fold_4] 100,0.626292,0.948891,0.951070
[fold_4] 125,0.726571,0.951722,0.908775
[fold_4] 150,0.482481,0.924857,0.884710
[fold_4] 175,1.488404,0.889804,0.848396
[fold_4] 200,0.369545,1.139238,1.100518
[fold_5] 0,0.589309,1.212038,1.211105
[fold_5] 1,1.952741,1.195026,1.194064
[fold_5] 25,2.397108,1.016083,1.014511
[fold_5] 50,0.288512,1.006455,1.004689
[fold_5] 75,0.892683,0.987986,0.986538
[fold_5] 100,0.725794,0.926633,0.926300
[fold_5] 125,2.093105,0.937193,0.936112
[fold_5] 150,0.033454,0.911818,0.910973
[fold_5] 175,1.289504,0.992052,0.947323
[fold_5] 200,1.685232,0.960456,0.951031
[fold_5] 225,1.488018,0.903498,0.885022

Cross-validation summary
Mean train RMSE norm      : 0.898841
Mean validation RMSE norm : 0.887431
Median best epoch         : 175
Best-so-far checkpoint    : kept previous
Training-curve plot       : plots/cross_validation_curves.png
