[fold_2] 0,2.475452,1.302793,1.303475
[fold_2] 1,1.450629,1.294724,1.295408
[fold_2] 25,3.495986,1.174619,1.175364
[fold_2] 50,0.886956,1.073226,1.074110
[fold_2] 75,2.412695,1.026728,1.027682
[fold_3] 0,0.623624,1.302679,1.302221
[fold_3] 1,0.197774,1.296100,1.295638
[fold_3] 25,1.057195,1.169149,1.168559
[fold_3] 50,0.323855,1.079774,1.079121
[fold_3] 75,0.296813,1.020223,1.019619
[fold_5] 0,0.640482,1.302808,1.301239
[fold_5] 1,1.390977,1.294725,1.293149
[fold_5] 25,2.030456,1.164096,1.162462
[fold_5] 50,0.352406,1.073678,1.072114
[fold_5] 75,1.626456,1.018401,1.016786
[fold_1] 0,1.385057,1.302685,1.302267
[fold_1] 1,2.464386,1.294744,1.294331
[fold_1] 25,1.092039,1.164103,1.163977
[fold_1] 50,2.777301,1.077571,1.077280
[fold_1] 75,0.042540,1.019796,1.019606
[fold_4] 0,1.424275,1.302674,1.304438
[fold_4] 1,0.631165,1.295470,1.297230
[fold_4] 25,1.169993,1.171177,1.172787
[fold_4] 50,1.050913,1.080699,1.082267
[fold_4] 75,2.249080,1.022264,1.023695

Cross-validation summary
Mean train RMSE norm      : 1.021482
Mean validation RMSE norm : 1.021478
Median best epoch         : 75
Best-so-far checkpoint    : kept previous
Training-curve plot       : plots/cross_validation_curves.png
