[fold_3] 0,1.194004,1.125168,1.124438
[fold_3] 1,0.485331,1.104048,1.103314
[fold_3] 25,1.765385,0.962853,0.962161
[fold_3] 50,0.196709,0.781647,0.781331
[fold_3] 75,0.242283,0.395286,0.395972
[fold_3] 100,0.042641,0.222877,0.224630
[fold_3] 125,0.064065,0.176881,0.178619
[fold_3] 150,0.095355,0.148203,0.150187
[fold_3] 175,0.027591,0.139710,0.141509
[fold_3] 200,0.010030,0.112711,0.114947
[fold_3] 225,0.013960,0.103156,0.105556
[fold_3] 250,0.008915,0.094208,0.096957
[fold_3] 275,0.002464,0.090889,0.093707
[fold_3] 300,0.043916,0.086402,0.089330
[fold_3] 325,0.007982,0.091598,0.094129
[fold_3] 350,0.012666,0.085285,0.088241
[fold_3] 375,0.008493,0.081327,0.084354
[fold_3] 400,0.007650,0.080723,0.083780
[fold_3] 425,0.001722,0.082579,0.085617
[fold_3] 450,0.106546,0.078340,0.081452
[fold_3] 475,0.002045,0.078156,0.081221
[fold_3] 500,0.006899,0.078562,0.081649
[fold_3] 525,0.000377,0.075668,0.078718
[fold_3] 550,0.028567,0.073875,0.077056
[fold_3] 575,0.001625,0.072775,0.075956
[fold_3] 600,0.027421,0.075346,0.078535
[fold_3] 625,0.011413,0.073565,0.076761
[fold_3] 650,0.007357,0.070595,0.073810
[fold_3] 675,0.013588,0.068325,0.071639
[fold_3] 700,0.037907,0.069930,0.073124
[fold_3] 725,0.001669,0.067896,0.071270
[fold_3] 750,0.001939,0.067551,0.070955
[fold_3] 775,0.002950,0.063904,0.067451
[fold_3] 800,0.047656,0.069773,0.072878
[fold_3] 825,0.001638,0.068621,0.071766
[fold_3] 850,0.017128,0.062982,0.066584
[fold_3] 875,0.030220,0.067043,0.070404
[fold_3] 900,0.027934,0.065820,0.069225
[fold_3] 925,0.001893,0.061211,0.064813
[fold_3] 950,0.010524,0.060385,0.063986
[fold_3] 975,0.016585,0.060819,0.064439
[fold_3] 1000,0.006924,0.058458,0.062200
[fold_3] 1025,0.003098,0.058089,0.061862
[fold_3] 1050,0.000252,0.059041,0.062794
[fold_3] 1075,0.006638,0.063891,0.067292
[fold_3] 1100,0.009325,0.057770,0.061541
[fold_3] 1125,0.002324,0.057632,0.061453
[fold_3] 1150,0.006286,0.056305,0.060196
[fold_3] 1175,0.001180,0.055559,0.059528
[fold_3] 1200,0.000563,0.055669,0.059560
[fold_3] 1225,0.006163,0.054865,0.058847
[fold_3] 1250,0.012759,0.055689,0.059663
[fold_3] 1275,0.000173,0.058316,0.062035
[fold_3] 1300,0.006228,0.059911,0.063645
[fold_3] 1325,0.000743,0.054430,0.058431
[fold_3] 1350,0.003923,0.053826,0.057884
[fold_3] 1375,0.000175,0.054882,0.058877
[fold_3] 1400,0.000115,0.054814,0.058773
[fold_3] 1425,0.017881,0.053609,0.057731
[fold_3] 1450,0.000315,0.054175,0.058211
[fold_3] 1475,0.006180,0.053335,0.057433
[fold_3] 1500,0.027530,0.053862,0.057955
[fold_3] 1525,0.005626,0.053976,0.057994
[fold_3] 1550,0.000778,0.053475,0.057561
[fold_3] 1575,0.010769,0.052656,0.056802
[fold_3] 1600,0.001661,0.052568,0.056723
[fold_3] 1625,0.001512,0.053045,0.057193
[fold_3] 1650,0.018173,0.053753,0.057841
[fold_3] 1675,0.001164,0.053980,0.058046
[fold_3] 1700,0.000802,0.052389,0.056550
[fold_3] 1725,0.003717,0.052683,0.056840
[fold_3] 1750,0.000759,0.052292,0.056452
[fold_3] 1775,0.038198,0.052366,0.056523
[fold_3] 1800,0.004030,0.052805,0.056938
[fold_3] 1825,0.000217,0.052242,0.056412
[fold_3] 1850,0.000300,0.052344,0.056522
[fold_3] 1875,0.000612,0.052244,0.056428
[fold_3] 1900,0.001690,0.052220,0.056407
[fold_3] 1925,0.000227,0.052350,0.056520
[fold_3] 1950,0.000998,0.052228,0.056395
[fold_3] 1975,0.003037,0.052137,0.056332
[fold_3] 2000,0.002050,0.052137,0.056330
[fold_3] 2025,0.001012,0.052089,0.056289
[fold_3] 2050,0.002592,0.052015,0.056213
[fold_3] 2075,0.042917,0.052251,0.056428
[fold_3] 2100,0.000772,0.051991,0.056191
[fold_3] 2125,0.005851,0.052328,0.056495
[fold_3] 2150,0.008060,0.052581,0.056755
[fold_3] 2175,0.002967,0.051999,0.056197
[fold_3] 2200,0.001662,0.051955,0.056163
[fold_3] 2225,0.051118,0.052079,0.056281
[fold_3] 2250,0.007381,0.051959,0.056158
[fold_3] 2275,0.005088,0.051978,0.056184
[fold_3] 2300,0.022293,0.051890,0.056103
[fold_3] 2325,0.052372,0.051914,0.056126
[fold_3] 2350,0.001961,0.051932,0.056139
[fold_3] 2375,0.003087,0.051911,0.056117
[fold_3] 2400,0.000180,0.051874,0.056083
[fold_3] 2425,0.000563,0.051893,0.056101
[fold_3] 2450,0.019322,0.051858,0.056070
[fold_3] 2475,0.011984,0.051885,0.056090
[fold_3] 2500,0.005252,0.051915,0.056117
[fold_3] 2525,0.001022,0.051886,0.056093
[fold_3] 2550,0.125628,0.051872,0.056078
[fold_3] 2575,0.009581,0.051844,0.056057
[fold_3] 2600,0.000432,0.051880,0.056092
[fold_3] 2625,0.071515,0.051850,0.056060
[fold_3] 2650,0.000184,0.051862,0.056071
[fold_3] 2675,0.002097,0.051832,0.056047
[fold_3] 2700,0.000257,0.051836,0.056055
[fold_3] 2725,0.001454,0.051843,0.056052
[fold_3] 2750,0.000477,0.051857,0.056070
[fold_3] 2775,0.007171,0.051984,0.056195
[fold_3] 2800,0.000207,0.051820,0.056035
[fold_3] 2825,0.000699,0.051820,0.056037
[fold_3] 2850,0.008807,0.051837,0.056055
[fold_3] 2875,0.012227,0.051819,0.056034
[fold_3] 2900,0.014791,0.051836,0.056046
[fold_3] 2925,0.010843,0.051833,0.056044
[fold_3] 2950,0.000104,0.051844,0.056057
[fold_3] 2975,0.003369,0.051796,0.056015
[fold_3] 3000,0.005736,0.051795,0.056012
[fold_3] 3025,0.000283,0.051826,0.056037
[fold_3] 3050,0.001804,0.051790,0.056007
[fold_3] 3075,0.008340,0.051794,0.056014
[fold_3] 3100,0.026287,0.051790,0.056011
[fold_3] 3125,0.000108,0.051783,0.056005
[fold_3] 3150,0.000141,0.051777,0.055999
[fold_3] 3175,0.068422,0.052044,0.056245
[fold_3] 3200,0.003405,0.051788,0.056014
[fold_3] 3225,0.001200,0.051788,0.056016
[fold_3] 3250,0.005614,0.051831,0.056052
[fold_3] 3275,0.004528,0.051770,0.055998
[fold_3] 3300,0.005019,0.051767,0.055994
[fold_3] 3325,0.010870,0.051835,0.056056
[fold_3] 3350,0.007891,0.051745,0.055969
[fold_3] 3375,0.002598,0.051754,0.055977
[fold_3] 3400,0.014694,0.051744,0.055970
[fold_3] 3425,0.007224,0.051755,0.055982
[fold_3] 3450,0.000672,0.051791,0.056014
[fold_3] 3475,0.018377,0.051758,0.055983
[fold_3] 3500,0.003380,0.051729,0.055956
[fold_3] 3525,0.000162,0.051732,0.055958
[fold_3] 3550,0.004879,0.051720,0.055948
[fold_3] 3575,0.031581,0.051717,0.055946
[fold_3] 3600,0.012441,0.051727,0.055956
[fold_3] 3625,0.000193,0.051754,0.055983
[fold_3] 3650,0.028235,0.051726,0.055951
[fold_3] 3675,0.000481,0.051719,0.055947
[fold_3] 3700,0.024200,0.051702,0.055929
[fold_3] 3725,0.001325,0.051714,0.055939
[fold_3] 3750,0.016125,0.051712,0.055933
[fold_3] 3775,0.005594,0.051811,0.056037
[fold_3] 3800,0.001112,0.051690,0.055922
[fold_3] 3825,0.006098,0.051697,0.055928
[fold_3] 3850,0.010579,0.051699,0.055927
[fold_3] 3875,0.055934,0.051700,0.055924
[fold_3] 3900,0.030374,0.051686,0.055916
[fold_3] 3925,0.021521,0.051714,0.055944
[fold_3] 3950,0.000165,0.051688,0.055920
[fold_3] 3975,0.003778,0.051703,0.055934
[fold_3] 4000,0.006609,0.051675,0.055907
[fold_3] 4025,0.012090,0.051676,0.055907
[fold_3] 4050,0.001114,0.051776,0.055993
[fold_3] 4075,0.004737,0.051658,0.055886
[fold_3] 4100,0.004971,0.051681,0.055912
[fold_3] 4125,0.005711,0.051719,0.055942
[fold_3] 4150,0.000546,0.051657,0.055887
[fold_3] 4175,0.012128,0.051652,0.055880
[fold_3] 4200,0.002227,0.051648,0.055881
[fold_3] 4225,0.021645,0.051627,0.055862
[fold_3] 4250,0.000404,0.051630,0.055865
[fold_3] 4275,0.011786,0.051622,0.055858
[fold_3] 4300,0.007560,0.051622,0.055855
[fold_3] 4325,0.064788,0.051624,0.055861
[fold_3] 4350,0.000514,0.051614,0.055851
[fold_3] 4375,0.001334,0.051614,0.055849
[fold_3] 4400,0.001695,0.051606,0.055847
[fold_3] 4425,0.002474,0.051598,0.055838
[fold_3] 4450,0.001294,0.051618,0.055857
[fold_3] 4475,0.005044,0.051587,0.055826
[fold_3] 4500,0.000738,0.051600,0.055837
[fold_3] 4525,0.013410,0.051604,0.055838
[fold_3] 4550,0.005837,0.051605,0.055840
[fold_3] 4575,0.002645,0.051630,0.055871
[fold_3] 4600,0.001933,0.051703,0.055940
[fold_3] 4625,0.001157,0.051623,0.055855
[fold_3] 4650,0.000657,0.051562,0.055801
[fold_3] 4675,0.001099,0.051560,0.055798
[fold_3] 4700,0.004044,0.051554,0.055800
[fold_3] 4725,0.000195,0.051587,0.055834
[fold_3] 4750,0.000250,0.051550,0.055793
[fold_3] 4775,0.000603,0.051554,0.055802
[fold_3] 4800,0.010671,0.051559,0.055805
[fold_3] 4825,0.002862,0.051603,0.055852
[fold_3] 4850,0.001379,0.051529,0.055778
[fold_3] 4875,0.006200,0.051574,0.055824
[fold_3] 4900,0.003477,0.051623,0.055868
[fold_3] 4925,0.000668,0.051523,0.055769
[fold_3] 4950,0.002685,0.051571,0.055803
[fold_3] 4975,0.006902,0.051630,0.055871[fold_4] 0,1.111495,1.125216,1.126463
[fold_4] 1,2.611221,1.103924,1.105217
[fold_4] 25,0.268614,0.953102,0.954647
[fold_4] 50,0.908297,0.739423,0.740044
[fold_4] 75,0.179486,0.330264,0.330066
[fold_4] 100,0.138105,0.223483,0.223631
[fold_4] 125,0.011513,0.182972,0.182814
[fold_4] 150,0.014712,0.172130,0.171589
[fold_4] 175,0.023550,0.141034,0.140009
[fold_4] 200,0.013170,0.127172,0.125706
[fold_4] 225,0.033626,0.109760,0.107513
[fold_4] 250,0.025016,0.098890,0.096003
[fold_4] 275,0.018525,0.097508,0.094607
[fold_4] 300,0.035089,0.091417,0.088143
[fold_4] 325,0.027874,0.091613,0.088338
[fold_4] 350,0.002025,0.087152,0.083639
[fold_4] 375,0.004252,0.086498,0.082882
[fold_4] 400,0.001870,0.083609,0.079829
[fold_4] 425,0.011095,0.082357,0.078562
[fold_4] 450,0.006799,0.082789,0.078940
[fold_4] 475,0.015815,0.080683,0.076902
[fold_4] 500,0.000308,0.079802,0.075971
[fold_4] 525,0.009297,0.078140,0.074201
[fold_4] 550,0.004090,0.079694,0.075741
[fold_4] 575,0.003779,0.077334,0.073509
[fold_4] 600,0.013172,0.076211,0.072292
[fold_4] 625,0.002781,0.076000,0.072030
[fold_4] 650,0.041253,0.074822,0.070725
[fold_4] 675,0.005168,0.079925,0.076052
[fold_4] 700,0.000826,0.072897,0.068852
[fold_4] 725,0.000220,0.073223,0.069140
[fold_4] 750,0.001614,0.071497,0.067311
[fold_4] 775,0.000725,0.071469,0.067492
[fold_4] 800,0.012226,0.069090,0.064947
[fold_4] 825,0.001167,0.068907,0.064724
[fold_4] 850,0.002636,0.068056,0.063939
[fold_4] 875,0.007464,0.066578,0.062339
[fold_4] 900,0.001688,0.067182,0.063029
[fold_4] 925,0.003056,0.067015,0.062908
[fold_4] 950,0.007093,0.065921,0.061760
[fold_4] 975,0.001811,0.064720,0.060459
[fold_4] 1000,0.001270,0.067302,0.063312
[fold_4] 1025,0.008790,0.062828,0.058440
[fold_4] 1050,0.006766,0.062526,0.058154
[fold_4] 1075,0.000294,0.061232,0.056830
[fold_4] 1100,0.000577,0.061202,0.056818
[fold_4] 1125,0.021620,0.073094,0.069604
[fold_4] 1150,0.018215,0.063124,0.058819
[fold_4] 1175,0.004710,0.060688,0.056325
[fold_4] 1200,0.000737,0.059667,0.055088
[fold_4] 1225,0.012363,0.058939,0.054388
[fold_4] 1250,0.001491,0.064575,0.060335
[fold_4] 1275,0.006712,0.062326,0.058110
[fold_4] 1300,0.001664,0.057053,0.052371
[fold_4] 1325,0.015766,0.060288,0.055873
[fold_4] 1350,0.018968,0.059959,0.055595
[fold_4] 1375,0.006948,0.057977,0.053440
[fold_4] 1400,0.001594,0.056996,0.052316
[fold_4] 1425,0.000107,0.056955,0.052287
[fold_4] 1450,0.005561,0.056391,0.051705
[fold_4] 1475,0.002411,0.059682,0.055198
[fold_4] 1500,0.001854,0.060149,0.055821
[fold_4] 1525,0.000762,0.056527,0.051828
[fold_4] 1550,0.000143,0.057150,0.052494
[fold_4] 1575,0.002657,0.055833,0.051042
[fold_4] 1600,0.005081,0.056326,0.051556
[fold_4] 1625,0.000295,0.055636,0.050828
[fold_4] 1650,0.000139,0.055566,0.050769
[fold_4] 1675,0.009161,0.058001,0.053473
[fold_4] 1700,0.013755,0.055477,0.050672
[fold_4] 1725,0.032194,0.057353,0.052654
[fold_4] 1750,0.000218,0.055842,0.051050
[fold_4] 1775,0.014738,0.055313,0.050482
[fold_4] 1800,0.002337,0.055732,0.050965
[fold_4] 1825,0.014417,0.055737,0.050992
[fold_4] 1850,0.001699,0.055369,0.050527
[fold_4] 1875,0.009383,0.055426,0.050582
[fold_4] 1900,0.016575,0.055147,0.050276
[fold_4] 1925,0.000228,0.054947,0.050059
[fold_4] 1950,0.009545,0.054749,0.049862
[fold_4] 1975,0.027472,0.054759,0.049880
[fold_4] 2000,0.001064,0.054809,0.049918
[fold_4] 2025,0.002360,0.054717,0.049821
[fold_4] 2050,0.000830,0.054980,0.050114
[fold_4] 2075,0.000421,0.055099,0.050225
[fold_4] 2100,0.001276,0.055804,0.050976
[fold_4] 2125,0.028574,0.054872,0.050017
[fold_4] 2150,0.000180,0.054782,0.049869
[fold_4] 2175,0.000866,0.054536,0.049622
[fold_4] 2200,0.014564,0.054620,0.049731
[fold_4] 2225,0.002021,0.054530,0.049621
[fold_4] 2250,0.003104,0.054724,0.049826
[fold_4] 2275,0.002381,0.054837,0.049926
[fold_4] 2300,0.003224,0.054473,0.049559
[fold_4] 2325,0.006917,0.054490,0.049580
[fold_4] 2350,0.002035,0.054538,0.049645
[fold_4] 2375,0.005504,0.054457,0.049544
[fold_4] 2400,0.008388,0.054451,0.049533
[fold_4] 2425,0.000162,0.054437,0.049516
[fold_4] 2450,0.009272,0.054411,0.049483
[fold_4] 2475,0.000490,0.054427,0.049498
[fold_4] 2500,0.025486,0.054411,0.049488
[fold_4] 2525,0.028395,0.054437,0.049507
[fold_4] 2550,0.051718,0.054409,0.049483
[fold_4] 2575,0.000630,0.054397,0.049468
[fold_4] 2600,0.003360,0.054411,0.049489
[fold_4] 2625,0.003977,0.054373,0.049437
[fold_4] 2650,0.004169,0.054401,0.049478
[fold_4] 2675,0.041880,0.054358,0.049419
[fold_4] 2700,0.002515,0.054355,0.049420
[fold_4] 2725,0.004835,0.054409,0.049469
[fold_4] 2750,0.006630,0.054404,0.049485
[fold_4] 2775,0.005420,0.054352,0.049421
[fold_4] 2800,0.002431,0.054325,0.049388
[fold_4] 2825,0.033783,0.054328,0.049394
[fold_4] 2850,0.012558,0.054328,0.049386
[fold_4] 2875,0.000120,0.054330,0.049399
[fold_4] 2900,0.005476,0.054329,0.049390
[fold_4] 2925,0.008128,0.054335,0.049401
[fold_4] 2950,0.000269,0.054321,0.049387
[fold_4] 2975,0.007536,0.054310,0.049370
[fold_4] 3000,0.004689,0.054317,0.049380
[fold_4] 3025,0.007265,0.054309,0.049363
[fold_4] 3050,0.009304,0.054321,0.049383
[fold_4] 3075,0.002633,0.054305,0.049364
[fold_4] 3100,0.006774,0.054297,0.049359
[fold_4] 3125,0.003160,0.054293,0.049353
[fold_4] 3150,0.014753,0.054282,0.049340
[fold_4] 3175,0.008585,0.054283,0.049338
[fold_4] 3200,0.002282,0.054280,0.049337
[fold_4] 3225,0.012635,0.054281,0.049337
[fold_4] 3250,0.007915,0.054299,0.049352
[fold_4] 3275,0.002406,0.054289,0.049344
[fold_4] 3300,0.010747,0.054262,0.049313
[fold_4] 3325,0.003127,0.054269,0.049317
[fold_4] 3350,0.025574,0.054291,0.049341
[fold_4] 3375,0.006257,0.054277,0.049340
[fold_4] 3400,0.026916,0.054349,0.049429
[fold_4] 3425,0.000400,0.054256,0.049316
[fold_4] 3450,0.127919,0.054246,0.049303
[fold_4] 3475,0.031540,0.054236,0.049288
[fold_4] 3500,0.007354,0.054268,0.049324
[fold_4] 3525,0.000316,0.054251,0.049302
[fold_4] 3550,0.006700,0.054284,0.049345
[fold_4] 3575,0.000155,0.054233,0.049280
[fold_4] 3600,0.001408,0.054355,0.049399
[fold_4] 3625,0.003894,0.054371,0.049414
[fold_4] 3650,0.006817,0.054214,0.049263
[fold_4] 3675,0.000266,0.054227,0.049271
[fold_4] 3700,0.000121,0.054241,0.049297
[fold_4] 3725,0.002046,0.054309,0.049382
[fold_4] 3750,0.001330,0.054217,0.049271
[fold_4] 3775,0.009741,0.054215,0.049264
[fold_4] 3800,0.000482,0.054197,0.049242
[fold_4] 3825,0.000203,0.054202,0.049252
[fold_4] 3850,0.001036,0.054294,0.049361
[fold_4] 3875,0.001359,0.054189,0.049233
[fold_4] 3900,0.081935,0.054195,0.049242
[fold_4] 3925,0.011382,0.054239,0.049302
[fold_4] 3950,0.000167,0.054185,0.049235
[fold_4] 3975,0.009809,0.054179,0.049227
[fold_4] 4000,0.009187,0.054191,0.049231
[fold_4] 4025,0.002235,0.054230,0.049273
[fold_4] 4050,0.008818,0.054176,0.049226
[fold_4] 4075,0.000746,0.054178,0.049225
[fold_4] 4100,0.002746,0.054167,0.049205
[fold_4] 4125,0.006520,0.054157,0.049198
[fold_4] 4150,0.000179,0.054153,0.049193
[fold_4] 4175,0.002398,0.054173,0.049224
[fold_4] 4200,0.000137,0.054144,0.049185
[fold_4] 4225,0.009488,0.054158,0.049200
[fold_4] 4250,0.000162,0.054166,0.049199
[fold_4] 4275,0.003300,0.054130,0.049171
[fold_4] 4300,0.000660,0.054125,0.049162
[fold_4] 4325,0.002646,0.054121,0.049156
[fold_4] 4350,0.004882,0.054121,0.049154
[fold_4] 4375,0.000981,0.054109,0.049143
[fold_4] 4400,0.002124,0.054112,0.049144
[fold_4] 4425,0.022251,0.054121,0.049163
[fold_4] 4450,0.000130,0.054111,0.049140
[fold_4] 4475,0.018104,0.054092,0.049128
[fold_4] 4500,0.004431,0.054112,0.049147
[fold_4] 4525,0.002922,0.054111,0.049140
[fold_4] 4550,0.004220,0.054116,0.049160
[fold_4] 4575,0.000560,0.054208,0.049266
[fold_4] 4600,0.004269,0.054109,0.049148
[fold_4] 4625,0.001030,0.054079,0.049115
[fold_4] 4650,0.006909,0.054082,0.049108
[fold_4] 4675,0.002160,0.054109,0.049149
[fold_4] 4700,0.004969,0.054098,0.049124
[fold_4] 4725,0.003690,0.054088,0.049111
[fold_4] 4750,0.003495,0.054051,0.049081
[fold_4] 4775,0.009653,0.054040,0.049064
[fold_4] 4800,0.003437,0.054080,0.049116
[fold_4] 4825,0.001033,0.054076,0.049114
[fold_4] 4850,0.005240,0.054100,0.049120
[fold_4] 4875,0.018279,0.054026,0.049056
[fold_4] 4900,0.000581,0.054017,0.049045
[fold_4] 4925,0.002397,0.054052,0.049080
[fold_4] 4950,0.001272,0.054058,0.049088
[fold_4] 4975,0.000536,0.054031,0.049067[fold_1] 0,1.640884,1.125142,1.125448
[fold_1] 1,0.441903,1.104042,1.104256
[fold_1] 25,1.375724,0.962743,0.962318
[fold_1] 50,1.412619,0.780257,0.780196
[fold_1] 75,0.135243,0.367556,0.365475
[fold_1] 100,0.006912,0.218135,0.215326
[fold_1] 125,0.016475,0.181548,0.178784
[fold_1] 150,0.018109,0.150009,0.147598
[fold_1] 175,0.027194,0.135697,0.133646
[fold_1] 200,0.008967,0.117755,0.115731
[fold_1] 225,0.001202,0.111571,0.109785
[fold_1] 250,0.035792,0.101948,0.100268
[fold_1] 275,0.000211,0.099924,0.098303
[fold_1] 300,0.009832,0.092417,0.090828
[fold_1] 325,0.002933,0.094016,0.092569
[fold_1] 350,0.030106,0.087924,0.086406
[fold_1] 375,0.004411,0.085904,0.084344
[fold_1] 400,0.010011,0.084143,0.082474
[fold_1] 425,0.022982,0.086073,0.084477
[fold_1] 450,0.012081,0.082347,0.080725
[fold_1] 475,0.000595,0.079418,0.077771
[fold_1] 500,0.001630,0.079848,0.078141
[fold_1] 525,0.022237,0.078564,0.076898
[fold_1] 550,0.000271,0.077654,0.075952
[fold_1] 575,0.001038,0.079032,0.077339
[fold_1] 600,0.026958,0.076027,0.074346
[fold_1] 625,0.001317,0.077035,0.075202
[fold_1] 650,0.015961,0.072786,0.071041
[fold_1] 675,0.012550,0.071163,0.069286
[fold_1] 700,0.005146,0.071190,0.069229
[fold_1] 725,0.080729,0.078322,0.076486
[fold_1] 750,0.002990,0.070471,0.068496
[fold_1] 775,0.004160,0.067647,0.065655
[fold_1] 800,0.000327,0.066790,0.064734
[fold_1] 825,0.013402,0.068274,0.066356
[fold_1] 850,0.000269,0.067882,0.066040
[fold_1] 875,0.016616,0.067849,0.065797
[fold_1] 900,0.058852,0.064187,0.062105
[fold_1] 925,0.002755,0.064876,0.062805
[fold_1] 950,0.000345,0.062879,0.060779
[fold_1] 975,0.000772,0.065645,0.063657
[fold_1] 1000,0.004809,0.063365,0.061195
[fold_1] 1025,0.001780,0.062499,0.060361
[fold_1] 1050,0.047641,0.062179,0.059981
[fold_1] 1075,0.002722,0.061240,0.059005
[fold_1] 1100,0.001367,0.064059,0.062049
[fold_1] 1125,0.000543,0.062353,0.060246
[fold_1] 1150,0.005037,0.064005,0.061898
[fold_1] 1175,0.001022,0.060676,0.058430
[fold_1] 1200,0.000399,0.060164,0.057890
[fold_1] 1225,0.006324,0.059938,0.057649
[fold_1] 1250,0.002190,0.059804,0.057538
[fold_1] 1275,0.009900,0.059603,0.057310
[fold_1] 1300,0.007684,0.059700,0.057365
[fold_1] 1325,0.001255,0.060060,0.057750
[fold_1] 1350,0.004228,0.059509,0.057192
[fold_1] 1375,0.000264,0.059925,0.057618
[fold_1] 1400,0.002069,0.059532,0.057263
[fold_1] 1425,0.005518,0.060284,0.058005
[fold_1] 1450,0.009407,0.058755,0.056424
[fold_1] 1475,0.005396,0.058675,0.056368
[fold_1] 1500,0.000286,0.058671,0.056381
[fold_1] 1525,0.000341,0.058542,0.056261
[fold_1] 1550,0.001770,0.058672,0.056378
[fold_1] 1575,0.003421,0.058408,0.056110
[fold_1] 1600,0.042270,0.058495,0.056166
[fold_1] 1625,0.064824,0.058752,0.056479
[fold_1] 1650,0.000355,0.058205,0.055885
[fold_1] 1675,0.012293,0.058276,0.055955
[fold_1] 1700,0.001797,0.058164,0.055831
[fold_1] 1725,0.010882,0.058167,0.055871
[fold_1] 1750,0.030001,0.058740,0.056435
[fold_1] 1775,0.002388,0.058216,0.055908
[fold_1] 1800,0.000974,0.057992,0.055639
[fold_1] 1825,0.000701,0.058047,0.055752
[fold_1] 1850,0.000246,0.057853,0.055505
[fold_1] 1875,0.000173,0.057687,0.055360
[fold_1] 1900,0.002861,0.057612,0.055277
[fold_1] 1925,0.009263,0.057653,0.055312
[fold_1] 1950,0.006641,0.057781,0.055458
[fold_1] 1975,0.000884,0.057623,0.055281
[fold_1] 2000,0.005083,0.057545,0.055210
[fold_1] 2025,0.000232,0.057480,0.055115
[fold_1] 2050,0.006645,0.057448,0.055100
[fold_1] 2075,0.007710,0.057516,0.055170
[fold_1] 2100,0.001763,0.057460,0.055094
[fold_1] 2125,0.000250,0.057554,0.055207
[fold_1] 2150,0.004466,0.057432,0.055070
[fold_1] 2175,0.000363,0.057437,0.055093
[fold_1] 2200,0.041023,0.057435,0.055094
[fold_1] 2225,0.022488,0.057380,0.055032
[fold_1] 2250,0.001839,0.057409,0.055047
[fold_1] 2275,0.000292,0.057363,0.055007
[fold_1] 2300,0.005088,0.057362,0.055014
[fold_1] 2325,0.021226,0.057382,0.055034
[fold_1] 2350,0.002282,0.057447,0.055087
[fold_1] 2375,0.001397,0.057329,0.054970
[fold_1] 2400,0.000748,0.057313,0.054954
[fold_1] 2425,0.003375,0.057307,0.054938
[fold_1] 2450,0.000444,0.057299,0.054929
[fold_1] 2475,0.002822,0.057297,0.054929
[fold_1] 2500,0.006471,0.057286,0.054918
[fold_1] 2525,0.004130,0.057392,0.055029
[fold_1] 2550,0.011144,0.057303,0.054942
[fold_1] 2575,0.000336,0.057270,0.054915
[fold_1] 2600,0.010003,0.057290,0.054944
[fold_1] 2625,0.017963,0.057358,0.055018
[fold_1] 2650,0.010870,0.057360,0.055012
[fold_1] 2675,0.000210,0.057284,0.054927
[fold_1] 2700,0.001284,0.057308,0.054950
[fold_1] 2725,0.000871,0.057286,0.054913
[fold_1] 2750,0.009639,0.057251,0.054882
[fold_1] 2775,0.003051,0.057311,0.054939
[fold_1] 2800,0.010819,0.057318,0.054946
[fold_1] 2825,0.029474,0.057292,0.054937
[fold_1] 2850,0.003622,0.057240,0.054892
[fold_1] 2875,0.004858,0.057223,0.054874
[fold_1] 2900,0.002358,0.057241,0.054888
[fold_1] 2925,0.000819,0.057185,0.054825
[fold_1] 2950,0.001930,0.057175,0.054809
[fold_1] 2975,0.050768,0.057201,0.054831
[fold_1] 3000,0.010993,0.057220,0.054844
[fold_1] 3025,0.000910,0.057237,0.054874
[fold_1] 3050,0.000217,0.057181,0.054811
[fold_1] 3075,0.002117,0.057147,0.054778
[fold_1] 3100,0.000256,0.057148,0.054784
[fold_1] 3125,0.000735,0.057146,0.054778
[fold_1] 3150,0.001777,0.057211,0.054827
[fold_1] 3175,0.001925,0.057144,0.054773
[fold_1] 3200,0.000659,0.057139,0.054770
[fold_1] 3225,0.000618,0.057145,0.054764
[fold_1] 3250,0.007194,0.057156,0.054775
[fold_1] 3275,0.000345,0.057129,0.054756
[fold_1] 3300,0.006240,0.057115,0.054742
[fold_1] 3325,0.001830,0.057106,0.054739
[fold_1] 3350,0.032536,0.057091,0.054718
[fold_1] 3375,0.013676,0.057080,0.054713
[fold_1] 3400,0.001390,0.057086,0.054721
[fold_1] 3425,0.013499,0.057093,0.054724
[fold_1] 3450,0.003277,0.057063,0.054689
[fold_1] 3475,0.003682,0.057066,0.054694
[fold_1] 3500,0.008036,0.057078,0.054704
[fold_1] 3525,0.000792,0.057051,0.054677
[fold_1] 3550,0.006846,0.057084,0.054718
[fold_1] 3575,0.005652,0.057036,0.054668
[fold_1] 3600,0.062343,0.057028,0.054659
[fold_1] 3625,0.015229,0.057077,0.054719
[fold_1] 3650,0.016349,0.057031,0.054661
[fold_1] 3675,0.000617,0.057117,0.054740
[fold_1] 3700,0.032799,0.057034,0.054666
[fold_1] 3725,0.003652,0.056976,0.054597
[fold_1] 3750,0.007360,0.056976,0.054599
[fold_1] 3775,0.002258,0.056980,0.054614
[fold_1] 3800,0.004444,0.056972,0.054602
[fold_1] 3825,0.006218,0.057049,0.054694
[fold_1] 3850,0.002763,0.056993,0.054626
[fold_1] 3875,0.001049,0.056936,0.054559
[fold_1] 3900,0.000639,0.056951,0.054582
[fold_1] 3925,0.001401,0.056940,0.054567
[fold_1] 3950,0.001542,0.056936,0.054565
[fold_1] 3975,0.000264,0.057006,0.054625
[fold_1] 4000,0.016575,0.056926,0.054555
[fold_1] 4025,0.001844,0.056914,0.054538
[fold_1] 4050,0.009014,0.056988,0.054616
[fold_1] 4075,0.001344,0.056971,0.054598
[fold_1] 4100,0.013614,0.057032,0.054653
[fold_1] 4125,0.004571,0.056948,0.054558
[fold_1] 4150,0.031218,0.056950,0.054570
[fold_1] 4175,0.044448,0.056861,0.054483
[fold_1] 4200,0.001431,0.056869,0.054501
[fold_1] 4225,0.005036,0.056854,0.054476
[fold_1] 4250,0.001420,0.056838,0.054460
[fold_1] 4275,0.000388,0.056851,0.054470
[fold_1] 4300,0.018801,0.056828,0.054450
[fold_1] 4325,0.000293,0.056842,0.054469
[fold_1] 4350,0.000152,0.056818,0.054441
[fold_1] 4375,0.004585,0.056807,0.054423
[fold_1] 4400,0.001220,0.056806,0.054423
[fold_1] 4425,0.014479,0.056822,0.054444
[fold_1] 4450,0.008601,0.056800,0.054428
[fold_1] 4475,0.001297,0.056798,0.054417
[fold_1] 4500,0.005590,0.056801,0.054427
[fold_1] 4525,0.000299,0.056853,0.054493
[fold_1] 4550,0.003654,0.056787,0.054417
[fold_1] 4575,0.026454,0.056768,0.054394
[fold_1] 4600,0.028777,0.056750,0.054374
[fold_1] 4625,0.000247,0.056829,0.054456
[fold_1] 4650,0.000715,0.056774,0.054407
[fold_1] 4675,0.000241,0.056765,0.054396
[fold_1] 4700,0.026646,0.056724,0.054346
[fold_1] 4725,0.000172,0.056717,0.054339
[fold_1] 4750,0.004739,0.056713,0.054334
[fold_1] 4775,0.012158,0.056698,0.054317
[fold_1] 4800,0.001750,0.056704,0.054327
[fold_1] 4825,0.003340,0.056693,0.054317
[fold_1] 4850,0.019499,0.056686,0.054311
[fold_1] 4875,0.021782,0.056679,0.054302
[fold_1] 4900,0.005197,0.056684,0.054312
[fold_1] 4925,0.000666,0.056674,0.054294
[fold_1] 4950,0.013226,0.056645,0.054259
[fold_1] 4975,0.000245,0.056657,0.054278[fold_2] 0,2.718112,1.125203,1.126085
[fold_2] 1,0.125201,1.104581,1.105490
[fold_2] 25,0.725504,0.961646,0.962629
[fold_2] 50,0.905914,0.668806,0.669225
[fold_2] 75,0.012057,0.293836,0.292933
[fold_2] 100,0.046884,0.211364,0.208817
[fold_2] 125,0.045099,0.172940,0.170275
[fold_2] 150,0.010999,0.161271,0.158337
[fold_2] 175,0.000776,0.149334,0.146282
[fold_2] 200,0.004636,0.122637,0.119579
[fold_2] 225,0.002310,0.107638,0.104335
[fold_2] 250,0.013561,0.095730,0.092441
[fold_2] 275,0.040002,0.090233,0.086860
[fold_2] 300,0.002455,0.088078,0.084636
[fold_2] 325,0.018166,0.087749,0.084639
[fold_2] 350,0.023715,0.081251,0.077774
[fold_2] 375,0.046237,0.079778,0.076277
[fold_2] 400,0.002490,0.078984,0.075592
[fold_2] 425,0.006257,0.076015,0.072360
[fold_2] 450,0.001359,0.076246,0.072483
[fold_2] 475,0.017701,0.076111,0.072740
[fold_2] 500,0.014518,0.075968,0.072180
[fold_2] 525,0.001284,0.072489,0.068654
[fold_2] 550,0.005044,0.069668,0.065755
[fold_2] 575,0.011023,0.070241,0.066346
[fold_2] 600,0.002355,0.071878,0.067991
[fold_2] 625,0.013810,0.069018,0.064929
[fold_2] 650,0.017270,0.067348,0.063093
[fold_2] 675,0.004279,0.066991,0.062969
[fold_2] 700,0.000202,0.065692,0.061494
[fold_2] 725,0.014577,0.064954,0.060631
[fold_2] 750,0.002105,0.064963,0.060523
[fold_2] 775,0.004474,0.065422,0.061201
[fold_2] 800,0.002019,0.064064,0.059890
[fold_2] 825,0.000551,0.062376,0.058044
[fold_2] 850,0.004473,0.061131,0.056510
[fold_2] 875,0.000508,0.059505,0.054771
[fold_2] 900,0.031300,0.059003,0.054302
[fold_2] 925,0.006237,0.058918,0.054139
[fold_2] 950,0.013773,0.058329,0.053571
[fold_2] 975,0.003044,0.058797,0.053974
[fold_2] 1000,0.005488,0.059571,0.054938
[fold_2] 1025,0.001030,0.058256,0.053460
[fold_2] 1050,0.000319,0.058796,0.054204
[fold_2] 1075,0.000952,0.059201,0.054569
[fold_2] 1100,0.000543,0.056268,0.051259
[fold_2] 1125,0.000209,0.060532,0.055811
[fold_2] 1150,0.000334,0.059851,0.055247
[fold_2] 1175,0.008841,0.055032,0.049991
[fold_2] 1200,0.000261,0.056770,0.051882
[fold_2] 1225,0.001547,0.061720,0.057377
[fold_2] 1250,0.002740,0.056287,0.051368
[fold_2] 1275,0.000694,0.055123,0.050026
[fold_2] 1300,0.005792,0.054866,0.049789
[fold_2] 1325,0.000750,0.054289,0.049155
[fold_2] 1350,0.006719,0.054688,0.049605
[fold_2] 1375,0.035596,0.054396,0.049263
[fold_2] 1400,0.015010,0.054345,0.049216
[fold_2] 1425,0.001039,0.053576,0.048366
[fold_2] 1450,0.007668,0.053932,0.048744
[fold_2] 1475,0.004534,0.053862,0.048689
[fold_2] 1500,0.005884,0.055455,0.050459
[fold_2] 1525,0.003923,0.055022,0.050009
[fold_2] 1550,0.000362,0.053516,0.048297
[fold_2] 1575,0.041907,0.053359,0.048123
[fold_2] 1600,0.141663,0.053658,0.048498
[fold_2] 1625,0.001550,0.053525,0.048321
[fold_2] 1650,0.002818,0.053305,0.048083
[fold_2] 1675,0.010948,0.053281,0.048037
[fold_2] 1700,0.002978,0.053483,0.048275
[fold_2] 1725,0.001501,0.054120,0.048972
[fold_2] 1750,0.000171,0.053393,0.048192
[fold_2] 1775,0.004555,0.053364,0.048141
[fold_2] 1800,0.001480,0.053385,0.048140
[fold_2] 1825,0.002353,0.053234,0.048000
[fold_2] 1850,0.000377,0.053287,0.048047
[fold_2] 1875,0.006988,0.053245,0.048019
[fold_2] 1900,0.032046,0.053229,0.047992
[fold_2] 1925,0.005088,0.053205,0.047960
[fold_2] 1950,0.001231,0.053151,0.047901
[fold_2] 1975,0.000177,0.053304,0.048080
[fold_2] 2000,0.010598,0.053212,0.047962
[fold_2] 2025,0.001484,0.053106,0.047842
[fold_2] 2050,0.001246,0.053326,0.048125
[fold_2] 2075,0.040424,0.053178,0.047946
[fold_2] 2100,0.006836,0.053087,0.047832
[fold_2] 2125,0.000772,0.053099,0.047850
[fold_2] 2150,0.005385,0.053052,0.047814
[fold_2] 2175,0.002510,0.053170,0.047913
[fold_2] 2200,0.005090,0.053141,0.047904
[fold_2] 2225,0.000387,0.052964,0.047699
[fold_2] 2250,0.002035,0.052967,0.047697
[fold_2] 2275,0.006026,0.053028,0.047764
[fold_2] 2300,0.003622,0.053095,0.047840
[fold_2] 2325,0.015882,0.052960,0.047695
[fold_2] 2350,0.006394,0.052929,0.047664
[fold_2] 2375,0.013007,0.052993,0.047737
[fold_2] 2400,0.006704,0.052917,0.047648
[fold_2] 2425,0.000513,0.052929,0.047656
[fold_2] 2450,0.000483,0.052893,0.047619
[fold_2] 2475,0.002998,0.052972,0.047695
[fold_2] 2500,0.000468,0.052973,0.047708
[fold_2] 2525,0.017663,0.053020,0.047753
[fold_2] 2550,0.005567,0.052877,0.047599
[fold_2] 2575,0.000512,0.052931,0.047665
[fold_2] 2600,0.001802,0.052853,0.047578
[fold_2] 2625,0.022728,0.052856,0.047577
[fold_2] 2650,0.002458,0.053185,0.047939
[fold_2] 2675,0.003936,0.052862,0.047582
[fold_2] 2700,0.113966,0.052869,0.047592
[fold_2] 2725,0.002154,0.052857,0.047573
[fold_2] 2750,0.009244,0.052880,0.047597
[fold_2] 2775,0.029591,0.052870,0.047589
[fold_2] 2800,0.000118,0.052943,0.047670
[fold_2] 2825,0.001881,0.052856,0.047572
[fold_2] 2850,0.002454,0.052924,0.047650
[fold_2] 2875,0.007237,0.052865,0.047586
[fold_2] 2900,0.004547,0.052824,0.047542
[fold_2] 2925,0.008890,0.052945,0.047680
[fold_2] 2950,0.007289,0.052830,0.047549
[fold_2] 2975,0.000199,0.052849,0.047572
[fold_2] 3000,0.000281,0.052842,0.047567
[fold_2] 3025,0.004166,0.052997,0.047744
[fold_2] 3050,0.010923,0.052808,0.047535
[fold_2] 3075,0.000495,0.052840,0.047570
[fold_2] 3100,0.004366,0.052819,0.047547
[fold_2] 3125,0.000102,0.052792,0.047513
[fold_2] 3150,0.005651,0.052794,0.047515
[fold_2] 3175,0.000196,0.052812,0.047538
[fold_2] 3200,0.001898,0.052836,0.047563
[fold_2] 3225,0.001095,0.052820,0.047543
[fold_2] 3250,0.002244,0.052796,0.047523
[fold_2] 3275,0.009581,0.052791,0.047519
[fold_2] 3300,0.003275,0.052783,0.047507
[fold_2] 3325,0.000634,0.052771,0.047490
[fold_2] 3350,0.000151,0.052776,0.047498
[fold_2] 3375,0.003648,0.052788,0.047507
[fold_2] 3400,0.000977,0.052772,0.047490
[fold_2] 3425,0.003344,0.052780,0.047495
[fold_2] 3450,0.134389,0.052783,0.047496
[fold_2] 3475,0.009196,0.052762,0.047475
[fold_2] 3500,0.028108,0.052782,0.047501
[fold_2] 3525,0.068839,0.052759,0.047473
[fold_2] 3550,0.002170,0.052777,0.047492
[fold_2] 3575,0.011910,0.052765,0.047482
[fold_2] 3600,0.001211,0.052760,0.047475
[fold_2] 3625,0.007600,0.052788,0.047502
[fold_2] 3650,0.001221,0.052759,0.047477
[fold_2] 3675,0.000161,0.052754,0.047470
[fold_2] 3700,0.012496,0.052758,0.047473
[fold_2] 3725,0.008261,0.052770,0.047488
[fold_2] 3750,0.045430,0.052740,0.047453
[fold_2] 3775,0.015713,0.052742,0.047455
[fold_2] 3800,0.002524,0.052753,0.047467
[fold_2] 3825,0.000648,0.052725,0.047440
[fold_2] 3850,0.000234,0.052757,0.047481
[fold_2] 3875,0.000463,0.052744,0.047468
[fold_2] 3900,0.051916,0.052749,0.047472
[fold_2] 3925,0.000979,0.052727,0.047443
[fold_2] 3950,0.049436,0.052745,0.047452
[fold_2] 3975,0.000283,0.052747,0.047453
[fold_2] 4000,0.000108,0.052711,0.047421
[fold_2] 4025,0.004867,0.052708,0.047421
[fold_2] 4050,0.001757,0.052703,0.047417
[fold_2] 4075,0.001282,0.052751,0.047474
[fold_2] 4100,0.014153,0.052718,0.047427
[fold_2] 4125,0.000117,0.052692,0.047397
[fold_2] 4150,0.030483,0.052707,0.047419
[fold_2] 4175,0.000111,0.052718,0.047435
[fold_2] 4200,0.001711,0.052703,0.047410
[fold_2] 4225,0.000114,0.052706,0.047413
[fold_2] 4250,0.000184,0.052691,0.047402
[fold_2] 4275,0.001779,0.052683,0.047394
[fold_2] 4300,0.000213,0.052677,0.047386
[fold_2] 4325,0.002720,0.052669,0.047377
[fold_2] 4350,0.010438,0.052675,0.047380
[fold_2] 4375,0.000111,0.052677,0.047379
[fold_2] 4400,0.001187,0.052687,0.047391
[fold_2] 4425,0.000983,0.052680,0.047383
[fold_2] 4450,0.006759,0.052702,0.047408
[fold_2] 4475,0.004565,0.052716,0.047421
[fold_2] 4500,0.000114,0.052682,0.047385
[fold_2] 4525,0.006667,0.052733,0.047451
[fold_2] 4550,0.009847,0.052652,0.047356
[fold_2] 4575,0.000144,0.052642,0.047348
[fold_2] 4600,0.049011,0.052673,0.047385
[fold_2] 4625,0.000617,0.052637,0.047340
[fold_2] 4650,0.003952,0.052644,0.047348
[fold_2] 4675,0.000231,0.052704,0.047418
[fold_2] 4700,0.000618,0.052643,0.047348
[fold_2] 4725,0.012941,0.052648,0.047351
[fold_2] 4750,0.000197,0.052620,0.047321
[fold_2] 4775,0.003827,0.052624,0.047325
[fold_2] 4800,0.006217,0.052655,0.047360
[fold_2] 4825,0.000838,0.052625,0.047325
[fold_2] 4850,0.032655,0.052603,0.047299
[fold_2] 4875,0.000519,0.052629,0.047326
[fold_2] 4900,0.001768,0.052621,0.047317
[fold_2] 4925,0.000146,0.052633,0.047328
[fold_2] 4950,0.000482,0.052603,0.047297
[fold_2] 4975,0.004081,0.052605,0.047303[fold_5] 0,0.498935,1.125230,1.123526
[fold_5] 1,3.058565,1.103970,1.102288
[fold_5] 25,1.652777,0.967036,0.965551
[fold_5] 50,0.206527,0.756773,0.755918
[fold_5] 75,0.131268,0.407564,0.408670
[fold_5] 100,0.153444,0.224842,0.228666
[fold_5] 125,0.009107,0.199785,0.203722
[fold_5] 150,0.073546,0.154339,0.158280
[fold_5] 175,0.029923,0.144460,0.147306
[fold_5] 200,0.007881,0.117001,0.121197
[fold_5] 225,0.000847,0.100730,0.105433
[fold_5] 250,0.002833,0.096465,0.101320
[fold_5] 275,0.013798,0.094221,0.098903
[fold_5] 300,0.007575,0.087860,0.092912
[fold_5] 325,0.014836,0.086323,0.091700
[fold_5] 350,0.006198,0.090735,0.096031
[fold_5] 375,0.007545,0.086793,0.091917
[fold_5] 400,0.000854,0.082375,0.087755
[fold_5] 425,0.012862,0.080616,0.086015
[fold_5] 450,0.006203,0.081702,0.086915
[fold_5] 475,0.014551,0.080447,0.085817
[fold_5] 500,0.009401,0.079767,0.085371
[fold_5] 525,0.003400,0.084852,0.089892
[fold_5] 550,0.003287,0.079966,0.085727
[fold_5] 575,0.004436,0.078242,0.083741
[fold_5] 600,0.005997,0.075395,0.081267
[fold_5] 625,0.029035,0.074392,0.080292
[fold_5] 650,0.001747,0.071720,0.077721
[fold_5] 675,0.000273,0.072162,0.078275
[fold_5] 700,0.001428,0.070379,0.076526
[fold_5] 725,0.010940,0.068766,0.075050
[fold_5] 750,0.005339,0.069976,0.076121
[fold_5] 775,0.011240,0.079060,0.084377
[fold_5] 800,0.050426,0.068285,0.074533
[fold_5] 825,0.000403,0.067253,0.073624
[fold_5] 850,0.003501,0.074172,0.080056
[fold_5] 875,0.008957,0.071453,0.077381
[fold_5] 900,0.006307,0.066154,0.072649
[fold_5] 925,0.000426,0.063289,0.069926
[fold_5] 950,0.008410,0.065787,0.072215
[fold_5] 975,0.004836,0.063670,0.070288
[fold_5] 1000,0.004932,0.062002,0.068660
[fold_5] 1025,0.052495,0.064359,0.070838
[fold_5] 1050,0.003192,0.059985,0.066859
[fold_5] 1075,0.012777,0.062944,0.069482
[fold_5] 1100,0.006707,0.061705,0.068440
[fold_5] 1125,0.003075,0.059008,0.065930
[fold_5] 1150,0.000660,0.060780,0.067574
[fold_5] 1175,0.003857,0.060322,0.067081
[fold_5] 1200,0.003086,0.058098,0.065169
[fold_5] 1225,0.005333,0.057509,0.064568
[fold_5] 1250,0.000191,0.057414,0.064490
[fold_5] 1275,0.001092,0.055745,0.063033
[fold_5] 1300,0.000791,0.057009,0.064186
[fold_5] 1325,0.006722,0.058219,0.065138
[fold_5] 1350,0.000470,0.055874,0.063121
[fold_5] 1375,0.000456,0.055067,0.062443
[fold_5] 1400,0.007669,0.054740,0.062088
[fold_5] 1425,0.002384,0.054880,0.062217
[fold_5] 1450,0.007482,0.054157,0.061579
[fold_5] 1475,0.008605,0.054736,0.062070
[fold_5] 1500,0.005489,0.054194,0.061592
[fold_5] 1525,0.001275,0.055561,0.062767
[fold_5] 1550,0.011365,0.053687,0.061128
[fold_5] 1575,0.007529,0.053739,0.061200
[fold_5] 1600,0.001542,0.054459,0.061830
[fold_5] 1625,0.003907,0.053769,0.061199
[fold_5] 1650,0.000264,0.053634,0.061088
[fold_5] 1675,0.003703,0.053548,0.061020
[fold_5] 1700,0.000559,0.053272,0.060773
[fold_5] 1725,0.000839,0.053349,0.060854
[fold_5] 1750,0.039022,0.053520,0.060995
[fold_5] 1775,0.000656,0.053685,0.061147
[fold_5] 1800,0.005349,0.053315,0.060798
[fold_5] 1825,0.002188,0.053132,0.060652
[fold_5] 1850,0.001310,0.053142,0.060664
[fold_5] 1875,0.000232,0.053109,0.060629
[fold_5] 1900,0.000782,0.053093,0.060613
[fold_5] 1925,0.010206,0.053418,0.060888
[fold_5] 1950,0.039112,0.053205,0.060724
[fold_5] 1975,0.012955,0.053087,0.060600
[fold_5] 2000,0.005268,0.053173,0.060687
[fold_5] 2025,0.002367,0.053086,0.060595
[fold_5] 2050,0.000150,0.052966,0.060499
[fold_5] 2075,0.008980,0.053207,0.060693
[fold_5] 2100,0.000634,0.053184,0.060687
[fold_5] 2125,0.003059,0.052906,0.060436
[fold_5] 2150,0.002812,0.052949,0.060475
[fold_5] 2175,0.001491,0.053253,0.060758
[fold_5] 2200,0.000838,0.053057,0.060581
[fold_5] 2225,0.002599,0.052898,0.060439
[fold_5] 2250,0.000317,0.052860,0.060395
[fold_5] 2275,0.003474,0.052894,0.060425
[fold_5] 2300,0.004171,0.052897,0.060436
[fold_5] 2325,0.001693,0.052846,0.060384
[fold_5] 2350,0.013865,0.052864,0.060399
[fold_5] 2375,0.003727,0.053020,0.060543
[fold_5] 2400,0.000648,0.052827,0.060369
[fold_5] 2425,0.007972,0.052777,0.060325
[fold_5] 2450,0.001100,0.053048,0.060549
[fold_5] 2475,0.001204,0.052892,0.060412
[fold_5] 2500,0.005258,0.052866,0.060391
[fold_5] 2525,0.000177,0.052747,0.060298
[fold_5] 2550,0.002883,0.052732,0.060283
[fold_5] 2575,0.004087,0.052782,0.060333
[fold_5] 2600,0.002674,0.052722,0.060276
[fold_5] 2625,0.034933,0.052733,0.060283
[fold_5] 2650,0.000154,0.052755,0.060305
[fold_5] 2675,0.131603,0.052868,0.060395
[fold_5] 2700,0.000181,0.052788,0.060326
[fold_5] 2725,0.008975,0.052711,0.060260
[fold_5] 2750,0.000784,0.052700,0.060251
[fold_5] 2775,0.005522,0.052692,0.060245
[fold_5] 2800,0.005243,0.052722,0.060268
[fold_5] 2825,0.007779,0.052757,0.060297
[fold_5] 2850,0.002994,0.052732,0.060277
[fold_5] 2875,0.000172,0.052686,0.060241
[fold_5] 2900,0.010468,0.052679,0.060237
[fold_5] 2925,0.002085,0.052756,0.060300
[fold_5] 2950,0.008103,0.052734,0.060282
[fold_5] 2975,0.000642,0.052696,0.060253
[fold_5] 3000,0.011988,0.052720,0.060267
[fold_5] 3025,0.026269,0.052689,0.060241
[fold_5] 3050,0.000149,0.052692,0.060245
[fold_5] 3075,0.019964,0.052721,0.060275
[fold_5] 3100,0.001677,0.052662,0.060218
[fold_5] 3125,0.002675,0.052654,0.060214
[fold_5] 3150,0.001028,0.052654,0.060215
[fold_5] 3175,0.001812,0.052653,0.060214
[fold_5] 3200,0.000189,0.052662,0.060224
[fold_5] 3225,0.000135,0.052656,0.060219
[fold_5] 3250,0.005861,0.052691,0.060241
[fold_5] 3275,0.004806,0.052663,0.060221
[fold_5] 3300,0.010089,0.052695,0.060250
[fold_5] 3325,0.004851,0.052635,0.060194
[fold_5] 3350,0.026144,0.052620,0.060185
[fold_5] 3375,0.001340,0.052616,0.060182
[fold_5] 3400,0.000163,0.052615,0.060182
[fold_5] 3425,0.002701,0.052670,0.060222
[fold_5] 3450,0.000208,0.052633,0.060193
[fold_5] 3475,0.011230,0.052628,0.060190
[fold_5] 3500,0.005998,0.052634,0.060192
[fold_5] 3525,0.000719,0.052623,0.060182
[fold_5] 3550,0.000123,0.052600,0.060166
[fold_5] 3575,0.012684,0.052612,0.060177
[fold_5] 3600,0.005585,0.052589,0.060154
[fold_5] 3625,0.006837,0.052597,0.060162
[fold_5] 3650,0.000877,0.052586,0.060154
[fold_5] 3675,0.013286,0.052639,0.060209
[fold_5] 3700,0.001197,0.052594,0.060166
[fold_5] 3725,0.002080,0.052586,0.060148
[fold_5] 3750,0.000151,0.052575,0.060140
[fold_5] 3775,0.000210,0.052558,0.060129
[fold_5] 3800,0.004612,0.052654,0.060219
[fold_5] 3825,0.001535,0.052574,0.060137
[fold_5] 3850,0.003308,0.052553,0.060121
[fold_5] 3875,0.000268,0.052561,0.060129
[fold_5] 3900,0.006065,0.052556,0.060122
[fold_5] 3925,0.004273,0.052575,0.060139
[fold_5] 3950,0.004219,0.052594,0.060150
[fold_5] 3975,0.000207,0.052546,0.060111
[fold_5] 4000,0.006175,0.052537,0.060105
[fold_5] 4025,0.002427,0.052531,0.060102
[fold_5] 4050,0.009471,0.052528,0.060098
[fold_5] 4075,0.024007,0.052527,0.060095
[fold_5] 4100,0.000151,0.052508,0.060080
[fold_5] 4125,0.001069,0.052506,0.060083
[fold_5] 4150,0.007724,0.052504,0.060078
[fold_5] 4175,0.000132,0.052516,0.060087
[fold_5] 4200,0.004021,0.052498,0.060074
[fold_5] 4225,0.001422,0.052562,0.060122
[fold_5] 4250,0.005123,0.052485,0.060057
[fold_5] 4275,0.010674,0.052540,0.060113
[fold_5] 4300,0.006386,0.052471,0.060048
[fold_5] 4325,0.000151,0.052609,0.060167
[fold_5] 4350,0.027107,0.052472,0.060054
[fold_5] 4375,0.000844,0.052519,0.060086
[fold_5] 4400,0.000574,0.052456,0.060035
[fold_5] 4425,0.000368,0.052450,0.060033
[fold_5] 4450,0.002817,0.052465,0.060049
[fold_5] 4475,0.011589,0.052473,0.060058
[fold_5] 4500,0.001130,0.052498,0.060082
[fold_5] 4525,0.001624,0.052495,0.060080
[fold_5] 4550,0.009373,0.052457,0.060041
[fold_5] 4575,0.006080,0.052424,0.060008
[fold_5] 4600,0.004555,0.052530,0.060111
[fold_5] 4625,0.016633,0.052445,0.060034
[fold_5] 4650,0.034659,0.052458,0.060044
[fold_5] 4675,0.000234,0.052428,0.060007
[fold_5] 4700,0.006000,0.052429,0.060007
[fold_5] 4725,0.015604,0.052403,0.059992
[fold_5] 4750,0.000131,0.052401,0.059992
[fold_5] 4775,0.003013,0.052401,0.059991
[fold_5] 4800,0.004625,0.052407,0.059994
[fold_5] 4825,0.004437,0.052421,0.060008
[fold_5] 4850,0.002151,0.052420,0.060010
[fold_5] 4875,0.000160,0.052377,0.059965
[fold_5] 4900,0.015970,0.052388,0.059972
[fold_5] 4925,0.001597,0.052368,0.059960
[fold_5] 4950,0.000728,0.052381,0.059974
[fold_5] 4975,0.009565,0.052368,0.059959
[fold_1] 5000,0.003480,0.056646,0.054265
[fold_1] 5025,0.009811,0.056657,0.054270
[fold_1] 5050,0.004545,0.056642,0.054253
[fold_1] 5075,0.035044,0.056642,0.054248
[fold_1] 5100,0.001506,0.056651,0.054257
[fold_1] 5125,0.025822,0.056633,0.054249
[fold_1] 5150,0.003632,0.056640,0.054270
[fold_1] 5175,0.042121,0.056613,0.054230
[fold_1] 5200,0.001673,0.056584,0.054190
[fold_1] 5225,0.018275,0.056587,0.054195
[fold_1] 5250,0.002504,0.056574,0.054184
[fold_1] 5275,0.003611,0.056602,0.054226
[fold_1] 5300,0.004475,0.056587,0.054203
[fold_1] 5325,0.033684,0.056547,0.054163
[fold_1] 5350,0.004414,0.056556,0.054173
[fold_1] 5375,0.010485,0.056617,0.054232
[fold_1] 5400,0.005838,0.056568,0.054174
[fold_1] 5425,0.000799,0.056545,0.054162
[fold_1] 5450,0.130428,0.056876,0.054507
[fold_1] 5475,0.014273,0.056499,0.054111
[fold_1] 5500,0.006529,0.056494,0.054108
[fold_1] 5525,0.003910,0.056485,0.054095
[fold_1] 5550,0.002055,0.056490,0.054095
[fold_1] 5575,0.007514,0.056470,0.054076
[fold_1] 5600,0.039418,0.056477,0.054083
[fold_1] 5625,0.020940,0.056505,0.054100
[fold_1] 5650,0.000819,0.056449,0.054056
[fold_1] 5675,0.004299,0.056440,0.054046
[fold_1] 5700,0.001880,0.056459,0.054060
[fold_1] 5725,0.001415,0.056494,0.054098
[fold_1] 5750,0.040505,0.056460,0.054070
[fold_1] 5775,0.000313,0.056498,0.054115
[fold_1] 5800,0.002041,0.056436,0.054040
[fold_1] 5825,0.001261,0.056438,0.054047
[fold_1] 5850,0.000201,0.056534,0.054159
[fold_1] 5875,0.001770,0.056443,0.054058
[fold_1] 5900,0.003376,0.056440,0.054039
[fold_1] 5925,0.000920,0.056378,0.053982
[fold_1] 5950,0.000271,0.056376,0.053978
[fold_1] 5975,0.027663,0.056389,0.053987
[fold_1] 6000,0.006209,0.056363,0.053973
[fold_1] 6025,0.001529,0.056348,0.053954
[fold_1] 6050,0.000792,0.056476,0.054090
[fold_1] 6075,0.000753,0.056378,0.054000
[fold_1] 6100,0.000363,0.056328,0.053939
[fold_1] 6125,0.000862,0.056332,0.053932
[fold_1] 6150,0.002608,0.056329,0.053928
[fold_1] 6175,0.002660,0.056374,0.053973
[fold_1] 6200,0.001816,0.056336,0.053939
[fold_1] 6225,0.039834,0.056396,0.054031
[fold_1] 6250,0.000188,0.056297,0.053913
[fold_1] 6275,0.026138,0.056307,0.053916
[fold_1] 6300,0.008608,0.056293,0.053902
[fold_1] 6325,0.004042,0.056287,0.053897
[fold_1] 6350,0.001808,0.056274,0.053878
[fold_1] 6375,0.000211,0.056253,0.053859
[fold_1] 6400,0.017417,0.056257,0.053864
[fold_1] 6425,0.017173,0.056318,0.053927
[fold_1] 6450,0.001316,0.056393,0.053995
[fold_1] 6475,0.000333,0.056230,0.053840
[fold_1] 6500,0.005292,0.056260,0.053860
[fold_1] 6525,0.063890,0.056328,0.053932
[fold_1] 6550,0.003807,0.056252,0.053869
[fold_1] 6575,0.004271,0.056210,0.053820
[fold_1] 6600,0.003392,0.056198,0.053803
[fold_1] 6625,0.000378,0.056283,0.053895
[fold_1] 6650,0.005839,0.056213,0.053815
[fold_1] 6675,0.003987,0.056186,0.053783
[fold_1] 6700,0.019678,0.056185,0.053777
[fold_1] 6725,0.007889,0.056167,0.053767
[fold_1] 6750,0.001207,0.056464,0.054096
[fold_1] 6775,0.007631,0.056215,0.053813
[fold_1] 6800,0.008173,0.056182,0.053766
[fold_1] 6825,0.006850,0.056198,0.053783
[fold_1] 6850,0.004453,0.056248,0.053854
[fold_1] 6875,0.000814,0.056231,0.053828
[fold_1] 6900,0.004844,0.056195,0.053789
[fold_1] 6925,0.002021,0.056140,0.053749
[fold_1] 6950,0.062254,0.056128,0.053733
[fold_1] 6975,0.004883,0.056113,0.053706
[fold_1] 7000,0.000164,0.056116,0.053720
[fold_1] 7025,0.013809,0.056120,0.053725
[fold_1] 7050,0.003663,0.056130,0.053736
[fold_1] 7075,0.007471,0.056137,0.053740
[fold_1] 7100,0.010028,0.056071,0.053668
[fold_1] 7125,0.001536,0.056138,0.053751
[fold_1] 7150,0.002964,0.056081,0.053681
[fold_1] 7175,0.000803,0.056056,0.053653
[fold_1] 7200,0.025724,0.056062,0.053663
[fold_1] 7225,0.000327,0.056045,0.053634
[fold_1] 7250,0.006843,0.056061,0.053651
[fold_1] 7275,0.009933,0.056041,0.053633
[fold_1] 7300,0.017261,0.056043,0.053635
[fold_1] 7325,0.000253,0.056066,0.053663
[fold_1] 7350,0.004827,0.056049,0.053638
[fold_1] 7375,0.057085,0.056038,0.053643
[fold_1] 7400,0.000727,0.056096,0.053712
[fold_1] 7425,0.001870,0.055999,0.053601
[fold_1] 7450,0.000373,0.056001,0.053597
[fold_1] 7475,0.003920,0.055987,0.053583
[fold_1] 7500,0.000151,0.055989,0.053582
[fold_1] 7525,0.000342,0.056315,0.053914
[fold_1] 7550,0.000688,0.056016,0.053618

[fold_3] 5000,0.000147,0.051529,0.055772
[fold_3] 5025,0.000225,0.051526,0.055763
[fold_3] 5050,0.003978,0.051524,0.055763
[fold_3] 5075,0.000315,0.051556,0.055798
[fold_3] 5100,0.003708,0.051491,0.055737
[fold_3] 5125,0.001106,0.051489,0.055734
[fold_3] 5150,0.013889,0.051537,0.055771
[fold_3] 5175,0.001870,0.051521,0.055759
[fold_3] 5200,0.000870,0.051505,0.055742
[fold_3] 5225,0.001329,0.051536,0.055773
[fold_3] 5250,0.003431,0.051498,0.055736
[fold_3] 5275,0.005665,0.051561,0.055791
[fold_3] 5300,0.004857,0.051478,0.055720
[fold_3] 5325,0.001058,0.051457,0.055706
[fold_3] 5350,0.002769,0.051466,0.055713
[fold_3] 5375,0.000565,0.051521,0.055767
[fold_3] 5400,0.000282,0.051455,0.055703
[fold_3] 5425,0.000697,0.051463,0.055710
[fold_3] 5450,0.002927,0.051453,0.055704
[fold_3] 5475,0.007414,0.051453,0.055703
[fold_3] 5500,0.002919,0.051462,0.055718
[fold_3] 5525,0.004441,0.051455,0.055708
[fold_3] 5550,0.007907,0.051516,0.055771
[fold_3] 5575,0.002821,0.051525,0.055772
[fold_3] 5600,0.042291,0.051430,0.055685
[fold_3] 5625,0.016829,0.051452,0.055701
[fold_3] 5650,0.000786,0.051591,0.055829
[fold_3] 5675,0.000846,0.051559,0.055788
[fold_3] 5700,0.000169,0.051435,0.055685
[fold_3] 5725,0.008103,0.051430,0.055674
[fold_3] 5750,0.004203,0.051423,0.055669
[fold_3] 5775,0.000667,0.051401,0.055655
[fold_3] 5800,0.005961,0.051391,0.055647
[fold_3] 5825,0.000492,0.051405,0.055666
[fold_3] 5850,0.000167,0.051395,0.055653
[fold_3] 5875,0.001560,0.051565,0.055798
[fold_3] 5900,0.002469,0.051391,0.055645
[fold_3] 5925,0.017205,0.051370,0.055633
[fold_3] 5950,0.062140,0.051385,0.055649
[fold_3] 5975,0.000213,0.051405,0.055662
[fold_3] 6000,0.004330,0.051359,0.055616
[fold_3] 6025,0.000664,0.051373,0.055629
[fold_3] 6050,0.003580,0.051350,0.055609
[fold_3] 6075,0.002929,0.051411,0.055671
[fold_3] 6100,0.007240,0.051497,0.055752
[fold_3] 6125,0.001213,0.051383,0.055651
[fold_3] 6150,0.003694,0.051381,0.055641
[fold_3] 6175,0.007438,0.051378,0.055639
[fold_3] 6200,0.014739,0.051368,0.055625
[fold_3] 6225,0.003739,0.051348,0.055612
[fold_3] 6250,0.000179,0.051345,0.055605
[fold_3] 6275,0.012849,0.051336,0.055599
[fold_3] 6300,0.002768,0.051311,0.055577
[fold_3] 6325,0.004893,0.051305,0.055570
[fold_3] 6350,0.000857,0.051302,0.055568
[fold_3] 6375,0.000484,0.051312,0.055571
[fold_3] 6400,0.015910,0.051292,0.055557
[fold_3] 6425,0.002192,0.051311,0.055579
[fold_3] 6450,0.000863,0.051311,0.055579
[fold_3] 6475,0.000106,0.051283,0.055548
[fold_3] 6500,0.005839,0.051294,0.055566
[fold_3] 6525,0.014789,0.051327,0.055601
[fold_3] 6550,0.000257,0.051308,0.055574
[fold_3] 6575,0.000098,0.051263,0.055533
[fold_3] 6600,0.000122,0.051266,0.055536
[fold_3] 6625,0.000379,0.051288,0.055553
[fold_3] 6650,0.001866,0.051276,0.055538
[fold_3] 6675,0.004307,0.051255,0.055525
[fold_3] 6700,0.002518,0.051277,0.055550
[fold_3] 6725,0.000621,0.051255,0.055530
[fold_3] 6750,0.000190,0.051258,0.055528
[fold_3] 6775,0.000967,0.051239,0.055510
[fold_3] 6800,0.003802,0.051239,0.055511
[fold_3] 6825,0.004424,0.051227,0.055497
[fold_3] 6850,0.007497,0.051264,0.055525
[fold_3] 6875,0.000474,0.051215,0.055488
[fold_3] 6900,0.003538,0.051216,0.055491
[fold_3] 6925,0.103695,0.051337,0.055607
[fold_3] 6950,0.028196,0.051239,0.055505
[fold_3] 6975,0.001946,0.051213,0.055485
[fold_3] 7000,0.001066,0.051217,0.055488
[fold_3] 7025,0.004378,0.051200,0.055473
[fold_3] 7050,0.007832,0.051244,0.055507
[fold_3] 7075,0.003252,0.051206,0.055475
[fold_3] 7100,0.001222,0.051202,0.055470
[fold_3] 7125,0.005430,0.051200,0.055471
[fold_3] 7150,0.015567,0.051177,0.055450
[fold_3] 7175,0.009071,0.051184,0.055457
[fold_3] 7200,0.000825,0.051244,0.055507
[fold_3] 7225,0.030790,0.051186,0.055461
[fold_3] 7250,0.014126,0.051174,0.055459
[fold_3] 7275,0.000740,0.051171,0.055454
[fold_3] 7300,0.008347,0.051158,0.055436
[fold_3] 7325,0.025386,0.051159,0.055434
[fold_3] 7350,0.070398,0.051256,0.055534
[fold_3] 7375,0.000144,0.051150,0.055433
[fold_3] 7400,0.000568,0.051195,0.055468
[fold_3] 7425,0.005180,0.051130,0.055412
[fold_3] 7450,0.000604,0.051131,0.055416
[fold_3] 7475,0.001410,0.051168,0.055449
[fold_3] 7500,0.000273,0.051175,0.055460
[fold_3] 7525,0.000187,0.051206,0.055490
[fold_3] 7550,0.002018,0.051166,0.055446
[fold_3] 7575,0.013146,0.051119,0.055402
[fold_3] 7600,0.000186,0.051164,0.055446
[fold_3] 7625,0.007522,0.051196,0.055479
[fold_3] 7650,0.006493,0.051125,0.055406
[fold_3] 7675,0.012584,0.051129,0.055409
[fold_3] 7700,0.000220,0.051141,0.055424
[fold_3] 7725,0.013215,0.051094,0.055381
[fold_3] 7750,0.024963,0.051110,0.055393
[fold_3] 7775,0.005160,0.051075,0.055359
[fold_3] 7800,0.000526,0.051164,0.055448
[fold_3] 7825,0.000144,0.051228,0.055512
[fold_3] 7850,0.001331,0.051073,0.055359
[fold_3] 7875,0.003786,0.051099,0.055387
[fold_3] 7900,0.000499,0.051072,0.055357
[fold_3] 7925,0.000258,0.051088,0.055373
[fold_3] 7950,0.000870,0.051068,0.055353
[fold_3] 7975,0.011209,0.051060,0.055345
[fold_3] 8000,0.000150,0.051058,0.055345
[fold_3] 8025,0.011106,0.051052,0.055338
[fold_3] 8050,0.000254,0.051064,0.055351
[fold_3] 8075,0.001192,0.051057,0.055345

[fold_4] 5000,0.000129,0.054018,0.049051
[fold_4] 5025,0.008310,0.054026,0.049051
[fold_4] 5050,0.002243,0.054081,0.049099
[fold_4] 5075,0.023591,0.053992,0.049011
[fold_4] 5100,0.005721,0.054058,0.049095
[fold_4] 5125,0.004915,0.053997,0.049016
[fold_4] 5150,0.005785,0.053979,0.048998
[fold_4] 5175,0.001250,0.054024,0.049041
[fold_4] 5200,0.047181,0.054017,0.049032
[fold_4] 5225,0.002621,0.053979,0.049000
[fold_4] 5250,0.014061,0.054017,0.049048
[fold_4] 5275,0.004443,0.053994,0.049006
[fold_4] 5300,0.002282,0.053991,0.049018
[fold_4] 5325,0.000669,0.053997,0.049019
[fold_4] 5350,0.000596,0.053948,0.048968
[fold_4] 5375,0.002779,0.053940,0.048955
[fold_4] 5400,0.005973,0.053949,0.048964
[fold_4] 5425,0.002660,0.053965,0.048980
[fold_4] 5450,0.000262,0.053936,0.048956
[fold_4] 5475,0.001126,0.053978,0.048996
[fold_4] 5500,0.000189,0.053946,0.048968
[fold_4] 5525,0.004146,0.053916,0.048932
[fold_4] 5550,0.007748,0.053965,0.048975
[fold_4] 5575,0.006707,0.053913,0.048929
[fold_4] 5600,0.016698,0.053941,0.048969
[fold_4] 5625,0.000456,0.053929,0.048939
[fold_4] 5650,0.011128,0.053910,0.048919
[fold_4] 5675,0.004646,0.053911,0.048921
[fold_4] 5700,0.015280,0.053922,0.048943
[fold_4] 5725,0.001167,0.053905,0.048915
[fold_4] 5750,0.000106,0.053946,0.048977
[fold_4] 5775,0.002320,0.053896,0.048913
[fold_4] 5800,0.016816,0.053883,0.048899
[fold_4] 5825,0.000615,0.053910,0.048926
[fold_4] 5850,0.000252,0.053882,0.048889
[fold_4] 5875,0.004439,0.053996,0.049036
[fold_4] 5900,0.003002,0.053856,0.048868
[fold_4] 5925,0.003127,0.053864,0.048865
[fold_4] 5950,0.006946,0.053843,0.048848
[fold_4] 5975,0.007593,0.053892,0.048900
[fold_4] 6000,0.001141,0.053852,0.048852
[fold_4] 6025,0.001937,0.053860,0.048872
[fold_4] 6050,0.001009,0.053834,0.048836
[fold_4] 6075,0.000114,0.053866,0.048862
[fold_4] 6100,0.002326,0.053837,0.048839
[fold_4] 6125,0.010656,0.054004,0.049003
[fold_4] 6150,0.000590,0.053898,0.048921
[fold_4] 6175,0.000160,0.053809,0.048814
[fold_4] 6200,0.001828,0.053868,0.048869
[fold_4] 6225,0.000986,0.053822,0.048834
[fold_4] 6250,0.001254,0.053889,0.048890
[fold_4] 6275,0.010375,0.053818,0.048814
[fold_4] 6300,0.053307,0.053779,0.048779
[fold_4] 6325,0.002822,0.053835,0.048844
[fold_4] 6350,0.005815,0.053789,0.048781
[fold_4] 6375,0.000602,0.053767,0.048766
[fold_4] 6400,0.000126,0.053789,0.048792
[fold_4] 6425,0.000234,0.053788,0.048779
[fold_4] 6450,0.004708,0.053779,0.048769
[fold_4] 6475,0.000250,0.053754,0.048743
[fold_4] 6500,0.004116,0.053758,0.048747
[fold_4] 6525,0.000680,0.053758,0.048745
[fold_4] 6550,0.024752,0.053745,0.048734
[fold_4] 6575,0.006263,0.053752,0.048746
[fold_4] 6600,0.065013,0.053815,0.048806
[fold_4] 6625,0.010644,0.053753,0.048741
[fold_4] 6650,0.005153,0.053734,0.048718
[fold_4] 6675,0.003810,0.053737,0.048731
[fold_4] 6700,0.004136,0.053730,0.048717
[fold_4] 6725,0.033517,0.053721,0.048715
[fold_4] 6750,0.016773,0.053731,0.048718
[fold_4] 6775,0.042314,0.053723,0.048716
[fold_4] 6800,0.002272,0.053750,0.048742
[fold_4] 6825,0.009237,0.053706,0.048694
[fold_4] 6850,0.000731,0.053706,0.048692
[fold_4] 6875,0.019870,0.053696,0.048686
[fold_4] 6900,0.000730,0.053694,0.048675
[fold_4] 6925,0.000120,0.053753,0.048742
[fold_4] 6950,0.000300,0.053708,0.048687
[fold_4] 6975,0.002293,0.053727,0.048712
[fold_4] 7000,0.003331,0.053751,0.048737
[fold_4] 7025,0.000119,0.053667,0.048654
[fold_4] 7050,0.002449,0.053666,0.048650
[fold_4] 7075,0.003111,0.053654,0.048636
[fold_4] 7100,0.003049,0.053662,0.048638
[fold_4] 7125,0.003047,0.053658,0.048636
[fold_4] 7150,0.004152,0.053702,0.048676
[fold_4] 7175,0.002257,0.053694,0.048689
[fold_4] 7200,0.030236,0.053641,0.048616
[fold_4] 7225,0.000166,0.053650,0.048622
[fold_4] 7250,0.006014,0.053643,0.048616
[fold_4] 7275,0.002409,0.053748,0.048753
[fold_4] 7300,0.005891,0.053660,0.048649
[fold_4] 7325,0.042469,0.053635,0.048606
[fold_4] 7350,0.004103,0.053640,0.048612
[fold_4] 7375,0.006718,0.053612,0.048585
[fold_4] 7400,0.001229,0.053609,0.048585
[fold_4] 7425,0.000120,0.053662,0.048654
[fold_4] 7450,0.009213,0.053615,0.048584
[fold_4] 7475,0.015712,0.053612,0.048582
[fold_4] 7500,0.000132,0.053611,0.048594
[fold_4] 7525,0.006315,0.053599,0.048569
[fold_4] 7550,0.000429,0.053642,0.048625
[fold_4] 7575,0.000191,0.053596,0.048565
[fold_4] 7600,0.005371,0.053587,0.048563
[fold_4] 7625,0.003773,0.053603,0.048574
[fold_4] 7650,0.000451,0.053578,0.048555
[fold_4] 7675,0.014212,0.053598,0.048581
[fold_4] 7700,0.000522,0.053574,0.048546
[fold_4] 7725,0.012542,0.053577,0.048547
[fold_4] 7750,0.004888,0.053616,0.048590
[fold_4] 7775,0.016911,0.053562,0.048527
[fold_4] 7800,0.008954,0.053566,0.048545
[fold_4] 7825,0.005904,0.053558,0.048532
[fold_4] 7850,0.000500,0.053565,0.048529
[fold_4] 7875,0.003690,0.053542,0.048507
[fold_4] 7900,0.003643,0.053625,0.048618
[fold_4] 7925,0.004060,0.053648,0.048616
[fold_4] 7950,0.003810,0.053534,0.048503

[fold_2] 5000,0.001079,0.052614,0.047322
[fold_2] 5025,0.000532,0.052612,0.047320
[fold_2] 5050,0.014472,0.052601,0.047307
[fold_2] 5075,0.000255,0.052608,0.047312
[fold_2] 5100,0.016204,0.052590,0.047284
[fold_2] 5125,0.000895,0.052591,0.047280
[fold_2] 5150,0.002345,0.052578,0.047268
[fold_2] 5175,0.007305,0.052586,0.047279
[fold_2] 5200,0.000678,0.052592,0.047288
[fold_2] 5225,0.001385,0.052578,0.047273
[fold_2] 5250,0.006808,0.052595,0.047289
[fold_2] 5275,0.000449,0.052563,0.047249
[fold_2] 5300,0.000118,0.052567,0.047253
[fold_2] 5325,0.051929,0.052544,0.047232
[fold_2] 5350,0.000160,0.052545,0.047236
[fold_2] 5375,0.003515,0.052572,0.047271
[fold_2] 5400,0.000448,0.052542,0.047238
[fold_2] 5425,0.000519,0.052559,0.047249
[fold_2] 5450,0.000126,0.052556,0.047252
[fold_2] 5475,0.002529,0.052604,0.047298
[fold_2] 5500,0.001174,0.052569,0.047264
[fold_2] 5525,0.007869,0.052542,0.047231
[fold_2] 5550,0.000628,0.052536,0.047230
[fold_2] 5575,0.009246,0.052548,0.047237
[fold_2] 5600,0.001326,0.052537,0.047226
[fold_2] 5625,0.015747,0.052547,0.047238
[fold_2] 5650,0.002663,0.052523,0.047209
[fold_2] 5675,0.000695,0.052515,0.047198
[fold_2] 5700,0.049249,0.052540,0.047229
[fold_2] 5725,0.000888,0.052509,0.047196
[fold_2] 5750,0.001754,0.052510,0.047199
[fold_2] 5775,0.003491,0.052552,0.047256
[fold_2] 5800,0.004882,0.052551,0.047252
[fold_2] 5825,0.013839,0.052517,0.047206
[fold_2] 5850,0.004544,0.052514,0.047207
[fold_2] 5875,0.006191,0.052496,0.047184
[fold_2] 5900,0.000117,0.052493,0.047179
[fold_2] 5925,0.012636,0.052497,0.047181
[fold_2] 5950,0.000104,0.052479,0.047161
[fold_2] 5975,0.005621,0.052571,0.047264
[fold_2] 6000,0.000115,0.052541,0.047229
[fold_2] 6025,0.000106,0.052463,0.047144
[fold_2] 6050,0.000778,0.052531,0.047217
[fold_2] 6075,0.000625,0.052450,0.047126
[fold_2] 6100,0.003111,0.052512,0.047196
[fold_2] 6125,0.002977,0.052516,0.047206
[fold_2] 6150,0.013527,0.052451,0.047137
[fold_2] 6175,0.005212,0.052464,0.047145
[fold_2] 6200,0.001483,0.052463,0.047144
[fold_2] 6225,0.003991,0.052527,0.047217
[fold_2] 6250,0.003029,0.052448,0.047132
[fold_2] 6275,0.007103,0.052487,0.047174
[fold_2] 6300,0.029019,0.052507,0.047189
[fold_2] 6325,0.000231,0.052498,0.047177

[fold_5] 5000,0.000139,0.052428,0.060008
[fold_5] 5025,0.011332,0.052379,0.059960
[fold_5] 5050,0.001231,0.052375,0.059957
[fold_5] 5075,0.000136,0.052340,0.059932
[fold_5] 5100,0.000182,0.052347,0.059938
[fold_5] 5125,0.001774,0.052342,0.059931
[fold_5] 5150,0.025671,0.052454,0.060019
[fold_5] 5175,0.000166,0.052352,0.059935
[fold_5] 5200,0.011526,0.052356,0.059939
[fold_5] 5225,0.076324,0.052330,0.059919
[fold_5] 5250,0.004438,0.052317,0.059909
[fold_5] 5275,0.001532,0.052305,0.059897
[fold_5] 5300,0.006839,0.052334,0.059924
[fold_5] 5325,0.007550,0.052303,0.059892
[fold_5] 5350,0.022305,0.052313,0.059899
[fold_5] 5375,0.014190,0.052294,0.059888
[fold_5] 5400,0.006209,0.052291,0.059885
[fold_5] 5425,0.010060,0.052320,0.059904
[fold_5] 5450,0.003253,0.052281,0.059874
[fold_5] 5475,0.001163,0.052298,0.059888
[fold_5] 5500,0.006257,0.052278,0.059874
[fold_5] 5525,0.014904,0.052263,0.059859
[fold_5] 5550,0.004585,0.052286,0.059882
[fold_5] 5575,0.003076,0.052267,0.059861
[fold_5] 5600,0.008227,0.052252,0.059852
[fold_5] 5625,0.000126,0.052290,0.059890
[fold_5] 5650,0.000961,0.052261,0.059865
[fold_5] 5675,0.020409,0.052290,0.059886
[fold_5] 5700,0.229855,0.052267,0.059866
[fold_5] 5725,0.000511,0.052242,0.059843
[fold_5] 5750,0.000176,0.052294,0.059881
[fold_5] 5775,0.000149,0.052217,0.059815
[fold_5] 5800,0.001963,0.052212,0.059814
[fold_5] 5825,0.000179,0.052220,0.059818
[fold_5] 5850,0.006948,0.052207,0.059809
[fold_5] 5875,0.011991,0.052201,0.059807
[fold_5] 5900,0.018927,0.052291,0.059875
[fold_5] 5925,0.000124,0.052189,0.059789
[fold_5] 5950,0.012479,0.052206,0.059800
[fold_5] 5975,0.008307,0.052203,0.059801
[fold_5] 6000,0.004242,0.052192,0.059790
[fold_5] 6025,0.002121,0.052185,0.059789
[fold_5] 6050,0.000664,0.052215,0.059809
[fold_5] 6075,0.001634,0.052165,0.059774
[fold_5] 6100,0.004138,0.052223,0.059823
[fold_5] 6125,0.004773,0.052216,0.059820
[fold_5] 6150,0.002700,0.052207,0.059813
[fold_5] 6175,0.007895,0.052156,0.059763
[fold_5] 6200,0.004629,0.052152,0.059755
[fold_5] 6225,0.000651,0.052159,0.059764
[fold_5] 6250,0.001631,0.052205,0.059814
[fold_5] 6275,0.009478,0.052214,0.059820
[fold_5] 6300,0.003333,0.052158,0.059768
[fold_5] 6325,0.005222,0.052193,0.059799
[fold_5] 6350,0.002618,0.052144,0.059757
[fold_5] 6375,0.001925,0.052137,0.059747
[fold_5] 6400,0.008029,0.052125,0.059739
[fold_5] 6425,0.001170,0.052165,0.059772
[fold_5] 6450,0.000167,0.052329,0.059904
[fold_5] 6475,0.003512,0.052125,0.059737
[fold_5] 6500,0.000296,0.052118,0.059723
[fold_5] 6525,0.000324,0.052116,0.059730
[fold_5] 6550,0.046695,0.052166,0.059777
[fold_5] 6575,0.000276,0.052172,0.059780
[fold_5] 6600,0.006828,0.052100,0.059707
[fold_5] 6625,0.000123,0.052064,0.059680
[fold_5] 6650,0.002997,0.052097,0.059717
[fold_5] 6675,0.016905,0.052072,0.059691
[fold_5] 6700,0.014631,0.052067,0.059687
[fold_5] 6725,0.008686,0.052083,0.059702
[fold_5] 6750,0.002400,0.052058,0.059673
[fold_5] 6775,0.000238,0.052079,0.059689
[fold_5] 6800,0.000240,0.052051,0.059673
[fold_5] 6825,0.020342,0.052067,0.059686
[fold_5] 6850,0.009313,0.052068,0.059687
[fold_5] 6875,0.005187,0.052046,0.059664
[fold_5] 6900,0.000829,0.052071,0.059680
[fold_5] 6925,0.002079,0.052073,0.059677
[fold_5] 6950,0.001350,0.052052,0.059660
[fold_5] 6975,0.004299,0.052033,0.059649
[fold_5] 7000,0.006000,0.052012,0.059631
[fold_5] 7025,0.006390,0.052012,0.059630
[fold_5] 7050,0.027204,0.052012,0.059628
[fold_5] 7075,0.028385,0.052032,0.059650
[fold_5] 7100,0.002617,0.052009,0.059628
[fold_5] 7125,0.001436,0.052026,0.059646
[fold_5] 7150,0.001501,0.051993,0.059614

Cross-validation summary
Mean train RMSE norm      : 0.053004
Mean validation RMSE norm : 0.052832
Median best epoch         : 7500
Best-so-far checkpoint    : updated
Training-curve plot       : plots/cross_validation_curves.png
