[fold_4] 0,0.785047,1.024555,1.025824
[fold_4] 1,1.316129,1.012519,1.013754
[fold_4] 25,0.276655,0.581942,0.580878
[fold_4] 50,0.083091,0.208813,0.207513
[fold_4] 75,0.014979,0.126170,0.123722
[fold_4] 100,0.013368,0.105505,0.102923
[fold_4] 125,0.007973,0.094325,0.091495
[fold_4] 150,0.009551,0.086554,0.083530
[fold_4] 175,0.006371,0.082509,0.079397
[fold_4] 200,0.002332,0.078850,0.075605
[fold_4] 225,0.010100,0.076641,0.073316
[fold_4] 250,0.008315,0.074570,0.071170
[fold_4] 275,0.010243,0.073030,0.069590
[fold_4] 300,0.006125,0.071195,0.067672
[fold_4] 325,0.011222,0.069986,0.066488
[fold_4] 350,0.006941,0.068357,0.064762
[fold_4] 375,0.008489,0.067624,0.064037
[fold_4] 400,0.006236,0.066523,0.062826
[fold_4] 425,0.004781,0.066283,0.062665
[fold_4] 450,0.003781,0.065643,0.061915
[fold_4] 475,0.004184,0.064535,0.060843
[fold_4] 500,0.009374,0.063305,0.059512
[fold_4] 525,0.006625,0.062397,0.058513
[fold_4] 550,0.006406,0.061381,0.057431
[fold_4] 575,0.006708,0.060655,0.056686
[fold_4] 600,0.002293,0.059958,0.055914
[fold_4] 625,0.003471,0.059268,0.055232
[fold_4] 650,0.012961,0.058509,0.054413
[fold_4] 675,0.003239,0.057831,0.053740
[fold_4] 700,0.004312,0.057243,0.053030
[fold_4] 725,0.004067,0.056926,0.052676
[fold_4] 750,0.005805,0.056223,0.051943
[fold_4] 775,0.007574,0.056417,0.052122
[fold_4] 800,0.002134,0.055536,0.051168
[fold_4] 825,0.006241,0.055675,0.051380
[fold_4] 850,0.007609,0.054512,0.050084
[fold_4] 875,0.018792,0.054072,0.049621
[fold_4] 900,0.005944,0.053752,0.049264
[fold_4] 925,0.003263,0.053331,0.048814
[fold_4] 950,0.003075,0.054198,0.049706
[fold_4] 975,0.002085,0.053045,0.048502
[fold_4] 1000,0.001804,0.052617,0.047997
[fold_4] 1025,0.001668,0.052979,0.048469
[fold_4] 1050,0.002292,0.051952,0.047285
[fold_4] 1075,0.007216,0.052057,0.047317
[fold_4] 1100,0.005416,0.052452,0.047903
[fold_4] 1125,0.003037,0.051008,0.046260
[fold_4] 1150,0.003444,0.050792,0.046048
[fold_4] 1175,0.004126,0.050730,0.045958
[fold_4] 1200,0.001721,0.050396,0.045637
[fold_4] 1225,0.003553,0.050293,0.045539
[fold_4] 1250,0.002608,0.050164,0.045435
[fold_4] 1275,0.001941,0.049847,0.045032
[fold_4] 1300,0.001685,0.049620,0.044759
[fold_4] 1325,0.008780,0.049455,0.044532
[fold_5] 0,1.262795,1.024539,1.022704
[fold_5] 1,0.615307,1.016308,1.014466
[fold_5] 25,0.407697,0.613989,0.613363
[fold_5] 50,0.064679,0.223643,0.224016
[fold_5] 75,0.017602,0.127112,0.130380
[fold_5] 100,0.006503,0.105535,0.109580
[fold_5] 125,0.007312,0.093059,0.097728
[fold_5] 150,0.012260,0.086082,0.091115
[fold_5] 175,0.012131,0.080957,0.086292
[fold_5] 200,0.011740,0.077356,0.082929
[fold_5] 225,0.015693,0.074359,0.080155
[fold_5] 250,0.004800,0.072104,0.078059
[fold_5] 275,0.011905,0.070713,0.076785
[fold_5] 300,0.013399,0.069020,0.075219
[fold_5] 325,0.003806,0.067755,0.074030
[fold_5] 350,0.006234,0.066135,0.072550
[fold_5] 375,0.006212,0.065132,0.071596
[fold_5] 400,0.004525,0.064634,0.071152
[fold_5] 425,0.010350,0.063717,0.070341
[fold_5] 450,0.007778,0.062234,0.068949
[fold_5] 475,0.005538,0.062077,0.068808
[fold_5] 500,0.002461,0.061036,0.067854
[fold_5] 525,0.003994,0.059647,0.066623
[fold_5] 550,0.004453,0.058719,0.065760
[fold_5] 575,0.005032,0.058207,0.065283
[fold_5] 600,0.005887,0.057554,0.064724
[fold_5] 625,0.004971,0.056942,0.064157
[fold_5] 650,0.008641,0.055870,0.063183
[fold_5] 675,0.003893,0.055469,0.062843
[fold_5] 700,0.003282,0.055017,0.062425
[fold_5] 725,0.003947,0.054184,0.061671
[fold_5] 750,0.007087,0.054053,0.061510
[fold_5] 775,0.003022,0.053335,0.060876
[fold_5] 800,0.009188,0.053362,0.060905
[fold_5] 825,0.002557,0.052356,0.060009
[fold_5] 850,0.001308,0.051981,0.059682
[fold_5] 875,0.001909,0.051879,0.059587
[fold_5] 900,0.005891,0.051479,0.059184
[fold_5] 925,0.002868,0.050673,0.058459
[fold_5] 950,0.003201,0.050448,0.058261
[fold_5] 975,0.010160,0.050049,0.057875
[fold_5] 1000,0.011576,0.050159,0.057947
[fold_5] 1025,0.003799,0.049999,0.057829
[fold_5] 1050,0.005151,0.049308,0.057178
[fold_5] 1075,0.007295,0.048817,0.056767
[fold_5] 1100,0.002559,0.048533,0.056520
[fold_5] 1125,0.006942,0.048346,0.056346
[fold_5] 1150,0.003527,0.049378,0.057264
[fold_5] 1175,0.007901,0.047874,0.055910
[fold_5] 1200,0.006874,0.047651,0.055721
[fold_5] 1225,0.005665,0.048674,0.056555
[fold_5] 1250,0.001735,0.047338,0.055481
[fold_5] 1275,0.003625,0.047592,0.055711
[fold_5] 1300,0.020957,0.047267,0.055411
[fold_5] 1325,0.006280,0.047016,0.055182
[fold_5] 1350,0.002128,0.046497,0.054696
[fold_5] 1375,0.003852,0.046416,0.054606
[fold_5] 1400,0.004737,0.046294,0.054510
[fold_5] 1425,0.004596,0.046432,0.054597
[fold_1] 0,1.592966,1.024443,1.024107
[fold_1] 1,1.249113,1.012414,1.012094
[fold_1] 25,0.432019,0.578031,0.578768
[fold_1] 50,0.042867,0.207963,0.207658
[fold_1] 75,0.008750,0.124090,0.122974
[fold_1] 100,0.008495,0.104742,0.103233
[fold_1] 125,0.002247,0.094658,0.092979
[fold_1] 150,0.013976,0.087828,0.085991
[fold_1] 175,0.015248,0.082887,0.080959
[fold_1] 200,0.005089,0.078909,0.076849
[fold_1] 225,0.009009,0.075953,0.073815
[fold_1] 250,0.010133,0.074027,0.071833
[fold_1] 275,0.022597,0.072391,0.070153
[fold_1] 300,0.008466,0.070725,0.068481
[fold_1] 325,0.007397,0.069793,0.067507
[fold_1] 350,0.012935,0.069396,0.067089
[fold_1] 375,0.007250,0.066942,0.064570
[fold_1] 400,0.007537,0.066540,0.064185
[fold_1] 425,0.008499,0.065746,0.063342
[fold_1] 450,0.005694,0.065091,0.062688
[fold_1] 475,0.005193,0.063517,0.061029
[fold_1] 500,0.011522,0.062896,0.060405
[fold_1] 525,0.009653,0.062043,0.059541
[fold_1] 550,0.002719,0.061705,0.059192
[fold_1] 575,0.003230,0.060758,0.058162
[fold_1] 600,0.005613,0.060278,0.057735
[fold_1] 625,0.004829,0.059475,0.056882
[fold_1] 650,0.008493,0.058849,0.056193
[fold_1] 675,0.007802,0.058196,0.055558
[fold_1] 700,0.003277,0.059221,0.056626
[fold_1] 725,0.006427,0.057247,0.054590
[fold_1] 750,0.004007,0.056760,0.054055
[fold_1] 775,0.004439,0.056127,0.053376
[fold_1] 800,0.004907,0.055931,0.053202
[fold_1] 825,0.005328,0.055220,0.052430
[fold_1] 850,0.004690,0.054792,0.052050
[fold_1] 875,0.004256,0.055812,0.053094
[fold_1] 900,0.005299,0.054758,0.051973
[fold_1] 925,0.003120,0.053488,0.050623
[fold_1] 950,0.002241,0.053340,0.050577
[fold_1] 975,0.009531,0.053358,0.050576
[fold_1] 1000,0.007060,0.053955,0.051158
[fold_1] 1025,0.007429,0.052142,0.049284
[fold_1] 1050,0.003255,0.052176,0.049356
[fold_1] 1075,0.006669,0.052133,0.049318
[fold_1] 1100,0.007377,0.051996,0.049192
[fold_1] 1125,0.003177,0.051001,0.048149
[fold_1] 1150,0.007559,0.051474,0.048656
[fold_1] 1175,0.004004,0.050746,0.047877
[fold_1] 1200,0.003557,0.050747,0.047893
[fold_1] 1225,0.004613,0.050530,0.047673
[fold_1] 1250,0.009375,0.050517,0.047749
[fold_1] 1275,0.005615,0.050262,0.047507
[fold_1] 1300,0.005895,0.049559,0.046749
[fold_1] 1325,0.001461,0.049271,0.046414
[fold_1] 1350,0.001863,0.049150,0.046275
[fold_1] 1375,0.002051,0.049767,0.046914
[fold_1] 1400,0.006887,0.049710,0.046928
[fold_1] 1425,0.005645,0.048952,0.046142
[fold_1] 1450,0.001081,0.048681,0.045852
[fold_1] 1475,0.007143,0.048589,0.045770
[fold_1] 1500,0.001789,0.048272,0.045451
[fold_1] 1525,0.005244,0.048404,0.045629
[fold_1] 1550,0.004755,0.048172,0.045360
[fold_1] 1575,0.003220,0.048335,0.045543
[fold_1] 1600,0.004443,0.048018,0.045156
[fold_3] 0,1.091105,1.024401,1.023924
[fold_3] 1,0.928222,1.012345,1.011863
[fold_3] 25,0.335283,0.588104,0.588378
[fold_3] 50,0.043519,0.207104,0.208291
[fold_3] 75,0.016578,0.124366,0.126382
[fold_3] 100,0.006018,0.104128,0.106328
[fold_3] 125,0.013805,0.092863,0.095228
[fold_3] 150,0.016295,0.085510,0.088031
[fold_3] 175,0.012466,0.080502,0.083189
[fold_3] 200,0.003156,0.077522,0.080309
[fold_3] 225,0.008350,0.074734,0.077551
[fold_3] 250,0.008479,0.072536,0.075416
[fold_3] 275,0.007031,0.070434,0.073407
[fold_3] 300,0.008873,0.069612,0.072583
[fold_3] 325,0.005359,0.068378,0.071432
[fold_3] 350,0.007385,0.066924,0.070009
[fold_3] 375,0.008331,0.065991,0.069103
[fold_3] 400,0.002497,0.065062,0.068285
[fold_3] 425,0.009330,0.064441,0.067573
[fold_3] 450,0.007537,0.063660,0.066824
[fold_3] 475,0.008291,0.062539,0.065789
[fold_3] 500,0.004458,0.061626,0.064915
[fold_3] 525,0.004725,0.060767,0.064056
[fold_3] 550,0.006669,0.060799,0.064109
[fold_3] 575,0.007334,0.059527,0.062852
[fold_3] 600,0.005346,0.058477,0.061906
[fold_3] 625,0.005575,0.058459,0.061867
[fold_3] 650,0.004040,0.057303,0.060793
[fold_3] 675,0.007308,0.056690,0.060226
[fold_3] 700,0.006271,0.056071,0.059614
[fold_3] 725,0.005972,0.056341,0.059850
[fold_3] 750,0.003652,0.054962,0.058540
[fold_3] 775,0.008434,0.055190,0.058725
[fold_3] 800,0.004088,0.053897,0.057534
[fold_3] 825,0.003842,0.053602,0.057288
[fold_3] 850,0.006418,0.053794,0.057451
[fold_3] 875,0.004449,0.052526,0.056266
[fold_3] 900,0.002441,0.052259,0.055947
[fold_3] 925,0.005161,0.052032,0.055734
[fold_3] 950,0.003438,0.051937,0.055662
[fold_3] 975,0.006011,0.052281,0.056025
[fold_3] 1000,0.014578,0.050765,0.054588
[fold_3] 1025,0.004569,0.050528,0.054326
[fold_3] 1050,0.006693,0.050171,0.053998
[fold_3] 1075,0.001993,0.049949,0.053842
[fold_3] 1100,0.005663,0.049646,0.053569
[fold_3] 1125,0.003264,0.049744,0.053627
[fold_3] 1150,0.006530,0.049462,0.053422
[fold_3] 1175,0.001167,0.049268,0.053246
[fold_3] 1200,0.003680,0.048630,0.052624
[fold_3] 1225,0.002933,0.050344,0.054183
[fold_3] 1250,0.006105,0.048582,0.052546
[fold_3] 1275,0.008495,0.048286,0.052300
[fold_3] 1300,0.000935,0.048074,0.052126
[fold_3] 1325,0.001087,0.050167,0.054040
[fold_3] 1350,0.006921,0.049407,0.053297
[fold_3] 1375,0.016455,0.048325,0.052358
[fold_3] 1400,0.008659,0.047416,0.051482
[fold_3] 1425,0.001681,0.047292,0.051356
[fold_3] 1450,0.003611,0.047395,0.051460
[fold_3] 1475,0.005341,0.047180,0.051280
[fold_2] 0,1.985044,1.024429,1.025808
[fold_2] 1,1.135386,1.012382,1.013746
[fold_2] 25,0.427513,0.589353,0.589445
[fold_2] 50,0.038166,0.207408,0.206825
[fold_2] 75,0.029315,0.126413,0.124495
[fold_2] 100,0.019522,0.106268,0.103953
[fold_2] 125,0.007301,0.094414,0.091793
[fold_2] 150,0.008455,0.086894,0.083979
[fold_2] 175,0.009528,0.081869,0.078717
[fold_2] 200,0.010864,0.078817,0.075541
[fold_2] 225,0.007977,0.075850,0.072382
[fold_2] 250,0.010546,0.073570,0.069969
[fold_2] 275,0.009154,0.072840,0.069132
[fold_2] 300,0.007264,0.070898,0.067139
[fold_2] 325,0.006922,0.069509,0.065634
[fold_2] 350,0.006539,0.068146,0.064225
[fold_2] 375,0.006792,0.067025,0.063050
[fold_2] 400,0.005502,0.065985,0.061939
[fold_2] 425,0.005935,0.065349,0.061239
[fold_2] 450,0.009652,0.064670,0.060506
[fold_2] 475,0.006656,0.063788,0.059604
[fold_2] 500,0.002485,0.062827,0.058602
[fold_2] 525,0.009200,0.062052,0.057786
[fold_2] 550,0.004795,0.061287,0.056956
[fold_2] 575,0.003673,0.060402,0.056022
[fold_2] 600,0.004058,0.059583,0.055146
[fold_2] 625,0.007625,0.060055,0.055640
[fold_2] 650,0.007371,0.058655,0.054178
[fold_2] 675,0.002913,0.058320,0.053835
[fold_2] 700,0.003609,0.057572,0.052974
[fold_2] 725,0.003637,0.056831,0.052233
[fold_2] 750,0.006702,0.056301,0.051679
[fold_2] 775,0.007521,0.055928,0.051217
[fold_2] 800,0.005041,0.055796,0.051112
[fold_2] 825,0.009212,0.055093,0.050331
[fold_2] 850,0.004897,0.054428,0.049647
[fold_2] 875,0.004997,0.054185,0.049389
[fold_2] 900,0.006294,0.053800,0.048931
[fold_2] 925,0.002077,0.053373,0.048505
[fold_2] 950,0.004813,0.052980,0.048060
[fold_2] 975,0.006863,0.052635,0.047713
[fold_2] 1000,0.004678,0.053045,0.048158
[fold_2] 1025,0.007256,0.052002,0.047033
[fold_2] 1050,0.003941,0.052369,0.047430
[fold_2] 1075,0.009016,0.051731,0.046688
[fold_2] 1100,0.002934,0.051553,0.046474
[fold_2] 1125,0.004010,0.051245,0.046150
[fold_2] 1150,0.011555,0.050847,0.045712
[fold_2] 1175,0.003424,0.051476,0.046365
[fold_2] 1200,0.003077,0.050465,0.045271
[fold_2] 1225,0.003039,0.050362,0.045139
[fold_2] 1250,0.005967,0.050105,0.044865
[fold_2] 1275,0.003826,0.050487,0.045278
[fold_2] 1300,0.002434,0.050059,0.044802
[fold_2] 1325,0.005370,0.050063,0.044812
[fold_2] 1350,0.007663,0.049383,0.044076
[fold_2] 1375,0.006139,0.049179,0.043857
[fold_2] 1400,0.001064,0.049259,0.043973
[fold_2] 1425,0.006249,0.048912,0.043560
[fold_2] 1450,0.002187,0.048756,0.043404

Cross-validation summary
Mean train RMSE norm      : 0.047941
Mean validation RMSE norm : 0.047776
Median best epoch         : 1450
Best-so-far checkpoint    : kept previous
Training-curve plot       : plots/cross_validation_curves.png
