[fold_1] 0,0.319397,1.024443,1.024107
[fold_1] 1,0.850917,1.012406,1.012089
[fold_1] 25,0.536491,0.736063,0.736979
[fold_1] 50,0.106063,0.209904,0.210243
[fold_1] 75,0.035497,0.148139,0.147790
[fold_1] 100,0.002005,0.110810,0.109651
[fold_1] 125,0.000515,0.095882,0.094249
[fold_1] 150,0.001411,0.089527,0.087727
[fold_1] 175,0.018548,0.082688,0.080761
[fold_1] 200,0.026682,0.084400,0.082612
[fold_1] 225,0.000481,0.077334,0.075380
[fold_1] 250,0.004173,0.074344,0.072238
[fold_1] 275,0.001294,0.085954,0.083954
[fold_1] 300,0.024366,0.076586,0.074569
[fold_1] 325,0.014901,0.071969,0.069914
[fold_1] 350,0.041804,0.070188,0.067859
[fold_1] 375,0.006374,0.072082,0.069907
[fold_1] 400,0.002744,0.069933,0.067627
[fold_1] 425,0.015584,0.072445,0.070193
[fold_1] 450,0.004529,0.067089,0.064798
[fold_1] 475,0.018471,0.068135,0.065835
[fold_1] 500,0.020897,0.068522,0.066240
[fold_1] 525,0.004075,0.065586,0.063291
[fold_1] 550,0.023001,0.064553,0.062115
[fold_1] 575,0.009523,0.062485,0.059965
[fold_1] 600,0.000629,0.063577,0.061116
[fold_1] 625,0.003376,0.061998,0.059451
[fold_1] 650,0.000752,0.062226,0.059613
[fold_1] 675,0.021464,0.061431,0.058900
[fold_1] 700,0.001224,0.062639,0.060182
[fold_1] 725,0.006512,0.062596,0.060136
[fold_1] 750,0.029068,0.059563,0.056987
[fold_1] 775,0.016044,0.064847,0.062408
[fold_1] 800,0.001268,0.057679,0.054973
[fold_1] 825,0.000922,0.058713,0.056147
[fold_1] 850,0.002673,0.064721,0.062275
[fold_1] 875,0.009591,0.060092,0.057482
[fold_1] 900,0.005069,0.056316,0.053592
[fold_1] 925,0.000163,0.055735,0.052952
[fold_1] 950,0.002725,0.055615,0.052795
[fold_1] 975,0.000727,0.055940,0.053210
[fold_1] 1000,0.014673,0.056521,0.053780
[fold_1] 1025,0.001366,0.055689,0.052867
[fold_1] 1050,0.030087,0.055146,0.052288
[fold_1] 1075,0.025216,0.054949,0.052138
[fold_1] 1100,0.008234,0.055155,0.052409
[fold_1] 1125,0.027022,0.054612,0.051834
[fold_1] 1150,0.003755,0.054386,0.051526
[fold_1] 1175,0.003796,0.054182,0.051335
[fold_1] 1200,0.008630,0.054102,0.051261
[fold_1] 1225,0.001864,0.054100,0.051251
[fold_1] 1250,0.005088,0.054051,0.051220
[fold_1] 1275,0.073160,0.054067,0.051287
[fold_1] 1300,0.000183,0.054558,0.051674
[fold_1] 1325,0.022878,0.054261,0.051464
[fold_1] 1350,0.000258,0.053747,0.050926
[fold_1] 1375,0.007080,0.054805,0.051927
[fold_1] 1400,0.005453,0.053810,0.050991
[fold_1] 1425,0.000525,0.053590,0.050745
[fold_1] 1450,0.002139,0.053549,0.050668
[fold_1] 1475,0.002560,0.053448,0.050617
[fold_1] 1500,0.013606,0.053382,0.050520
[fold_1] 1525,0.002061,0.053330,0.050456
[fold_1] 1550,0.000477,0.053348,0.050525
[fold_1] 1575,0.005566,0.053238,0.050356
[fold_1] 1600,0.001047,0.053853,0.051046
[fold_1] 1625,0.009092,0.053932,0.051081
[fold_1] 1650,0.003529,0.053198,0.050345
[fold_1] 1675,0.001167,0.053613,0.050775
[fold_1] 1700,0.003768,0.053748,0.050971
[fold_1] 1725,0.000275,0.054129,0.051384
[fold_1] 1750,0.000531,0.053043,0.050192
[fold_1] 1775,0.001773,0.052953,0.050126
[fold_1] 1800,0.000119,0.052830,0.049966
[fold_1] 1825,0.001103,0.052785,0.049935
[fold_1] 1850,0.006341,0.052775,0.049904
[fold_1] 1875,0.000448,0.052838,0.049979
[fold_1] 1900,0.021235,0.052948,0.050093
[fold_1] 1925,0.005016,0.052991,0.050082
[fold_1] 1950,0.007835,0.052795,0.049924
[fold_1] 1975,0.000311,0.052683,0.049828
[fold_1] 2000,0.026374,0.052652,0.049788
[fold_1] 2025,0.005356,0.052656,0.049790
[fold_1] 2050,0.000154,0.052664,0.049789
[fold_1] 2075,0.001042,0.052617,0.049755
[fold_1] 2100,0.000188,0.052720,0.049861
[fold_1] 2125,0.063735,0.052665,0.049798
[fold_1] 2150,0.003911,0.052658,0.049806
[fold_1] 2175,0.007786,0.052583,0.049712
[fold_1] 2200,0.000576,0.052668,0.049826
[fold_1] 2225,0.005036,0.052563,0.049710
[fold_1] 2250,0.010385,0.052537,0.049675
[fold_1] 2275,0.009577,0.052526,0.049655
[fold_1] 2300,0.006639,0.052555,0.049676
[fold_1] 2325,0.000493,0.052513,0.049650
[fold_1] 2350,0.000158,0.052522,0.049660
[fold_1] 2375,0.031848,0.052489,0.049609
[fold_1] 2400,0.000706,0.052476,0.049597
[fold_1] 2425,0.003160,0.052485,0.049612
[fold_1] 2450,0.038722,0.052496,0.049628
[fold_1] 2475,0.022100,0.052486,0.049625
[fold_1] 2500,0.000496,0.052458,0.049581
[fold_1] 2525,0.000225,0.052462,0.049582
[fold_1] 2550,0.002313,0.052447,0.049571
[fold_1] 2575,0.003443,0.052444,0.049566
[fold_1] 2600,0.000236,0.052435,0.049559
[fold_1] 2625,0.000135,0.052506,0.049640
[fold_1] 2650,0.003432,0.052427,0.049553
[fold_1] 2675,0.001220,0.052420,0.049548
[fold_1] 2700,0.014971,0.052419,0.049545
[fold_1] 2725,0.035910,0.052426,0.049544
[fold_1] 2750,0.000660,0.052464,0.049582
[fold_1] 2775,0.000188,0.052411,0.049517
[fold_1] 2800,0.050182,0.052397,0.049503
[fold_1] 2825,0.002117,0.052396,0.049514
[fold_1] 2850,0.000189,0.052399,0.049529
[fold_1] 2875,0.000889,0.052389,0.049498
[fold_1] 2900,0.003976,0.052391,0.049510
[fold_1] 2925,0.000151,0.052364,0.049487
[fold_1] 2950,0.002110,0.052373,0.049488
[fold_1] 2975,0.003521,0.052415,0.049521
[fold_1] 3000,0.076994,0.052349,0.049457
[fold_1] 3025,0.002043,0.052336,0.049457
[fold_1] 3050,0.000484,0.052339,0.049467
[fold_1] 3075,0.008263,0.052330,0.049457
[fold_1] 3100,0.040449,0.052348,0.049457
[fold_1] 3125,0.001949,0.052329,0.049442
[fold_1] 3150,0.000135,0.052306,0.049424
[fold_1] 3175,0.000244,0.052354,0.049488
[fold_1] 3200,0.001286,0.052324,0.049460
[fold_1] 3225,0.000655,0.052295,0.049422
[fold_1] 3250,0.000771,0.052361,0.049481
[fold_1] 3275,0.004122,0.052341,0.049488
[fold_1] 3300,0.000568,0.052298,0.049417
[fold_1] 3325,0.000662,0.052296,0.049403
[fold_1] 3350,0.007355,0.052292,0.049411
[fold_1] 3375,0.002208,0.052314,0.049457
[fold_1] 3400,0.002098,0.052249,0.049365
[fold_1] 3425,0.000343,0.052252,0.049366
[fold_1] 3450,0.003191,0.052242,0.049357
[fold_1] 3475,0.000459,0.052263,0.049373
[fold_1] 3500,0.000173,0.052249,0.049368
[fold_1] 3525,0.004771,0.052238,0.049349
[fold_1] 3550,0.002325,0.052253,0.049390
[fold_1] 3575,0.001143,0.052231,0.049355
[fold_1] 3600,0.000232,0.052308,0.049433
[fold_1] 3625,0.004842,0.052228,0.049349
[fold_1] 3650,0.005713,0.052202,0.049332
[fold_1] 3675,0.005797,0.052236,0.049362
[fold_1] 3700,0.006846,0.052182,0.049294
[fold_1] 3725,0.000844,0.052245,0.049357
[fold_1] 3750,0.001070,0.052164,0.049274
[fold_1] 3775,0.059209,0.052151,0.049266
[fold_1] 3800,0.000604,0.052147,0.049266
[fold_1] 3825,0.000334,0.052195,0.049308
[fold_1] 3850,0.004264,0.052143,0.049251
[fold_1] 3875,0.003820,0.052130,0.049256
[fold_1] 3900,0.002063,0.052167,0.049289
[fold_1] 3925,0.003794,0.052174,0.049264
[fold_1] 3950,0.001424,0.052314,0.049429
[fold_1] 3975,0.003826,0.052149,0.049249
[fold_3] 0,0.390934,1.024401,1.023924
[fold_3] 1,0.054733,1.025890,1.025416
[fold_3] 25,0.546916,0.772656,0.772682
[fold_3] 50,0.138296,0.274949,0.275917
[fold_3] 75,0.059405,0.162414,0.164407
[fold_3] 100,0.048922,0.123636,0.125977
[fold_3] 125,0.023268,0.101064,0.103478
[fold_3] 150,0.003447,0.090495,0.093124
[fold_3] 175,0.001560,0.086356,0.089161
[fold_3] 200,0.000513,0.081839,0.084694
[fold_3] 225,0.018474,0.077275,0.080179
[fold_3] 250,0.047832,0.077505,0.080244
[fold_3] 275,0.010180,0.073692,0.076717
[fold_3] 300,0.001639,0.071943,0.074815
[fold_3] 325,0.004020,0.071031,0.074038
[fold_3] 350,0.001202,0.069779,0.072728
[fold_3] 375,0.018793,0.068994,0.071990
[fold_3] 400,0.004376,0.068976,0.072021
[fold_3] 425,0.013115,0.069062,0.072130
[fold_3] 450,0.007919,0.068469,0.071310
[fold_3] 475,0.001755,0.071402,0.074375
[fold_3] 500,0.000425,0.064578,0.067647
[fold_3] 525,0.014447,0.065180,0.068314
[fold_3] 550,0.022063,0.065579,0.068694
[fold_3] 575,0.005850,0.064041,0.067142
[fold_3] 600,0.000417,0.061282,0.064361
[fold_3] 625,0.000237,0.064610,0.067523
[fold_3] 650,0.010886,0.059070,0.062309
[fold_3] 675,0.028058,0.058504,0.061689
[fold_3] 700,0.000884,0.058890,0.061974
[fold_3] 725,0.021474,0.059850,0.062887
[fold_3] 750,0.001588,0.058661,0.061849
[fold_3] 775,0.010702,0.056554,0.059819
[fold_3] 800,0.000318,0.056134,0.059449
[fold_3] 825,0.003247,0.055974,0.059330
[fold_3] 850,0.004335,0.055761,0.059082
[fold_3] 875,0.007497,0.055298,0.058621
[fold_3] 900,0.004139,0.055126,0.058493
[fold_3] 925,0.036178,0.057587,0.060843
[fold_3] 950,0.005543,0.054765,0.058085
[fold_3] 975,0.001476,0.054949,0.058346
[fold_3] 1000,0.000371,0.054080,0.057509
[fold_3] 1025,0.000271,0.055705,0.059121
[fold_3] 1050,0.002609,0.055813,0.059189
[fold_3] 1075,0.000682,0.053688,0.057132
[fold_3] 1100,0.010293,0.054067,0.057473
[fold_3] 1125,0.000189,0.054402,0.057805
[fold_3] 1150,0.009063,0.052902,0.056302
[fold_3] 1175,0.010473,0.053291,0.056693
[fold_3] 1200,0.001592,0.052925,0.056390
[fold_3] 1225,0.003964,0.054216,0.057631
[fold_3] 1250,0.000347,0.053057,0.056543
[fold_3] 1275,0.000863,0.051594,0.055209
[fold_3] 1300,0.005380,0.051443,0.055073
[fold_3] 1325,0.030406,0.051935,0.055579
[fold_3] 1350,0.000580,0.052539,0.056111
[fold_3] 1375,0.002243,0.051384,0.055085
[fold_3] 1400,0.000202,0.051276,0.054942
[fold_3] 1425,0.007592,0.051096,0.054767
[fold_3] 1450,0.013716,0.050852,0.054552
[fold_3] 1475,0.001865,0.050951,0.054654
[fold_3] 1500,0.000715,0.051046,0.054699
[fold_3] 1525,0.001068,0.050983,0.054651
[fold_3] 1550,0.004616,0.051021,0.054688
[fold_3] 1575,0.014972,0.050903,0.054586
[fold_3] 1600,0.004988,0.050732,0.054433
[fold_3] 1625,0.000317,0.050613,0.054348
[fold_3] 1650,0.009839,0.050582,0.054325
[fold_3] 1675,0.002567,0.050558,0.054304
[fold_3] 1700,0.004545,0.050950,0.054664
[fold_3] 1725,0.086329,0.050575,0.054322
[fold_3] 1750,0.000353,0.050739,0.054492
[fold_3] 1775,0.006755,0.050458,0.054228
[fold_3] 1800,0.000412,0.050618,0.054387
[fold_3] 1825,0.047799,0.050452,0.054228
[fold_3] 1850,0.000769,0.050450,0.054232
[fold_3] 1875,0.007360,0.050401,0.054187
[fold_3] 1900,0.010128,0.050394,0.054181
[fold_3] 1925,0.003140,0.050401,0.054184
[fold_3] 1950,0.001762,0.050381,0.054170
[fold_3] 1975,0.002008,0.050430,0.054209
[fold_3] 2000,0.002182,0.050387,0.054176
[fold_3] 2025,0.013721,0.050384,0.054173
[fold_3] 2050,0.033092,0.050370,0.054155
[fold_3] 2075,0.000944,0.050358,0.054149
[fold_3] 2100,0.003663,0.050367,0.054158
[fold_3] 2125,0.003687,0.050430,0.054218
[fold_3] 2150,0.001582,0.050358,0.054147
[fold_3] 2175,0.006759,0.050341,0.054132
[fold_3] 2200,0.000232,0.050354,0.054145
[fold_3] 2225,0.017766,0.050348,0.054139
[fold_3] 2250,0.000663,0.050317,0.054106
[fold_3] 2275,0.002596,0.050376,0.054156
[fold_3] 2300,0.000949,0.050334,0.054119
[fold_3] 2325,0.001376,0.050490,0.054265
[fold_3] 2350,0.000818,0.050305,0.054103
[fold_3] 2375,0.000354,0.050288,0.054083
[fold_3] 2400,0.001730,0.050318,0.054114
[fold_3] 2425,0.010885,0.050384,0.054166
[fold_3] 2450,0.005298,0.050291,0.054091
[fold_3] 2475,0.032133,0.050278,0.054076
[fold_3] 2500,0.005821,0.050273,0.054070
[fold_3] 2525,0.000960,0.050310,0.054109
[fold_3] 2550,0.000542,0.050259,0.054059
[fold_3] 2575,0.000257,0.050250,0.054051
[fold_3] 2600,0.007420,0.050244,0.054049
[fold_3] 2625,0.002339,0.050244,0.054052
[fold_3] 2650,0.005012,0.050248,0.054055
[fold_3] 2675,0.000402,0.050235,0.054043
[fold_3] 2700,0.000257,0.050228,0.054038
[fold_3] 2725,0.000874,0.050223,0.054031
[fold_3] 2750,0.006521,0.050227,0.054036
[fold_3] 2775,0.000144,0.050210,0.054018
[fold_3] 2800,0.019345,0.050216,0.054025
[fold_3] 2825,0.000599,0.050201,0.054011
[fold_3] 2850,0.000403,0.050196,0.054004
[fold_3] 2875,0.000296,0.050271,0.054083
[fold_3] 2900,0.011899,0.050196,0.054006
[fold_3] 2925,0.005263,0.050201,0.054006
[fold_3] 2950,0.001579,0.050193,0.054006
[fold_3] 2975,0.007034,0.050186,0.053993
[fold_3] 3000,0.003911,0.050192,0.053996
[fold_3] 3025,0.024247,0.050223,0.054033
[fold_3] 3050,0.001894,0.050175,0.053981
[fold_3] 3075,0.000777,0.050195,0.053997
[fold_3] 3100,0.002533,0.050136,0.053946
[fold_3] 3125,0.001480,0.050148,0.053958
[fold_3] 3150,0.031366,0.050160,0.053968
[fold_3] 3175,0.010572,0.050164,0.053975
[fold_3] 3200,0.002892,0.050171,0.053990
[fold_3] 3225,0.001233,0.050124,0.053943
[fold_3] 3250,0.001729,0.050096,0.053913
[fold_3] 3275,0.053811,0.050084,0.053900
[fold_3] 3300,0.002105,0.050219,0.054033
[fold_3] 3325,0.002214,0.050131,0.053938
[fold_3] 3350,0.004177,0.050126,0.053938
[fold_3] 3375,0.001758,0.050075,0.053895
[fold_3] 3400,0.000168,0.050071,0.053894
[fold_3] 3425,0.012537,0.050144,0.053954
[fold_3] 3450,0.012417,0.050137,0.053964
[fold_3] 3475,0.002295,0.050052,0.053882
[fold_3] 3500,0.002143,0.050090,0.053911
[fold_3] 3525,0.000865,0.050070,0.053899
[fold_3] 3550,0.029659,0.050074,0.053906
[fold_3] 3575,0.000996,0.050049,0.053885
[fold_3] 3600,0.001933,0.050052,0.053887
[fold_3] 3625,0.001472,0.050022,0.053858
[fold_3] 3650,0.010032,0.049996,0.053826
[fold_3] 3675,0.014435,0.050100,0.053918
[fold_3] 3700,0.000663,0.049991,0.053827
[fold_3] 3725,0.003309,0.050039,0.053872
[fold_3] 3750,0.001279,0.050048,0.053890
[fold_3] 3775,0.000116,0.049990,0.053830
[fold_3] 3800,0.007929,0.049989,0.053826
[fold_3] 3825,0.021781,0.049951,0.053789
[fold_3] 3850,0.000397,0.049950,0.053787
[fold_2] 0,0.049565,1.024429,1.025808
[fold_2] 1,0.357481,1.025128,1.026446
[fold_2] 25,0.027814,0.760821,0.761330
[fold_2] 50,0.249851,0.321139,0.320538
[fold_2] 75,0.008428,0.152188,0.150323
[fold_2] 100,0.006998,0.111018,0.108457
[fold_2] 125,0.023258,0.102688,0.099954
[fold_2] 150,0.006629,0.090100,0.087015
[fold_2] 175,0.044875,0.085944,0.082683
[fold_2] 200,0.020648,0.081080,0.077582
[fold_2] 225,0.003855,0.078132,0.074540
[fold_2] 250,0.007501,0.079404,0.075817
[fold_2] 275,0.008037,0.075330,0.071634
[fold_2] 300,0.000701,0.076507,0.072873
[fold_2] 325,0.013245,0.072604,0.068694
[fold_2] 350,0.006914,0.072160,0.068352
[fold_2] 375,0.003018,0.072855,0.069027
[fold_2] 400,0.000707,0.070354,0.066494
[fold_2] 425,0.006614,0.067822,0.063695
[fold_2] 450,0.012751,0.067766,0.063667
[fold_2] 475,0.000439,0.066112,0.061907
[fold_2] 500,0.017035,0.074575,0.070884
[fold_2] 525,0.010424,0.064624,0.060309
[fold_2] 550,0.012231,0.064908,0.060574
[fold_2] 575,0.001990,0.067390,0.063411
[fold_2] 600,0.000673,0.072300,0.068522
[fold_2] 625,0.010311,0.064023,0.059741
[fold_2] 650,0.000463,0.062172,0.057746
[fold_2] 675,0.006030,0.061580,0.057094
[fold_2] 700,0.020406,0.064286,0.060069
[fold_2] 725,0.002461,0.060756,0.056227
[fold_2] 750,0.005051,0.062145,0.057657
[fold_2] 775,0.002270,0.061675,0.057239
[fold_2] 800,0.003711,0.061375,0.056882
[fold_2] 825,0.002258,0.059531,0.054980
[fold_2] 850,0.006345,0.059477,0.054937
[fold_2] 875,0.000424,0.059423,0.054831
[fold_2] 900,0.003693,0.059112,0.054490
[fold_2] 925,0.012604,0.060113,0.055651
[fold_2] 950,0.000970,0.058895,0.054302
[fold_2] 975,0.001405,0.058652,0.054043
[fold_2] 1000,0.036252,0.060216,0.055703
[fold_2] 1025,0.000934,0.058184,0.053515
[fold_2] 1050,0.004482,0.058093,0.053425
[fold_2] 1075,0.010922,0.059007,0.054441
[fold_2] 1100,0.006157,0.058024,0.053322
[fold_2] 1125,0.009739,0.057952,0.053296
[fold_2] 1150,0.000645,0.057750,0.053001
[fold_2] 1175,0.021877,0.057604,0.052895
[fold_2] 1200,0.001845,0.057600,0.052886
[fold_2] 1225,0.001501,0.057987,0.053266
[fold_2] 1250,0.004258,0.056889,0.052100
[fold_2] 1275,0.004480,0.057510,0.052775
[fold_2] 1300,0.011152,0.056926,0.052155
[fold_2] 1325,0.006625,0.057763,0.053147
[fold_2] 1350,0.011743,0.056723,0.051980
[fold_2] 1375,0.011063,0.056085,0.051293
[fold_2] 1400,0.029875,0.056009,0.051217
[fold_2] 1425,0.000154,0.055917,0.051104
[fold_2] 1450,0.000505,0.056362,0.051566
[fold_2] 1475,0.001289,0.056234,0.051436
[fold_2] 1500,0.034696,0.056803,0.052061
[fold_2] 1525,0.006054,0.055667,0.050835
[fold_2] 1550,0.026823,0.055608,0.050767
[fold_2] 1575,0.024964,0.055647,0.050791
[fold_2] 1600,0.000261,0.055583,0.050723
[fold_2] 1625,0.000750,0.055844,0.051032
[fold_2] 1650,0.000943,0.055766,0.050944
[fold_2] 1675,0.000724,0.055411,0.050554
[fold_2] 1700,0.000515,0.055401,0.050538
[fold_2] 1725,0.007047,0.056014,0.051222
[fold_2] 1750,0.000427,0.055412,0.050536
[fold_2] 1775,0.005379,0.055255,0.050377
[fold_2] 1800,0.000199,0.055260,0.050378
[fold_2] 1825,0.014532,0.055179,0.050293
[fold_2] 1850,0.002101,0.055418,0.050573
[fold_2] 1875,0.002114,0.055327,0.050468
[fold_2] 1900,0.004404,0.055191,0.050303
[fold_2] 1925,0.001067,0.055077,0.050184
[fold_2] 1950,0.002563,0.055003,0.050106
[fold_2] 1975,0.005482,0.054989,0.050098
[fold_2] 2000,0.000593,0.054952,0.050045
[fold_2] 2025,0.000788,0.055078,0.050167
[fold_2] 2050,0.004985,0.054980,0.050065
[fold_2] 2075,0.000913,0.054945,0.050028
[fold_2] 2100,0.003174,0.054951,0.050047
[fold_2] 2125,0.008937,0.054867,0.049961
[fold_2] 2150,0.001767,0.054916,0.050001
[fold_2] 2175,0.004912,0.054843,0.049921
[fold_2] 2200,0.001974,0.055028,0.050118
[fold_2] 2225,0.006877,0.054777,0.049854
[fold_2] 2250,0.000771,0.054876,0.049950
[fold_2] 2275,0.003099,0.054718,0.049791
[fold_2] 2300,0.005678,0.054805,0.049882
[fold_2] 2325,0.001540,0.054701,0.049766
[fold_2] 2350,0.013859,0.054989,0.050103
[fold_2] 2375,0.004733,0.054626,0.049691
[fold_2] 2400,0.001383,0.054959,0.050045
[fold_2] 2425,0.004709,0.054710,0.049776
[fold_2] 2450,0.009574,0.054609,0.049661
[fold_2] 2475,0.000988,0.054588,0.049651
[fold_2] 2500,0.005380,0.054681,0.049770
[fold_2] 2525,0.001016,0.054603,0.049661
[fold_2] 2550,0.001772,0.054531,0.049584
[fold_2] 2575,0.006903,0.054822,0.049922
[fold_2] 2600,0.000210,0.054500,0.049557
[fold_2] 2625,0.005309,0.054458,0.049515
[fold_2] 2650,0.001173,0.054417,0.049473
[fold_2] 2675,0.003911,0.054529,0.049594
[fold_2] 2700,0.002631,0.055135,0.050265
[fold_2] 2725,0.003374,0.054372,0.049414
[fold_2] 2750,0.034909,0.054424,0.049475
[fold_2] 2775,0.001171,0.054313,0.049361
[fold_2] 2800,0.066122,0.054425,0.049465
[fold_2] 2825,0.000415,0.054264,0.049316
[fold_2] 2850,0.000459,0.054323,0.049370
[fold_2] 2875,0.009529,0.054219,0.049259
[fold_2] 2900,0.000228,0.054460,0.049532
[fold_2] 2925,0.023297,0.054300,0.049371
[fold_2] 2950,0.002611,0.054135,0.049180
[fold_2] 2975,0.003677,0.054124,0.049179
[fold_2] 3000,0.000180,0.054119,0.049182
[fold_2] 3025,0.002311,0.054122,0.049179
[fold_2] 3050,0.000651,0.054048,0.049093
[fold_2] 3075,0.005676,0.054045,0.049090
[fold_2] 3100,0.001362,0.054042,0.049081
[fold_2] 3125,0.004222,0.054014,0.049050
[fold_2] 3150,0.003491,0.053982,0.049019
[fold_2] 3175,0.027101,0.053994,0.049026
[fold_2] 3200,0.000216,0.054025,0.049056
[fold_2] 3225,0.001569,0.054004,0.049032
[fold_2] 3250,0.001360,0.053935,0.048958
[fold_2] 3275,0.002054,0.053938,0.048961
[fold_2] 3300,0.005272,0.053952,0.048979
[fold_2] 3325,0.002771,0.053919,0.048947
[fold_2] 3350,0.005221,0.053936,0.048962
[fold_2] 3375,0.002787,0.053990,0.049011
[fold_2] 3400,0.001801,0.054011,0.049036
[fold_2] 3425,0.005468,0.053872,0.048889
[fold_2] 3450,0.010322,0.053870,0.048881
[fold_2] 3475,0.010531,0.053858,0.048872
[fold_2] 3500,0.001337,0.053929,0.048943
[fold_2] 3525,0.006760,0.053853,0.048864
[fold_2] 3550,0.016842,0.053833,0.048840
[fold_2] 3575,0.001736,0.053827,0.048836
[fold_2] 3600,0.007329,0.053845,0.048860
[fold_2] 3625,0.000823,0.053819,0.048837
[fold_5] 0,0.050053,1.024539,1.022704
[fold_5] 1,0.324198,1.025985,1.024092
[fold_5] 25,0.022078,0.722888,0.721528
[fold_5] 50,0.007981,0.270437,0.272299
[fold_5] 75,0.032542,0.145632,0.148575
[fold_5] 100,0.035090,0.111455,0.115344
[fold_5] 125,0.024306,0.097711,0.102212
[fold_5] 150,0.009770,0.087662,0.092791
[fold_5] 175,0.018011,0.082487,0.087872
[fold_5] 200,0.003980,0.079273,0.084847
[fold_5] 225,0.021410,0.078173,0.083876
[fold_5] 250,0.016983,0.076665,0.082382
[fold_5] 275,0.006705,0.076196,0.081963
[fold_5] 300,0.021003,0.075668,0.081444
[fold_5] 325,0.048458,0.075557,0.081406
[fold_5] 350,0.010002,0.074126,0.079925
[fold_5] 375,0.003032,0.068401,0.074707
[fold_5] 400,0.009357,0.066871,0.073379
[fold_5] 425,0.041111,0.074829,0.080548
[fold_5] 450,0.001584,0.064548,0.071250
[fold_5] 475,0.000546,0.065480,0.071966
[fold_5] 500,0.015983,0.065817,0.072404
[fold_5] 525,0.007984,0.067175,0.073491
[fold_5] 550,0.017664,0.062316,0.069145
[fold_5] 575,0.003847,0.063993,0.070668
[fold_5] 600,0.000923,0.061003,0.067977
[fold_5] 625,0.008434,0.060912,0.067913
[fold_5] 650,0.008342,0.061360,0.068326
[fold_5] 675,0.006384,0.060023,0.067125
[fold_5] 700,0.003218,0.059648,0.066746
[fold_5] 725,0.003568,0.059443,0.066580
[fold_5] 750,0.003935,0.061618,0.068584
[fold_5] 775,0.000312,0.058565,0.065751
[fold_5] 800,0.029754,0.060507,0.067568
[fold_5] 825,0.010210,0.058390,0.065571
[fold_5] 850,0.001899,0.057902,0.065131
[fold_5] 875,0.023945,0.057267,0.064591
[fold_5] 900,0.035727,0.057934,0.065136
[fold_5] 925,0.002220,0.057731,0.065051
[fold_5] 950,0.004538,0.057087,0.064408
[fold_5] 975,0.000233,0.056473,0.063828
[fold_5] 1000,0.003362,0.059502,0.066503
[fold_5] 1025,0.005669,0.058191,0.065363
[fold_5] 1050,0.014644,0.054953,0.062451
[fold_5] 1075,0.000445,0.054748,0.062276
[fold_5] 1100,0.001411,0.054982,0.062437
[fold_5] 1125,0.000631,0.054470,0.062040
[fold_5] 1150,0.000194,0.054945,0.062438
[fold_5] 1175,0.002104,0.068417,0.074630
[fold_5] 1200,0.006970,0.061383,0.068065
[fold_5] 1225,0.003396,0.053615,0.061258
[fold_5] 1250,0.000661,0.053110,0.060785
[fold_5] 1275,0.004083,0.054100,0.061611
[fold_5] 1300,0.002187,0.052871,0.060567
[fold_5] 1325,0.000162,0.052839,0.060527
[fold_5] 1350,0.010797,0.052903,0.060592
[fold_5] 1375,0.000499,0.053524,0.061160
[fold_5] 1400,0.008295,0.052719,0.060442
[fold_5] 1425,0.020417,0.052399,0.060137
[fold_5] 1450,0.017505,0.053118,0.060819
[fold_5] 1475,0.002273,0.052393,0.060172
[fold_5] 1500,0.003858,0.051994,0.059782
[fold_5] 1525,0.026569,0.051847,0.059674
[fold_5] 1550,0.008846,0.052022,0.059763
[fold_5] 1575,0.002761,0.052535,0.060209
[fold_5] 1600,0.000928,0.052247,0.059943
[fold_5] 1625,0.001162,0.051650,0.059473
[fold_5] 1650,0.008519,0.051262,0.059121
[fold_5] 1675,0.001893,0.051161,0.059027
[fold_5] 1700,0.004174,0.051312,0.059147
[fold_5] 1725,0.001172,0.050967,0.058848
[fold_5] 1750,0.003066,0.050978,0.058848
[fold_5] 1775,0.000311,0.050965,0.058826
[fold_5] 1800,0.000279,0.051235,0.059082
[fold_5] 1825,0.005252,0.050894,0.058774
[fold_5] 1850,0.014664,0.051014,0.058850
[fold_5] 1875,0.005465,0.051240,0.059091
[fold_5] 1900,0.026683,0.050605,0.058504
[fold_5] 1925,0.004702,0.051070,0.058911
[fold_5] 1950,0.004301,0.050493,0.058384
[fold_5] 1975,0.001455,0.050661,0.058554
[fold_5] 2000,0.019008,0.050629,0.058480
[fold_5] 2025,0.000918,0.050361,0.058259
[fold_5] 2050,0.007701,0.050358,0.058272
[fold_5] 2075,0.031567,0.050163,0.058094
[fold_5] 2100,0.015002,0.050140,0.058088
[fold_5] 2125,0.028371,0.050459,0.058354
[fold_5] 2150,0.002155,0.050474,0.058388
[fold_5] 2175,0.000423,0.049992,0.057956
[fold_5] 2200,0.002066,0.051247,0.058978
[fold_5] 2225,0.064307,0.049874,0.057840
[fold_5] 2250,0.001063,0.051319,0.059128
[fold_5] 2275,0.001219,0.049810,0.057762
[fold_5] 2300,0.008793,0.050052,0.058006
[fold_5] 2325,0.003534,0.049880,0.057847
[fold_5] 2350,0.010698,0.050426,0.058334
[fold_5] 2375,0.005558,0.049432,0.057449
[fold_5] 2400,0.000292,0.049405,0.057434
[fold_5] 2425,0.000167,0.049409,0.057423
[fold_5] 2450,0.000374,0.049362,0.057383
[fold_5] 2475,0.034915,0.049418,0.057445
[fold_5] 2500,0.008306,0.049381,0.057391
[fold_5] 2525,0.005723,0.049316,0.057356
[fold_5] 2550,0.000298,0.049234,0.057290
[fold_5] 2575,0.000792,0.049269,0.057320
[fold_5] 2600,0.002667,0.049448,0.057451
[fold_5] 2625,0.001260,0.049302,0.057346
[fold_5] 2650,0.005613,0.049291,0.057336
[fold_5] 2675,0.000685,0.049134,0.057197
[fold_5] 2700,0.000263,0.049079,0.057142
[fold_5] 2725,0.016333,0.049090,0.057147
[fold_5] 2750,0.010015,0.049136,0.057203
[fold_5] 2775,0.003022,0.049524,0.057548
[fold_5] 2800,0.000257,0.049144,0.057183
[fold_5] 2825,0.002266,0.049035,0.057097
[fold_5] 2850,0.014301,0.049051,0.057107
[fold_5] 2875,0.009159,0.049073,0.057142
[fold_5] 2900,0.003915,0.049096,0.057143
[fold_5] 2925,0.013631,0.048997,0.057065
[fold_5] 2950,0.010446,0.048994,0.057064
[fold_5] 2975,0.002351,0.048989,0.057055
[fold_5] 3000,0.000463,0.048979,0.057048
[fold_5] 3025,0.000916,0.049076,0.057145
[fold_5] 3050,0.000243,0.048987,0.057052
[fold_5] 3075,0.006934,0.049028,0.057100
[fold_5] 3100,0.001183,0.048961,0.057034
[fold_5] 3125,0.004982,0.049062,0.057109
[fold_5] 3150,0.002087,0.048962,0.057035
[fold_5] 3175,0.022983,0.048949,0.057024
[fold_5] 3200,0.002083,0.048946,0.057021
[fold_5] 3225,0.001221,0.048965,0.057042
[fold_5] 3250,0.000522,0.048934,0.057012
[fold_5] 3275,0.000184,0.048941,0.057019
[fold_5] 3300,0.000347,0.048951,0.057032
[fold_5] 3325,0.003878,0.048910,0.056991
[fold_5] 3350,0.011217,0.048912,0.056991
[fold_5] 3375,0.015779,0.048919,0.056993
[fold_5] 3400,0.024430,0.048906,0.056978
[fold_5] 3425,0.000452,0.048991,0.057042
[fold_5] 3450,0.000502,0.048963,0.057043
[fold_5] 3475,0.000578,0.048974,0.057049
[fold_5] 3500,0.015876,0.048931,0.057000
[fold_5] 3525,0.008655,0.048909,0.056995
[fold_5] 3550,0.012547,0.048875,0.056964
[fold_5] 3575,0.023475,0.048871,0.056949
[fold_5] 3600,0.049714,0.048889,0.056959
[fold_5] 3625,0.003331,0.048837,0.056921
[fold_4] 0,1.594079,1.024555,1.025824
[fold_4] 1,1.981284,1.013028,1.014258
[fold_4] 25,0.528944,0.755120,0.755096
[fold_4] 50,0.128729,0.219802,0.217684
[fold_4] 75,0.019928,0.156370,0.154133
[fold_4] 100,0.016575,0.113837,0.111078
[fold_4] 125,0.000721,0.099749,0.097066
[fold_4] 150,0.001455,0.090300,0.087402
[fold_4] 175,0.005943,0.087106,0.084273
[fold_4] 200,0.018985,0.081875,0.078846
[fold_4] 225,0.007391,0.084081,0.081171
[fold_4] 250,0.001603,0.077228,0.073957
[fold_4] 275,0.002556,0.073759,0.070393
[fold_4] 300,0.006578,0.075836,0.072630
[fold_4] 325,0.000734,0.072313,0.069021
[fold_4] 350,0.000861,0.071318,0.067878
[fold_4] 375,0.007272,0.072350,0.068844
[fold_4] 400,0.015431,0.067277,0.063597
[fold_4] 425,0.020990,0.067625,0.063960
[fold_4] 450,0.004245,0.065597,0.061848
[fold_4] 475,0.002673,0.068005,0.064568
[fold_4] 500,0.017463,0.067690,0.063952
[fold_4] 525,0.008261,0.063654,0.059755
[fold_4] 550,0.003020,0.065603,0.062043
[fold_4] 575,0.000201,0.063239,0.059483
[fold_4] 600,0.011325,0.072388,0.068880
[fold_4] 625,0.000699,0.062902,0.059053
[fold_4] 650,0.006749,0.061688,0.057995
[fold_4] 675,0.004805,0.062747,0.059220
[fold_4] 700,0.000951,0.061467,0.057922
[fold_4] 725,0.000224,0.064849,0.061471
[fold_4] 750,0.004008,0.063138,0.059714
[fold_4] 775,0.030095,0.065464,0.062051
[fold_4] 800,0.001997,0.058240,0.054406
[fold_4] 825,0.000368,0.057339,0.053303
[fold_4] 850,0.006182,0.057537,0.053643
[fold_4] 875,0.022280,0.057513,0.053494
[fold_4] 900,0.006648,0.057142,0.053000
[fold_4] 925,0.006091,0.058198,0.054149
[fold_4] 950,0.013451,0.056723,0.052644
[fold_4] 975,0.001347,0.058879,0.054887
[fold_4] 1000,0.025274,0.056058,0.051940
[fold_4] 1025,0.005324,0.055391,0.051165
[fold_4] 1050,0.029990,0.058751,0.054694
[fold_4] 1075,0.027020,0.056879,0.052887
[fold_4] 1100,0.002095,0.054644,0.050457
[fold_4] 1125,0.000843,0.055498,0.051440
[fold_4] 1150,0.018085,0.054884,0.050675
[fold_4] 1175,0.001509,0.055096,0.050961
[fold_4] 1200,0.005239,0.053883,0.049576
[fold_4] 1225,0.002165,0.054122,0.049848
[fold_4] 1250,0.004967,0.053843,0.049503
[fold_4] 1275,0.001081,0.053645,0.049313
[fold_4] 1300,0.008154,0.053575,0.049213
[fold_4] 1325,0.002762,0.054363,0.050093
[fold_4] 1350,0.003405,0.054294,0.050073
[fold_4] 1375,0.002186,0.053484,0.049152
[fold_4] 1400,0.001537,0.053737,0.049460
[fold_4] 1425,0.032637,0.053616,0.049230
[fold_4] 1450,0.025822,0.053195,0.048788
[fold_4] 1475,0.002004,0.053469,0.049111
[fold_4] 1500,0.000716,0.053331,0.048921
[fold_4] 1525,0.006246,0.052878,0.048399
[fold_4] 1550,0.001188,0.053444,0.049027
[fold_4] 1575,0.010191,0.053226,0.048747
[fold_4] 1600,0.002807,0.053456,0.048863
[fold_4] 1625,0.000267,0.052731,0.048149
[fold_4] 1650,0.000693,0.052622,0.047976
[fold_4] 1675,0.000290,0.053252,0.048651
[fold_4] 1700,0.048772,0.052511,0.047887
[fold_4] 1725,0.004545,0.052453,0.047850
[fold_4] 1750,0.001037,0.052489,0.047918
[fold_4] 1775,0.000344,0.052516,0.047909
[fold_4] 1800,0.002112,0.052277,0.047626
[fold_4] 1825,0.000503,0.052808,0.048154
[fold_4] 1850,0.063126,0.052821,0.048266
[fold_4] 1875,0.000453,0.052135,0.047498
[fold_4] 1900,0.006467,0.052440,0.047854
[fold_4] 1925,0.027232,0.052131,0.047511
[fold_4] 1950,0.000522,0.052078,0.047471
[fold_4] 1975,0.005088,0.052564,0.048035
[fold_4] 2000,0.007585,0.052091,0.047434
[fold_4] 2025,0.000919,0.051810,0.047180
[fold_4] 2050,0.001183,0.051880,0.047248
[fold_4] 2075,0.006445,0.051952,0.047364
[fold_4] 2100,0.039744,0.051797,0.047136
[fold_4] 2125,0.016294,0.051773,0.047056
[fold_4] 2150,0.019338,0.051876,0.047128
[fold_4] 2175,0.006101,0.053491,0.048822
[fold_4] 2200,0.009917,0.052028,0.047373
[fold_4] 2225,0.002017,0.051642,0.046894
[fold_4] 2250,0.010679,0.051840,0.047115
[fold_4] 2275,0.000841,0.051605,0.046874
[fold_4] 2300,0.014773,0.051588,0.046869
[fold_4] 2325,0.036628,0.051530,0.046754
[fold_4] 2350,0.002086,0.051603,0.046843
[fold_4] 2375,0.002532,0.052141,0.047375
[fold_4] 2400,0.036730,0.051887,0.047088
[fold_4] 2425,0.000843,0.051485,0.046707
[fold_4] 2450,0.000241,0.051465,0.046690
[fold_4] 2475,0.001844,0.051503,0.046710
[fold_4] 2500,0.002438,0.051798,0.047084
[fold_4] 2525,0.002894,0.051783,0.047051
[fold_4] 2550,0.003909,0.051424,0.046654
[fold_4] 2575,0.003894,0.051405,0.046610
[fold_4] 2600,0.003758,0.051435,0.046673
[fold_4] 2625,0.000338,0.051369,0.046609
[fold_4] 2650,0.000960,0.051360,0.046587
[fold_4] 2675,0.001451,0.051510,0.046761
[fold_4] 2700,0.002219,0.051346,0.046575
[fold_4] 2725,0.009648,0.051341,0.046569
[fold_4] 2750,0.011859,0.051403,0.046627
[fold_4] 2775,0.000399,0.051376,0.046592
[fold_4] 2800,0.000933,0.051315,0.046548
[fold_4] 2825,0.000157,0.051442,0.046663
[fold_4] 2850,0.002940,0.051303,0.046523
[fold_4] 2875,0.032372,0.051295,0.046510
[fold_4] 2900,0.002758,0.051341,0.046541
[fold_4] 2925,0.047601,0.051355,0.046591
[fold_4] 2950,0.008884,0.051312,0.046531
[fold_4] 2975,0.107676,0.051319,0.046517
[fold_4] 3000,0.003780,0.051332,0.046526
[fold_4] 3025,0.008012,0.051290,0.046532
[fold_4] 3050,0.002223,0.051254,0.046479
[fold_4] 3075,0.034355,0.051315,0.046535
[fold_4] 3100,0.001898,0.051333,0.046562
[fold_4] 3125,0.004124,0.051290,0.046539
[fold_4] 3150,0.002356,0.051285,0.046535
[fold_4] 3175,0.004282,0.051312,0.046540
[fold_4] 3200,0.037065,0.051479,0.046730
[fold_4] 3225,0.001034,0.051313,0.046541
[fold_4] 3250,0.001393,0.051218,0.046442
[fold_4] 3275,0.002306,0.051240,0.046445
[fold_4] 3300,0.004367,0.051254,0.046476
[fold_4] 3325,0.009213,0.051225,0.046440
[fold_4] 3350,0.000156,0.051231,0.046465
[fold_4] 3375,0.004700,0.051199,0.046413
[fold_4] 3400,0.003126,0.051201,0.046423
[fold_4] 3425,0.005554,0.051195,0.046416
[fold_4] 3450,0.024781,0.051199,0.046410
[fold_4] 3475,0.009090,0.051189,0.046410
[fold_4] 3500,0.000764,0.051201,0.046440
[fold_4] 3525,0.007467,0.051192,0.046406
[fold_4] 3550,0.024835,0.051168,0.046383

Cross-validation summary
Mean train RMSE norm      : 0.051186
Mean validation RMSE norm : 0.051035
Median best epoch         : 3625
Best-so-far checkpoint    : kept previous
Training-curve plot       : plots/cross_validation_curves.png
