[fold_3] 0,2.212168,1.007695,1.006788
[fold_3] 1,0.098524,1.001776,1.000843
[fold_3] 25,0.139935,0.622892,0.622489
[fold_3] 50,0.103941,0.254465,0.256151
[fold_3] 75,0.000783,0.183274,0.184242
[fold_3] 100,0.000480,0.174707,0.176023
[fold_3] 125,0.007898,0.111458,0.113877
[fold_3] 150,0.010505,0.101592,0.104165
[fold_3] 175,0.015181,0.076870,0.080146
[fold_3] 200,0.007540,0.072988,0.076488
[fold_3] 225,0.000873,0.069971,0.073452
[fold_3] 250,0.001513,0.075748,0.079017
[fold_3] 275,0.006420,0.069655,0.073204
[fold_3] 300,0.000670,0.067853,0.071578
[fold_3] 325,0.008673,0.062897,0.066799
[fold_3] 350,0.000765,0.062126,0.066045
[fold_3] 375,0.000117,0.064557,0.068193
[fold_3] 400,0.014343,0.062000,0.065997
[fold_3] 425,0.001018,0.060059,0.064138
[fold_3] 450,0.008691,0.060228,0.064165
[fold_3] 475,0.001714,0.059188,0.063086
[fold_3] 500,0.003515,0.057719,0.061648
[fold_3] 525,0.001535,0.057512,0.061437
[fold_3] 550,0.000236,0.058882,0.062633
[fold_3] 575,0.001894,0.057729,0.061517
[fold_3] 600,0.003238,0.057839,0.061656
[fold_3] 625,0.003643,0.055060,0.059061
[fold_3] 650,0.000772,0.055268,0.059179
[fold_3] 675,0.006678,0.054550,0.058526
[fold_3] 700,0.000164,0.054977,0.058897
[fold_3] 725,0.001473,0.056736,0.060454
[fold_3] 750,0.033208,0.055096,0.058866
[fold_3] 775,0.000832,0.055265,0.059037
[fold_3] 800,0.002381,0.053717,0.057582
[fold_3] 825,0.005819,0.053858,0.057708
[fold_3] 850,0.004756,0.054271,0.058095
[fold_3] 875,0.004112,0.053342,0.057276
[fold_3] 900,0.002930,0.053363,0.057298
[fold_3] 925,0.010946,0.053158,0.057073
[fold_3] 950,0.008846,0.053252,0.057183
[fold_3] 975,0.002254,0.053309,0.057187
[fold_3] 1000,0.006024,0.052825,0.056748
[fold_3] 1025,0.005561,0.052785,0.056726
[fold_3] 1050,0.000157,0.052919,0.056852
[fold_3] 1075,0.000414,0.055376,0.059144
[fold_3] 1100,0.003925,0.053452,0.057517
[fold_3] 1125,0.000152,0.052479,0.056661
[fold_3] 1150,0.006259,0.052513,0.056696
[fold_3] 1175,0.002101,0.052507,0.056679
[fold_3] 1200,0.000469,0.052359,0.056543
[fold_3] 1225,0.014142,0.052705,0.056887
[fold_3] 1250,0.019157,0.052184,0.056377
[fold_3] 1275,0.011231,0.052625,0.056815
[fold_3] 1300,0.000149,0.052381,0.056594
[fold_3] 1325,0.002801,0.052147,0.056395
[fold_3] 1350,0.007351,0.052079,0.056329
[fold_3] 1375,0.013043,0.052089,0.056340
[fold_3] 1400,0.000945,0.052388,0.056578
[fold_3] 1425,0.000248,0.052278,0.056482
[fold_3] 1450,0.026712,0.051959,0.056205
[fold_3] 1475,0.109221,0.052051,0.056297
[fold_3] 1500,0.008043,0.052025,0.056268
[fold_3] 1525,0.014297,0.052101,0.056319
[fold_3] 1550,0.001726,0.052027,0.056273
[fold_3] 1575,0.000199,0.052024,0.056266
[fold_3] 1600,0.000103,0.051961,0.056189
[fold_3] 1625,0.014417,0.051893,0.056135
[fold_3] 1650,0.000164,0.052020,0.056255
[fold_3] 1675,0.000107,0.051936,0.056172
[fold_3] 1700,0.021246,0.051845,0.056074
[fold_3] 1725,0.001858,0.051834,0.056057
[fold_3] 1750,0.001281,0.051807,0.056031
[fold_3] 1775,0.004552,0.051809,0.056029
[fold_3] 1800,0.000654,0.051884,0.056095
[fold_3] 1825,0.004351,0.051789,0.056012
[fold_3] 1850,0.003213,0.051913,0.056123
[fold_3] 1875,0.010186,0.051866,0.056080
[fold_3] 1900,0.000683,0.051788,0.056006
[fold_3] 1925,0.014802,0.051756,0.055982
[fold_3] 1950,0.006164,0.051823,0.056042
[fold_3] 1975,0.005102,0.051874,0.056099
[fold_3] 2000,0.003236,0.051734,0.055960
[fold_3] 2025,0.000929,0.051858,0.056084
[fold_3] 2050,0.006499,0.051790,0.056015
[fold_3] 2075,0.003329,0.051859,0.056078
[fold_3] 2100,0.001880,0.051729,0.055944
[fold_3] 2125,0.034327,0.051719,0.055933
[fold_3] 2150,0.006546,0.051748,0.055961
[fold_3] 2175,0.009319,0.051712,0.055932
[fold_3] 2200,0.001519,0.051802,0.056014
[fold_3] 2225,0.000322,0.051713,0.055943
[fold_3] 2250,0.001140,0.051698,0.055933
[fold_3] 2275,0.016899,0.051674,0.055904
[fold_3] 2300,0.002227,0.051838,0.056065
[fold_3] 2325,0.027727,0.051689,0.055917
[fold_2] 0,0.894629,1.007657,1.008924
[fold_2] 1,0.373322,1.000649,1.001883
[fold_2] 25,0.011483,0.533658,0.534077
[fold_2] 50,0.031041,0.221513,0.219750
[fold_2] 75,0.018885,0.149676,0.148086
[fold_2] 100,0.039515,0.177388,0.176295
[fold_2] 125,0.033671,0.114767,0.112421
[fold_2] 150,0.025202,0.113757,0.111740
[fold_2] 175,0.003459,0.089704,0.086713
[fold_2] 200,0.024988,0.081950,0.078531
[fold_2] 225,0.000354,0.078156,0.074532
[fold_2] 250,0.004760,0.074380,0.070594
[fold_2] 275,0.020599,0.075173,0.071509
[fold_2] 300,0.031423,0.068799,0.064645
[fold_2] 325,0.002078,0.067629,0.063557
[fold_2] 350,0.004413,0.065237,0.060991
[fold_2] 375,0.003974,0.063673,0.059279
[fold_2] 400,0.001968,0.063492,0.059029
[fold_2] 425,0.003975,0.065613,0.061256
[fold_2] 450,0.001309,0.061298,0.056625
[fold_2] 475,0.010603,0.060290,0.055629
[fold_2] 500,0.068723,0.062097,0.057539
[fold_2] 525,0.000300,0.081817,0.078633
[fold_2] 550,0.006579,0.059235,0.054334
[fold_2] 575,0.000189,0.059295,0.054563
[fold_2] 600,0.002120,0.059050,0.054471
[fold_2] 625,0.003581,0.057515,0.052704
[fold_2] 650,0.002320,0.059910,0.055350
[fold_2] 675,0.000237,0.056499,0.051598
[fold_2] 700,0.000709,0.057077,0.052166
[fold_2] 725,0.005251,0.058866,0.054092
[fold_2] 750,0.007193,0.058291,0.053553
[fold_2] 775,0.000248,0.055191,0.050144
[fold_2] 800,0.089230,0.057106,0.052242
[fold_2] 825,0.000639,0.054620,0.049559
[fold_2] 850,0.002040,0.056337,0.051407
[fold_2] 875,0.007214,0.054745,0.049671
[fold_2] 900,0.010013,0.055703,0.050648
[fold_2] 925,0.006819,0.054243,0.049043
[fold_2] 950,0.000533,0.054859,0.049745
[fold_2] 975,0.000387,0.055570,0.050605
[fold_2] 1000,0.000122,0.054319,0.049216
[fold_2] 1025,0.028399,0.053897,0.048713
[fold_2] 1050,0.000140,0.053758,0.048568
[fold_2] 1075,0.010021,0.053842,0.048681
[fold_2] 1100,0.000453,0.053811,0.048629
[fold_2] 1125,0.001998,0.053880,0.048709
[fold_2] 1150,0.005306,0.053655,0.048447
[fold_2] 1175,0.007687,0.053781,0.048569
[fold_2] 1200,0.000356,0.053765,0.048581
[fold_2] 1225,0.003216,0.053694,0.048525
[fold_2] 1250,0.019983,0.053809,0.048624
[fold_2] 1275,0.002254,0.053582,0.048385
[fold_2] 1300,0.000358,0.053947,0.048816
[fold_2] 1325,0.009850,0.053507,0.048317
[fold_2] 1350,0.000137,0.053510,0.048315
[fold_2] 1375,0.012333,0.053498,0.048312
[fold_2] 1400,0.004836,0.053495,0.048297
[fold_2] 1425,0.000090,0.053678,0.048495
[fold_2] 1450,0.005856,0.053450,0.048256
[fold_2] 1475,0.000171,0.053631,0.048455
[fold_2] 1500,0.006000,0.053434,0.048232
[fold_2] 1525,0.001459,0.053653,0.048474
[fold_2] 1550,0.002468,0.053399,0.048210
[fold_2] 1575,0.008860,0.053452,0.048263
[fold_2] 1600,0.042065,0.053475,0.048300
[fold_2] 1625,0.002074,0.053368,0.048179
[fold_2] 1650,0.000132,0.053401,0.048214
[fold_2] 1675,0.012076,0.053431,0.048244
[fold_2] 1700,0.006458,0.053468,0.048281
[fold_2] 1725,0.000860,0.053407,0.048222
[fold_2] 1750,0.000893,0.053338,0.048149
[fold_2] 1775,0.009891,0.053296,0.048098
[fold_2] 1800,0.002232,0.053466,0.048284
[fold_2] 1825,0.008320,0.053276,0.048081
[fold_2] 1850,0.006963,0.053282,0.048093
[fold_2] 1875,0.000281,0.053342,0.048153
[fold_2] 1900,0.007054,0.053285,0.048089
[fold_2] 1925,0.000320,0.053257,0.048060
[fold_2] 1950,0.000172,0.053276,0.048083
[fold_2] 1975,0.007042,0.053401,0.048222
[fold_2] 2000,0.000102,0.053260,0.048064
[fold_2] 2025,0.002704,0.053238,0.048040
[fold_2] 2050,0.007342,0.053277,0.048084
[fold_2] 2075,0.002443,0.053259,0.048061
[fold_2] 2100,0.000964,0.053273,0.048078
[fold_2] 2125,0.002808,0.053244,0.048048
[fold_2] 2150,0.000488,0.053204,0.048008
[fold_2] 2175,0.001250,0.053235,0.048042
[fold_2] 2200,0.031557,0.053201,0.048003
[fold_2] 2225,0.003807,0.053201,0.048001
[fold_2] 2250,0.012570,0.053214,0.048021
[fold_2] 2275,0.004267,0.053207,0.048012
[fold_2] 2300,0.000199,0.053220,0.048023
[fold_2] 2325,0.000132,0.053188,0.047981
[fold_2] 2350,0.000449,0.053226,0.048025
[fold_5] 0,0.392117,1.007650,1.006347
[fold_5] 1,0.933901,0.989420,0.988147
[fold_5] 25,0.286905,0.565778,0.566369
[fold_5] 50,0.021748,0.224336,0.227497
[fold_5] 75,0.010883,0.156275,0.159853
[fold_5] 100,0.009461,0.125532,0.129357
[fold_5] 125,0.031441,0.111403,0.115642
[fold_5] 150,0.013086,0.102625,0.107160
[fold_5] 175,0.002501,0.078341,0.083761
[fold_5] 200,0.022195,0.080555,0.085799
[fold_5] 225,0.000184,0.071796,0.077765
[fold_5] 250,0.003472,0.069284,0.075326
[fold_5] 275,0.005149,0.067850,0.073953
[fold_5] 300,0.005497,0.071333,0.077248
[fold_5] 325,0.010472,0.063491,0.070101
[fold_5] 350,0.001412,0.067867,0.074145
[fold_5] 375,0.001728,0.061409,0.068221
[fold_5] 400,0.000951,0.060525,0.067374
[fold_5] 425,0.001259,0.060491,0.067424
[fold_5] 450,0.002000,0.063673,0.070124
[fold_5] 475,0.007158,0.058148,0.065270
[fold_5] 500,0.011545,0.063194,0.069823
[fold_5] 525,0.014529,0.057008,0.064243
[fold_5] 550,0.001005,0.056697,0.063928
[fold_5] 575,0.000379,0.056169,0.063459
[fold_5] 600,0.003750,0.055843,0.063276
[fold_5] 625,0.038608,0.056220,0.063613
[fold_5] 650,0.004194,0.054813,0.062326
[fold_5] 675,0.000484,0.054488,0.062084
[fold_5] 700,0.001924,0.055224,0.062642
[fold_5] 725,0.002168,0.059431,0.066493
[fold_5] 750,0.005941,0.057925,0.065055
[fold_5] 775,0.004589,0.053732,0.061450
[fold_5] 800,0.010748,0.053333,0.061078
[fold_5] 825,0.000485,0.052927,0.060715
[fold_5] 850,0.004068,0.052430,0.060244
[fold_5] 875,0.000438,0.051978,0.059797
[fold_5] 900,0.010683,0.053338,0.060978
[fold_5] 925,0.008011,0.056295,0.063539
[fold_5] 950,0.001436,0.052233,0.060047
[fold_5] 975,0.028536,0.054859,0.062253
[fold_5] 1000,0.000136,0.051575,0.059471
[fold_5] 1025,0.001500,0.051844,0.059674
[fold_5] 1050,0.000653,0.051666,0.059464
[fold_5] 1075,0.022699,0.051367,0.059201
[fold_5] 1100,0.000669,0.051151,0.059005
[fold_5] 1125,0.001148,0.056539,0.063806
[fold_5] 1150,0.001064,0.050974,0.058882
[fold_5] 1175,0.025260,0.051132,0.059036
[fold_5] 1200,0.007627,0.051264,0.059141
[fold_5] 1225,0.000392,0.051092,0.058958
[fold_5] 1250,0.009986,0.050794,0.058692
[fold_5] 1275,0.032607,0.050805,0.058680
[fold_5] 1300,0.011222,0.051010,0.058898
[fold_5] 1325,0.002851,0.050576,0.058521
[fold_5] 1350,0.000843,0.051420,0.059209
[fold_5] 1375,0.019619,0.050513,0.058450
[fold_5] 1400,0.004269,0.050895,0.058795
[fold_5] 1425,0.001818,0.050850,0.058702
[fold_5] 1450,0.002150,0.050353,0.058320
[fold_5] 1475,0.003659,0.050457,0.058409
[fold_5] 1500,0.001993,0.050422,0.058341
[fold_5] 1525,0.006063,0.051001,0.058818
[fold_5] 1550,0.001043,0.050163,0.058132
[fold_5] 1575,0.003138,0.050180,0.058130
[fold_5] 1600,0.000425,0.050166,0.058138
[fold_5] 1625,0.000423,0.050259,0.058226
[fold_5] 1650,0.000524,0.050080,0.058052
[fold_5] 1675,0.005393,0.050162,0.058116
[fold_5] 1700,0.014134,0.050138,0.058115
[fold_5] 1725,0.001348,0.050074,0.058039
[fold_5] 1750,0.001779,0.050091,0.058069
[fold_5] 1775,0.000626,0.050067,0.058036
[fold_5] 1800,0.000611,0.050023,0.057992
[fold_5] 1825,0.012816,0.050109,0.058083
[fold_5] 1850,0.014135,0.050040,0.058021
[fold_5] 1875,0.017081,0.050212,0.058146
[fold_5] 1900,0.000733,0.050002,0.057988
[fold_5] 1925,0.008308,0.050043,0.058010
[fold_5] 1950,0.000079,0.050022,0.057976
[fold_5] 1975,0.003459,0.050129,0.058090
[fold_5] 2000,0.000798,0.049948,0.057930
[fold_5] 2025,0.000181,0.049964,0.057937
[fold_5] 2050,0.003285,0.049934,0.057916
[fold_5] 2075,0.000979,0.050039,0.058019
[fold_5] 2100,0.016475,0.050086,0.058028
[fold_5] 2125,0.000318,0.049940,0.057918
[fold_5] 2150,0.007657,0.049924,0.057912
[fold_5] 2175,0.001563,0.050060,0.058012
[fold_5] 2200,0.010790,0.049927,0.057915
[fold_5] 2225,0.003107,0.049916,0.057907
[fold_5] 2250,0.011036,0.049979,0.057947
[fold_5] 2275,0.003100,0.049888,0.057872
[fold_5] 2300,0.004983,0.049880,0.057867
[fold_5] 2325,0.009177,0.049913,0.057899
[fold_5] 2350,0.001906,0.049886,0.057871
[fold_5] 2375,0.040231,0.049882,0.057866
[fold_5] 2400,0.000754,0.049882,0.057871
[fold_5] 2425,0.012978,0.049876,0.057859
[fold_5] 2450,0.000423,0.049872,0.057867
[fold_5] 2475,0.000481,0.049878,0.057871
[fold_4] 0,1.624520,1.007703,1.009261
[fold_4] 1,0.080165,1.001995,1.003519
[fold_4] 25,0.017886,0.663247,0.663658
[fold_4] 50,0.066963,0.295100,0.294295
[fold_4] 75,0.060382,0.233054,0.232297
[fold_4] 100,0.043886,0.206893,0.205926
[fold_4] 125,0.053613,0.123280,0.121355
[fold_4] 150,0.018023,0.099853,0.097017
[fold_4] 175,0.001325,0.085501,0.081901
[fold_4] 200,0.211404,0.086668,0.083288
[fold_4] 225,0.001156,0.081408,0.077743
[fold_4] 250,0.003019,0.073004,0.069077
[fold_4] 275,0.016055,0.074042,0.069929
[fold_4] 300,0.057176,0.069172,0.064993
[fold_4] 325,0.000728,0.068985,0.064867
[fold_4] 350,0.001528,0.066594,0.062586
[fold_4] 375,0.002556,0.065603,0.061395
[fold_4] 400,0.001400,0.064068,0.059730
[fold_4] 425,0.004529,0.063182,0.058803
[fold_4] 450,0.000161,0.062615,0.058310
[fold_4] 475,0.000206,0.064052,0.060210
[fold_4] 500,0.000248,0.064040,0.060331
[fold_4] 525,0.001304,0.060217,0.055986
[fold_4] 550,0.002878,0.061388,0.057150
[fold_4] 575,0.007034,0.058740,0.054494
[fold_4] 600,0.003922,0.057963,0.053533
[fold_4] 625,0.010072,0.059394,0.055103
[fold_4] 650,0.003840,0.058452,0.053833
[fold_4] 675,0.031367,0.061784,0.057359
[fold_4] 700,0.001734,0.061963,0.057593
[fold_4] 725,0.002361,0.056337,0.051870
[fold_4] 750,0.000896,0.056707,0.052190
[fold_4] 775,0.001251,0.060907,0.056797
[fold_4] 800,0.009808,0.058550,0.054162
[fold_4] 825,0.005560,0.057291,0.052616
[fold_4] 850,0.003227,0.055955,0.051263
[fold_4] 875,0.002999,0.055594,0.050795
[fold_4] 900,0.000147,0.055260,0.050495
[fold_4] 925,0.001438,0.055079,0.050347
[fold_4] 950,0.004699,0.055476,0.050737
[fold_4] 975,0.015135,0.054936,0.050169
[fold_4] 1000,0.000189,0.055620,0.050930
[fold_4] 1025,0.003632,0.057191,0.052605
[fold_4] 1050,0.000413,0.055819,0.051137
[fold_4] 1075,0.005867,0.054628,0.049868
[fold_4] 1100,0.000244,0.054410,0.049624
[fold_4] 1125,0.000401,0.054708,0.049906
[fold_4] 1150,0.000097,0.054290,0.049479
[fold_4] 1175,0.000199,0.054686,0.049938
[fold_4] 1200,0.000154,0.054367,0.049577
[fold_4] 1225,0.006483,0.054231,0.049376
[fold_4] 1250,0.002786,0.054453,0.049630
[fold_4] 1275,0.009287,0.054193,0.049372
[fold_4] 1300,0.000520,0.055428,0.050668
[fold_4] 1325,0.004201,0.054188,0.049303
[fold_4] 1350,0.000299,0.054012,0.049117
[fold_4] 1375,0.009595,0.054245,0.049408
[fold_4] 1400,0.003644,0.054029,0.049186
[fold_4] 1425,0.000971,0.054291,0.049429
[fold_4] 1450,0.012479,0.054091,0.049241
[fold_4] 1475,0.004832,0.053896,0.049026
[fold_4] 1500,0.001164,0.054155,0.049312
[fold_4] 1525,0.000464,0.054083,0.049216
[fold_4] 1550,0.007713,0.053875,0.048993
[fold_4] 1575,0.007442,0.053894,0.049044
[fold_4] 1600,0.000309,0.053961,0.049087
[fold_4] 1625,0.006927,0.053854,0.048991
[fold_4] 1650,0.009231,0.053811,0.048929
[fold_4] 1675,0.002301,0.053948,0.049084
[fold_4] 1700,0.002230,0.053780,0.048914
[fold_4] 1725,0.001862,0.053767,0.048885
[fold_4] 1750,0.001661,0.053844,0.049015
[fold_4] 1775,0.001808,0.053750,0.048888
[fold_4] 1800,0.004101,0.053821,0.048963
[fold_4] 1825,0.000241,0.053856,0.048986
[fold_4] 1850,0.007175,0.053742,0.048856
[fold_4] 1875,0.000130,0.053740,0.048856
[fold_4] 1900,0.027930,0.053709,0.048834
[fold_4] 1925,0.001779,0.053724,0.048839
[fold_4] 1950,0.019487,0.053700,0.048828
[fold_4] 1975,0.005265,0.053707,0.048832
[fold_4] 2000,0.002327,0.053785,0.048915
[fold_4] 2025,0.003830,0.053708,0.048834
[fold_4] 2050,0.001159,0.053734,0.048882
[fold_4] 2075,0.023030,0.053686,0.048840
[fold_4] 2100,0.025617,0.053667,0.048809
[fold_4] 2125,0.003581,0.053689,0.048819
[fold_4] 2150,0.019636,0.053715,0.048842
[fold_4] 2175,0.004039,0.053652,0.048796
[fold_4] 2200,0.015549,0.053647,0.048778
[fold_4] 2225,0.000077,0.053644,0.048772
[fold_4] 2250,0.004535,0.053718,0.048853
[fold_4] 2275,0.002292,0.053631,0.048774
[fold_4] 2300,0.005820,0.053649,0.048754
[fold_4] 2325,0.005313,0.053703,0.048847
[fold_4] 2350,0.087176,0.053628,0.048776
[fold_4] 2375,0.002116,0.053649,0.048766
[fold_4] 2400,0.000107,0.053762,0.048906
[fold_4] 2425,0.005324,0.053596,0.048708
[fold_4] 2450,0.006339,0.053583,0.048701
[fold_4] 2475,0.008949,0.053603,0.048730
[fold_4] 2500,0.000099,0.053601,0.048737
[fold_4] 2525,0.002481,0.053548,0.048675
[fold_4] 2550,0.006811,0.053543,0.048676
[fold_4] 2575,0.008092,0.053541,0.048672
[fold_4] 2600,0.000881,0.053540,0.048667
[fold_4] 2625,0.002553,0.053537,0.048653
[fold_4] 2650,0.000179,0.053519,0.048644
[fold_4] 2675,0.001604,0.053510,0.048637
[fold_4] 2700,0.001412,0.053508,0.048634
[fold_4] 2725,0.002501,0.053498,0.048618
[fold_4] 2750,0.016289,0.053602,0.048759
[fold_4] 2775,0.019401,0.053533,0.048649
[fold_4] 2800,0.006302,0.053471,0.048597
[fold_1] 0,0.282497,1.007684,1.007069
[fold_1] 1,0.820448,0.989057,0.988488
[fold_1] 25,0.307928,0.573334,0.572306
[fold_1] 50,0.043819,0.234399,0.231849
[fold_1] 75,0.093274,0.175824,0.173018
[fold_1] 100,0.017190,0.159713,0.157784
[fold_1] 125,0.031815,0.167349,0.166059
[fold_1] 150,0.014336,0.119105,0.117535
[fold_1] 175,0.067882,0.084141,0.082395
[fold_1] 200,0.028075,0.077658,0.075743
[fold_1] 225,0.006335,0.074311,0.072472
[fold_1] 250,0.001187,0.070616,0.068630
[fold_1] 275,0.001713,0.071755,0.069884
[fold_1] 300,0.002403,0.065780,0.063657
[fold_1] 325,0.006158,0.064672,0.062634
[fold_1] 350,0.025288,0.063546,0.061401
[fold_1] 375,0.002067,0.063806,0.061640
[fold_1] 400,0.000961,0.063009,0.060680
[fold_1] 425,0.000258,0.066681,0.064395
[fold_1] 450,0.000661,0.063589,0.061205
[fold_1] 475,0.001659,0.059410,0.056968
[fold_1] 500,0.001664,0.061159,0.058779
[fold_1] 525,0.014980,0.059660,0.057295
[fold_1] 550,0.000122,0.057108,0.054611
[fold_1] 575,0.009228,0.058026,0.055498
[fold_1] 600,0.005833,0.058330,0.055803
[fold_1] 625,0.003689,0.056554,0.053911
[fold_1] 650,0.002425,0.055943,0.053283
[fold_1] 675,0.000477,0.055931,0.053328
[fold_1] 700,0.003148,0.055680,0.053048
[fold_1] 725,0.001608,0.061540,0.059533
[fold_1] 750,0.000229,0.054377,0.051802
[fold_1] 775,0.016435,0.056595,0.054049
[fold_1] 800,0.014098,0.059045,0.056457
[fold_1] 825,0.010493,0.054559,0.051854
[fold_1] 850,0.000246,0.053200,0.050592
[fold_1] 875,0.000476,0.053089,0.050377
[fold_1] 900,0.005554,0.053712,0.051055
[fold_1] 925,0.007885,0.056210,0.053867
[fold_1] 950,0.000196,0.052719,0.050093
[fold_1] 975,0.007964,0.053077,0.050516
[fold_1] 1000,0.022794,0.053229,0.050604
[fold_1] 1025,0.002847,0.052584,0.049862
[fold_1] 1050,0.010803,0.052323,0.049616
[fold_1] 1075,0.006092,0.052428,0.049776
[fold_1] 1100,0.000170,0.052056,0.049425
[fold_1] 1125,0.003536,0.057480,0.055282
[fold_1] 1150,0.000166,0.051804,0.049112
[fold_1] 1175,0.001047,0.053559,0.051090
[fold_1] 1200,0.018536,0.051765,0.049046
[fold_1] 1225,0.005909,0.052394,0.049784
[fold_1] 1250,0.000172,0.051408,0.048703
[fold_1] 1275,0.001654,0.057293,0.055033
[fold_1] 1300,0.000885,0.051606,0.048854
[fold_1] 1325,0.013753,0.051507,0.048841
[fold_1] 1350,0.032603,0.052907,0.050260
[fold_1] 1375,0.000143,0.051697,0.049006
[fold_1] 1400,0.003558,0.051784,0.049125
[fold_1] 1425,0.005239,0.051079,0.048349
[fold_1] 1450,0.009406,0.050666,0.047918
[fold_1] 1475,0.000672,0.050776,0.048014
[fold_1] 1500,0.009640,0.051578,0.048935
[fold_1] 1525,0.003779,0.050482,0.047753
[fold_1] 1550,0.005977,0.051254,0.048568
[fold_1] 1575,0.000271,0.050852,0.048156
[fold_1] 1600,0.007198,0.050790,0.048143
[fold_1] 1625,0.003631,0.050553,0.047813
[fold_1] 1650,0.000097,0.050449,0.047738
[fold_1] 1675,0.004969,0.050347,0.047612
[fold_1] 1700,0.000874,0.050401,0.047681
[fold_1] 1725,0.000399,0.050382,0.047647
[fold_1] 1750,0.012127,0.050388,0.047668
[fold_1] 1775,0.020968,0.050289,0.047545
[fold_1] 1800,0.000102,0.050260,0.047531
[fold_1] 1825,0.011592,0.050290,0.047577
[fold_1] 1850,0.002299,0.050272,0.047551
[fold_1] 1875,0.052477,0.050531,0.047828
[fold_1] 1900,0.031799,0.050359,0.047633
[fold_1] 1925,0.001926,0.050299,0.047552
[fold_1] 1950,0.035607,0.050269,0.047533
[fold_1] 1975,0.001152,0.050227,0.047490
[fold_1] 2000,0.003128,0.050281,0.047547
[fold_1] 2025,0.000111,0.050286,0.047562
[fold_1] 2050,0.003579,0.050227,0.047497
[fold_1] 2075,0.004695,0.050242,0.047512
[fold_1] 2100,0.001124,0.050208,0.047478
[fold_1] 2125,0.002658,0.050220,0.047495
[fold_1] 2150,0.003084,0.050207,0.047468
[fold_1] 2175,0.025637,0.050207,0.047470
[fold_1] 2200,0.002594,0.050306,0.047586
[fold_1] 2225,0.000849,0.050282,0.047559
[fold_1] 2250,0.000182,0.050185,0.047453
[fold_1] 2275,0.001342,0.050234,0.047514
[fold_1] 2300,0.002212,0.050181,0.047451
[fold_1] 2325,0.005561,0.050181,0.047443
[fold_1] 2350,0.009853,0.050216,0.047463
[fold_1] 2375,0.003232,0.050197,0.047442
[fold_1] 2400,0.000145,0.050230,0.047488
[fold_1] 2425,0.002774,0.050164,0.047434
[fold_1] 2450,0.000955,0.050277,0.047525
[fold_1] 2475,0.000140,0.050172,0.047421

Cross-validation summary
Mean train RMSE norm      : 0.051676
Mean validation RMSE norm : 0.051552
Median best epoch         : 2425
Best-so-far checkpoint    : kept previous
Training-curve plot       : plots/cross_validation_curves.png
