[fold_5] 0,0.179279,1.024539,1.022704
[fold_5] 1,1.107622,1.019540,1.017789
[fold_5] 25,0.291191,0.667933,0.667054
[fold_5] 50,0.065927,0.209620,0.210567
[fold_5] 75,0.035160,0.133370,0.136435
[fold_5] 100,0.019404,0.106456,0.110523
[fold_5] 125,0.007574,0.094602,0.099189
[fold_5] 150,0.007266,0.086098,0.091179
[fold_5] 175,0.009888,0.081868,0.087179
[fold_5] 200,0.011714,0.079056,0.084598
[fold_5] 225,0.011570,0.075210,0.080959
[fold_5] 250,0.007593,0.074009,0.079828
[fold_5] 275,0.014596,0.072111,0.078083
[fold_5] 300,0.010321,0.071953,0.077886
[fold_5] 325,0.013884,0.069233,0.075426
[fold_5] 350,0.000564,0.067346,0.073675
[fold_5] 375,0.005041,0.067189,0.073494
[fold_5] 400,0.002752,0.066210,0.072599
[fold_5] 425,0.004430,0.065833,0.072242
[fold_5] 450,0.022575,0.067363,0.073603
[fold_5] 475,0.005334,0.062775,0.069446
[fold_5] 500,0.004973,0.061730,0.068508
[fold_5] 525,0.015490,0.060368,0.067283
[fold_5] 550,0.035619,0.059794,0.066782
[fold_5] 575,0.044157,0.060978,0.067761
[fold_5] 600,0.053483,0.060537,0.067408
[fold_5] 625,0.004221,0.057676,0.064835
[fold_5] 650,0.000902,0.057006,0.064257
[fold_5] 675,0.035389,0.056959,0.064203
[fold_5] 700,0.001934,0.056279,0.063606
[fold_5] 725,0.003131,0.056105,0.063450
[fold_5] 750,0.003256,0.054849,0.062335
[fold_5] 775,0.001891,0.054816,0.062307
[fold_5] 800,0.003008,0.056168,0.063434
[fold_5] 825,0.002163,0.055317,0.062692
[fold_5] 850,0.006738,0.053618,0.061141
[fold_5] 875,0.005162,0.055137,0.062528
[fold_5] 900,0.001853,0.052697,0.060302
[fold_5] 925,0.004258,0.052276,0.059951
[fold_5] 950,0.002037,0.052129,0.059794
[fold_5] 975,0.004743,0.051873,0.059589
[fold_5] 1000,0.003416,0.052507,0.060106
[fold_5] 1025,0.011880,0.053310,0.060708
[fold_5] 1050,0.001489,0.054212,0.061503
[fold_5] 1075,0.033609,0.051404,0.059016
[fold_5] 1100,0.015851,0.051051,0.058712
[fold_5] 1125,0.035277,0.050194,0.058018
[fold_5] 1150,0.010459,0.049773,0.057632
[fold_5] 1175,0.002319,0.050537,0.058335
[fold_5] 1200,0.000482,0.050031,0.057879
[fold_5] 1225,0.014847,0.050827,0.058489
[fold_5] 1250,0.001993,0.049304,0.057229
[fold_5] 1275,0.001009,0.049597,0.057496
[fold_5] 1300,0.011716,0.049040,0.056981
[fold_5] 1325,0.003349,0.048941,0.056904
[fold_5] 1350,0.000518,0.048912,0.056843
[fold_5] 1375,0.004861,0.049053,0.056950
[fold_5] 1400,0.005868,0.048709,0.056684
[fold_5] 1425,0.001926,0.048886,0.056819
[fold_5] 1450,0.002749,0.048649,0.056605
[fold_5] 1475,0.004914,0.048683,0.056674
[fold_5] 1500,0.000579,0.048558,0.056545
[fold_5] 1525,0.005143,0.049200,0.057059
[fold_5] 1550,0.005771,0.048727,0.056709
[fold_5] 1575,0.002066,0.048320,0.056331
[fold_5] 1600,0.008013,0.048849,0.056804
[fold_5] 1625,0.041432,0.048687,0.056609
[fold_5] 1650,0.000853,0.048093,0.056116
[fold_5] 1675,0.002450,0.049499,0.057388
[fold_5] 1700,0.008921,0.049644,0.057423
[fold_5] 1725,0.006254,0.048069,0.056124
[fold_5] 1750,0.009316,0.047834,0.055907
[fold_5] 1775,0.005540,0.047949,0.056019
[fold_5] 1800,0.000346,0.047817,0.055875
[fold_5] 1825,0.004103,0.047737,0.055825
[fold_5] 1850,0.013675,0.047779,0.055844
[fold_5] 1875,0.000347,0.048705,0.056656
[fold_5] 1900,0.004445,0.047792,0.055879
[fold_5] 1925,0.005934,0.047888,0.055918
[fold_5] 1950,0.031475,0.047687,0.055748
[fold_5] 1975,0.004245,0.047735,0.055824
[fold_5] 2000,0.001694,0.047531,0.055623
[fold_5] 2025,0.007814,0.047523,0.055618
[fold_5] 2050,0.000140,0.047735,0.055787
[fold_5] 2075,0.002990,0.047464,0.055569
[fold_5] 2100,0.014899,0.047522,0.055617
[fold_5] 2125,0.002404,0.047461,0.055553
[fold_5] 2150,0.023446,0.047464,0.055567
[fold_5] 2175,0.002881,0.047507,0.055579
[fold_5] 2200,0.009313,0.047777,0.055818
[fold_5] 2225,0.005141,0.047450,0.055562
[fold_5] 2250,0.009194,0.047521,0.055628
[fold_5] 2275,0.001625,0.047340,0.055454
[fold_5] 2300,0.001077,0.047331,0.055449
[fold_5] 2325,0.001848,0.047356,0.055475
[fold_5] 2350,0.005387,0.047339,0.055463
[fold_5] 2375,0.003553,0.047305,0.055433
[fold_5] 2400,0.000727,0.047307,0.055430
[fold_5] 2425,0.001537,0.047300,0.055426
[fold_5] 2450,0.012545,0.047297,0.055424
[fold_5] 2475,0.007234,0.047321,0.055452
[fold_5] 2500,0.002127,0.047314,0.055446
[fold_5] 2525,0.003674,0.047284,0.055409
[fold_5] 2550,0.007136,0.047283,0.055413
[fold_5] 2575,0.005778,0.047272,0.055399
[fold_5] 2600,0.002330,0.047268,0.055398
[fold_5] 2625,0.007952,0.047266,0.055396
[fold_5] 2650,0.004506,0.047274,0.055406
[fold_5] 2675,0.000324,0.047262,0.055395
[fold_5] 2700,0.021275,0.047261,0.055392
[fold_1] 0,0.151572,1.024443,1.024107
[fold_1] 1,0.850692,1.023055,1.022551
[fold_1] 25,0.509309,0.620619,0.621418
[fold_1] 50,0.077353,0.210395,0.210330
[fold_1] 75,0.031762,0.133232,0.132316
[fold_1] 100,0.019852,0.109070,0.107585
[fold_1] 125,0.028214,0.095816,0.094153
[fold_1] 150,0.005469,0.088419,0.086576
[fold_1] 175,0.006469,0.083005,0.081024
[fold_1] 200,0.010994,0.079922,0.077870
[fold_1] 225,0.009183,0.077786,0.075648
[fold_1] 250,0.012186,0.074956,0.072797
[fold_1] 275,0.006426,0.074279,0.072009
[fold_1] 300,0.012448,0.071528,0.069179
[fold_1] 325,0.009521,0.069771,0.067500
[fold_1] 350,0.002908,0.069442,0.067080
[fold_1] 375,0.003641,0.067074,0.064665
[fold_1] 400,0.007786,0.066944,0.064485
[fold_1] 425,0.023112,0.065148,0.062716
[fold_1] 450,0.005563,0.065434,0.063021
[fold_1] 475,0.023164,0.063906,0.061443
[fold_1] 500,0.005169,0.063781,0.061260
[fold_1] 525,0.004655,0.062220,0.059680
[fold_1] 550,0.006469,0.062180,0.059644
[fold_1] 575,0.009420,0.060817,0.058229
[fold_1] 600,0.003959,0.063251,0.060786
[fold_1] 625,0.002783,0.060067,0.057411
[fold_1] 650,0.000576,0.059586,0.056883
[fold_1] 675,0.002240,0.058351,0.055677
[fold_1] 700,0.001088,0.057718,0.054957
[fold_1] 725,0.001084,0.057538,0.054707
[fold_1] 750,0.000970,0.057450,0.054656
[fold_1] 775,0.001685,0.056767,0.053992
[fold_1] 800,0.006323,0.058667,0.055996
[fold_1] 825,0.005622,0.056311,0.053485
[fold_1] 850,0.002110,0.055532,0.052715
[fold_1] 875,0.012988,0.054935,0.052111
[fold_1] 900,0.008828,0.056786,0.054102
[fold_1] 925,0.002617,0.054404,0.051510
[fold_1] 950,0.014313,0.054329,0.051519
[fold_1] 975,0.002644,0.053587,0.050731
[fold_1] 1000,0.002175,0.054657,0.051865
[fold_1] 1025,0.006238,0.059781,0.057123
[fold_1] 1050,0.003111,0.054568,0.051603
[fold_1] 1075,0.009719,0.053560,0.050715
[fold_1] 1100,0.000377,0.053077,0.050262
[fold_1] 1125,0.008096,0.052314,0.049389
[fold_1] 1150,0.007636,0.052508,0.049664
[fold_1] 1175,0.001718,0.051995,0.049080
[fold_1] 1200,0.000952,0.052240,0.049364
[fold_1] 1225,0.001897,0.054392,0.051597
[fold_1] 1250,0.001923,0.052028,0.049227
[fold_1] 1275,0.004013,0.051921,0.049074
[fold_1] 1300,0.000351,0.051835,0.048966
[fold_1] 1325,0.001949,0.051427,0.048528
[fold_1] 1350,0.008936,0.051626,0.048732
[fold_1] 1375,0.005796,0.051219,0.048303
[fold_1] 1400,0.005187,0.051568,0.048736
[fold_1] 1425,0.003676,0.051174,0.048259
[fold_1] 1450,0.004735,0.051719,0.048892
[fold_1] 1475,0.002757,0.051436,0.048523
[fold_1] 1500,0.003881,0.050927,0.048021
[fold_1] 1525,0.000760,0.050929,0.047988
[fold_1] 1550,0.002987,0.050839,0.047909
[fold_1] 1575,0.001517,0.050901,0.048012
[fold_1] 1600,0.003893,0.050733,0.047825
[fold_1] 1625,0.009733,0.050640,0.047738
[fold_1] 1650,0.000507,0.050912,0.047974
[fold_1] 1675,0.011931,0.050604,0.047693
[fold_1] 1700,0.006662,0.050614,0.047716
[fold_1] 1725,0.003408,0.050602,0.047714
[fold_1] 1750,0.000441,0.050298,0.047388
[fold_1] 1775,0.012343,0.050468,0.047638
[fold_1] 1800,0.004488,0.050333,0.047461
[fold_1] 1825,0.005577,0.050146,0.047212
[fold_1] 1850,0.005569,0.050397,0.047542
[fold_1] 1875,0.001248,0.050520,0.047640
[fold_1] 1900,0.006592,0.049984,0.047108
[fold_1] 1925,0.000991,0.050007,0.047144
[fold_1] 1950,0.003508,0.049965,0.047127
[fold_1] 1975,0.011624,0.049932,0.047041
[fold_1] 2000,0.007315,0.049785,0.046904
[fold_1] 2025,0.001803,0.050246,0.047360
[fold_1] 2050,0.008378,0.049861,0.047004
[fold_1] 2075,0.002610,0.049694,0.046803
[fold_1] 2100,0.001173,0.049614,0.046727
[fold_1] 2125,0.000298,0.049558,0.046648
[fold_1] 2150,0.000906,0.050096,0.047331
[fold_1] 2175,0.012477,0.049769,0.046972
[fold_1] 2200,0.012603,0.049407,0.046536
[fold_1] 2225,0.004007,0.049345,0.046427
[fold_1] 2250,0.001222,0.049628,0.046786
[fold_1] 2275,0.003445,0.049346,0.046449
[fold_1] 2300,0.003764,0.049631,0.046851
[fold_1] 2325,0.009050,0.049115,0.046223
[fold_1] 2350,0.006540,0.049112,0.046243
[fold_1] 2375,0.001557,0.049110,0.046275
[fold_1] 2400,0.007546,0.049708,0.046826
[fold_1] 2425,0.012827,0.049170,0.046335
[fold_1] 2450,0.002866,0.048969,0.046057
[fold_1] 2475,0.013030,0.049033,0.046148
[fold_1] 2500,0.001103,0.049003,0.046105
[fold_1] 2525,0.003335,0.049014,0.046150
[fold_1] 2550,0.002020,0.048917,0.046009
[fold_1] 2575,0.003971,0.048939,0.046050
[fold_1] 2600,0.009565,0.048933,0.046016
[fold_1] 2625,0.009906,0.048912,0.046026
[fold_1] 2650,0.005080,0.048900,0.046004
[fold_1] 2675,0.001323,0.048880,0.045978
[fold_1] 2700,0.002417,0.048889,0.045989
[fold_1] 2725,0.005948,0.048897,0.045987
[fold_1] 2750,0.000846,0.048886,0.045985
[fold_1] 2775,0.011124,0.048888,0.045995
[fold_1] 2800,0.000219,0.048878,0.045981
[fold_1] 2825,0.006809,0.048875,0.045984
[fold_1] 2850,0.005588,0.048900,0.045992
[fold_1] 2875,0.012449,0.048878,0.045972
[fold_1] 2900,0.000526,0.048897,0.046023
[fold_1] 2925,0.007568,0.048855,0.045958
[fold_1] 2950,0.000308,0.048857,0.045951
[fold_1] 2975,0.005917,0.048852,0.045957
[fold_1] 3000,0.004913,0.048855,0.045959
[fold_1] 3025,0.008087,0.048859,0.045973
[fold_1] 3050,0.009343,0.048844,0.045955
[fold_1] 3075,0.000481,0.048840,0.045940
[fold_1] 3100,0.002217,0.048869,0.045978
[fold_1] 3125,0.001125,0.048839,0.045940
[fold_1] 3150,0.003461,0.048827,0.045925
[fold_1] 3175,0.001286,0.048825,0.045934
[fold_1] 3200,0.022439,0.048823,0.045929
[fold_1] 3225,0.002850,0.048846,0.045959
[fold_1] 3250,0.005078,0.048857,0.045977
[fold_1] 3275,0.000630,0.048816,0.045929
[fold_4] 0,0.930211,1.024555,1.025824
[fold_4] 1,0.161582,1.025752,1.026897
[fold_4] 25,0.701653,0.707604,0.707236
[fold_4] 50,0.036487,0.240396,0.238696
[fold_4] 75,0.016624,0.155474,0.152738
[fold_4] 100,0.015462,0.119067,0.116227
[fold_4] 125,0.011197,0.099302,0.096408
[fold_4] 150,0.006807,0.093040,0.090110
[fold_4] 175,0.006105,0.084890,0.081814
[fold_4] 200,0.006711,0.080625,0.077427
[fold_4] 225,0.029616,0.079022,0.075841
[fold_4] 250,0.004251,0.076217,0.072790
[fold_4] 275,0.002921,0.075885,0.072694
[fold_4] 300,0.053062,0.071658,0.068196
[fold_4] 325,0.002498,0.071081,0.067510
[fold_4] 350,0.013152,0.073298,0.069886
[fold_4] 375,0.001087,0.068077,0.064534
[fold_4] 400,0.006502,0.068023,0.064644
[fold_4] 425,0.000893,0.066162,0.062466
[fold_4] 450,0.006499,0.065873,0.062152
[fold_4] 475,0.009378,0.064499,0.060698
[fold_4] 500,0.002611,0.066441,0.062968
[fold_4] 525,0.001036,0.062980,0.059154
[fold_4] 550,0.017287,0.061898,0.057924
[fold_4] 575,0.011353,0.065814,0.062197
[fold_4] 600,0.009675,0.060508,0.056488
[fold_4] 625,0.002583,0.059825,0.055832
[fold_4] 650,0.003799,0.058865,0.054748
[fold_4] 675,0.010140,0.058475,0.054356
[fold_4] 700,0.016542,0.059300,0.055277
[fold_4] 725,0.000980,0.058871,0.054819
[fold_4] 750,0.011099,0.056353,0.052034
[fold_4] 775,0.003539,0.055718,0.051393
[fold_4] 800,0.002587,0.055121,0.050710
[fold_4] 825,0.004592,0.056006,0.051643
[fold_4] 850,0.001646,0.055277,0.050864
[fold_4] 875,0.004246,0.054104,0.049544
[fold_4] 900,0.001819,0.053635,0.049104
[fold_4] 925,0.002400,0.053201,0.048659
[fold_4] 950,0.000742,0.052863,0.048213
[fold_4] 975,0.001637,0.053861,0.049216
[fold_4] 1000,0.000763,0.052878,0.048255
[fold_4] 1025,0.002263,0.052498,0.047909
[fold_4] 1050,0.005808,0.051713,0.047050
[fold_4] 1075,0.007393,0.054507,0.049997
[fold_4] 1100,0.009013,0.051995,0.047269
[fold_4] 1125,0.002846,0.051492,0.046500
[fold_4] 1150,0.001434,0.051632,0.046616
[fold_4] 1175,0.002692,0.053729,0.048915
[fold_4] 1200,0.000516,0.051321,0.046336
[fold_4] 1225,0.006139,0.050491,0.045319
[fold_4] 1250,0.003334,0.050088,0.044999
[fold_4] 1275,0.026331,0.052983,0.048170
[fold_4] 1300,0.000167,0.049900,0.044734
[fold_4] 1325,0.003056,0.049839,0.044625
[fold_4] 1350,0.003326,0.049824,0.044564
[fold_4] 1375,0.001224,0.049528,0.044339
[fold_4] 1400,0.004446,0.050258,0.045128
[fold_4] 1425,0.004926,0.050292,0.045106
[fold_4] 1450,0.006020,0.051720,0.046703
[fold_4] 1475,0.006843,0.049000,0.043720
[fold_4] 1500,0.001789,0.050563,0.045432
[fold_4] 1525,0.006511,0.048691,0.043394
[fold_4] 1550,0.002011,0.049581,0.044320
[fold_4] 1575,0.004230,0.048829,0.043540
[fold_4] 1600,0.005407,0.048970,0.043633
[fold_4] 1625,0.009502,0.048511,0.043136
[fold_4] 1650,0.001786,0.048889,0.043525
[fold_4] 1675,0.012104,0.048857,0.043614
[fold_4] 1700,0.001887,0.048370,0.043026
[fold_4] 1725,0.001139,0.048396,0.043025
[fold_4] 1750,0.009624,0.048320,0.043003
[fold_4] 1775,0.007909,0.048242,0.042928
[fold_4] 1800,0.005753,0.048435,0.043189
[fold_4] 1825,0.000230,0.048558,0.043387
[fold_4] 1850,0.000366,0.048370,0.043098
[fold_4] 1875,0.003496,0.048066,0.042769
[fold_4] 1900,0.000723,0.048191,0.042876
[fold_4] 1925,0.019440,0.048171,0.042953
[fold_4] 1950,0.001335,0.048169,0.042926
[fold_4] 1975,0.000174,0.047967,0.042678
[fold_4] 2000,0.004827,0.047977,0.042682
[fold_4] 2025,0.022286,0.047981,0.042716
[fold_4] 2050,0.007502,0.048108,0.042827
[fold_4] 2075,0.008927,0.047944,0.042647
[fold_4] 2100,0.005047,0.047946,0.042671
[fold_4] 2125,0.001581,0.048013,0.042736
[fold_4] 2150,0.000256,0.047925,0.042628
[fold_4] 2175,0.004660,0.047989,0.042685
[fold_4] 2200,0.000392,0.047976,0.042672
[fold_4] 2225,0.002575,0.047922,0.042634
[fold_4] 2250,0.005718,0.047912,0.042622
[fold_4] 2275,0.003937,0.047928,0.042651
[fold_4] 2300,0.004504,0.047908,0.042606
[fold_4] 2325,0.007461,0.047912,0.042607
[fold_4] 2350,0.003180,0.047928,0.042614
[fold_4] 2375,0.000777,0.047916,0.042621
[fold_4] 2400,0.001151,0.047901,0.042603
[fold_4] 2425,0.003049,0.047904,0.042607
[fold_4] 2450,0.006932,0.047918,0.042626
[fold_4] 2475,0.003580,0.047893,0.042604
[fold_4] 2500,0.003817,0.047891,0.042589
[fold_4] 2525,0.000719,0.047898,0.042589
[fold_4] 2550,0.004658,0.047891,0.042601
[fold_4] 2575,0.003120,0.047891,0.042582
[fold_4] 2600,0.001220,0.047923,0.042620
[fold_4] 2625,0.013784,0.047886,0.042598
[fold_4] 2650,0.002077,0.047882,0.042583
[fold_4] 2675,0.001585,0.047924,0.042629
[fold_4] 2700,0.001624,0.047912,0.042635
[fold_4] 2725,0.000869,0.047872,0.042577
[fold_4] 2750,0.004078,0.047872,0.042581
[fold_4] 2775,0.000603,0.047866,0.042567
[fold_4] 2800,0.000747,0.047863,0.042565
[fold_4] 2825,0.027566,0.047908,0.042620
[fold_4] 2850,0.011651,0.047861,0.042564
[fold_4] 2875,0.011470,0.047860,0.042579
[fold_4] 2900,0.000863,0.047869,0.042593
[fold_4] 2925,0.002760,0.047848,0.042565
[fold_4] 2950,0.013263,0.047848,0.042563
[fold_4] 2975,0.007040,0.047845,0.042554
[fold_4] 3000,0.001281,0.047846,0.042559
[fold_4] 3025,0.005635,0.047878,0.042613
[fold_4] 3050,0.001962,0.047862,0.042601
[fold_4] 3075,0.005171,0.047856,0.042591
[fold_4] 3100,0.008986,0.047837,0.042553
[fold_4] 3125,0.000826,0.047851,0.042556
[fold_4] 3150,0.000217,0.047838,0.042560
[fold_4] 3175,0.002757,0.047829,0.042536
[fold_3] 0,1.807420,1.024401,1.023924
[fold_3] 1,2.283612,1.023615,1.023131
[fold_3] 25,0.285973,0.721723,0.721809
[fold_3] 50,0.073371,0.207476,0.208984
[fold_3] 75,0.034783,0.143007,0.145150
[fold_3] 100,0.011859,0.116157,0.118265
[fold_3] 125,0.011742,0.096395,0.098833
[fold_3] 150,0.002946,0.089418,0.091948
[fold_3] 175,0.038635,0.083640,0.086284
[fold_3] 200,0.018705,0.079107,0.081877
[fold_3] 225,0.005276,0.079779,0.082464
[fold_3] 250,0.007881,0.073868,0.076794
[fold_3] 275,0.009039,0.072723,0.075588
[fold_3] 300,0.003200,0.071341,0.074312
[fold_3] 325,0.005404,0.068822,0.071846
[fold_3] 350,0.003162,0.070787,0.073599
[fold_3] 375,0.003594,0.066500,0.069712
[fold_3] 400,0.002213,0.065643,0.068868
[fold_3] 425,0.001179,0.064305,0.067607
[fold_3] 450,0.010430,0.063432,0.066725
[fold_3] 475,0.019511,0.063965,0.067189
[fold_3] 500,0.042649,0.063014,0.066356
[fold_3] 525,0.010207,0.063557,0.066888
[fold_3] 550,0.000996,0.059956,0.063345
[fold_3] 575,0.004503,0.060296,0.063755
[fold_3] 600,0.024633,0.058960,0.062474
[fold_3] 625,0.002527,0.061137,0.064520
[fold_3] 650,0.010111,0.058158,0.061679
[fold_3] 675,0.010270,0.056944,0.060476
[fold_3] 700,0.003265,0.056160,0.059684
[fold_3] 725,0.022980,0.055499,0.059108
[fold_3] 750,0.005705,0.054917,0.058553
[fold_3] 775,0.007676,0.056070,0.059678
[fold_3] 800,0.008786,0.063262,0.066382
[fold_3] 825,0.010309,0.053588,0.057277
[fold_3] 850,0.004733,0.057066,0.060490
[fold_3] 875,0.006024,0.053191,0.056879
[fold_3] 900,0.001799,0.052490,0.056227
[fold_3] 925,0.007019,0.055637,0.059242
[fold_3] 950,0.009617,0.052010,0.055863
[fold_3] 975,0.003768,0.054623,0.058289
[fold_3] 1000,0.001404,0.051180,0.055042
[fold_3] 1025,0.001730,0.051502,0.055329
[fold_3] 1050,0.002284,0.052018,0.055791
[fold_3] 1075,0.004328,0.051021,0.054933
[fold_3] 1100,0.000749,0.050008,0.054030
[fold_3] 1125,0.002586,0.050860,0.054715
[fold_3] 1150,0.000946,0.051137,0.054962
[fold_3] 1175,0.032006,0.055138,0.058765
[fold_3] 1200,0.003856,0.050107,0.054041
[fold_3] 1225,0.000307,0.048992,0.052987
[fold_3] 1250,0.004999,0.049054,0.053057
[fold_3] 1275,0.001391,0.048971,0.052987
[fold_3] 1300,0.003172,0.049260,0.053293
[fold_3] 1325,0.002216,0.048771,0.052829
[fold_3] 1350,0.020947,0.048829,0.052861
[fold_3] 1375,0.001516,0.048493,0.052587
[fold_3] 1400,0.001277,0.048659,0.052733
[fold_3] 1425,0.002202,0.048368,0.052469
[fold_3] 1450,0.003142,0.048676,0.052718
[fold_3] 1475,0.006287,0.048436,0.052498
[fold_3] 1500,0.001035,0.048259,0.052357
[fold_3] 1525,0.033193,0.049945,0.053940
[fold_3] 1550,0.001359,0.048285,0.052392
[fold_3] 1575,0.003109,0.049426,0.053426
[fold_3] 1600,0.014628,0.048739,0.052828
[fold_3] 1625,0.001679,0.048083,0.052213
[fold_3] 1650,0.001178,0.048059,0.052207
[fold_3] 1675,0.004636,0.048088,0.052228
[fold_3] 1700,0.028762,0.047922,0.052057
[fold_3] 1725,0.005807,0.047938,0.052074
[fold_3] 1750,0.004910,0.047833,0.051978
[fold_3] 1775,0.009191,0.047807,0.051948
[fold_3] 1800,0.004873,0.047848,0.051978
[fold_3] 1825,0.002477,0.047765,0.051916
[fold_3] 1850,0.015026,0.047741,0.051894
[fold_3] 1875,0.000337,0.047702,0.051849
[fold_3] 1900,0.064187,0.047706,0.051858
[fold_3] 1925,0.001370,0.047833,0.051999
[fold_3] 1950,0.005634,0.047636,0.051788
[fold_3] 1975,0.002362,0.047618,0.051767
[fold_3] 2000,0.037666,0.047656,0.051809
[fold_3] 2025,0.000851,0.047995,0.052112
[fold_3] 2050,0.003699,0.047552,0.051710
[fold_3] 2075,0.001334,0.047546,0.051716
[fold_3] 2100,0.000224,0.047660,0.051832
[fold_3] 2125,0.000979,0.047672,0.051825
[fold_3] 2150,0.020766,0.047745,0.051895
[fold_3] 2175,0.002226,0.047479,0.051651
[fold_3] 2200,0.014110,0.047349,0.051534
[fold_3] 2225,0.002662,0.047378,0.051568
[fold_3] 2250,0.006643,0.047344,0.051529
[fold_3] 2275,0.003987,0.047317,0.051506
[fold_3] 2300,0.001490,0.047347,0.051531
[fold_3] 2325,0.003015,0.047434,0.051613
[fold_3] 2350,0.001683,0.047362,0.051556
[fold_3] 2375,0.001140,0.047278,0.051480
[fold_3] 2400,0.000970,0.047270,0.051464
[fold_3] 2425,0.003238,0.047377,0.051572
[fold_3] 2450,0.004339,0.047332,0.051517
[fold_3] 2475,0.012375,0.047491,0.051659
[fold_3] 2500,0.006262,0.047253,0.051456
[fold_3] 2525,0.004013,0.047257,0.051453
[fold_3] 2550,0.002236,0.047240,0.051440
[fold_3] 2575,0.010065,0.047217,0.051418
[fold_3] 2600,0.000740,0.047211,0.051413
[fold_3] 2625,0.008716,0.047273,0.051462
[fold_3] 2650,0.000940,0.047215,0.051415
[fold_3] 2675,0.002738,0.047199,0.051400
[fold_3] 2700,0.008164,0.047198,0.051400
[fold_3] 2725,0.008811,0.047195,0.051397
[fold_3] 2750,0.003201,0.047192,0.051393
[fold_3] 2775,0.005729,0.047189,0.051393
[fold_3] 2800,0.001466,0.047201,0.051402
[fold_3] 2825,0.003126,0.047258,0.051462
[fold_3] 2850,0.000589,0.047198,0.051399
[fold_3] 2875,0.001936,0.047207,0.051407
[fold_3] 2900,0.000195,0.047182,0.051388
[fold_3] 2925,0.002428,0.047212,0.051411
[fold_3] 2950,0.005357,0.047247,0.051445
[fold_3] 2975,0.003351,0.047175,0.051385
[fold_3] 3000,0.002822,0.047166,0.051377
[fold_3] 3025,0.001081,0.047197,0.051409
[fold_2] 0,1.749482,1.024429,1.025808
[fold_2] 1,0.985962,1.012658,1.014018
[fold_2] 25,0.783138,0.625904,0.625979
[fold_2] 50,0.041696,0.220109,0.219444
[fold_2] 75,0.007225,0.141439,0.139526
[fold_2] 100,0.015807,0.107792,0.105471
[fold_2] 125,0.026405,0.096766,0.094181
[fold_2] 150,0.001673,0.089623,0.086729
[fold_2] 175,0.012608,0.086822,0.083786
[fold_2] 200,0.018557,0.083585,0.080437
[fold_2] 225,0.013580,0.080231,0.076911
[fold_2] 250,0.007261,0.076097,0.072559
[fold_2] 275,0.008391,0.074008,0.070371
[fold_2] 300,0.005918,0.072996,0.069180
[fold_2] 325,0.001633,0.071231,0.067353
[fold_2] 350,0.003227,0.069972,0.066037
[fold_2] 375,0.001890,0.072205,0.068482
[fold_2] 400,0.005016,0.067532,0.063467
[fold_2] 425,0.003982,0.066230,0.062142
[fold_2] 450,0.006078,0.064976,0.060767
[fold_2] 475,0.010529,0.064905,0.060738
[fold_2] 500,0.012577,0.066371,0.062220
[fold_2] 525,0.000864,0.062620,0.058269
[fold_2] 550,0.000632,0.062081,0.057817
[fold_2] 575,0.017081,0.062641,0.058319
[fold_2] 600,0.001472,0.060252,0.055832
[fold_2] 625,0.010416,0.059692,0.055256
[fold_2] 650,0.004202,0.059563,0.055058
[fold_2] 675,0.005959,0.059097,0.054547
[fold_2] 700,0.001595,0.058555,0.053980
[fold_2] 725,0.004961,0.058496,0.054011
[fold_2] 750,0.001417,0.060661,0.056310
[fold_2] 775,0.005576,0.058863,0.054358
[fold_2] 800,0.005630,0.056218,0.051492
[fold_2] 825,0.000562,0.055977,0.051250
[fold_2] 850,0.017524,0.055606,0.050870
[fold_2] 875,0.003266,0.055423,0.050660
[fold_2] 900,0.001283,0.055243,0.050468
[fold_2] 925,0.011001,0.055048,0.050256
[fold_2] 950,0.002205,0.054868,0.050068
[fold_2] 975,0.007636,0.055142,0.050337
[fold_2] 1000,0.005846,0.054928,0.050116
[fold_2] 1025,0.006319,0.055365,0.050605
[fold_2] 1050,0.002379,0.054165,0.049313
[fold_2] 1075,0.005481,0.054008,0.049122
[fold_2] 1100,0.004336,0.054198,0.049327
[fold_2] 1125,0.036132,0.054009,0.049112
[fold_2] 1150,0.001681,0.053808,0.048918
[fold_2] 1175,0.004237,0.053652,0.048741
[fold_2] 1200,0.004078,0.053654,0.048718
[fold_2] 1225,0.007322,0.054018,0.049097
[fold_2] 1250,0.014497,0.053383,0.048428
[fold_2] 1275,0.007760,0.053261,0.048307
[fold_2] 1300,0.002875,0.053653,0.048774
[fold_2] 1325,0.006068,0.053125,0.048184
[fold_2] 1350,0.012673,0.052985,0.048020
[fold_2] 1375,0.001747,0.052844,0.047848
[fold_2] 1400,0.062485,0.052742,0.047756
[fold_2] 1425,0.005315,0.052766,0.047773
[fold_2] 1450,0.009375,0.053704,0.048809
[fold_2] 1475,0.013691,0.052891,0.047908
[fold_2] 1500,0.002169,0.052410,0.047375
[fold_2] 1525,0.000383,0.052660,0.047641
[fold_2] 1550,0.004707,0.052504,0.047458
[fold_2] 1575,0.007263,0.052411,0.047354
[fold_2] 1600,0.004791,0.052275,0.047215
[fold_2] 1625,0.006103,0.052279,0.047207
[fold_2] 1650,0.002874,0.052322,0.047250
[fold_2] 1675,0.006229,0.052238,0.047169
[fold_2] 1700,0.003678,0.052135,0.047025
[fold_2] 1725,0.003498,0.052135,0.047034
[fold_2] 1750,0.005834,0.052392,0.047324
[fold_2] 1775,0.003871,0.052141,0.047059
[fold_2] 1800,0.001751,0.051960,0.046834
[fold_2] 1825,0.005909,0.052013,0.046901
[fold_2] 1850,0.022115,0.052038,0.046925
[fold_2] 1875,0.003043,0.052144,0.047054
[fold_2] 1900,0.002350,0.052059,0.046959
[fold_2] 1925,0.001155,0.051884,0.046772
[fold_2] 1950,0.003216,0.051771,0.046647
[fold_2] 1975,0.007727,0.051776,0.046650
[fold_2] 2000,0.004035,0.051755,0.046627
[fold_2] 2025,0.003623,0.051894,0.046779
[fold_2] 2050,0.005858,0.051791,0.046668
[fold_2] 2075,0.000662,0.051756,0.046640
[fold_2] 2100,0.006068,0.051755,0.046645
[fold_2] 2125,0.001358,0.051695,0.046573
[fold_2] 2150,0.001122,0.051689,0.046564
[fold_2] 2175,0.001811,0.051723,0.046598
[fold_2] 2200,0.005188,0.051677,0.046546
[fold_2] 2225,0.002052,0.051669,0.046537
[fold_2] 2250,0.003532,0.051671,0.046543
[fold_2] 2275,0.004274,0.051692,0.046561
[fold_2] 2300,0.002461,0.051669,0.046542
[fold_2] 2325,0.008588,0.051658,0.046529
[fold_2] 2350,0.087505,0.051646,0.046513
[fold_2] 2375,0.002583,0.051676,0.046541
[fold_2] 2400,0.001078,0.051634,0.046497
[fold_2] 2425,0.001265,0.051668,0.046534
[fold_2] 2450,0.002957,0.051642,0.046505
[fold_2] 2475,0.005369,0.051617,0.046480
[fold_2] 2500,0.009827,0.051616,0.046477
[fold_2] 2525,0.004336,0.051629,0.046492
[fold_2] 2550,0.000372,0.051607,0.046467
[fold_2] 2575,0.000624,0.051615,0.046478
[fold_2] 2600,0.017744,0.051591,0.046452
[fold_2] 2625,0.003455,0.051586,0.046443
[fold_2] 2650,0.002800,0.051598,0.046453
[fold_2] 2675,0.004454,0.051605,0.046460
[fold_2] 2700,0.047745,0.051589,0.046441
[fold_2] 2725,0.008697,0.051579,0.046428
[fold_2] 2750,0.006417,0.051569,0.046419
[fold_2] 2775,0.000890,0.051574,0.046422
[fold_2] 2800,0.019881,0.051554,0.046403
[fold_2] 2825,0.003346,0.051563,0.046412
[fold_2] 2850,0.003846,0.051552,0.046399
[fold_2] 2875,0.001184,0.051546,0.046395

Cross-validation summary
Mean train RMSE norm      : 0.048526
Mean validation RMSE norm : 0.048325
Median best epoch         : 3000
Best-so-far checkpoint    : updated
Training-curve plot       : plots/cross_validation_curves.png
