[fold_1] 0,0.392648,1.024443,1.024107
[fold_1] 1,0.049805,1.025899,1.025810
[fold_1] 25,1.332952,0.839463,0.840429
[fold_1] 50,0.381189,0.401880,0.403188
[fold_1] 75,0.080229,0.165339,0.166003
[fold_1] 100,0.037780,0.127019,0.126922
[fold_1] 125,0.027467,0.117226,0.116214
[fold_1] 150,0.001497,0.098062,0.096826
[fold_1] 175,0.077092,0.091169,0.089713
[fold_1] 200,0.017058,0.084121,0.082512
[fold_1] 225,0.025614,0.081017,0.079155
[fold_1] 250,0.000417,0.077669,0.075635
[fold_1] 275,0.068347,0.079504,0.077586
[fold_1] 300,0.000970,0.094497,0.092599
[fold_1] 325,0.014261,0.076596,0.074693
[fold_1] 350,0.027645,0.073339,0.071136
[fold_1] 375,0.001767,0.071666,0.069539
[fold_1] 400,0.000386,0.071168,0.068857
[fold_1] 425,0.018329,0.070997,0.068797
[fold_1] 450,0.000653,0.068853,0.066566
[fold_1] 475,0.000782,0.067845,0.065588
[fold_1] 500,0.001661,0.067378,0.065053
[fold_1] 525,0.011907,0.067614,0.065297
[fold_1] 550,0.001030,0.068619,0.066181
[fold_1] 575,0.001915,0.066587,0.064232
[fold_1] 600,0.009939,0.065745,0.063222
[fold_1] 625,0.006660,0.064751,0.062234
[fold_1] 650,0.028605,0.063914,0.061450
[fold_1] 675,0.000784,0.064353,0.061912
[fold_1] 700,0.000537,0.065545,0.062992
[fold_1] 725,0.012717,0.064443,0.061832
[fold_1] 750,0.004847,0.061517,0.058943
[fold_1] 775,0.000281,0.061734,0.059067
[fold_1] 800,0.012764,0.062263,0.059670
[fold_1] 825,0.000759,0.061067,0.058458
[fold_1] 850,0.001674,0.060490,0.057779
[fold_1] 875,0.006386,0.062321,0.059812
[fold_1] 900,0.011015,0.060249,0.057667
[fold_1] 925,0.053122,0.061120,0.058508
[fold_1] 950,0.005938,0.060793,0.058209
[fold_1] 975,0.003055,0.059656,0.057011
[fold_1] 1000,0.006346,0.058729,0.056042
[fold_1] 1025,0.000260,0.058498,0.055732
[fold_1] 1050,0.003002,0.058410,0.055698
[fold_1] 1075,0.029905,0.057924,0.055159
[fold_1] 1100,0.005267,0.058955,0.056351
[fold_1] 1125,0.006902,0.057489,0.054635
[fold_1] 1150,0.025123,0.059401,0.056858
[fold_1] 1175,0.021289,0.056652,0.053875
[fold_1] 1200,0.001852,0.056389,0.053610
[fold_1] 1225,0.000491,0.055835,0.052989
[fold_1] 1250,0.009957,0.055994,0.053119
[fold_1] 1275,0.004605,0.056102,0.053338
[fold_1] 1300,0.001290,0.055818,0.052924
[fold_1] 1325,0.030411,0.056970,0.054217
[fold_1] 1350,0.011724,0.055242,0.052455
[fold_1] 1375,0.000328,0.055005,0.052117
[fold_1] 1400,0.004564,0.054975,0.052146
[fold_1] 1425,0.005643,0.055355,0.052454
[fold_1] 1450,0.001401,0.054030,0.051108
[fold_1] 1475,0.029103,0.054872,0.052022
[fold_1] 1500,0.002464,0.061492,0.059036
[fold_1] 1525,0.006342,0.053547,0.050678
[fold_1] 1550,0.019282,0.055586,0.052724
[fold_1] 1575,0.070939,0.056634,0.053850
[fold_1] 1600,0.000743,0.052979,0.050061
[fold_1] 1625,0.000180,0.052953,0.050041
[fold_1] 1650,0.002518,0.053974,0.051080
[fold_1] 1675,0.000852,0.052784,0.049950
[fold_1] 1700,0.020275,0.052857,0.049988
[fold_1] 1725,0.002328,0.052093,0.049197
[fold_1] 1750,0.003101,0.052151,0.049214
[fold_1] 1775,0.000517,0.053778,0.050941
[fold_1] 1800,0.020844,0.059488,0.056924
[fold_1] 1825,0.000211,0.051365,0.048448
[fold_1] 1850,0.012994,0.051869,0.049004
[fold_1] 1875,0.001281,0.051949,0.049166
[fold_1] 1900,0.011248,0.051703,0.048770
[fold_1] 1925,0.000180,0.050827,0.047913
[fold_1] 1950,0.007594,0.050775,0.047833
[fold_1] 1975,0.002954,0.050720,0.047773
[fold_1] 2000,0.005182,0.050946,0.048015
[fold_1] 2025,0.005951,0.050628,0.047673
[fold_1] 2050,0.001836,0.050651,0.047709
[fold_1] 2075,0.018018,0.050792,0.047832
[fold_1] 2100,0.000237,0.050433,0.047473
[fold_1] 2125,0.001914,0.050488,0.047532
[fold_1] 2150,0.000289,0.050409,0.047480
[fold_1] 2175,0.005163,0.050369,0.047453
[fold_1] 2200,0.000807,0.050697,0.047812
[fold_1] 2225,0.042191,0.050213,0.047276
[fold_1] 2250,0.007372,0.050332,0.047444
[fold_1] 2275,0.001255,0.050433,0.047524
[fold_1] 2300,0.011666,0.050959,0.048098
[fold_1] 2325,0.003544,0.050076,0.047128
[fold_1] 2350,0.005894,0.050405,0.047516
[fold_1] 2375,0.013952,0.050358,0.047447
[fold_1] 2400,0.005961,0.050055,0.047105
[fold_1] 2425,0.000204,0.050042,0.047096
[fold_1] 2450,0.004791,0.050044,0.047100
[fold_1] 2475,0.003544,0.049951,0.047004
[fold_1] 2500,0.001196,0.050009,0.047088
[fold_1] 2525,0.011686,0.050115,0.047163
[fold_1] 2550,0.016694,0.049969,0.047020
[fold_1] 2575,0.006554,0.049900,0.046961
[fold_1] 2600,0.004571,0.050094,0.047210
[fold_1] 2625,0.000482,0.049957,0.047020
[fold_1] 2650,0.009514,0.049950,0.047033
[fold_1] 2675,0.003317,0.049882,0.046942
[fold_1] 2700,0.001682,0.049869,0.046922
[fold_1] 2725,0.000121,0.049892,0.046952
[fold_1] 2750,0.000334,0.049873,0.046946
[fold_1] 2775,0.000126,0.049850,0.046907
[fold_1] 2800,0.000332,0.049900,0.046949
[fold_1] 2825,0.001532,0.049849,0.046907
[fold_1] 2850,0.001825,0.049850,0.046916
[fold_1] 2875,0.011111,0.049859,0.046930
[fold_1] 2900,0.022419,0.049833,0.046896
[fold_1] 2925,0.001841,0.049839,0.046902
[fold_1] 2950,0.000134,0.049831,0.046889
[fold_1] 2975,0.001115,0.049899,0.046951
[fold_1] 3000,0.001276,0.049997,0.047057
[fold_1] 3025,0.000338,0.049950,0.047015
[fold_1] 3050,0.004753,0.049822,0.046885
[fold_1] 3075,0.020653,0.049817,0.046882
[fold_1] 3100,0.000160,0.049840,0.046898
[fold_1] 3125,0.001404,0.049851,0.046899
[fold_1] 3150,0.002121,0.049815,0.046869
[fold_1] 3175,0.005705,0.049802,0.046864
[fold_1] 3200,0.000586,0.049811,0.046882
[fold_1] 3225,0.030879,0.049806,0.046878
[fold_1] 3250,0.001779,0.049800,0.046870
[fold_1] 3275,0.003079,0.049798,0.046852
[fold_1] 3300,0.020926,0.049834,0.046888
[fold_1] 3325,0.000382,0.049777,0.046835
[fold_1] 3350,0.013766,0.049833,0.046899
[fold_1] 3375,0.012421,0.049786,0.046847
[fold_1] 3400,0.003379,0.049803,0.046867
[fold_1] 3425,0.003753,0.049778,0.046850
[fold_1] 3450,0.004599,0.049782,0.046855
[fold_1] 3475,0.001198,0.049810,0.046886
[fold_1] 3500,0.000518,0.049772,0.046844
[fold_1] 3525,0.000744,0.049892,0.046971
[fold_1] 3550,0.003083,0.049769,0.046838
[fold_1] 3575,0.001322,0.049753,0.046815
[fold_1] 3600,0.000688,0.049759,0.046828
[fold_1] 3625,0.000689,0.049830,0.046902
[fold_1] 3650,0.000365,0.049796,0.046863
[fold_1] 3675,0.043971,0.049757,0.046824
[fold_1] 3700,0.005710,0.049745,0.046807
[fold_1] 3725,0.000126,0.049744,0.046817
[fold_1] 3750,0.000610,0.049728,0.046791
[fold_1] 3775,0.000366,0.049728,0.046781
[fold_1] 3800,0.002711,0.049756,0.046813
[fold_1] 3825,0.001137,0.049708,0.046765
[fold_1] 3850,0.004076,0.049903,0.046997
[fold_1] 3875,0.004066,0.049730,0.046805
[fold_1] 3900,0.002990,0.049730,0.046807
[fold_1] 3925,0.001305,0.049716,0.046789
[fold_2] 0,0.377263,1.024429,1.025808
[fold_2] 1,0.845719,1.014214,1.015557
[fold_2] 25,0.945906,0.716832,0.717243
[fold_2] 50,0.005098,0.226792,0.225941
[fold_2] 75,0.017840,0.148891,0.147087
[fold_2] 100,0.003831,0.116170,0.113996
[fold_2] 125,0.024080,0.101396,0.098807
[fold_2] 150,0.042064,0.089998,0.087003
[fold_2] 175,0.000936,0.085122,0.081949
[fold_2] 200,0.007565,0.081960,0.078650
[fold_2] 225,0.000538,0.078846,0.075390
[fold_2] 250,0.001372,0.079012,0.075427
[fold_2] 275,0.001618,0.076585,0.072990
[fold_2] 300,0.001802,0.074426,0.070806
[fold_2] 325,0.005404,0.075200,0.071628
[fold_2] 350,0.002354,0.081733,0.078656
[fold_2] 375,0.017399,0.087764,0.084773
[fold_2] 400,0.001175,0.074101,0.070438
[fold_2] 425,0.006248,0.069192,0.065321
[fold_2] 450,0.002327,0.069367,0.065473
[fold_2] 475,0.000781,0.066487,0.062356
[fold_2] 500,0.001627,0.066837,0.062724
[fold_2] 525,0.002669,0.065590,0.061358
[fold_2] 550,0.018281,0.065864,0.061628
[fold_2] 575,0.003263,0.065463,0.061251
[fold_2] 600,0.022155,0.064239,0.059926
[fold_2] 625,0.001241,0.064340,0.059982
[fold_2] 650,0.000976,0.065211,0.060973
[fold_2] 675,0.002748,0.063847,0.059547
[fold_2] 700,0.001323,0.063903,0.059624
[fold_2] 725,0.001902,0.062798,0.058466
[fold_2] 750,0.002481,0.062181,0.057765
[fold_2] 775,0.000764,0.062277,0.057862
[fold_2] 800,0.001838,0.069099,0.065128
[fold_2] 825,0.007460,0.061008,0.056483
[fold_2] 850,0.018637,0.061507,0.056982
[fold_2] 875,0.002897,0.062469,0.058076
[fold_2] 900,0.013014,0.060135,0.055569
[fold_2] 925,0.002256,0.060958,0.056581
[fold_2] 950,0.002419,0.060483,0.056072
[fold_2] 975,0.001126,0.059570,0.055105
[fold_2] 1000,0.002027,0.063898,0.059683
[fold_2] 1025,0.015085,0.060397,0.055979
[fold_2] 1050,0.007699,0.057914,0.053271
[fold_2] 1075,0.000625,0.058303,0.053811
[fold_2] 1100,0.014888,0.057276,0.052601
[fold_2] 1125,0.000705,0.058167,0.053595
[fold_2] 1150,0.003282,0.066583,0.062645
[fold_2] 1175,0.006659,0.057206,0.052579
[fold_2] 1200,0.001035,0.057706,0.053132
[fold_2] 1225,0.002921,0.056752,0.052122
[fold_2] 1250,0.001149,0.059903,0.055500
[fold_2] 1275,0.023149,0.055597,0.050784
[fold_2] 1300,0.002729,0.055547,0.050738
[fold_2] 1325,0.000594,0.056784,0.052042
[fold_2] 1350,0.001685,0.054892,0.049963
[fold_2] 1375,0.001681,0.055871,0.051044
[fold_2] 1400,0.000587,0.055163,0.050322
[fold_2] 1425,0.000335,0.060440,0.056015
[fold_2] 1450,0.000204,0.054650,0.049700
[fold_2] 1475,0.010358,0.054493,0.049504
[fold_2] 1500,0.007882,0.055328,0.050429
[fold_2] 1525,0.001035,0.056237,0.051403
[fold_2] 1550,0.015059,0.055204,0.050259
[fold_2] 1575,0.004741,0.054035,0.049025
[fold_2] 1600,0.012821,0.053734,0.048685
[fold_2] 1625,0.031882,0.054174,0.049171
[fold_2] 1650,0.001902,0.053856,0.048821
[fold_2] 1675,0.000330,0.054264,0.049273
[fold_2] 1700,0.009154,0.053683,0.048635
[fold_2] 1725,0.000296,0.053761,0.048715
[fold_2] 1750,0.005937,0.053830,0.048811
[fold_2] 1775,0.000142,0.053520,0.048452
[fold_2] 1800,0.003292,0.053894,0.048852
[fold_2] 1825,0.077014,0.053427,0.048358
[fold_2] 1850,0.000254,0.053433,0.048349
[fold_2] 1875,0.003852,0.053713,0.048686
[fold_2] 1900,0.000176,0.053346,0.048282
[fold_2] 1925,0.003041,0.053375,0.048312
[fold_2] 1950,0.005286,0.053379,0.048309
[fold_2] 1975,0.002687,0.053457,0.048395
[fold_2] 2000,0.000991,0.053263,0.048185
[fold_2] 2025,0.002561,0.053236,0.048154
[fold_2] 2050,0.000349,0.053220,0.048146
[fold_2] 2075,0.000959,0.053285,0.048205
[fold_2] 2100,0.002841,0.053203,0.048114
[fold_2] 2125,0.000273,0.053243,0.048169
[fold_2] 2150,0.002682,0.053177,0.048098
[fold_2] 2175,0.000265,0.053184,0.048115
[fold_2] 2200,0.000977,0.053190,0.048116
[fold_2] 2225,0.002225,0.053173,0.048098
[fold_2] 2250,0.002676,0.053101,0.048022
[fold_2] 2275,0.000934,0.053116,0.048042
[fold_2] 2300,0.005743,0.053092,0.048010
[fold_2] 2325,0.005470,0.053118,0.048041
[fold_2] 2350,0.000478,0.053071,0.047985
[fold_2] 2375,0.009023,0.053051,0.047969
[fold_2] 2400,0.005359,0.053074,0.048002
[fold_2] 2425,0.004352,0.053033,0.047950
[fold_2] 2450,0.031959,0.053046,0.047959
[fold_2] 2475,0.011791,0.053102,0.048028
[fold_2] 2500,0.002225,0.053041,0.047955
[fold_2] 2525,0.000409,0.053032,0.047945
[fold_2] 2550,0.000512,0.053078,0.047994
[fold_2] 2575,0.018342,0.053042,0.047955
[fold_2] 2600,0.000626,0.053018,0.047928
[fold_2] 2625,0.001013,0.053010,0.047921
[fold_2] 2650,0.008136,0.052990,0.047899
[fold_2] 2675,0.004645,0.052966,0.047874
[fold_2] 2700,0.001030,0.052995,0.047905
[fold_2] 2725,0.002783,0.052990,0.047900
[fold_2] 2750,0.035979,0.053036,0.047952
[fold_2] 2775,0.003412,0.052982,0.047897
[fold_2] 2800,0.000238,0.052947,0.047858
[fold_2] 2825,0.000208,0.053002,0.047916
[fold_2] 2850,0.000283,0.053079,0.048002
[fold_2] 2875,0.000155,0.052985,0.047894
[fold_2] 2900,0.002511,0.052965,0.047875
[fold_2] 2925,0.000457,0.052964,0.047875
[fold_2] 2950,0.003135,0.052977,0.047881
[fold_2] 2975,0.000488,0.052937,0.047838
[fold_2] 3000,0.006605,0.052899,0.047797
[fold_2] 3025,0.003671,0.052892,0.047791
[fold_2] 3050,0.012143,0.052942,0.047843
[fold_2] 3075,0.002430,0.052875,0.047773
[fold_2] 3100,0.000840,0.052875,0.047775
[fold_2] 3125,0.000120,0.052888,0.047792
[fold_2] 3150,0.007067,0.052901,0.047809
[fold_2] 3175,0.016538,0.052925,0.047835
[fold_2] 3200,0.000232,0.052905,0.047809
[fold_2] 3225,0.000237,0.052881,0.047777
[fold_2] 3250,0.013714,0.052838,0.047729
[fold_2] 3275,0.005941,0.052893,0.047791
[fold_2] 3300,0.068135,0.052824,0.047713
[fold_2] 3325,0.004323,0.052826,0.047715
[fold_2] 3350,0.000666,0.052832,0.047724
[fold_2] 3375,0.004615,0.052814,0.047702
[fold_2] 3400,0.000470,0.052809,0.047701
[fold_2] 3425,0.000174,0.052806,0.047697
[fold_2] 3450,0.000360,0.052832,0.047729
[fold_2] 3475,0.000395,0.052834,0.047729
[fold_2] 3500,0.000706,0.052789,0.047676
[fold_2] 3525,0.005331,0.052877,0.047768
[fold_2] 3550,0.002788,0.052779,0.047661
[fold_2] 3575,0.004742,0.052758,0.047645
[fold_2] 3600,0.005257,0.052759,0.047647
[fold_2] 3625,0.003558,0.052761,0.047651
[fold_2] 3650,0.005794,0.052768,0.047657
[fold_2] 3675,0.015079,0.052748,0.047636
[fold_3] 0,0.897893,1.024401,1.023924
[fold_3] 1,0.365620,1.025042,1.024572
[fold_3] 25,0.532898,0.744622,0.744705
[fold_3] 50,0.021069,0.231711,0.233142
[fold_3] 75,0.003286,0.157655,0.160098
[fold_3] 100,0.001692,0.119903,0.122166
[fold_3] 125,0.021998,0.104254,0.106766
[fold_3] 150,0.001140,0.095836,0.098134
[fold_3] 175,0.004208,0.086576,0.089196
[fold_3] 200,0.001255,0.081575,0.084331
[fold_3] 225,0.008520,0.085698,0.088482
[fold_3] 250,0.004233,0.075134,0.078236
[fold_3] 275,0.007239,0.075623,0.078655
[fold_3] 300,0.003341,0.072408,0.075547
[fold_3] 325,0.004035,0.071121,0.074345
[fold_3] 350,0.059964,0.070510,0.073533
[fold_3] 375,0.000715,0.070766,0.073831
[fold_3] 400,0.002563,0.069767,0.072856
[fold_3] 425,0.007276,0.067283,0.070420
[fold_3] 450,0.006831,0.067399,0.070558
[fold_3] 475,0.015983,0.068540,0.071609
[fold_3] 500,0.010244,0.064697,0.067923
[fold_3] 525,0.000840,0.063058,0.066387
[fold_3] 550,0.008086,0.062756,0.066123
[fold_3] 575,0.002614,0.061964,0.065288
[fold_3] 600,0.000944,0.070548,0.073413
[fold_3] 625,0.008906,0.062105,0.065337
[fold_3] 650,0.002838,0.060529,0.063921
[fold_3] 675,0.001047,0.061730,0.064904
[fold_3] 700,0.007645,0.067555,0.070707
[fold_3] 725,0.015467,0.060248,0.063656
[fold_3] 750,0.002460,0.062243,0.065533
[fold_3] 775,0.004238,0.061236,0.064490
[fold_3] 800,0.003176,0.057355,0.060813
[fold_3] 825,0.001843,0.056466,0.059975
[fold_3] 850,0.014466,0.058796,0.062191
[fold_3] 875,0.000676,0.055534,0.059127
[fold_3] 900,0.033455,0.056277,0.059765
[fold_3] 925,0.056603,0.057140,0.060396
[fold_3] 950,0.017193,0.056141,0.059437
[fold_3] 975,0.000281,0.054626,0.058102
[fold_3] 1000,0.010416,0.054168,0.057723
[fold_3] 1025,0.000855,0.053158,0.056774
[fold_3] 1050,0.000278,0.053142,0.056758
[fold_3] 1075,0.062957,0.052782,0.056428
[fold_3] 1100,0.003240,0.053279,0.056815
[fold_3] 1125,0.001804,0.052815,0.056405
[fold_3] 1150,0.000132,0.052507,0.056078
[fold_3] 1175,0.007367,0.053331,0.056839
[fold_3] 1200,0.005371,0.055762,0.059164
[fold_3] 1225,0.000635,0.051779,0.055404
[fold_3] 1250,0.004814,0.051540,0.055197
[fold_3] 1275,0.001308,0.051382,0.055028
[fold_3] 1300,0.005484,0.051530,0.055157
[fold_3] 1325,0.002071,0.051119,0.054784
[fold_3] 1350,0.008196,0.052042,0.055580
[fold_3] 1375,0.011830,0.051057,0.054650
[fold_3] 1400,0.005869,0.051690,0.055156
[fold_3] 1425,0.001047,0.050430,0.054055
[fold_3] 1450,0.087211,0.051118,0.054653
[fold_3] 1475,0.001108,0.052125,0.055555
[fold_3] 1500,0.008839,0.050979,0.054530
[fold_3] 1525,0.005965,0.049679,0.053374
[fold_3] 1550,0.001357,0.050707,0.054361
[fold_3] 1575,0.000186,0.050519,0.054187
[fold_3] 1600,0.000282,0.049580,0.053294
[fold_3] 1625,0.001769,0.049878,0.053576
[fold_3] 1650,0.000478,0.052226,0.055704
[fold_3] 1675,0.000434,0.049535,0.053209
[fold_3] 1700,0.007311,0.049916,0.053542
[fold_3] 1725,0.000134,0.049649,0.053256
[fold_3] 1750,0.014087,0.049610,0.053256
[fold_3] 1775,0.000389,0.050063,0.053700
[fold_3] 1800,0.034105,0.049030,0.052747
[fold_3] 1825,0.000596,0.048983,0.052690
[fold_3] 1850,0.002333,0.049746,0.053427
[fold_3] 1875,0.002112,0.049095,0.052848
[fold_3] 1900,0.000137,0.048881,0.052657
[fold_3] 1925,0.002257,0.049125,0.052903
[fold_3] 1950,0.007769,0.048859,0.052667
[fold_3] 1975,0.038159,0.049010,0.052804
[fold_3] 2000,0.010440,0.048871,0.052691
[fold_3] 2025,0.015435,0.048874,0.052681
[fold_3] 2050,0.017956,0.049038,0.052841
[fold_3] 2075,0.005823,0.048719,0.052561
[fold_3] 2100,0.033186,0.048827,0.052673
[fold_3] 2125,0.005952,0.048695,0.052545
[fold_3] 2150,0.004085,0.048778,0.052610
[fold_3] 2175,0.000238,0.048679,0.052531
[fold_3] 2200,0.004605,0.048702,0.052548
[fold_3] 2225,0.001594,0.048644,0.052495
[fold_3] 2250,0.000148,0.048656,0.052502
[fold_3] 2275,0.001866,0.048946,0.052773
[fold_3] 2300,0.001054,0.048646,0.052512
[fold_3] 2325,0.000184,0.048648,0.052508
[fold_3] 2350,0.001658,0.048667,0.052531
[fold_3] 2375,0.003701,0.048684,0.052539
[fold_3] 2400,0.000689,0.048605,0.052471
[fold_3] 2425,0.005780,0.048618,0.052483
[fold_3] 2450,0.001010,0.048698,0.052561
[fold_3] 2475,0.000199,0.048632,0.052491
[fold_3] 2500,0.001127,0.048617,0.052484
[fold_3] 2525,0.004894,0.048584,0.052448
[fold_3] 2550,0.001914,0.048601,0.052462
[fold_3] 2575,0.005509,0.048623,0.052486
[fold_3] 2600,0.106567,0.048590,0.052454
[fold_3] 2625,0.000205,0.048632,0.052488
[fold_3] 2650,0.001288,0.048569,0.052435
[fold_3] 2675,0.003533,0.048587,0.052453
[fold_3] 2700,0.003157,0.048564,0.052433
[fold_3] 2725,0.000333,0.048567,0.052438
[fold_3] 2750,0.001200,0.048673,0.052532
[fold_3] 2775,0.087325,0.048562,0.052437
[fold_3] 2800,0.002086,0.048589,0.052467
[fold_3] 2825,0.002641,0.048560,0.052434
[fold_3] 2850,0.007160,0.048562,0.052435
[fold_3] 2875,0.000772,0.048586,0.052459
[fold_3] 2900,0.012242,0.048576,0.052451
[fold_3] 2925,0.001056,0.048566,0.052437
[fold_3] 2950,0.005019,0.048546,0.052427
[fold_3] 2975,0.006049,0.048660,0.052523
[fold_3] 3000,0.031601,0.048625,0.052507
[fold_3] 3025,0.002951,0.048543,0.052427
[fold_3] 3050,0.000840,0.048529,0.052408
[fold_3] 3075,0.000183,0.048516,0.052393
[fold_3] 3100,0.002136,0.048504,0.052384
[fold_3] 3125,0.003982,0.048502,0.052380
[fold_3] 3150,0.024256,0.048596,0.052463
[fold_3] 3175,0.001651,0.048523,0.052407
[fold_3] 3200,0.035768,0.048535,0.052413
[fold_3] 3225,0.005442,0.048485,0.052370
[fold_3] 3250,0.016046,0.048504,0.052387
[fold_3] 3275,0.000170,0.048508,0.052390
[fold_3] 3300,0.001534,0.048499,0.052390
[fold_3] 3325,0.005332,0.048489,0.052377
[fold_3] 3350,0.050162,0.048490,0.052376
[fold_3] 3375,0.001086,0.048478,0.052372
[fold_3] 3400,0.015544,0.048465,0.052358
[fold_3] 3425,0.000182,0.048462,0.052358
[fold_3] 3450,0.002104,0.048489,0.052379
[fold_3] 3475,0.018524,0.048490,0.052382
[fold_3] 3500,0.021383,0.048448,0.052346
[fold_3] 3525,0.003546,0.048476,0.052372
[fold_3] 3550,0.003610,0.048442,0.052345
[fold_3] 3575,0.001742,0.048579,0.052476
[fold_4] 0,1.589747,1.024555,1.025824
[fold_4] 1,0.051875,1.026103,1.027249
[fold_4] 25,0.019766,0.743086,0.742957
[fold_4] 50,0.010168,0.270314,0.267994
[fold_4] 75,0.019095,0.141099,0.138391
[fold_4] 100,0.007216,0.109297,0.106540
[fold_4] 125,0.047869,0.098543,0.095717
[fold_4] 150,0.009909,0.091570,0.088508
[fold_4] 175,0.027381,0.085295,0.082230
[fold_4] 200,0.011206,0.082600,0.079600
[fold_4] 225,0.004568,0.079184,0.075980
[fold_4] 250,0.003999,0.077228,0.073991
[fold_4] 275,0.001519,0.075591,0.072261
[fold_4] 300,0.001425,0.078312,0.075143
[fold_4] 325,0.006333,0.083914,0.081266
[fold_4] 350,0.010616,0.074486,0.071187
[fold_4] 375,0.000535,0.078494,0.075576
[fold_4] 400,0.010572,0.071319,0.067884
[fold_4] 425,0.010336,0.072509,0.069281
[fold_4] 450,0.150191,0.076399,0.073339
[fold_4] 475,0.010528,0.072619,0.069462
[fold_4] 500,0.000506,0.066990,0.063557
[fold_4] 525,0.007316,0.066636,0.063082
[fold_4] 550,0.011522,0.067160,0.063603
[fold_4] 575,0.012875,0.065835,0.062170
[fold_4] 600,0.043318,0.065575,0.061939
[fold_4] 625,0.004469,0.064632,0.060926
[fold_4] 650,0.001106,0.064669,0.061083
[fold_4] 675,0.007405,0.067465,0.063985
[fold_4] 700,0.002986,0.063341,0.059647
[fold_4] 725,0.001217,0.064340,0.060654
[fold_4] 750,0.018079,0.062987,0.059344
[fold_4] 775,0.011797,0.064770,0.061103
[fold_4] 800,0.008936,0.061783,0.057920
[fold_4] 825,0.011274,0.062631,0.058784
[fold_4] 850,0.001138,0.060942,0.057004
[fold_4] 875,0.005691,0.061024,0.057138
[fold_4] 900,0.001239,0.063645,0.059965
[fold_4] 925,0.002848,0.060172,0.056235
[fold_4] 950,0.001508,0.059929,0.056113
[fold_4] 975,0.002281,0.061199,0.057291
[fold_4] 1000,0.012227,0.059255,0.055286
[fold_4] 1025,0.000490,0.059492,0.055584
[fold_4] 1050,0.014034,0.058550,0.054468
[fold_4] 1075,0.000195,0.058386,0.054399
[fold_4] 1100,0.000767,0.059247,0.055313
[fold_4] 1125,0.006727,0.058252,0.054174
[fold_4] 1150,0.011752,0.059268,0.055313
[fold_4] 1175,0.000563,0.057471,0.053293
[fold_4] 1200,0.000856,0.059344,0.055505
[fold_4] 1225,0.028491,0.058058,0.053893
[fold_4] 1250,0.003314,0.056599,0.052368
[fold_4] 1275,0.020028,0.056511,0.052288
[fold_4] 1300,0.004853,0.056051,0.051775
[fold_4] 1325,0.005900,0.056201,0.051957
[fold_4] 1350,0.000626,0.055729,0.051349
[fold_4] 1375,0.026729,0.055097,0.050732
[fold_4] 1400,0.000518,0.055510,0.051171
[fold_4] 1425,0.002148,0.055106,0.050742
[fold_4] 1450,0.001187,0.055434,0.050998
[fold_4] 1475,0.041909,0.054704,0.050216
[fold_4] 1500,0.000486,0.054999,0.050629
[fold_4] 1525,0.005658,0.053977,0.049581
[fold_4] 1550,0.000804,0.054379,0.050003
[fold_4] 1575,0.007648,0.053732,0.049318
[fold_4] 1600,0.000622,0.053694,0.049316
[fold_4] 1625,0.001081,0.053534,0.049113
[fold_4] 1650,0.000359,0.054296,0.049856
[fold_4] 1675,0.001426,0.053664,0.049171
[fold_4] 1700,0.009151,0.053571,0.049127
[fold_4] 1725,0.004227,0.053333,0.048817
[fold_4] 1750,0.000393,0.053059,0.048540
[fold_4] 1775,0.007988,0.052989,0.048491
[fold_4] 1800,0.010052,0.053210,0.048670
[fold_4] 1825,0.003747,0.052997,0.048492
[fold_4] 1850,0.004038,0.052990,0.048479
[fold_4] 1875,0.006358,0.053375,0.048893
[fold_4] 1900,0.015394,0.052655,0.048149
[fold_4] 1925,0.018017,0.053043,0.048512
[fold_4] 1950,0.006904,0.052651,0.048111
[fold_4] 1975,0.000773,0.052447,0.047919
[fold_4] 2000,0.002953,0.052449,0.047950
[fold_4] 2025,0.008592,0.052553,0.048082
[fold_4] 2050,0.001216,0.052508,0.047944
[fold_4] 2075,0.001412,0.052421,0.047861
[fold_4] 2100,0.000517,0.052276,0.047730
[fold_4] 2125,0.067262,0.052316,0.047799
[fold_4] 2150,0.024083,0.052541,0.048042
[fold_4] 2175,0.000326,0.052271,0.047734
[fold_4] 2200,0.000443,0.052085,0.047525
[fold_4] 2225,0.013924,0.052084,0.047521
[fold_4] 2250,0.000449,0.052067,0.047487
[fold_4] 2275,0.000760,0.052029,0.047461
[fold_4] 2300,0.003209,0.052540,0.048071
[fold_4] 2325,0.002846,0.052007,0.047446
[fold_4] 2350,0.004422,0.052144,0.047554
[fold_4] 2375,0.006329,0.052313,0.047748
[fold_4] 2400,0.000245,0.052011,0.047451
[fold_4] 2425,0.005478,0.052030,0.047488
[fold_4] 2450,0.005010,0.051955,0.047367
[fold_4] 2475,0.000617,0.051950,0.047368
[fold_4] 2500,0.005297,0.052138,0.047578
[fold_4] 2525,0.000455,0.051964,0.047385
[fold_4] 2550,0.000433,0.051926,0.047337
[fold_4] 2575,0.008548,0.051918,0.047326
[fold_4] 2600,0.000120,0.051935,0.047348
[fold_4] 2625,0.004661,0.051903,0.047303
[fold_4] 2650,0.046028,0.051914,0.047306
[fold_4] 2675,0.049176,0.051896,0.047289
[fold_4] 2700,0.002468,0.051892,0.047284
[fold_4] 2725,0.009012,0.051919,0.047329
[fold_4] 2750,0.003632,0.051888,0.047283
[fold_4] 2775,0.008662,0.051884,0.047269
[fold_4] 2800,0.001080,0.051873,0.047264
[fold_4] 2825,0.004377,0.051869,0.047255
[fold_4] 2850,0.000778,0.051860,0.047251
[fold_4] 2875,0.001105,0.052029,0.047419
[fold_4] 2900,0.001576,0.051848,0.047239
[fold_4] 2925,0.006698,0.051857,0.047248
[fold_4] 2950,0.001111,0.051954,0.047356
[fold_4] 2975,0.002361,0.051947,0.047334
[fold_4] 3000,0.012995,0.051867,0.047242
[fold_4] 3025,0.018416,0.051822,0.047197
[fold_4] 3050,0.000430,0.051814,0.047192
[fold_4] 3075,0.000880,0.051818,0.047198
[fold_4] 3100,0.005163,0.051801,0.047180
[fold_4] 3125,0.001745,0.051799,0.047175
[fold_4] 3150,0.004839,0.051965,0.047341
[fold_4] 3175,0.017228,0.051812,0.047180
[fold_4] 3200,0.003071,0.051912,0.047300
[fold_4] 3225,0.066126,0.051816,0.047199
[fold_4] 3250,0.002068,0.051766,0.047138
[fold_4] 3275,0.002557,0.051761,0.047140
[fold_4] 3300,0.022329,0.051753,0.047133
[fold_4] 3325,0.000297,0.051750,0.047118
[fold_4] 3350,0.002943,0.051747,0.047120
[fold_4] 3375,0.000136,0.051785,0.047146
[fold_4] 3400,0.002375,0.051780,0.047129
[fold_4] 3425,0.000159,0.051771,0.047125
[fold_4] 3450,0.000332,0.051745,0.047097
[fold_4] 3475,0.038856,0.051718,0.047084
[fold_4] 3500,0.000194,0.051730,0.047091
[fold_4] 3525,0.019042,0.051717,0.047080
[fold_4] 3550,0.007671,0.051760,0.047121
[fold_4] 3575,0.000278,0.051706,0.047071
[fold_4] 3600,0.000208,0.051715,0.047070
[fold_4] 3625,0.009447,0.051710,0.047086
[fold_4] 3650,0.000873,0.051792,0.047167
[fold_4] 3675,0.000214,0.051688,0.047059
[fold_4] 3700,0.000306,0.051816,0.047174
[fold_4] 3725,0.000337,0.051684,0.047042
[fold_4] 3750,0.020347,0.051711,0.047076
[fold_4] 3775,0.007584,0.051674,0.047013
[fold_4] 3800,0.005522,0.051658,0.047023
[fold_5] 0,0.322677,1.024539,1.022704
[fold_5] 1,0.401536,1.025277,1.023380
[fold_5] 25,0.561264,0.759387,0.757918
[fold_5] 50,0.053676,0.229280,0.231068
[fold_5] 75,0.033587,0.146540,0.149242
[fold_5] 100,0.000575,0.109328,0.113443
[fold_5] 125,0.001671,0.102286,0.106814
[fold_5] 150,0.000683,0.089296,0.094351
[fold_5] 175,0.001112,0.084796,0.090063
[fold_5] 200,0.013482,0.085220,0.090402
[fold_5] 225,0.007152,0.080977,0.086306
[fold_5] 250,0.056623,0.086178,0.091289
[fold_5] 275,0.008815,0.074150,0.079984
[fold_5] 300,0.001837,0.072329,0.078315
[fold_5] 325,0.001031,0.074147,0.079979
[fold_5] 350,0.020585,0.070063,0.076333
[fold_5] 375,0.017028,0.068136,0.074491
[fold_5] 400,0.013134,0.069085,0.075261
[fold_5] 425,0.004398,0.066614,0.073150
[fold_5] 450,0.000438,0.066766,0.073144
[fold_5] 475,0.007257,0.071393,0.077384
[fold_5] 500,0.002892,0.065187,0.071778
[fold_5] 525,0.010208,0.064386,0.071057
[fold_5] 550,0.001897,0.065842,0.072326
[fold_5] 575,0.002556,0.070296,0.076364
[fold_5] 600,0.010161,0.062400,0.069182
[fold_5] 625,0.013240,0.062898,0.069671
[fold_5] 650,0.012014,0.064111,0.070809
[fold_5] 675,0.000357,0.059814,0.066867
[fold_5] 700,0.007591,0.060670,0.067708
[fold_5] 725,0.001366,0.062183,0.069084
[fold_5] 750,0.000849,0.061802,0.068602
[fold_5] 775,0.002708,0.058351,0.065595
[fold_5] 800,0.007927,0.057838,0.065104
[fold_5] 825,0.029188,0.057545,0.064818
[fold_5] 850,0.006447,0.057195,0.064514
[fold_5] 875,0.000852,0.056844,0.064215
[fold_5] 900,0.038386,0.056859,0.064232
[fold_5] 925,0.015151,0.056608,0.064014
[fold_5] 950,0.000444,0.056963,0.064302
[fold_5] 975,0.004341,0.056193,0.063636
[fold_5] 1000,0.000388,0.057017,0.064361
[fold_5] 1025,0.000857,0.055752,0.063229
[fold_5] 1050,0.014360,0.055069,0.062609
[fold_5] 1075,0.007523,0.054739,0.062356
[fold_5] 1100,0.002251,0.055690,0.063160
[fold_5] 1125,0.008107,0.054637,0.062194
[fold_5] 1150,0.002371,0.053661,0.061343
[fold_5] 1175,0.011993,0.053468,0.061133
[fold_5] 1200,0.001997,0.053374,0.061048
[fold_5] 1225,0.005634,0.053198,0.060899
[fold_5] 1250,0.025347,0.053099,0.060771
[fold_5] 1275,0.003862,0.056849,0.064070
[fold_5] 1300,0.003725,0.052149,0.059943
[fold_5] 1325,0.000361,0.054793,0.062279
[fold_5] 1350,0.024881,0.056155,0.063412
[fold_5] 1375,0.009846,0.053247,0.060912
[fold_5] 1400,0.004889,0.051393,0.059260
[fold_5] 1425,0.004414,0.052118,0.059871
[fold_5] 1450,0.021954,0.051360,0.059203
[fold_5] 1475,0.000481,0.051358,0.059251
[fold_5] 1500,0.004249,0.052898,0.060591
[fold_5] 1525,0.000429,0.051503,0.059351
[fold_5] 1550,0.003200,0.050884,0.058808
[fold_5] 1575,0.016633,0.050763,0.058664
[fold_5] 1600,0.008485,0.050703,0.058634
[fold_5] 1625,0.000499,0.050515,0.058456
[fold_5] 1650,0.004931,0.050416,0.058353
[fold_5] 1675,0.012154,0.050653,0.058541
[fold_5] 1700,0.037312,0.050409,0.058338
[fold_5] 1725,0.073472,0.050355,0.058309
[fold_5] 1750,0.002616,0.050220,0.058184
[fold_5] 1775,0.001427,0.050231,0.058182
[fold_5] 1800,0.003581,0.050126,0.058100
[fold_5] 1825,0.009678,0.050414,0.058373
[fold_5] 1850,0.027015,0.050504,0.058456
[fold_5] 1875,0.016164,0.050274,0.058203
[fold_5] 1900,0.038885,0.049899,0.057905
[fold_5] 1925,0.003005,0.050162,0.058142
[fold_5] 1950,0.000271,0.049912,0.057930
[fold_5] 1975,0.002220,0.050247,0.058202
[fold_5] 2000,0.003610,0.049864,0.057861
[fold_5] 2025,0.002438,0.049847,0.057849
[fold_5] 2050,0.008614,0.049856,0.057852
[fold_5] 2075,0.006913,0.049756,0.057771
[fold_5] 2100,0.000165,0.049728,0.057750
[fold_5] 2125,0.013773,0.049873,0.057869
[fold_5] 2150,0.000338,0.049782,0.057809
[fold_5] 2175,0.000283,0.049697,0.057732
[fold_5] 2200,0.002503,0.049787,0.057800
[fold_5] 2225,0.000447,0.049663,0.057691
[fold_5] 2250,0.000556,0.049664,0.057700
[fold_5] 2275,0.014219,0.049672,0.057708
[fold_5] 2300,0.011683,0.049684,0.057705
[fold_5] 2325,0.001431,0.049632,0.057661
[fold_5] 2350,0.002222,0.049693,0.057722
[fold_5] 2375,0.001035,0.049609,0.057643
[fold_5] 2400,0.000532,0.049595,0.057632
[fold_5] 2425,0.000212,0.049578,0.057622
[fold_5] 2450,0.000349,0.049587,0.057627
[fold_5] 2475,0.000271,0.049694,0.057719
[fold_5] 2500,0.000308,0.049595,0.057642
[fold_5] 2525,0.022185,0.049554,0.057600
[fold_5] 2550,0.000916,0.049552,0.057602
[fold_5] 2575,0.025503,0.049610,0.057641
[fold_5] 2600,0.000418,0.049589,0.057636
[fold_5] 2625,0.002118,0.049540,0.057589
[fold_5] 2650,0.000580,0.049537,0.057577
[fold_5] 2675,0.078677,0.049518,0.057568
[fold_5] 2700,0.000254,0.049572,0.057616
[fold_5] 2725,0.000667,0.049592,0.057628
[fold_5] 2750,0.001291,0.049656,0.057698
[fold_5] 2775,0.002040,0.049510,0.057564
[fold_5] 2800,0.001779,0.049484,0.057540
[fold_5] 2825,0.000206,0.049489,0.057540
[fold_5] 2850,0.004576,0.049549,0.057588
[fold_5] 2875,0.000543,0.049676,0.057715
[fold_5] 2900,0.015478,0.049582,0.057632
[fold_5] 2925,0.022227,0.049462,0.057521
[fold_5] 2950,0.000504,0.049561,0.057613
[fold_5] 2975,0.005389,0.049480,0.057528
[fold_5] 3000,0.000935,0.049456,0.057510
[fold_5] 3025,0.000196,0.049462,0.057510
[fold_5] 3050,0.004305,0.049449,0.057499
[fold_5] 3075,0.000362,0.049469,0.057524
[fold_5] 3100,0.003941,0.049439,0.057497
[fold_5] 3125,0.004738,0.049569,0.057596
[fold_5] 3150,0.005012,0.049407,0.057466
[fold_5] 3175,0.006442,0.049415,0.057477
[fold_5] 3200,0.000179,0.049399,0.057463
[fold_5] 3225,0.025540,0.049441,0.057493
[fold_5] 3250,0.008099,0.049386,0.057450
[fold_5] 3275,0.002112,0.049431,0.057480
[fold_5] 3300,0.005301,0.049379,0.057443
[fold_5] 3325,0.000698,0.049368,0.057431
[fold_5] 3350,0.000166,0.049366,0.057427
[fold_5] 3375,0.000198,0.049358,0.057421
[fold_5] 3400,0.001214,0.049441,0.057482
[fold_5] 3425,0.030850,0.049404,0.057450
[fold_5] 3450,0.001051,0.049352,0.057415
[fold_5] 3475,0.000149,0.049367,0.057426
[fold_5] 3500,0.062551,0.049322,0.057391
[fold_5] 3525,0.002074,0.049317,0.057383
[fold_5] 3550,0.015607,0.049345,0.057409
[fold_5] 3575,0.003256,0.049412,0.057474
[fold_5] 3600,0.004007,0.049339,0.057396
[fold_5] 3625,0.000208,0.049309,0.057380
[fold_5] 3650,0.006014,0.049332,0.057400
[fold_5] 3675,0.002457,0.049291,0.057357
[fold_5] 3700,0.003991,0.049284,0.057352
[fold_5] 3725,0.008708,0.049275,0.057343
[fold_5] 3750,0.000722,0.049325,0.057394
[fold_5] 3775,0.000173,0.049257,0.057330
[fold_5] 3800,0.000463,0.049332,0.057387

Cross-validation summary
Mean train RMSE norm      : 0.050366
Mean validation RMSE norm : 0.050218
Median best epoch         : 3775
Best-so-far checkpoint    : updated
Training-curve plot       : plots/cross_validation_curves.png
