[fold_4] 0,1.551719,1.019976,1.021516
[fold_4] 1,1.364618,1.019759,1.021300
[fold_4] 25,0.335519,1.015183,1.016746
[fold_4] 50,0.041153,1.011578,1.013160
[fold_4] 75,1.530720,1.008752,1.010351
[fold_4] 100,0.337088,1.006709,1.008320
[fold_4] 125,0.400193,1.005115,1.006738
[fold_4] 150,2.126114,1.004076,1.005707
[fold_4] 175,2.575541,1.003056,1.004696
[fold_4] 200,1.909807,1.002251,1.003899
[fold_4] 225,0.042749,1.001752,1.003405
[fold_4] 250,2.344564,1.001370,1.003028
[fold_4] 275,0.261558,1.001162,1.002824
[fold_4] 300,1.431443,1.000916,1.002581
[fold_4] 325,0.301484,1.000742,1.002411
[fold_4] 350,0.799200,1.000644,1.002315
[fold_4] 375,1.015971,1.000572,1.002243
[fold_4] 400,1.046132,1.000627,1.002297
[fold_4] 425,0.299722,1.000494,1.002166
[fold_4] 450,0.846104,1.000307,1.001986
[fold_4] 475,0.352558,1.000239,1.001920
[fold_4] 500,2.234677,1.000199,1.001883
[fold_4] 525,0.965055,1.000195,1.001879
[fold_4] 550,1.532560,1.000182,1.001866
[fold_4] 575,0.040210,1.000174,1.001859
[fold_4] 600,1.491673,1.000169,1.001854
[fold_4] 625,0.882486,1.000166,1.001853
[fold_4] 650,0.044920,1.000164,1.001850
[fold_4] 675,0.334606,1.000163,1.001849
[fold_4] 700,0.745375,1.000162,1.001848
[fold_4] 725,2.291378,1.000160,1.001846
[fold_4] 750,0.854007,1.000159,1.001845
[fold_4] 775,0.948103,1.000158,1.001844
[fold_4] 800,2.346444,1.000157,1.001843
[fold_4] 825,1.500019,1.000156,1.001842
[fold_4] 850,0.888912,1.000155,1.001841
[fold_4] 875,2.118572,1.000155,1.001841
[fold_4] 900,0.042553,1.000155,1.001840
[fold_4] 925,0.351027,1.000154,1.001840
[fold_4] 950,1.471966,1.000153,1.001839
[fold_4] 975,0.317820,1.000153,1.001839
[fold_4] 1000,1.061206,1.000152,1.001838
[fold_4] 1025,0.819742,1.000152,1.001837
[fold_4] 1050,0.045832,1.000151,1.001836
[fold_4] 1075,0.842641,1.000150,1.001835
[fold_4] 1100,0.037101,1.000149,1.001834
[fold_4] 1125,1.484470,1.000149,1.001833
[fold_4] 1150,0.047255,1.000148,1.001833
[fold_4] 1175,1.002264,1.000148,1.001832
[fold_4] 1200,2.227694,1.000147,1.001832
[fold_4] 1225,0.345791,1.000147,1.001831
[fold_4] 1250,0.304436,1.000146,1.001830
[fold_4] 1275,0.342733,1.000146,1.001830
[fold_4] 1300,1.549048,1.000145,1.001829
[fold_4] 1325,1.524618,1.000145,1.001829
[fold_4] 1350,2.502486,1.000144,1.001828
[fold_4] 1375,0.045598,1.000142,1.001827
[fold_4] 1400,0.040335,1.000142,1.001826
[fold_4] 1425,0.828985,1.000143,1.001826
[fold_4] 1450,1.263450,1.000141,1.001825
[fold_4] 1475,2.045509,1.000140,1.001824
[fold_4] 1500,0.049273,1.000140,1.001823
[fold_4] 1525,0.388507,1.000139,1.001823
[fold_4] 1550,1.447512,1.000139,1.001822
[fold_4] 1575,0.847944,1.000138,1.001821
[fold_4] 1600,0.330934,1.000138,1.001821
[fold_4] 1625,1.385756,1.000137,1.001820
[fold_4] 1650,0.044153,1.000136,1.001819
[fold_4] 1675,0.831038,1.000134,1.001818
[fold_3] 0,0.864737,1.019978,1.019122
[fold_3] 1,1.520707,1.019761,1.018905
[fold_3] 25,0.866220,1.015348,1.014490
[fold_3] 50,0.843152,1.012263,1.011404
[fold_3] 75,2.111140,1.009773,1.008914
[fold_3] 100,0.318772,1.007408,1.006548
[fold_3] 125,0.299562,1.005541,1.004681
[fold_3] 150,1.544814,1.003747,1.002888
[fold_3] 175,0.866994,1.002827,1.001968
[fold_3] 200,2.260762,1.002245,1.001385
[fold_3] 225,2.053808,1.001598,1.000739
[fold_3] 250,1.984528,1.001194,1.000336
[fold_3] 275,0.684823,1.000821,0.999963
[fold_3] 300,0.244800,1.000553,0.999695
[fold_3] 325,0.041553,1.000469,0.999612
[fold_3] 350,1.341145,1.000344,0.999487
[fold_3] 375,2.242927,1.000270,0.999414
[fold_3] 400,0.302598,1.000255,0.999398
[fold_3] 425,0.050614,1.000253,0.999396
[fold_3] 450,1.546704,1.000217,0.999361
[fold_3] 475,1.397175,1.000194,0.999337
[fold_3] 500,1.524260,1.000178,0.999322
[fold_3] 525,1.297340,1.000173,0.999317
[fold_3] 550,0.663150,1.000168,0.999312
[fold_3] 575,2.248530,1.000166,0.999310
[fold_3] 600,0.823095,1.000164,0.999308
[fold_3] 625,0.320648,1.000164,0.999308
[fold_3] 650,0.397475,1.000163,0.999307
[fold_3] 675,0.044678,1.000162,0.999306
[fold_3] 700,0.030392,1.000162,0.999306
[fold_3] 725,1.531925,1.000161,0.999305
[fold_3] 750,1.727563,1.000160,0.999304
[fold_3] 775,0.416631,1.000160,0.999304
[fold_3] 800,0.048430,1.000159,0.999303
[fold_3] 825,0.817168,1.000159,0.999303
[fold_3] 850,0.357162,1.000159,0.999302
[fold_3] 875,2.199366,1.000159,0.999303
[fold_3] 900,0.365910,1.000160,0.999304
[fold_3] 925,0.044326,1.000160,0.999304
[fold_3] 950,0.837313,1.000160,0.999304
[fold_3] 975,0.904838,1.000158,0.999302
[fold_3] 1000,0.044898,1.000157,0.999301
[fold_3] 1025,0.789061,1.000157,0.999301
[fold_3] 1050,1.585687,1.000155,0.999299
[fold_3] 1075,2.151849,1.000154,0.999298
[fold_3] 1100,0.823442,1.000152,0.999295
[fold_3] 1125,0.045612,1.000152,0.999295
[fold_3] 1150,0.328387,1.000151,0.999295
[fold_3] 1175,2.234727,1.000152,0.999296
[fold_3] 1200,0.854337,1.000151,0.999295
[fold_3] 1225,2.476364,1.000153,0.999297
[fold_3] 1250,2.337596,1.000153,0.999297
[fold_3] 1275,0.328842,1.000151,0.999295
[fold_3] 1300,0.860542,1.000150,0.999294
[fold_3] 1325,1.587736,1.000151,0.999295
[fold_3] 1350,2.218755,1.000150,0.999294
[fold_3] 1375,2.274592,1.000150,0.999293
[fold_3] 1400,2.360788,1.000149,0.999293
[fold_3] 1425,1.141345,1.000148,0.999292
[fold_3] 1450,0.301625,1.000148,0.999291
[fold_3] 1475,2.190010,1.000146,0.999290
[fold_3] 1500,0.347748,1.000146,0.999289
[fold_3] 1525,0.350354,1.000147,0.999290
[fold_3] 1550,0.772855,1.000148,0.999292
[fold_3] 1575,1.523630,1.000150,0.999293
[fold_3] 1600,0.379608,1.000151,0.999294
[fold_3] 1625,1.026700,1.000152,0.999295
[fold_1] 0,0.949410,1.019978,1.019817
[fold_1] 1,0.065420,1.019763,1.019601
[fold_1] 25,2.329636,1.015211,1.015014
[fold_1] 50,0.863573,1.011482,1.011252
[fold_1] 75,1.702612,1.008711,1.008453
[fold_1] 100,1.493430,1.006704,1.006423
[fold_1] 125,0.286606,1.005328,1.005028
[fold_1] 150,0.035061,1.004231,1.003915
[fold_1] 175,0.773847,1.003129,1.002794
[fold_1] 200,0.356452,1.002068,1.001711
[fold_1] 225,1.743738,1.001537,1.001167
[fold_1] 250,0.333048,1.001042,1.000656
[fold_1] 275,0.796740,1.000834,1.000441
[fold_1] 300,0.945865,1.000694,1.000295
[fold_1] 325,1.399459,1.000560,1.000154
[fold_1] 350,0.324880,1.000480,1.000070
[fold_1] 375,0.756266,1.000373,0.999957
[fold_1] 400,0.038934,1.000264,0.999837
[fold_1] 425,0.042872,1.000225,0.999794
[fold_1] 450,0.038239,1.000210,0.999777
[fold_1] 475,0.033749,1.000189,0.999752
[fold_1] 500,0.878105,1.000187,0.999749
[fold_1] 525,0.048292,1.000181,0.999742
[fold_1] 550,0.849240,1.000177,0.999736
[fold_1] 575,0.353186,1.000175,0.999736
[fold_1] 600,0.810984,1.000178,0.999742
[fold_1] 625,2.326267,1.000179,0.999743
[fold_1] 650,1.744547,1.000176,0.999740
[fold_1] 675,2.526931,1.000171,0.999734
[fold_1] 700,0.961800,1.000168,0.999731
[fold_1] 725,0.317858,1.000167,0.999730
[fold_1] 750,0.357824,1.000167,0.999729
[fold_1] 775,2.160258,1.000165,0.999728
[fold_1] 800,0.040184,1.000165,0.999727
[fold_1] 825,0.658419,1.000164,0.999726
[fold_1] 850,0.036544,1.000163,0.999726
[fold_1] 875,0.042149,1.000162,0.999724
[fold_1] 900,1.663445,1.000162,0.999725
[fold_1] 925,2.183847,1.000163,0.999725
[fold_1] 950,1.532776,1.000162,0.999725
[fold_1] 975,0.808162,1.000162,0.999725
[fold_1] 1000,0.049604,1.000162,0.999725
[fold_1] 1025,0.825765,1.000161,0.999724
[fold_1] 1050,0.828633,1.000159,0.999722
[fold_1] 1075,0.858585,1.000159,0.999722
[fold_1] 1100,0.051028,1.000160,0.999722
[fold_1] 1125,0.744028,1.000159,0.999722
[fold_1] 1150,2.265096,1.000160,0.999723
[fold_1] 1175,0.354244,1.000158,0.999721
[fold_1] 1200,1.318670,1.000159,0.999723
[fold_1] 1225,0.041399,1.000160,0.999725
[fold_1] 1250,0.753038,1.000158,0.999721
[fold_1] 1275,1.736865,1.000157,0.999721
[fold_1] 1300,0.049207,1.000157,0.999721
[fold_1] 1325,0.754841,1.000159,0.999723
[fold_1] 1350,0.687669,1.000157,0.999721
[fold_1] 1375,0.378943,1.000156,0.999720
[fold_1] 1400,0.345987,1.000156,0.999720
[fold_1] 1425,0.834579,1.000156,0.999720
[fold_1] 1450,0.057292,1.000158,0.999723
[fold_1] 1475,0.042149,1.000156,0.999720
[fold_1] 1500,0.803852,1.000154,0.999719
[fold_1] 1525,0.041953,1.000154,0.999719
[fold_1] 1550,0.316720,1.000154,0.999719
[fold_1] 1575,1.666679,1.000154,0.999720
[fold_1] 1600,0.356028,1.000153,0.999718
[fold_1] 1625,1.591250,1.000151,0.999716
[fold_2] 0,0.343760,1.019982,1.021019
[fold_2] 1,0.947220,1.019765,1.020802
[fold_2] 25,2.176900,1.015349,1.016401
[fold_2] 50,2.432653,1.011625,1.012690
[fold_2] 75,0.253177,1.009102,1.010177
[fold_2] 100,0.368225,1.007391,1.008473
[fold_2] 125,2.194981,1.005538,1.006629
[fold_2] 150,1.280721,1.004207,1.005306
[fold_2] 175,0.799662,1.003111,1.004217
[fold_2] 200,1.610634,1.002596,1.003705
[fold_2] 225,2.226725,1.002026,1.003140
[fold_2] 250,0.039147,1.001546,1.002664
[fold_2] 275,0.823358,1.001239,1.002359
[fold_2] 300,0.743084,1.001018,1.002141
[fold_2] 325,0.250371,1.000851,1.001976
[fold_2] 350,0.035903,1.000607,1.001736
[fold_2] 375,1.262083,1.000551,1.001681
[fold_2] 400,1.587015,1.000405,1.001538
[fold_2] 425,0.843678,1.000368,1.001501
[fold_2] 450,2.254210,1.000303,1.001438
[fold_2] 475,1.590803,1.000242,1.001379
[fold_2] 500,1.610141,1.000202,1.001340
[fold_2] 525,1.574208,1.000195,1.001334
[fold_2] 550,1.743644,1.000184,1.001323
[fold_2] 575,0.377473,1.000185,1.001324
[fold_2] 600,1.277643,1.000179,1.001318
[fold_2] 625,1.744511,1.000178,1.001317
[fold_2] 650,1.394021,1.000181,1.001320
[fold_2] 675,0.382786,1.000178,1.001317
[fold_2] 700,0.872504,1.000175,1.001314
[fold_2] 725,0.037781,1.000173,1.001313
[fold_2] 750,0.852517,1.000171,1.001311
[fold_2] 775,1.640069,1.000165,1.001305
[fold_2] 800,2.152393,1.000165,1.001305
[fold_2] 825,0.832560,1.000166,1.001306
[fold_2] 850,0.364604,1.000166,1.001306
[fold_2] 875,0.755000,1.000164,1.001304
[fold_2] 900,0.044817,1.000164,1.001304
[fold_2] 925,2.433672,1.000163,1.001303
[fold_2] 950,2.161432,1.000161,1.001301
[fold_2] 975,1.492396,1.000160,1.001300
[fold_2] 1000,1.503617,1.000159,1.001300
[fold_2] 1025,0.859120,1.000161,1.001301
[fold_2] 1050,0.704420,1.000161,1.001301
[fold_2] 1075,0.905233,1.000162,1.001302
[fold_2] 1100,2.794857,1.000161,1.001301
[fold_2] 1125,0.043638,1.000159,1.001299
[fold_2] 1150,0.837551,1.000161,1.001301
[fold_2] 1175,1.412513,1.000164,1.001304
[fold_2] 1200,0.756605,1.000164,1.001304
[fold_2] 1225,2.247696,1.000163,1.001303
[fold_2] 1250,0.336941,1.000158,1.001298
[fold_2] 1275,2.134848,1.000153,1.001293
[fold_2] 1300,0.040825,1.000150,1.001291
[fold_2] 1325,0.327192,1.000150,1.001291
[fold_2] 1350,0.042382,1.000148,1.001289
[fold_2] 1375,0.334308,1.000147,1.001288
[fold_2] 1400,0.826964,1.000144,1.001286
[fold_2] 1425,2.275968,1.000141,1.001283
[fold_2] 1450,1.255816,1.000140,1.001282
[fold_2] 1475,0.782980,1.000138,1.001280
[fold_2] 1500,0.041816,1.000137,1.001279
[fold_2] 1525,0.379077,1.000136,1.001278
[fold_2] 1550,0.278140,1.000136,1.001278
[fold_2] 1575,1.446546,1.000134,1.001276
[fold_2] 1600,0.043695,1.000133,1.001275
[fold_5] 0,0.919782,1.019982,1.018421
[fold_5] 1,0.972355,1.019766,1.018205
[fold_5] 25,0.901888,1.015299,1.013738
[fold_5] 50,0.031538,1.011711,1.010152
[fold_5] 75,0.032440,1.008806,1.007248
[fold_5] 100,2.487733,1.007071,1.005515
[fold_5] 125,2.250908,1.005127,1.003574
[fold_5] 150,1.782658,1.003931,1.002379
[fold_5] 175,2.217585,1.003085,1.001536
[fold_5] 200,0.868538,1.002174,1.000627
[fold_5] 225,2.452946,1.001776,1.000230
[fold_5] 250,0.834640,1.001484,0.999939
[fold_5] 275,0.037824,1.001366,0.999822
[fold_5] 300,2.378734,1.001083,0.999540
[fold_5] 325,2.268974,1.000759,0.999219
[fold_5] 350,0.311958,1.000538,0.999000
[fold_5] 375,2.288514,1.000404,0.998867
[fold_5] 400,1.391730,1.000327,0.998791
[fold_5] 425,0.886919,1.000255,0.998721
[fold_5] 450,0.851619,1.000228,0.998695
[fold_5] 475,1.603420,1.000201,0.998669
[fold_5] 500,1.133946,1.000200,0.998668
[fold_5] 525,0.342375,1.000185,0.998653
[fold_5] 550,2.320317,1.000185,0.998653
[fold_5] 575,1.490913,1.000179,0.998647
[fold_5] 600,0.320953,1.000175,0.998643
[fold_5] 625,1.662546,1.000170,0.998639
[fold_5] 650,0.317588,1.000167,0.998636
[fold_5] 675,0.874066,1.000167,0.998636
[fold_5] 700,1.457048,1.000167,0.998635
[fold_5] 725,2.028634,1.000166,0.998635
[fold_5] 750,0.858272,1.000165,0.998634
[fold_5] 775,0.312726,1.000164,0.998633
[fold_5] 800,0.030101,1.000163,0.998632
[fold_5] 825,0.278329,1.000162,0.998631
[fold_5] 850,0.330991,1.000160,0.998629
[fold_5] 875,1.534341,1.000161,0.998630
[fold_5] 900,0.049818,1.000160,0.998629
[fold_5] 925,0.322193,1.000159,0.998628
[fold_5] 950,0.876313,1.000157,0.998626
[fold_5] 975,0.045592,1.000155,0.998625
[fold_5] 1000,1.274279,1.000154,0.998624
[fold_5] 1025,0.355807,1.000154,0.998623
[fold_5] 1050,0.976967,1.000154,0.998623
[fold_5] 1075,0.919993,1.000154,0.998623
[fold_5] 1100,1.476938,1.000154,0.998623
[fold_5] 1125,0.366088,1.000155,0.998624
[fold_5] 1150,0.041103,1.000155,0.998625
[fold_5] 1175,1.469473,1.000154,0.998623
[fold_5] 1200,1.446284,1.000153,0.998623
[fold_5] 1225,0.272684,1.000154,0.998623
[fold_5] 1250,1.567598,1.000154,0.998623
[fold_5] 1275,1.510546,1.000152,0.998621
[fold_5] 1300,2.002837,1.000151,0.998621
[fold_5] 1325,2.285900,1.000150,0.998619
[fold_5] 1350,1.551882,1.000147,0.998617
[fold_5] 1375,2.185513,1.000147,0.998616
[fold_5] 1400,0.339683,1.000147,0.998616
[fold_5] 1425,1.452735,1.000147,0.998616
[fold_5] 1450,0.907537,1.000146,0.998615
[fold_5] 1475,0.048266,1.000144,0.998614
[fold_5] 1500,0.857575,1.000145,0.998614
[fold_5] 1525,0.331258,1.000143,0.998613
[fold_5] 1550,0.221368,1.000142,0.998612
[fold_5] 1575,1.682078,1.000140,0.998610
[fold_5] 1600,1.752940,1.000138,0.998608
[fold_5] 1625,0.041930,1.000137,0.998607
[fold_5] 1650,1.820119,1.000136,0.998607

Cross-validation summary
Mean train RMSE norm      : 1.000140
Mean validation RMSE norm : 1.000141
Median best epoch         : 1625
Best-so-far checkpoint    : kept previous
Training-curve plot       : plots/cross_validation_curves.png
