[fold_1] 0,0.342683,1.063922,1.063900
[fold_1] 1,0.082495,1.043241,1.043105
[fold_1] 25,0.637001,0.930530,0.930067
[fold_1] 50,0.199803,0.514943,0.514540
[fold_1] 75,0.079908,0.224467,0.222933
[fold_1] 100,0.000707,0.189790,0.188301
[fold_1] 125,0.013150,0.138357,0.136589
[fold_1] 150,0.021131,0.152971,0.151912
[fold_1] 175,0.000516,0.149687,0.148690
[fold_1] 200,0.009190,0.130616,0.129804
[fold_1] 225,0.001082,0.106193,0.105282
[fold_1] 250,0.031091,0.101966,0.101118
[fold_1] 275,0.005971,0.098342,0.097686
[fold_1] 300,0.010981,0.096355,0.095525
[fold_1] 325,0.000429,0.093053,0.092091
[fold_1] 350,0.007450,0.091320,0.090418
[fold_1] 375,0.026795,0.095968,0.095311
[fold_1] 400,0.022725,0.090345,0.089591
[fold_1] 425,0.005331,0.086140,0.085086
[fold_1] 450,0.000580,0.094790,0.093436
[fold_1] 475,0.000370,0.084144,0.083076
[fold_1] 500,0.006464,0.082433,0.081383
[fold_1] 525,0.003912,0.081496,0.080429
[fold_1] 550,0.034247,0.083484,0.081939
[fold_1] 575,0.016883,0.081012,0.079829
[fold_1] 600,0.010378,0.077903,0.076551
[fold_1] 625,0.000658,0.077245,0.075795
[fold_1] 650,0.001057,0.078628,0.077473
[fold_1] 675,0.004898,0.077861,0.076433
[fold_1] 700,0.001433,0.077122,0.075757
[fold_1] 725,0.003485,0.071603,0.070206
[fold_1] 750,0.000185,0.073356,0.071929
[fold_1] 775,0.005249,0.070222,0.068561
[fold_1] 800,0.024878,0.068711,0.067292
[fold_1] 825,0.003141,0.072406,0.070677
[fold_1] 850,0.014302,0.066792,0.065173
[fold_1] 875,0.011505,0.066245,0.064610
[fold_1] 900,0.003723,0.065320,0.063541
[fold_1] 925,0.001138,0.066934,0.065500
[fold_1] 950,0.016490,0.073156,0.071582
[fold_1] 975,0.002102,0.075674,0.073873
[fold_1] 1000,0.004558,0.061747,0.059885
[fold_1] 1025,0.000399,0.060894,0.059121
[fold_1] 1050,0.002391,0.062463,0.060660
[fold_1] 1075,0.000122,0.060355,0.058387
[fold_1] 1100,0.003823,0.059916,0.058002
[fold_1] 1125,0.007109,0.059620,0.057737
[fold_1] 1150,0.004671,0.060058,0.058083
[fold_1] 1175,0.004635,0.058717,0.056749
[fold_1] 1200,0.002428,0.058379,0.056284
[fold_1] 1225,0.047829,0.058558,0.056581
[fold_1] 1250,0.000573,0.058171,0.056062
[fold_1] 1275,0.000202,0.057989,0.055908
[fold_1] 1300,0.001841,0.057584,0.055580
[fold_1] 1325,0.001703,0.057153,0.055086
[fold_1] 1350,0.027519,0.057445,0.055440
[fold_1] 1375,0.000217,0.057668,0.055568
[fold_1] 1400,0.052296,0.057684,0.055573
[fold_1] 1425,0.001196,0.056402,0.054254
[fold_1] 1450,0.000708,0.056182,0.054042
[fold_1] 1475,0.005610,0.055923,0.053719
[fold_1] 1500,0.010966,0.055604,0.053410
[fold_1] 1525,0.014934,0.055717,0.053539
[fold_1] 1550,0.017900,0.056609,0.054374
[fold_1] 1575,0.093019,0.056842,0.054754
[fold_1] 1600,0.000419,0.055906,0.053631
[fold_1] 1625,0.002715,0.055109,0.052866
[fold_1] 1650,0.004437,0.055167,0.052967
[fold_1] 1675,0.001515,0.055090,0.052909
[fold_1] 1700,0.002741,0.054959,0.052710
[fold_1] 1725,0.004035,0.054881,0.052663
[fold_1] 1750,0.000238,0.055249,0.053063
[fold_1] 1775,0.000118,0.055111,0.052901
[fold_1] 1800,0.000914,0.055118,0.052909
[fold_1] 1825,0.005232,0.054829,0.052588
[fold_1] 1850,0.001018,0.054844,0.052615
[fold_1] 1875,0.008003,0.054618,0.052371
[fold_1] 1900,0.005094,0.054747,0.052496
[fold_1] 1925,0.003891,0.055242,0.053032
[fold_1] 1950,0.012273,0.054587,0.052364
[fold_1] 1975,0.000755,0.054829,0.052619
[fold_1] 2000,0.032545,0.054483,0.052241
[fold_1] 2025,0.006768,0.054511,0.052291
[fold_1] 2050,0.001010,0.054495,0.052243
[fold_1] 2075,0.018819,0.054445,0.052200
[fold_1] 2100,0.001389,0.054461,0.052187
[fold_1] 2125,0.025965,0.054420,0.052155
[fold_1] 2150,0.000303,0.054345,0.052074
[fold_1] 2175,0.009377,0.054788,0.052498
[fold_1] 2200,0.000808,0.054260,0.051996
[fold_1] 2225,0.002112,0.054187,0.051894
[fold_1] 2250,0.004154,0.054176,0.051926
[fold_1] 2275,0.000105,0.054124,0.051858
[fold_1] 2300,0.003290,0.054188,0.051950
[fold_1] 2325,0.000614,0.054059,0.051803
[fold_1] 2350,0.000140,0.054019,0.051765
[fold_1] 2375,0.058110,0.054262,0.052039
[fold_1] 2400,0.000207,0.054153,0.051872
[fold_1] 2425,0.039936,0.053943,0.051667
[fold_1] 2450,0.041374,0.053954,0.051650
[fold_1] 2475,0.001167,0.053947,0.051673
[fold_1] 2500,0.015388,0.053846,0.051559
[fold_1] 2525,0.002610,0.053830,0.051539
[fold_1] 2550,0.032210,0.053821,0.051520
[fold_1] 2575,0.003770,0.053950,0.051677
[fold_1] 2600,0.000214,0.054148,0.051906
[fold_1] 2625,0.004979,0.053687,0.051393
[fold_1] 2650,0.018505,0.053716,0.051407
[fold_1] 2675,0.010133,0.053600,0.051274
[fold_1] 2700,0.006723,0.053765,0.051491
[fold_1] 2725,0.002446,0.053647,0.051310
[fold_1] 2750,0.010914,0.053551,0.051230
[fold_1] 2775,0.002462,0.053440,0.051127
[fold_1] 2800,0.009501,0.053508,0.051180
[fold_1] 2825,0.004745,0.053475,0.051177
[fold_1] 2850,0.001696,0.053730,0.051427
[fold_1] 2875,0.005487,0.053503,0.051172
[fold_1] 2900,0.005179,0.053372,0.051065
[fold_1] 2925,0.007592,0.053384,0.051101
[fold_1] 2950,0.001082,0.053316,0.051018
[fold_1] 2975,0.029828,0.053289,0.050950
[fold_1] 3000,0.014168,0.053315,0.050971
[fold_1] 3025,0.015892,0.053231,0.050918
[fold_1] 3050,0.000436,0.053233,0.050886
[fold_1] 3075,0.004852,0.053300,0.050956
[fold_1] 3100,0.003408,0.053207,0.050894
[fold_1] 3125,0.009456,0.053479,0.051120
[fold_1] 3150,0.019679,0.053179,0.050833
[fold_1] 3175,0.003756,0.053175,0.050852
[fold_1] 3200,0.003906,0.053151,0.050831
[fold_1] 3225,0.011208,0.053175,0.050834
[fold_1] 3250,0.004300,0.053146,0.050816
[fold_1] 3275,0.000633,0.053140,0.050804
[fold_1] 3300,0.000172,0.053110,0.050765
[fold_1] 3325,0.057545,0.053127,0.050801
[fold_1] 3350,0.003941,0.053135,0.050821
[fold_1] 3375,0.004601,0.053182,0.050880
[fold_1] 3400,0.002751,0.053137,0.050807
[fold_1] 3425,0.010455,0.053100,0.050754
[fold_1] 3450,0.006376,0.053180,0.050850
[fold_1] 3475,0.000114,0.053100,0.050755
[fold_1] 3500,0.000088,0.053083,0.050739
[fold_1] 3525,0.004407,0.053127,0.050788
[fold_1] 3550,0.011416,0.053079,0.050746
[fold_1] 3575,0.022516,0.053081,0.050764
[fold_1] 3600,0.007880,0.053083,0.050742
[fold_1] 3625,0.002408,0.053041,0.050708
[fold_1] 3650,0.022837,0.053048,0.050713
[fold_1] 3675,0.025791,0.053081,0.050777
[fold_1] 3700,0.006879,0.053055,0.050737
[fold_1] 3725,0.011283,0.053050,0.050712
[fold_1] 3750,0.005367,0.053015,0.050680
[fold_1] 3775,0.000118,0.053009,0.050673
[fold_1] 3800,0.001523,0.053064,0.050726
[fold_1] 3825,0.001694,0.053021,0.050686
[fold_1] 3850,0.000333,0.053016,0.050686
[fold_1] 3875,0.005269,0.052998,0.050675
[fold_1] 3900,0.007705,0.052973,0.050636
[fold_1] 3925,0.013070,0.052975,0.050647
[fold_1] 3950,0.001519,0.052989,0.050658
[fold_1] 3975,0.013256,0.053013,0.050697
[fold_1] 4000,0.006508,0.053005,0.050689
[fold_1] 4025,0.000102,0.052997,0.050644
[fold_1] 4050,0.003248,0.052951,0.050606
[fold_1] 4075,0.008695,0.052953,0.050632
[fold_1] 4100,0.002010,0.052954,0.050624
[fold_1] 4125,0.005182,0.052935,0.050596
[fold_1] 4150,0.002825,0.052950,0.050618
[fold_1] 4175,0.001821,0.052947,0.050624
[fold_1] 4200,0.001445,0.052903,0.050563
[fold_1] 4225,0.014829,0.052924,0.050602
[fold_1] 4250,0.002699,0.052920,0.050592
[fold_1] 4275,0.003415,0.052884,0.050547
[fold_1] 4300,0.001733,0.052885,0.050529
[fold_1] 4325,0.017224,0.052885,0.050540
[fold_1] 4350,0.000094,0.052954,0.050638
[fold_1] 4375,0.003459,0.052867,0.050537
[fold_1] 4400,0.000101,0.052867,0.050511
[fold_1] 4425,0.003696,0.052900,0.050539
[fold_1] 4450,0.003884,0.052854,0.050523
[fold_1] 4475,0.000107,0.052936,0.050595
[fold_1] 4500,0.000534,0.052887,0.050536
[fold_1] 4525,0.005606,0.052939,0.050635
[fold_1] 4550,0.006191,0.052829,0.050482
[fold_1] 4575,0.000146,0.052810,0.050451
[fold_1] 4600,0.000238,0.052877,0.050503
[fold_1] 4625,0.023092,0.052803,0.050450
[fold_1] 4650,0.016624,0.052856,0.050520
[fold_1] 4675,0.002381,0.052841,0.050508
[fold_1] 4700,0.006083,0.052938,0.050621
[fold_1] 4725,0.005278,0.052771,0.050424
[fold_1] 4750,0.024965,0.052762,0.050412
[fold_1] 4775,0.011063,0.052935,0.050608
[fold_1] 4800,0.027740,0.052824,0.050460
[fold_1] 4825,0.000699,0.052753,0.050392
[fold_1] 4850,0.005507,0.052775,0.050415
[fold_1] 4875,0.017535,0.052791,0.050432
[fold_1] 4900,0.000213,0.052782,0.050432
[fold_1] 4925,0.030370,0.052779,0.050439
[fold_1] 4950,0.004008,0.052754,0.050393
[fold_1] 4975,0.010567,0.052736,0.050388[fold_4] 0,0.371412,1.063908,1.065367
[fold_4] 1,1.996827,1.043154,1.044678
[fold_4] 25,0.788778,0.938404,0.939868
[fold_4] 50,0.034652,0.506298,0.506063
[fold_4] 75,0.031812,0.207170,0.206314
[fold_4] 100,0.006349,0.193907,0.192795
[fold_4] 125,0.012036,0.147338,0.145535
[fold_4] 150,0.007987,0.130872,0.128717
[fold_4] 175,0.001290,0.140470,0.137978
[fold_4] 200,0.007002,0.123720,0.120475
[fold_4] 225,0.022542,0.110757,0.107563
[fold_4] 250,0.003297,0.100592,0.096680
[fold_4] 275,0.002458,0.098314,0.094181
[fold_4] 300,0.010343,0.096496,0.092499
[fold_4] 325,0.036110,0.095581,0.091248
[fold_4] 350,0.041890,0.094676,0.090859
[fold_4] 375,0.001737,0.092840,0.088927
[fold_4] 400,0.022361,0.088304,0.083992
[fold_4] 425,0.019831,0.087369,0.083405
[fold_4] 450,0.000955,0.086153,0.081910
[fold_4] 475,0.005888,0.095698,0.091681
[fold_4] 500,0.001416,0.088804,0.084925
[fold_4] 525,0.022318,0.084708,0.080551
[fold_4] 550,0.000499,0.080062,0.075980
[fold_4] 575,0.151355,0.084109,0.080360
[fold_4] 600,0.000373,0.077599,0.073351
[fold_4] 625,0.000437,0.076991,0.072639
[fold_4] 650,0.002742,0.076271,0.071980
[fold_4] 675,0.025164,0.073008,0.068854
[fold_4] 700,0.058758,0.073896,0.069773
[fold_4] 725,0.005040,0.073255,0.068922
[fold_4] 750,0.002092,0.072398,0.068540
[fold_4] 775,0.002730,0.069132,0.064726
[fold_4] 800,0.028922,0.079615,0.076452
[fold_4] 825,0.001642,0.068098,0.063779
[fold_4] 850,0.028591,0.063716,0.059227
[fold_4] 875,0.000731,0.067275,0.062820
[fold_4] 900,0.000148,0.065074,0.061069
[fold_4] 925,0.060770,0.072896,0.069502
[fold_4] 950,0.004135,0.060964,0.056581
[fold_4] 975,0.000178,0.061148,0.056720
[fold_4] 1000,0.072098,0.059683,0.055265
[fold_4] 1025,0.026177,0.058784,0.054119
[fold_4] 1050,0.001135,0.058120,0.053448
[fold_4] 1075,0.002878,0.058072,0.053420
[fold_4] 1100,0.001432,0.057840,0.053112
[fold_4] 1125,0.010914,0.057484,0.052754
[fold_4] 1150,0.001963,0.058759,0.054338
[fold_4] 1175,0.000263,0.058469,0.053940
[fold_4] 1200,0.000169,0.056835,0.052059
[fold_4] 1225,0.011856,0.056332,0.051524
[fold_4] 1250,0.006154,0.056470,0.051662
[fold_4] 1275,0.026354,0.055834,0.051085
[fold_4] 1300,0.034451,0.055484,0.050635
[fold_4] 1325,0.002471,0.057720,0.052970
[fold_4] 1350,0.007598,0.056786,0.052115
[fold_4] 1375,0.003905,0.056314,0.051453
[fold_4] 1400,0.014601,0.054850,0.049921
[fold_4] 1425,0.014604,0.054813,0.049965
[fold_4] 1450,0.010354,0.054994,0.050118
[fold_4] 1475,0.035874,0.056478,0.051761
[fold_4] 1500,0.024609,0.054686,0.049860
[fold_4] 1525,0.001026,0.054517,0.049585
[fold_4] 1550,0.022270,0.054448,0.049558
[fold_4] 1575,0.001254,0.054282,0.049352
[fold_4] 1600,0.005971,0.054312,0.049377
[fold_4] 1625,0.064278,0.054462,0.049504
[fold_4] 1650,0.002847,0.055310,0.050409
[fold_4] 1675,0.001214,0.054132,0.049197
[fold_4] 1700,0.010548,0.054306,0.049398
[fold_4] 1725,0.000417,0.054270,0.049311
[fold_4] 1750,0.011260,0.054054,0.049100
[fold_4] 1775,0.000554,0.054063,0.049135
[fold_4] 1800,0.002364,0.054102,0.049157
[fold_4] 1825,0.005153,0.054028,0.049051
[fold_4] 1850,0.000099,0.053951,0.048997
[fold_4] 1875,0.013138,0.054312,0.049346
[fold_4] 1900,0.004036,0.053992,0.049035
[fold_4] 1925,0.004194,0.054195,0.049282
[fold_4] 1950,0.005368,0.053933,0.048956
[fold_4] 1975,0.007205,0.053956,0.049030
[fold_4] 2000,0.001135,0.053960,0.049012
[fold_4] 2025,0.000389,0.053991,0.049054
[fold_4] 2050,0.000899,0.053929,0.048991
[fold_4] 2075,0.008030,0.053894,0.048958
[fold_4] 2100,0.001911,0.053887,0.048945
[fold_4] 2125,0.020610,0.053831,0.048866
[fold_4] 2150,0.003185,0.053861,0.048902
[fold_4] 2175,0.006130,0.053836,0.048868
[fold_4] 2200,0.000326,0.053920,0.048948
[fold_4] 2225,0.000322,0.053796,0.048832
[fold_4] 2250,0.000831,0.053801,0.048843
[fold_4] 2275,0.000188,0.053804,0.048852
[fold_4] 2300,0.000567,0.053803,0.048856
[fold_4] 2325,0.003046,0.053803,0.048839
[fold_4] 2350,0.000163,0.053786,0.048809
[fold_4] 2375,0.000305,0.053807,0.048824
[fold_4] 2400,0.000176,0.053774,0.048797
[fold_4] 2425,0.000476,0.053777,0.048807
[fold_4] 2450,0.000453,0.053774,0.048813
[fold_4] 2475,0.000430,0.053792,0.048821
[fold_4] 2500,0.000136,0.053774,0.048796
[fold_4] 2525,0.005993,0.053776,0.048818
[fold_4] 2550,0.039985,0.053750,0.048768
[fold_4] 2575,0.001129,0.053788,0.048798
[fold_4] 2600,0.012566,0.053752,0.048767
[fold_4] 2625,0.001830,0.053785,0.048812
[fold_4] 2650,0.004031,0.053734,0.048758
[fold_4] 2675,0.000127,0.053748,0.048777
[fold_4] 2700,0.004903,0.053748,0.048772
[fold_4] 2725,0.003326,0.053723,0.048732
[fold_4] 2750,0.000169,0.053750,0.048751
[fold_4] 2775,0.001982,0.053712,0.048731
[fold_4] 2800,0.014532,0.053707,0.048716
[fold_4] 2825,0.004744,0.053731,0.048747
[fold_4] 2850,0.005379,0.053703,0.048728
[fold_4] 2875,0.000092,0.053695,0.048704
[fold_4] 2900,0.032313,0.053710,0.048720
[fold_4] 2925,0.004807,0.053683,0.048687
[fold_4] 2950,0.001137,0.053674,0.048680
[fold_4] 2975,0.004236,0.053667,0.048673
[fold_4] 3000,0.000146,0.053709,0.048735
[fold_4] 3025,0.003875,0.053762,0.048772
[fold_4] 3050,0.014658,0.053689,0.048722
[fold_4] 3075,0.003590,0.053689,0.048732
[fold_4] 3100,0.000148,0.053639,0.048656
[fold_4] 3125,0.002742,0.053663,0.048682
[fold_4] 3150,0.000173,0.053663,0.048672
[fold_4] 3175,0.011489,0.053678,0.048688
[fold_4] 3200,0.009221,0.053702,0.048696
[fold_4] 3225,0.020785,0.053637,0.048638
[fold_4] 3250,0.000613,0.053629,0.048632
[fold_4] 3275,0.000339,0.053635,0.048637
[fold_4] 3300,0.002354,0.053696,0.048748
[fold_4] 3325,0.007473,0.053601,0.048614
[fold_4] 3350,0.016846,0.053604,0.048635
[fold_4] 3375,0.000230,0.053607,0.048615
[fold_4] 3400,0.063554,0.053574,0.048587
[fold_4] 3425,0.000505,0.053597,0.048632
[fold_4] 3450,0.002409,0.053598,0.048595
[fold_4] 3475,0.003964,0.053680,0.048683
[fold_4] 3500,0.007314,0.053584,0.048580
[fold_4] 3525,0.000490,0.053614,0.048659
[fold_4] 3550,0.002359,0.053596,0.048635
[fold_4] 3575,0.011323,0.053670,0.048714
[fold_4] 3600,0.001366,0.053528,0.048534
[fold_4] 3625,0.000083,0.053549,0.048567
[fold_4] 3650,0.000446,0.053520,0.048533
[fold_4] 3675,0.001386,0.053518,0.048534
[fold_4] 3700,0.000458,0.053562,0.048570
[fold_4] 3725,0.005219,0.053527,0.048521
[fold_4] 3750,0.000221,0.053528,0.048514
[fold_4] 3775,0.000924,0.053497,0.048485
[fold_4] 3800,0.000275,0.053508,0.048504
[fold_4] 3825,0.000620,0.053557,0.048531
[fold_4] 3850,0.000238,0.053486,0.048489
[fold_4] 3875,0.017468,0.053490,0.048500
[fold_4] 3900,0.008503,0.053464,0.048463
[fold_4] 3925,0.017480,0.053527,0.048538
[fold_4] 3950,0.005765,0.053466,0.048486
[fold_4] 3975,0.000167,0.053507,0.048505
[fold_4] 4000,0.010018,0.053437,0.048435
[fold_4] 4025,0.000170,0.053448,0.048438
[fold_4] 4050,0.000188,0.053542,0.048534
[fold_4] 4075,0.001019,0.053441,0.048441
[fold_4] 4100,0.001128,0.053434,0.048413
[fold_4] 4125,0.018391,0.053500,0.048472
[fold_4] 4150,0.007074,0.053416,0.048393
[fold_4] 4175,0.000467,0.053407,0.048409
[fold_4] 4200,0.003115,0.053450,0.048465
[fold_4] 4225,0.000211,0.053406,0.048411
[fold_4] 4250,0.038324,0.053378,0.048362
[fold_4] 4275,0.011242,0.053400,0.048374
[fold_4] 4300,0.000118,0.053570,0.048638
[fold_4] 4325,0.004688,0.053388,0.048397
[fold_4] 4350,0.006344,0.053383,0.048396
[fold_4] 4375,0.049795,0.053362,0.048361
[fold_4] 4400,0.014246,0.053424,0.048417
[fold_4] 4425,0.010901,0.053330,0.048324
[fold_4] 4450,0.027738,0.053323,0.048310
[fold_4] 4475,0.000598,0.053341,0.048322
[fold_4] 4500,0.027586,0.053339,0.048338
[fold_4] 4525,0.063678,0.053346,0.048311
[fold_4] 4550,0.000384,0.053302,0.048293
[fold_4] 4575,0.002443,0.053306,0.048303
[fold_4] 4600,0.001315,0.053309,0.048283
[fold_4] 4625,0.000173,0.053295,0.048271
[fold_4] 4650,0.004665,0.053275,0.048259
[fold_4] 4675,0.001675,0.053275,0.048262
[fold_4] 4700,0.004339,0.053390,0.048355
[fold_4] 4725,0.000736,0.053306,0.048304
[fold_4] 4750,0.009009,0.053261,0.048223
[fold_4] 4775,0.010250,0.053329,0.048321
[fold_4] 4800,0.000758,0.053265,0.048220
[fold_4] 4825,0.002621,0.053239,0.048210
[fold_4] 4850,0.005128,0.053235,0.048201
[fold_4] 4875,0.010379,0.053268,0.048241
[fold_4] 4900,0.004712,0.053219,0.048176
[fold_4] 4925,0.004047,0.053209,0.048168
[fold_4] 4950,0.000081,0.053290,0.048240
[fold_4] 4975,0.007587,0.053218,0.048174
[fold_1] 5000,0.001053,0.052743,0.050398
[fold_1] 5025,0.008490,0.052681,0.050321
[fold_1] 5050,0.002209,0.052713,0.050349
[fold_1] 5075,0.023336,0.052686,0.050333
[fold_1] 5100,0.004844,0.052708,0.050357
[fold_1] 5125,0.000107,0.052661,0.050305
[fold_1] 5150,0.001910,0.052698,0.050345
[fold_1] 5175,0.011195,0.052703,0.050367
[fold_3] 0,2.467576,1.063908,1.063118
[fold_3] 1,2.225261,1.043259,1.042472
[fold_3] 25,1.741154,0.932558,0.931851
[fold_3] 50,0.468603,0.535576,0.535535
[fold_3] 75,0.076951,0.225447,0.226945
[fold_3] 100,0.017907,0.169614,0.171592
[fold_3] 125,0.022602,0.145502,0.147552
[fold_3] 150,0.076315,0.132916,0.135313
[fold_3] 175,0.005639,0.127983,0.130494
[fold_3] 200,0.037001,0.112395,0.115028
[fold_3] 225,0.035338,0.112595,0.115370
[fold_3] 250,0.038371,0.100206,0.103224
[fold_3] 275,0.000215,0.098720,0.101750
[fold_3] 300,0.005794,0.092917,0.096098
[fold_3] 325,0.002747,0.091612,0.094851
[fold_3] 350,0.003788,0.092676,0.095777
[fold_3] 375,0.003255,0.088297,0.091509
[fold_3] 400,0.017367,0.088430,0.091746
[fold_3] 425,0.000780,0.085169,0.088298
[fold_3] 450,0.003209,0.089349,0.092419
[fold_3] 475,0.049085,0.089447,0.092567
[fold_3] 500,0.000803,0.081624,0.084787
[fold_3] 525,0.001712,0.086910,0.090120
[fold_3] 550,0.000696,0.079606,0.082948
[fold_3] 575,0.029449,0.081652,0.084686
[fold_3] 600,0.004441,0.084711,0.087974
[fold_3] 625,0.006968,0.076870,0.080047
[fold_3] 650,0.015739,0.075495,0.078733
[fold_3] 675,0.000578,0.078759,0.081997
[fold_3] 700,0.000211,0.074271,0.077486
[fold_3] 725,0.001466,0.075829,0.079087
[fold_3] 750,0.005539,0.077481,0.080371
[fold_3] 775,0.000179,0.069974,0.073321
[fold_3] 800,0.004212,0.068454,0.071894
[fold_3] 825,0.000274,0.070215,0.073513
[fold_3] 850,0.001983,0.082528,0.085541
[fold_3] 875,0.041627,0.067585,0.070999
[fold_3] 900,0.000725,0.077835,0.080875
[fold_3] 925,0.002621,0.064740,0.068219
[fold_3] 950,0.000500,0.066904,0.070144
[fold_3] 975,0.014821,0.063436,0.066958
[fold_3] 1000,0.035712,0.063945,0.067373
[fold_3] 1025,0.000682,0.060672,0.064272
[fold_3] 1050,0.000408,0.060392,0.063988
[fold_3] 1075,0.006449,0.062698,0.066085
[fold_3] 1100,0.009012,0.058235,0.061943
[fold_3] 1125,0.001448,0.069273,0.072480
[fold_3] 1150,0.009488,0.057445,0.061196
[fold_3] 1175,0.007715,0.057321,0.061071
[fold_3] 1200,0.007460,0.057418,0.061135
[fold_3] 1225,0.022478,0.059120,0.062739
[fold_3] 1250,0.014273,0.056120,0.059910
[fold_3] 1275,0.000895,0.055394,0.059212
[fold_3] 1300,0.004834,0.055620,0.059445
[fold_3] 1325,0.013539,0.055380,0.059222
[fold_3] 1350,0.001468,0.061200,0.064651
[fold_3] 1375,0.005191,0.055767,0.059534
[fold_3] 1400,0.005764,0.054017,0.057936
[fold_3] 1425,0.003832,0.053963,0.057893
[fold_3] 1450,0.000207,0.055556,0.059363
[fold_3] 1475,0.000724,0.054737,0.058614
[fold_3] 1500,0.013897,0.053533,0.057496
[fold_3] 1525,0.003944,0.054094,0.058017
[fold_3] 1550,0.000145,0.054149,0.058045
[fold_3] 1575,0.011661,0.054129,0.058051
[fold_3] 1600,0.002947,0.052966,0.056955
[fold_3] 1625,0.026344,0.053335,0.057270
[fold_3] 1650,0.002894,0.053727,0.057624
[fold_3] 1675,0.006155,0.052990,0.056980
[fold_3] 1700,0.000576,0.052865,0.056844
[fold_3] 1725,0.008176,0.052852,0.056846
[fold_3] 1750,0.007956,0.053912,0.057803
[fold_3] 1775,0.001444,0.052656,0.056669
[fold_3] 1800,0.056849,0.052543,0.056557
[fold_3] 1825,0.022054,0.052765,0.056759
[fold_3] 1850,0.006156,0.052618,0.056625
[fold_3] 1875,0.002263,0.052571,0.056564
[fold_3] 1900,0.002991,0.052884,0.056888
[fold_3] 1925,0.011044,0.052368,0.056381
[fold_3] 1950,0.008860,0.052450,0.056450
[fold_3] 1975,0.030410,0.052568,0.056561
[fold_3] 2000,0.000183,0.052541,0.056542
[fold_3] 2025,0.015992,0.052358,0.056367
[fold_3] 2050,0.002194,0.052262,0.056284
[fold_3] 2075,0.021906,0.052326,0.056346
[fold_3] 2100,0.002240,0.052340,0.056357
[fold_3] 2125,0.000174,0.052536,0.056554
[fold_3] 2150,0.011751,0.052444,0.056467
[fold_3] 2175,0.000183,0.052260,0.056288
[fold_3] 2200,0.007294,0.052274,0.056290
[fold_3] 2225,0.027621,0.052221,0.056247
[fold_3] 2250,0.000570,0.052229,0.056257
[fold_3] 2275,0.014350,0.052202,0.056228
[fold_3] 2300,0.002864,0.052221,0.056249
[fold_3] 2325,0.000564,0.052222,0.056250
[fold_3] 2350,0.005446,0.052228,0.056253
[fold_3] 2375,0.000199,0.052212,0.056242
[fold_3] 2400,0.003369,0.052187,0.056215
[fold_3] 2425,0.000665,0.052198,0.056221
[fold_3] 2450,0.008142,0.052187,0.056212
[fold_3] 2475,0.001283,0.052219,0.056239
[fold_3] 2500,0.002560,0.052226,0.056244
[fold_3] 2525,0.000152,0.052209,0.056228
[fold_3] 2550,0.000119,0.052206,0.056234
[fold_3] 2575,0.011833,0.052181,0.056212
[fold_3] 2600,0.022955,0.052197,0.056220
[fold_3] 2625,0.001012,0.052183,0.056215
[fold_3] 2650,0.004334,0.052192,0.056225
[fold_3] 2675,0.002977,0.052143,0.056175
[fold_3] 2700,0.000118,0.052144,0.056172
[fold_3] 2725,0.001447,0.052156,0.056182
[fold_3] 2750,0.004703,0.052134,0.056166
[fold_3] 2775,0.000387,0.052227,0.056245
[fold_3] 2800,0.000595,0.052184,0.056211
[fold_3] 2825,0.000523,0.052161,0.056195
[fold_3] 2850,0.003124,0.052159,0.056193
[fold_3] 2875,0.001937,0.052119,0.056153
[fold_3] 2900,0.004756,0.052150,0.056176
[fold_3] 2925,0.000831,0.052122,0.056152
[fold_3] 2950,0.001409,0.052116,0.056148
[fold_3] 2975,0.047000,0.052212,0.056231
[fold_3] 3000,0.000212,0.052212,0.056231
[fold_3] 3025,0.009147,0.052113,0.056144
[fold_3] 3050,0.001882,0.052117,0.056154
[fold_3] 3075,0.004733,0.052100,0.056132
[fold_3] 3100,0.004500,0.052090,0.056123
[fold_3] 3125,0.010749,0.052132,0.056163
[fold_3] 3150,0.005040,0.052099,0.056139
[fold_3] 3175,0.003181,0.052106,0.056138
[fold_3] 3200,0.002598,0.052098,0.056131
[fold_3] 3225,0.000114,0.052085,0.056126
[fold_3] 3250,0.000385,0.052072,0.056111
[fold_3] 3275,0.002712,0.052056,0.056097
[fold_3] 3300,0.001872,0.052109,0.056147
[fold_3] 3325,0.028695,0.052067,0.056106
[fold_3] 3350,0.005986,0.052043,0.056083
[fold_3] 3375,0.009088,0.052042,0.056083
[fold_3] 3400,0.001590,0.052038,0.056075
[fold_3] 3425,0.002970,0.052050,0.056088
[fold_3] 3450,0.001071,0.052057,0.056095
[fold_3] 3475,0.018352,0.052056,0.056102
[fold_3] 3500,0.005850,0.052030,0.056071
[fold_3] 3525,0.013971,0.052094,0.056126
[fold_3] 3550,0.002770,0.052038,0.056083
[fold_3] 3575,0.015252,0.052022,0.056069
[fold_3] 3600,0.000177,0.052030,0.056069
[fold_3] 3625,0.000128,0.052019,0.056061
[fold_3] 3650,0.005284,0.052025,0.056064
[fold_3] 3675,0.000097,0.052004,0.056048
[fold_3] 3700,0.000804,0.052042,0.056082
[fold_3] 3725,0.015921,0.052001,0.056042
[fold_3] 3750,0.000114,0.051994,0.056040
[fold_3] 3775,0.000871,0.051975,0.056019
[fold_3] 3800,0.019475,0.051977,0.056023
[fold_3] 3825,0.011286,0.051993,0.056037
[fold_3] 3850,0.004497,0.051948,0.055994
[fold_3] 3875,0.000583,0.051977,0.056024
[fold_3] 3900,0.000687,0.051996,0.056037
[fold_3] 3925,0.003045,0.051985,0.056029
[fold_3] 3950,0.000211,0.051930,0.055979
[fold_3] 3975,0.000607,0.052040,0.056077
[fold_3] 4000,0.008399,0.051998,0.056050
[fold_3] 4025,0.001194,0.051973,0.056015
[fold_3] 4050,0.001233,0.051977,0.056019
[fold_3] 4075,0.002034,0.051923,0.055969
[fold_3] 4100,0.010680,0.051896,0.055946
[fold_3] 4125,0.000220,0.051914,0.055959
[fold_3] 4150,0.023516,0.051971,0.056007
[fold_3] 4175,0.002536,0.051955,0.056001
[fold_3] 4200,0.000240,0.051890,0.055941
[fold_3] 4225,0.002559,0.051911,0.055954
[fold_3] 4250,0.000482,0.051890,0.055944
[fold_3] 4275,0.000972,0.051873,0.055927
[fold_3] 4300,0.002221,0.051894,0.055940
[fold_3] 4325,0.016763,0.051889,0.055945
[fold_3] 4350,0.000266,0.051868,0.055916
[fold_3] 4375,0.016437,0.051853,0.055906
[fold_3] 4400,0.019865,0.051930,0.055972
[fold_3] 4425,0.001884,0.051860,0.055918
[fold_3] 4450,0.000961,0.051851,0.055910
[fold_3] 4475,0.001300,0.051858,0.055908
[fold_3] 4500,0.025819,0.051937,0.055971
[fold_5] 0,1.825005,1.063933,1.062343
[fold_5] 1,2.181943,1.051695,1.050115
[fold_5] 25,1.956456,0.962906,0.961544
[fold_5] 50,0.153525,0.593379,0.593140
[fold_5] 75,0.082424,0.239844,0.242782
[fold_5] 100,0.032369,0.174852,0.178052
[fold_5] 125,0.011326,0.147094,0.151112
[fold_5] 150,0.005005,0.137197,0.141368
[fold_5] 175,0.011805,0.131570,0.135362
[fold_5] 200,0.026309,0.126689,0.130394
[fold_5] 225,0.030390,0.108948,0.113374
[fold_5] 250,0.003962,0.102860,0.107784
[fold_5] 275,0.008642,0.113593,0.118153
[fold_5] 300,0.006772,0.105937,0.110387
[fold_5] 325,0.007421,0.091416,0.096712
[fold_5] 350,0.006668,0.090291,0.095599
[fold_5] 375,0.002136,0.091508,0.096890
[fold_5] 400,0.001258,0.088666,0.094075
[fold_5] 425,0.010675,0.085120,0.090755
[fold_5] 450,0.016497,0.084056,0.089676
[fold_5] 475,0.000987,0.081158,0.086964
[fold_5] 500,0.014423,0.092549,0.097833
[fold_5] 525,0.001974,0.077806,0.083796
[fold_5] 550,0.021730,0.078392,0.084090
[fold_5] 575,0.004655,0.073079,0.079306
[fold_5] 600,0.041815,0.072456,0.078618
[fold_5] 625,0.003974,0.076174,0.081864
[fold_5] 650,0.002953,0.079858,0.085501
[fold_5] 675,0.008517,0.069602,0.075723
[fold_5] 700,0.001436,0.065632,0.072232
[fold_5] 725,0.000394,0.067028,0.073317
[fold_5] 750,0.000726,0.061431,0.068249
[fold_5] 775,0.001989,0.064739,0.071275
[fold_5] 800,0.014737,0.068955,0.074904
[fold_5] 825,0.001912,0.060212,0.066947
[fold_5] 850,0.078687,0.058035,0.065076
[fold_5] 875,0.009058,0.057732,0.064826
[fold_5] 900,0.000411,0.059986,0.066796
[fold_5] 925,0.012416,0.058339,0.065191
[fold_5] 950,0.000653,0.061186,0.067847
[fold_5] 975,0.007561,0.054436,0.061737
[fold_5] 1000,0.009458,0.054956,0.062134
[fold_5] 1025,0.002797,0.054094,0.061357
[fold_5] 1050,0.003835,0.053867,0.061173
[fold_5] 1075,0.001429,0.055592,0.062662
[fold_5] 1100,0.000565,0.054719,0.061861
[fold_5] 1125,0.004579,0.053563,0.060905
[fold_5] 1150,0.000723,0.052883,0.060285
[fold_5] 1175,0.000078,0.053871,0.061136
[fold_5] 1200,0.006003,0.052779,0.060181
[fold_5] 1225,0.018454,0.052541,0.059924
[fold_5] 1250,0.000713,0.052002,0.059475
[fold_5] 1275,0.004187,0.054979,0.062011
[fold_5] 1300,0.001185,0.052606,0.059935
[fold_5] 1325,0.013555,0.052105,0.059511
[fold_5] 1350,0.000113,0.051919,0.059362
[fold_5] 1375,0.005543,0.051896,0.059347
[fold_5] 1400,0.008815,0.051449,0.058957
[fold_5] 1425,0.000245,0.052959,0.060251
[fold_5] 1450,0.001167,0.051619,0.059106
[fold_5] 1475,0.005042,0.053395,0.060641
[fold_5] 1500,0.000097,0.051480,0.058994
[fold_5] 1525,0.022911,0.051344,0.058836
[fold_5] 1550,0.003644,0.051064,0.058611
[fold_5] 1575,0.003043,0.051001,0.058568
[fold_5] 1600,0.000104,0.051015,0.058578
[fold_5] 1625,0.002205,0.050958,0.058533
[fold_5] 1650,0.000450,0.050966,0.058517
[fold_5] 1675,0.001106,0.050892,0.058458
[fold_5] 1700,0.000407,0.050909,0.058470
[fold_5] 1725,0.000216,0.050813,0.058380
[fold_5] 1750,0.000164,0.050779,0.058348
[fold_5] 1775,0.001105,0.051012,0.058535
[fold_5] 1800,0.013728,0.050996,0.058507
[fold_5] 1825,0.014242,0.052003,0.059350
[fold_5] 1850,0.000160,0.050900,0.058428
[fold_5] 1875,0.007304,0.050785,0.058345
[fold_5] 1900,0.014188,0.050985,0.058519
[fold_5] 1925,0.007008,0.050776,0.058315
[fold_5] 1950,0.000113,0.050693,0.058263
[fold_5] 1975,0.000509,0.050622,0.058184
[fold_5] 2000,0.015979,0.050613,0.058176
[fold_5] 2025,0.006148,0.050593,0.058155
[fold_5] 2050,0.000462,0.050622,0.058170
[fold_5] 2075,0.003847,0.050609,0.058156
[fold_5] 2100,0.031403,0.050599,0.058161
[fold_5] 2125,0.001781,0.050542,0.058109
[fold_5] 2150,0.025134,0.050597,0.058161
[fold_5] 2175,0.036583,0.050535,0.058106
[fold_5] 2200,0.010534,0.050527,0.058095
[fold_5] 2225,0.000092,0.050579,0.058151
[fold_5] 2250,0.000987,0.050514,0.058078
[fold_5] 2275,0.003785,0.050596,0.058153
[fold_5] 2300,0.005161,0.050523,0.058084
[fold_5] 2325,0.013816,0.050629,0.058198
[fold_5] 2350,0.000707,0.050511,0.058086
[fold_5] 2375,0.007201,0.050506,0.058080
[fold_5] 2400,0.006252,0.050664,0.058232
[fold_5] 2425,0.001786,0.050475,0.058053
[fold_5] 2450,0.013707,0.050499,0.058064
[fold_5] 2475,0.000197,0.050511,0.058082
[fold_5] 2500,0.003597,0.050501,0.058083
[fold_5] 2525,0.000427,0.050474,0.058043
[fold_5] 2550,0.024195,0.050451,0.058029
[fold_5] 2575,0.013893,0.050462,0.058045
[fold_5] 2600,0.005980,0.050487,0.058071
[fold_5] 2625,0.003767,0.050459,0.058043
[fold_5] 2650,0.000371,0.050441,0.058025
[fold_5] 2675,0.015753,0.050474,0.058059
[fold_5] 2700,0.013372,0.050428,0.058010
[fold_5] 2725,0.000217,0.050422,0.058003
[fold_5] 2750,0.000362,0.050418,0.057997
[fold_5] 2775,0.000134,0.050441,0.058014
[fold_5] 2800,0.000108,0.050444,0.058031
[fold_5] 2825,0.009333,0.050467,0.058036
[fold_5] 2850,0.002149,0.050407,0.057996
[fold_5] 2875,0.003904,0.050391,0.057976
[fold_5] 2900,0.025224,0.050415,0.057995
[fold_5] 2925,0.002483,0.050457,0.058026
[fold_5] 2950,0.016880,0.050379,0.057964
[fold_5] 2975,0.004956,0.050380,0.057968
[fold_5] 3000,0.004568,0.050366,0.057952
[fold_5] 3025,0.002071,0.050372,0.057954
[fold_5] 3050,0.002626,0.050376,0.057958
[fold_5] 3075,0.003977,0.050354,0.057940
[fold_5] 3100,0.012566,0.050410,0.057998
[fold_5] 3125,0.003274,0.050363,0.057950
[fold_5] 3150,0.000145,0.050334,0.057921
[fold_5] 3175,0.001006,0.050334,0.057923
[fold_5] 3200,0.003237,0.050328,0.057918
[fold_5] 3225,0.000277,0.050353,0.057946
[fold_5] 3250,0.005803,0.050327,0.057920
[fold_5] 3275,0.033497,0.050402,0.057973
[fold_5] 3300,0.005491,0.050370,0.057958
[fold_5] 3325,0.002194,0.050311,0.057899
[fold_5] 3350,0.007120,0.050309,0.057896
[fold_5] 3375,0.003356,0.050292,0.057884
[fold_5] 3400,0.007166,0.050285,0.057877
[fold_5] 3425,0.015726,0.050336,0.057910
[fold_5] 3450,0.006616,0.050328,0.057908
[fold_5] 3475,0.001852,0.050283,0.057877
[fold_5] 3500,0.002829,0.050308,0.057884
[fold_5] 3525,0.001082,0.050276,0.057861
[fold_5] 3550,0.000847,0.050267,0.057861
[fold_5] 3575,0.000098,0.050249,0.057844
[fold_5] 3600,0.000171,0.050291,0.057881
[fold_5] 3625,0.001967,0.050254,0.057843
[fold_5] 3650,0.002803,0.050341,0.057908
[fold_5] 3675,0.009145,0.050258,0.057853
[fold_5] 3700,0.005269,0.050290,0.057866
[fold_5] 3725,0.000115,0.050236,0.057824
[fold_5] 3750,0.000178,0.050272,0.057865
[fold_5] 3775,0.005384,0.050220,0.057811
[fold_5] 3800,0.002116,0.050211,0.057803
[fold_5] 3825,0.007870,0.050235,0.057818
[fold_5] 3850,0.000417,0.050226,0.057820
[fold_5] 3875,0.003702,0.050223,0.057816
[fold_5] 3900,0.000514,0.050193,0.057790
[fold_5] 3925,0.004328,0.050256,0.057857
[fold_5] 3950,0.000130,0.050210,0.057809
[fold_5] 3975,0.000372,0.050181,0.057778
[fold_5] 4000,0.000114,0.050179,0.057777
[fold_5] 4025,0.001929,0.050195,0.057791
[fold_5] 4050,0.001419,0.050183,0.057781
[fold_5] 4075,0.000281,0.050179,0.057771
[fold_5] 4100,0.002825,0.050165,0.057766
[fold_5] 4125,0.000506,0.050183,0.057784
[fold_5] 4150,0.001065,0.050165,0.057762
[fold_5] 4175,0.004807,0.050281,0.057848
[fold_5] 4200,0.000669,0.050168,0.057771
[fold_5] 4225,0.000823,0.050176,0.057779
[fold_5] 4250,0.000953,0.050186,0.057792
[fold_5] 4275,0.000331,0.050201,0.057802
[fold_5] 4300,0.004665,0.050203,0.057806
[fold_5] 4325,0.003340,0.050155,0.057762
[fold_5] 4350,0.018373,0.050147,0.057739
[fold_5] 4375,0.026370,0.050136,0.057733
[fold_5] 4400,0.009993,0.050226,0.057832
[fold_5] 4425,0.000147,0.050101,0.057702
[fold_5] 4450,0.002803,0.050097,0.057698
[fold_5] 4475,0.010125,0.050251,0.057851
[fold_5] 4500,0.003601,0.050161,0.057761
[fold_5] 4525,0.003938,0.050066,0.057676
[fold_5] 4550,0.016748,0.050062,0.057675
[fold_5] 4575,0.014636,0.050123,0.057737
[fold_5] 4600,0.040118,0.050102,0.057712
[fold_5] 4625,0.010886,0.050205,0.057778
[fold_5] 4650,0.007986,0.050080,0.057688
[fold_5] 4675,0.000265,0.050124,0.057728
[fold_5] 4700,0.003531,0.050060,0.057669
[fold_5] 4725,0.001591,0.050054,0.057667
[fold_5] 4750,0.001533,0.050126,0.057727
[fold_5] 4775,0.123747,0.050036,0.057638
[fold_5] 4800,0.003316,0.050020,0.057631
[fold_5] 4825,0.000441,0.050009,0.057624

[fold_2] 0,0.424975,1.063923,1.064868
[fold_2] 1,0.956982,1.043172,1.044168
[fold_2] 25,0.661059,0.946579,0.947559
[fold_2] 50,0.471399,0.538137,0.538400
[fold_2] 75,0.055193,0.259920,0.258059
[fold_2] 100,0.039636,0.170446,0.168329
[fold_2] 125,0.027526,0.154409,0.152165
[fold_2] 150,0.024255,0.132797,0.130013
[fold_2] 175,0.005073,0.124278,0.121657
[fold_2] 200,0.033688,0.110695,0.107656
[fold_2] 225,0.006202,0.111074,0.108052
[fold_2] 250,0.003911,0.103186,0.100022
[fold_2] 275,0.009217,0.102112,0.098990
[fold_2] 300,0.000449,0.094487,0.091226
[fold_2] 325,0.001337,0.092153,0.088734
[fold_2] 350,0.020769,0.091707,0.088205
[fold_2] 375,0.028141,0.088862,0.085374
[fold_2] 400,0.000521,0.091489,0.088022
[fold_2] 425,0.004139,0.085354,0.081672
[fold_2] 450,0.008091,0.083728,0.080052
[fold_2] 475,0.001745,0.086255,0.082802
[fold_2] 500,0.014498,0.086046,0.082552
[fold_2] 525,0.071092,0.081129,0.077339
[fold_2] 550,0.021705,0.077147,0.073157
[fold_2] 575,0.014682,0.080165,0.076356
[fold_2] 600,0.011628,0.077912,0.074105
[fold_2] 625,0.007010,0.072707,0.068507
[fold_2] 650,0.001828,0.078741,0.074852
[fold_2] 675,0.012952,0.070696,0.066341
[fold_2] 700,0.010928,0.073528,0.069561
[fold_2] 725,0.001050,0.068441,0.064010
[fold_2] 750,0.014118,0.069391,0.065094
[fold_2] 775,0.001764,0.066491,0.062005
[fold_2] 800,0.008725,0.066835,0.062393
[fold_2] 825,0.065662,0.066056,0.061567
[fold_2] 850,0.004203,0.066042,0.061659
[fold_2] 875,0.023880,0.063978,0.059456
[fold_2] 900,0.012952,0.061115,0.056378
[fold_2] 925,0.001974,0.061166,0.056422
[fold_2] 950,0.016246,0.061727,0.057148
[fold_2] 975,0.026617,0.061470,0.056814
[fold_2] 1000,0.000178,0.059274,0.054428
[fold_2] 1025,0.004116,0.058767,0.053886
[fold_2] 1050,0.001800,0.059767,0.055064
[fold_2] 1075,0.015936,0.058496,0.053680
[fold_2] 1100,0.009719,0.058898,0.054122
[fold_2] 1125,0.002514,0.057966,0.053044
[fold_2] 1150,0.013253,0.059003,0.054225
[fold_2] 1175,0.008132,0.057941,0.053022
[fold_2] 1200,0.002385,0.057477,0.052533
[fold_2] 1225,0.006467,0.058629,0.053810
[fold_2] 1250,0.002925,0.056456,0.051446
[fold_2] 1275,0.002734,0.056594,0.051683
[fold_2] 1300,0.005789,0.056677,0.051747
[fold_2] 1325,0.000242,0.056833,0.051962
[fold_2] 1350,0.005303,0.055967,0.051017
[fold_2] 1375,0.000151,0.055416,0.050405
[fold_2] 1400,0.000191,0.056215,0.051280
[fold_2] 1425,0.001670,0.055047,0.049990
[fold_2] 1450,0.001251,0.055095,0.050082
[fold_2] 1475,0.013326,0.054961,0.049903
[fold_2] 1500,0.000701,0.057202,0.052421
[fold_2] 1525,0.001302,0.055646,0.050687
[fold_2] 1550,0.001544,0.054854,0.049816
[fold_2] 1575,0.016467,0.054399,0.049293
[fold_2] 1600,0.000937,0.054884,0.049851
[fold_2] 1625,0.002066,0.054364,0.049303
[fold_2] 1650,0.001905,0.054039,0.048956
[fold_2] 1675,0.000618,0.054144,0.049041
[fold_2] 1700,0.000756,0.055264,0.050289
[fold_2] 1725,0.001845,0.054115,0.049012
[fold_2] 1750,0.037483,0.054021,0.048913
[fold_2] 1775,0.004040,0.053804,0.048706
[fold_2] 1800,0.004762,0.053637,0.048515
[fold_2] 1825,0.002817,0.053788,0.048703
[fold_2] 1850,0.000899,0.055571,0.050607
[fold_2] 1875,0.014865,0.054269,0.049219
[fold_2] 1900,0.001578,0.053507,0.048388
[fold_2] 1925,0.001116,0.053445,0.048314
[fold_2] 1950,0.025182,0.053599,0.048477
[fold_2] 1975,0.000841,0.053616,0.048528
[fold_2] 2000,0.000601,0.053380,0.048255
[fold_2] 2025,0.006427,0.053561,0.048442
[fold_2] 2050,0.002608,0.053536,0.048414
[fold_2] 2075,0.000521,0.053509,0.048428
[fold_2] 2100,0.004713,0.053303,0.048174
[fold_2] 2125,0.005369,0.053287,0.048151
[fold_2] 2150,0.003492,0.053337,0.048199
[fold_2] 2175,0.002750,0.053253,0.048114
[fold_2] 2200,0.003737,0.053238,0.048104
[fold_2] 2225,0.000195,0.053211,0.048069
[fold_2] 2250,0.023465,0.053249,0.048101
[fold_2] 2275,0.000814,0.053199,0.048057
[fold_2] 2300,0.001702,0.053279,0.048143
[fold_2] 2325,0.002650,0.053432,0.048327
[fold_2] 2350,0.007620,0.053191,0.048061
[fold_2] 2375,0.009326,0.053136,0.047997
[fold_2] 2400,0.007969,0.053126,0.047985
[fold_2] 2425,0.003799,0.053136,0.047996
[fold_2] 2450,0.005269,0.053169,0.048028
[fold_2] 2475,0.000133,0.053132,0.047998
[fold_2] 2500,0.002837,0.053113,0.047969
[fold_2] 2525,0.001567,0.053123,0.047989
[fold_2] 2550,0.000199,0.053097,0.047960
[fold_2] 2575,0.002889,0.053113,0.047981
[fold_2] 2600,0.000115,0.053132,0.048004
[fold_2] 2625,0.006682,0.053172,0.048051
[fold_2] 2650,0.002430,0.053110,0.047970
[fold_2] 2675,0.000188,0.053099,0.047950
[fold_2] 2700,0.036336,0.053212,0.048063
[fold_2] 2725,0.024839,0.053072,0.047920
[fold_2] 2750,0.030018,0.053066,0.047914
[fold_2] 2775,0.028539,0.053062,0.047913
[fold_2] 2800,0.002635,0.053056,0.047901
[fold_2] 2825,0.000537,0.053080,0.047936
[fold_2] 2850,0.000465,0.053047,0.047899
[fold_2] 2875,0.003259,0.053083,0.047944
[fold_2] 2900,0.001844,0.053074,0.047934
[fold_2] 2925,0.000143,0.053028,0.047877
[fold_2] 2950,0.000170,0.053095,0.047940
[fold_2] 2975,0.001068,0.053023,0.047865
[fold_2] 3000,0.010193,0.053136,0.047988
[fold_2] 3025,0.002448,0.053108,0.047973
[fold_2] 3050,0.018121,0.053036,0.047895
[fold_2] 3075,0.001649,0.053091,0.047940
[fold_2] 3100,0.000158,0.053068,0.047921
[fold_2] 3125,0.000364,0.053020,0.047882
[fold_2] 3150,0.006930,0.053051,0.047921
[fold_2] 3175,0.007658,0.053015,0.047876
[fold_2] 3200,0.004508,0.053021,0.047884
[fold_2] 3225,0.001514,0.052984,0.047832
[fold_2] 3250,0.000447,0.053018,0.047870
[fold_2] 3275,0.004051,0.052969,0.047810
[fold_2] 3300,0.013879,0.052983,0.047820
[fold_2] 3325,0.004260,0.052980,0.047831
[fold_2] 3350,0.024621,0.052954,0.047793
[fold_2] 3375,0.000186,0.052953,0.047793
[fold_2] 3400,0.003909,0.052944,0.047787
[fold_2] 3425,0.065512,0.052967,0.047803
[fold_2] 3450,0.025069,0.052951,0.047791
[fold_2] 3475,0.001996,0.052935,0.047780
[fold_2] 3500,0.002397,0.052954,0.047799
[fold_2] 3525,0.010613,0.052928,0.047763
[fold_2] 3550,0.000518,0.052926,0.047765
[fold_2] 3575,0.012029,0.052993,0.047852
[fold_2] 3600,0.013891,0.052947,0.047795
[fold_2] 3625,0.005159,0.052940,0.047791
[fold_2] 3650,0.000996,0.052994,0.047831
[fold_2] 3675,0.002454,0.052931,0.047760
[fold_2] 3700,0.007689,0.052946,0.047796
[fold_2] 3725,0.003834,0.052878,0.047716
[fold_2] 3750,0.007458,0.052887,0.047728
[fold_2] 3775,0.010770,0.052897,0.047727
[fold_2] 3800,0.002361,0.052858,0.047692
[fold_2] 3825,0.086961,0.052871,0.047702
[fold_2] 3850,0.010737,0.052844,0.047669
[fold_2] 3875,0.000118,0.052851,0.047677
[fold_2] 3900,0.003101,0.052829,0.047654
[fold_2] 3925,0.002084,0.052854,0.047685
[fold_2] 3950,0.018307,0.052826,0.047656
[fold_2] 3975,0.002283,0.052847,0.047673
[fold_2] 4000,0.000335,0.052914,0.047731
[fold_2] 4025,0.004705,0.052854,0.047675
[fold_2] 4050,0.011494,0.052812,0.047636
[fold_2] 4075,0.023255,0.052794,0.047617
[fold_2] 4100,0.000231,0.052934,0.047787
[fold_2] 4125,0.010056,0.052891,0.047741
[fold_2] 4150,0.000727,0.052817,0.047650
[fold_2] 4175,0.001534,0.052834,0.047668
[fold_2] 4200,0.006293,0.052778,0.047609
[fold_2] 4225,0.000162,0.052765,0.047587
[fold_2] 4250,0.000110,0.052745,0.047567
[fold_2] 4275,0.009080,0.052762,0.047593
[fold_2] 4300,0.002605,0.052766,0.047600
[fold_2] 4325,0.003555,0.052730,0.047551
[fold_2] 4350,0.004391,0.052793,0.047620
[fold_2] 4375,0.011773,0.052736,0.047558

Cross-validation summary
Mean train RMSE norm      : 0.052092
Mean validation RMSE norm : 0.051911
Median best epoch         : 4825
Best-so-far checkpoint    : updated
Training-curve plot       : plots/cross_validation_curves.png
