[fold_2] 0,1.700828,1.136566,1.137830
[fold_2] 1,1.251671,1.094601,1.095836
[fold_2] 25,1.290405,0.741058,0.741916
[fold_2] 50,0.002006,0.204579,0.203713
[fold_2] 75,0.071272,0.118666,0.116729
[fold_2] 100,0.018190,0.111144,0.109024
[fold_2] 125,0.008539,0.095508,0.092817
[fold_2] 150,0.020882,0.089327,0.086330
[fold_2] 175,0.000506,0.088601,0.085553
[fold_2] 200,0.003149,0.083399,0.080077
[fold_2] 225,0.014828,0.086387,0.083125
[fold_2] 250,0.037335,0.078291,0.074711
[fold_2] 275,0.000720,0.083319,0.079926
[fold_2] 300,0.001432,0.085094,0.081735
[fold_2] 325,0.005104,0.072707,0.068670
[fold_2] 350,0.003410,0.075811,0.071959
[fold_2] 375,0.001378,0.070293,0.066123
[fold_2] 400,0.010690,0.070655,0.066503
[fold_2] 425,0.020160,0.067538,0.063208
[fold_2] 450,0.004317,0.066432,0.061978
[fold_2] 475,0.001194,0.066014,0.061434
[fold_2] 500,0.000893,0.069449,0.065312
[fold_2] 525,0.000602,0.067957,0.063772
[fold_2] 550,0.005741,0.065868,0.061476
[fold_2] 575,0.003152,0.063799,0.059178
[fold_2] 600,0.003263,0.063863,0.059308
[fold_2] 625,0.005487,0.062650,0.057995
[fold_2] 650,0.002719,0.061715,0.056986
[fold_2] 675,0.001147,0.062918,0.058339
[fold_2] 700,0.006130,0.064386,0.060042
[fold_2] 725,0.006808,0.060945,0.056224
[fold_2] 750,0.000275,0.061165,0.056481
[fold_2] 775,0.032859,0.060748,0.056022
[fold_2] 800,0.001504,0.060120,0.055385
[fold_2] 825,0.018199,0.060090,0.055328
[fold_2] 850,0.012635,0.060458,0.055676
[fold_2] 875,0.030586,0.060360,0.055609
[fold_2] 900,0.002770,0.059825,0.055054
[fold_2] 925,0.003434,0.061263,0.056643
[fold_2] 950,0.009610,0.059859,0.055017
[fold_2] 975,0.009143,0.058866,0.054034
[fold_2] 1000,0.004113,0.060694,0.055923
[fold_2] 1025,0.021097,0.058363,0.053487
[fold_2] 1050,0.003113,0.058687,0.053918
[fold_2] 1075,0.003530,0.059242,0.054654
[fold_2] 1100,0.003464,0.058990,0.054351
[fold_2] 1125,0.003290,0.061306,0.056865
[fold_2] 1150,0.001076,0.057850,0.053069
[fold_2] 1175,0.021101,0.060348,0.055820
[fold_2] 1200,0.001134,0.057146,0.052303
[fold_2] 1225,0.000456,0.057370,0.052593
[fold_2] 1250,0.021723,0.057178,0.052329
[fold_2] 1275,0.000147,0.056882,0.051986
[fold_2] 1300,0.005785,0.056738,0.051894
[fold_2] 1325,0.005841,0.057035,0.052209
[fold_2] 1350,0.043935,0.056438,0.051575
[fold_2] 1375,0.000307,0.059328,0.054715
[fold_2] 1400,0.002811,0.056770,0.051958
[fold_2] 1425,0.016116,0.056623,0.051779
[fold_2] 1450,0.016674,0.056486,0.051599
[fold_2] 1475,0.001152,0.056258,0.051368
[fold_2] 1500,0.006468,0.056256,0.051406
[fold_2] 1525,0.000236,0.056155,0.051280
[fold_2] 1550,0.002960,0.056210,0.051323
[fold_2] 1575,0.020542,0.056083,0.051188
[fold_2] 1600,0.026600,0.056046,0.051150
[fold_2] 1625,0.004383,0.056056,0.051161
[fold_2] 1650,0.001932,0.056509,0.051626
[fold_2] 1675,0.008620,0.057038,0.052233
[fold_2] 1700,0.014640,0.056448,0.051557
[fold_2] 1725,0.028978,0.055853,0.050951
[fold_2] 1750,0.000533,0.055741,0.050801
[fold_2] 1775,0.011960,0.055696,0.050760
[fold_2] 1800,0.025097,0.055691,0.050752
[fold_2] 1825,0.003248,0.055700,0.050762
[fold_2] 1850,0.000377,0.055711,0.050782
[fold_2] 1875,0.003048,0.055650,0.050727
[fold_2] 1900,0.003002,0.055618,0.050659
[fold_2] 1925,0.013131,0.055771,0.050845
[fold_2] 1950,0.000608,0.055806,0.050863
[fold_2] 1975,0.004142,0.055899,0.050955
[fold_2] 2000,0.001986,0.055524,0.050569
[fold_2] 2025,0.006821,0.055467,0.050504
[fold_2] 2050,0.066981,0.055543,0.050584
[fold_2] 2075,0.001842,0.055483,0.050522
[fold_2] 2100,0.000177,0.055465,0.050510
[fold_2] 2125,0.007005,0.055453,0.050488
[fold_2] 2150,0.031594,0.055418,0.050456
[fold_2] 2175,0.000323,0.055433,0.050480
[fold_2] 2200,0.000293,0.055522,0.050572
[fold_2] 2225,0.000297,0.055642,0.050685
[fold_2] 2250,0.000144,0.055393,0.050418
[fold_2] 2275,0.003047,0.055466,0.050505
[fold_2] 2300,0.000097,0.055384,0.050412
[fold_2] 2325,0.000128,0.055394,0.050431
[fold_2] 2350,0.000129,0.055397,0.050437
[fold_2] 2375,0.007403,0.055400,0.050441
[fold_2] 2400,0.001076,0.055373,0.050403
[fold_2] 2425,0.001505,0.055437,0.050465
[fold_2] 2450,0.000337,0.055362,0.050380
[fold_2] 2475,0.000470,0.055368,0.050388
[fold_2] 2500,0.031104,0.055375,0.050407
[fold_2] 2525,0.005945,0.055369,0.050402
[fold_2] 2550,0.003950,0.055373,0.050401
[fold_2] 2575,0.003102,0.055353,0.050376
[fold_2] 2600,0.006471,0.055348,0.050364
[fold_2] 2625,0.005717,0.055388,0.050419
[fold_2] 2650,0.001749,0.055409,0.050454
[fold_2] 2675,0.005115,0.055368,0.050399
[fold_2] 2700,0.001267,0.055332,0.050364
[fold_2] 2725,0.000868,0.055308,0.050332
[fold_2] 2750,0.008187,0.055355,0.050385
[fold_2] 2775,0.004128,0.055389,0.050417
[fold_2] 2800,0.002972,0.055316,0.050346
[fold_2] 2825,0.000476,0.055311,0.050341
[fold_2] 2850,0.000166,0.055303,0.050334
[fold_2] 2875,0.013069,0.055315,0.050335
[fold_2] 2900,0.012322,0.055301,0.050325
[fold_2] 2925,0.000539,0.055283,0.050301
[fold_2] 2950,0.001107,0.055290,0.050315
[fold_2] 2975,0.022328,0.055289,0.050317
[fold_2] 3000,0.004970,0.055294,0.050317
[fold_2] 3025,0.002431,0.055295,0.050327
[fold_2] 3050,0.000808,0.055337,0.050380
[fold_5] 0,0.535838,1.136613,1.135064
[fold_5] 1,0.512707,1.096282,1.094715
[fold_5] 25,0.236542,0.773720,0.773008
[fold_5] 50,0.084128,0.189967,0.192627
[fold_5] 75,0.018746,0.119432,0.123169
[fold_5] 100,0.002135,0.108150,0.112615
[fold_5] 125,0.012220,0.095316,0.100343
[fold_5] 150,0.001936,0.092502,0.097696
[fold_5] 175,0.005860,0.091584,0.096633
[fold_5] 200,0.004307,0.085779,0.091225
[fold_5] 225,0.000519,0.084742,0.090239
[fold_5] 250,0.004349,0.080593,0.086287
[fold_5] 275,0.016888,0.077109,0.082966
[fold_5] 300,0.012561,0.076158,0.082016
[fold_5] 325,0.010739,0.072768,0.078789
[fold_5] 350,0.001501,0.072233,0.078232
[fold_5] 375,0.005131,0.070295,0.076420
[fold_5] 400,0.000298,0.072382,0.078368
[fold_5] 425,0.000810,0.065189,0.071696
[fold_5] 450,0.008799,0.067979,0.074134
[fold_5] 475,0.000352,0.065121,0.071600
[fold_5] 500,0.024802,0.068504,0.074601
[fold_5] 525,0.010136,0.062444,0.069045
[fold_5] 550,0.001380,0.063677,0.070212
[fold_5] 575,0.000332,0.061669,0.068355
[fold_5] 600,0.055399,0.059085,0.066070
[fold_5] 625,0.000891,0.058079,0.065172
[fold_5] 650,0.008567,0.065635,0.071982
[fold_5] 675,0.000229,0.063564,0.070236
[fold_5] 700,0.007418,0.060100,0.067098
[fold_5] 725,0.000885,0.059174,0.066300
[fold_5] 750,0.007143,0.057136,0.064418
[fold_5] 775,0.005265,0.057382,0.064651
[fold_5] 800,0.000226,0.057113,0.064396
[fold_5] 825,0.006621,0.056331,0.063703
[fold_5] 850,0.008507,0.055594,0.063068
[fold_5] 875,0.005901,0.056212,0.063556
[fold_5] 900,0.000529,0.056306,0.063654
[fold_5] 925,0.003964,0.059972,0.066991
[fold_5] 950,0.002359,0.055218,0.062669
[fold_5] 975,0.000926,0.057865,0.064922
[fold_5] 1000,0.003682,0.054843,0.062315
[fold_5] 1025,0.008583,0.054888,0.062332
[fold_5] 1050,0.009269,0.054810,0.062273
[fold_5] 1075,0.002218,0.056502,0.063760
[fold_5] 1100,0.001218,0.054437,0.061950
[fold_5] 1125,0.004624,0.054168,0.061688
[fold_5] 1150,0.007176,0.054435,0.061933
[fold_5] 1175,0.002943,0.054436,0.061960
[fold_5] 1200,0.003857,0.053926,0.061479
[fold_5] 1225,0.003255,0.054175,0.061676
[fold_5] 1250,0.001676,0.053862,0.061432
[fold_5] 1275,0.006494,0.053655,0.061242
[fold_5] 1300,0.003916,0.053665,0.061194
[fold_5] 1325,0.008421,0.054036,0.061555
[fold_5] 1350,0.000147,0.056277,0.063480
[fold_5] 1375,0.006175,0.054709,0.062088
[fold_5] 1400,0.001850,0.053118,0.060728
[fold_5] 1425,0.000263,0.053074,0.060691
[fold_5] 1450,0.030322,0.053447,0.061005
[fold_5] 1475,0.000345,0.053637,0.061141
[fold_5] 1500,0.009186,0.054275,0.061778
[fold_5] 1525,0.000139,0.053014,0.060658
[fold_5] 1550,0.010032,0.052912,0.060542
[fold_5] 1575,0.001034,0.052826,0.060477
[fold_5] 1600,0.023559,0.052908,0.060564
[fold_5] 1625,0.001455,0.052806,0.060458
[fold_5] 1650,0.011851,0.052861,0.060508
[fold_5] 1675,0.001267,0.052796,0.060432
[fold_5] 1700,0.010983,0.053054,0.060651
[fold_5] 1725,0.017880,0.052732,0.060377
[fold_5] 1750,0.064319,0.053373,0.060919
[fold_5] 1775,0.003896,0.052879,0.060506
[fold_5] 1800,0.003962,0.052679,0.060319
[fold_5] 1825,0.001356,0.053032,0.060658
[fold_5] 1850,0.005149,0.052693,0.060349
[fold_5] 1875,0.012714,0.052617,0.060273
[fold_5] 1900,0.001492,0.052581,0.060242
[fold_5] 1925,0.000939,0.052602,0.060262
[fold_5] 1950,0.000295,0.052554,0.060212
[fold_5] 1975,0.000394,0.052572,0.060218
[fold_5] 2000,0.000166,0.052463,0.060114
[fold_5] 2025,0.002080,0.052916,0.060519
[fold_5] 2050,0.095209,0.052540,0.060177
[fold_5] 2075,0.036663,0.052593,0.060216
[fold_5] 2100,0.002674,0.052346,0.059998
[fold_5] 2125,0.004272,0.052297,0.059952
[fold_5] 2150,0.012374,0.052278,0.059946
[fold_5] 2175,0.003756,0.052373,0.060042
[fold_5] 2200,0.052556,0.052272,0.059945
[fold_5] 2225,0.007628,0.052304,0.059968
[fold_5] 2250,0.000204,0.052354,0.059997
[fold_5] 2275,0.004628,0.052283,0.059956
[fold_5] 2300,0.009262,0.052186,0.059859
[fold_5] 2325,0.004489,0.052215,0.059892
[fold_5] 2350,0.001540,0.052192,0.059870
[fold_5] 2375,0.000482,0.052204,0.059869
[fold_5] 2400,0.000097,0.052189,0.059853
[fold_5] 2425,0.018183,0.052200,0.059864
[fold_5] 2450,0.005595,0.052163,0.059829
[fold_5] 2475,0.000102,0.052159,0.059833
[fold_5] 2500,0.000208,0.052159,0.059824
[fold_5] 2525,0.005847,0.052126,0.059800
[fold_5] 2550,0.004287,0.052129,0.059805
[fold_5] 2575,0.000525,0.052123,0.059796
[fold_5] 2600,0.003661,0.052131,0.059798
[fold_5] 2625,0.000643,0.052112,0.059785
[fold_5] 2650,0.000162,0.052103,0.059777
[fold_5] 2675,0.002258,0.052113,0.059782
[fold_5] 2700,0.000545,0.052110,0.059788
[fold_5] 2725,0.039537,0.052087,0.059763
[fold_5] 2750,0.000265,0.052129,0.059799
[fold_5] 2775,0.004682,0.052077,0.059755
[fold_5] 2800,0.001152,0.052072,0.059747
[fold_5] 2825,0.018947,0.052071,0.059750
[fold_1] 0,0.547081,1.136587,1.135757
[fold_1] 1,1.096384,1.094618,1.093915
[fold_1] 25,0.867098,0.773041,0.772509
[fold_1] 50,0.036537,0.192876,0.191179
[fold_1] 75,0.018195,0.136102,0.135003
[fold_1] 100,0.022466,0.117843,0.116404
[fold_1] 125,0.011284,0.099360,0.097517
[fold_1] 150,0.000468,0.092724,0.090838
[fold_1] 175,0.004138,0.095767,0.094088
[fold_1] 200,0.017339,0.087340,0.085591
[fold_1] 225,0.004689,0.085406,0.083436
[fold_1] 250,0.022859,0.083436,0.081676
[fold_1] 275,0.006487,0.077316,0.075291
[fold_1] 300,0.017008,0.074318,0.072312
[fold_1] 325,0.003956,0.074257,0.072239
[fold_1] 350,0.014742,0.076943,0.075425
[fold_1] 375,0.001877,0.071752,0.069972
[fold_1] 400,0.000448,0.067591,0.065649
[fold_1] 425,0.000337,0.067943,0.066047
[fold_1] 450,0.004797,0.069863,0.068071
[fold_1] 475,0.013117,0.067028,0.065004
[fold_1] 500,0.007869,0.065096,0.063235
[fold_1] 525,0.003081,0.063685,0.061581
[fold_1] 550,0.002909,0.063423,0.061229
[fold_1] 575,0.019042,0.064642,0.062604
[fold_1] 600,0.047948,0.060829,0.058663
[fold_1] 625,0.002398,0.060979,0.058797
[fold_1] 650,0.020198,0.062863,0.060765
[fold_1] 675,0.000334,0.065238,0.063300
[fold_1] 700,0.010289,0.060511,0.058389
[fold_1] 725,0.001857,0.059440,0.057139
[fold_1] 750,0.006882,0.060112,0.057951
[fold_1] 775,0.007978,0.058271,0.055965
[fold_1] 800,0.002910,0.058406,0.056100
[fold_1] 825,0.000601,0.058994,0.056645
[fold_1] 850,0.000880,0.058870,0.056600
[fold_1] 875,0.008319,0.057636,0.055316
[fold_1] 900,0.000208,0.057894,0.055543
[fold_1] 925,0.003984,0.057613,0.055303
[fold_1] 950,0.000173,0.057785,0.055441
[fold_1] 975,0.000165,0.056926,0.054581
[fold_1] 1000,0.003945,0.057151,0.054808
[fold_1] 1025,0.012025,0.056855,0.054508
[fold_1] 1050,0.021798,0.057013,0.054669
[fold_1] 1075,0.002570,0.056690,0.054317
[fold_1] 1100,0.003176,0.056978,0.054662
[fold_1] 1125,0.006535,0.056502,0.054169
[fold_1] 1150,0.005316,0.056446,0.054085
[fold_1] 1175,0.000153,0.056347,0.053980
[fold_1] 1200,0.000893,0.056391,0.054057
[fold_1] 1225,0.001713,0.057276,0.054954
[fold_1] 1250,0.001921,0.056212,0.053842
[fold_1] 1275,0.001913,0.058204,0.055973
[fold_1] 1300,0.005509,0.056674,0.054365
[fold_1] 1325,0.053399,0.056386,0.054011
[fold_1] 1350,0.000179,0.055744,0.053411
[fold_1] 1375,0.000545,0.055508,0.053141
[fold_1] 1400,0.000653,0.055511,0.053105
[fold_1] 1425,0.000244,0.056421,0.054053
[fold_1] 1450,0.010824,0.055577,0.053207
[fold_1] 1475,0.008680,0.055410,0.053034
[fold_1] 1500,0.001164,0.055503,0.053098
[fold_1] 1525,0.005233,0.055254,0.052851
[fold_1] 1550,0.000413,0.055321,0.052925
[fold_1] 1575,0.006127,0.055378,0.052985
[fold_1] 1600,0.110687,0.055178,0.052750
[fold_1] 1625,0.000706,0.055265,0.052861
[fold_1] 1650,0.000627,0.055089,0.052704
[fold_1] 1675,0.018512,0.055150,0.052748
[fold_1] 1700,0.002717,0.055275,0.052874
[fold_1] 1725,0.017557,0.055191,0.052764
[fold_1] 1750,0.001305,0.054919,0.052484
[fold_1] 1775,0.003772,0.054985,0.052528
[fold_1] 1800,0.003173,0.054727,0.052301
[fold_1] 1825,0.093876,0.054717,0.052295
[fold_1] 1850,0.007466,0.056106,0.053725
[fold_1] 1875,0.006576,0.054685,0.052263
[fold_1] 1900,0.000186,0.054694,0.052270
[fold_1] 1925,0.014377,0.054630,0.052208
[fold_1] 1950,0.006591,0.054808,0.052408
[fold_1] 1975,0.000452,0.054581,0.052150
[fold_1] 2000,0.017636,0.055182,0.052788
[fold_1] 2025,0.008327,0.054575,0.052149
[fold_1] 2050,0.012436,0.054523,0.052109
[fold_1] 2075,0.000162,0.054497,0.052060
[fold_1] 2100,0.000184,0.054427,0.051986
[fold_1] 2125,0.008453,0.054549,0.052078
[fold_1] 2150,0.118924,0.054627,0.052186
[fold_1] 2175,0.036132,0.054454,0.051980
[fold_1] 2200,0.001350,0.054346,0.051885
[fold_1] 2225,0.003994,0.054436,0.051957
[fold_1] 2250,0.000585,0.054383,0.051907
[fold_1] 2275,0.007064,0.054356,0.051884
[fold_1] 2300,0.035775,0.054234,0.051756
[fold_1] 2325,0.000123,0.054451,0.051989
[fold_1] 2350,0.008055,0.054249,0.051785
[fold_1] 2375,0.004734,0.054227,0.051778
[fold_1] 2400,0.007278,0.054155,0.051689
[fold_1] 2425,0.012098,0.054167,0.051699
[fold_1] 2450,0.000136,0.054299,0.051854
[fold_1] 2475,0.000337,0.054162,0.051711
[fold_1] 2500,0.000487,0.054141,0.051683
[fold_1] 2525,0.000327,0.054181,0.051730
[fold_1] 2550,0.000646,0.054155,0.051695
[fold_1] 2575,0.004402,0.054186,0.051726
[fold_1] 2600,0.002594,0.054314,0.051858
[fold_1] 2625,0.000647,0.054132,0.051670
[fold_1] 2650,0.002736,0.054228,0.051763
[fold_1] 2675,0.000534,0.054164,0.051691
[fold_1] 2700,0.012875,0.054159,0.051686
[fold_1] 2725,0.000825,0.054126,0.051656
[fold_1] 2750,0.000097,0.054110,0.051636
[fold_1] 2775,0.006375,0.054139,0.051665
[fold_1] 2800,0.011794,0.054391,0.051925
[fold_1] 2825,0.006696,0.054166,0.051689
[fold_1] 2850,0.007253,0.054165,0.051695
[fold_1] 2875,0.024861,0.054102,0.051642
[fold_1] 2900,0.028540,0.054069,0.051610
[fold_1] 2925,0.011521,0.054125,0.051667
[fold_1] 2950,0.006402,0.054128,0.051671
[fold_1] 2975,0.000116,0.054051,0.051584
[fold_4] 0,2.361607,1.136506,1.138613
[fold_4] 1,2.144641,1.139669,1.141721
[fold_4] 25,0.197263,0.730677,0.731717
[fold_4] 50,0.106724,0.242827,0.242800
[fold_4] 75,0.027627,0.138293,0.136529
[fold_4] 100,0.023284,0.104250,0.101853
[fold_4] 125,0.011685,0.096596,0.093909
[fold_4] 150,0.000735,0.091962,0.089013
[fold_4] 175,0.002100,0.086060,0.082951
[fold_4] 200,0.022132,0.082560,0.079318
[fold_4] 225,0.006411,0.083555,0.080113
[fold_4] 250,0.015739,0.075152,0.071856
[fold_4] 275,0.036541,0.083198,0.080147
[fold_4] 300,0.001910,0.075596,0.072048
[fold_4] 325,0.002126,0.070193,0.066765
[fold_4] 350,0.012449,0.067751,0.064287
[fold_4] 375,0.008382,0.066677,0.062823
[fold_4] 400,0.048542,0.076929,0.073751
[fold_4] 425,0.005793,0.065912,0.061635
[fold_4] 450,0.014146,0.066511,0.062447
[fold_4] 475,0.006822,0.065535,0.061333
[fold_4] 500,0.004836,0.060522,0.056261
[fold_4] 525,0.009481,0.061808,0.057731
[fold_4] 550,0.010093,0.057791,0.053399
[fold_4] 575,0.000309,0.059159,0.054819
[fold_4] 600,0.006668,0.057283,0.053013
[fold_4] 625,0.003068,0.057318,0.053266
[fold_4] 650,0.000628,0.057346,0.053207
[fold_4] 675,0.006099,0.063876,0.060022
[fold_4] 700,0.024564,0.055653,0.051383
[fold_4] 725,0.003333,0.055948,0.051717
[fold_4] 750,0.004469,0.055032,0.050634
[fold_4] 775,0.006720,0.054875,0.050421
[fold_4] 800,0.004130,0.055675,0.051166
[fold_4] 825,0.002348,0.057506,0.053333
[fold_4] 850,0.002326,0.054532,0.050013
[fold_4] 875,0.000112,0.055287,0.050832
[fold_4] 900,0.005129,0.055065,0.050624
[fold_4] 925,0.002738,0.054612,0.050082
[fold_4] 950,0.002111,0.055786,0.051441
[fold_4] 975,0.000875,0.055492,0.051108
[fold_4] 1000,0.002692,0.053933,0.049455
[fold_4] 1025,0.007977,0.055330,0.051021
[fold_4] 1050,0.001241,0.053720,0.049235
[fold_4] 1075,0.000226,0.053800,0.049443
[fold_4] 1100,0.000177,0.053555,0.049082
[fold_4] 1125,0.049538,0.053780,0.049358
[fold_4] 1150,0.000861,0.053443,0.048888
[fold_4] 1175,0.006626,0.053347,0.048781
[fold_4] 1200,0.002423,0.053484,0.048927
[fold_4] 1225,0.007152,0.053308,0.048686
[fold_4] 1250,0.060770,0.053091,0.048536
[fold_4] 1275,0.000189,0.052969,0.048364
[fold_4] 1300,0.001676,0.053208,0.048584
[fold_4] 1325,0.038531,0.052882,0.048233
[fold_4] 1350,0.003767,0.053017,0.048524
[fold_4] 1375,0.013660,0.052761,0.048043
[fold_4] 1400,0.001212,0.053144,0.048567
[fold_4] 1425,0.000416,0.052826,0.048113
[fold_4] 1450,0.025678,0.052929,0.048201
[fold_4] 1475,0.000625,0.052836,0.048195
[fold_4] 1500,0.001737,0.052719,0.047922
[fold_4] 1525,0.004845,0.052474,0.047713
[fold_4] 1550,0.003216,0.052788,0.048129
[fold_4] 1575,0.000806,0.052869,0.048141
[fold_4] 1600,0.002962,0.052492,0.047688
[fold_4] 1625,0.000112,0.052361,0.047629
[fold_4] 1650,0.000705,0.052562,0.047952
[fold_4] 1675,0.001499,0.052385,0.047592
[fold_4] 1700,0.034426,0.052480,0.047871
[fold_4] 1725,0.000459,0.052777,0.048126
[fold_4] 1750,0.000195,0.052360,0.047632
[fold_4] 1775,0.000156,0.052153,0.047387
[fold_4] 1800,0.003428,0.052341,0.047636
[fold_4] 1825,0.003895,0.052176,0.047381
[fold_4] 1850,0.001234,0.052315,0.047559
[fold_4] 1875,0.002789,0.052542,0.047821
[fold_4] 1900,0.003711,0.052074,0.047310
[fold_4] 1925,0.018002,0.052046,0.047273
[fold_4] 1950,0.000153,0.052037,0.047228
[fold_4] 1975,0.000197,0.052778,0.048131
[fold_4] 2000,0.009059,0.052193,0.047424
[fold_4] 2025,0.006165,0.053063,0.048268
[fold_4] 2050,0.002223,0.052145,0.047377
[fold_4] 2075,0.000199,0.052026,0.047228
[fold_4] 2100,0.021611,0.052222,0.047447
[fold_4] 2125,0.040211,0.052148,0.047384
[fold_4] 2150,0.008230,0.051967,0.047176
[fold_4] 2175,0.000983,0.051943,0.047143
[fold_4] 2200,0.004089,0.051939,0.047161
[fold_4] 2225,0.024895,0.051973,0.047155
[fold_4] 2250,0.014482,0.052067,0.047214
[fold_4] 2275,0.001188,0.052025,0.047187
[fold_4] 2300,0.000167,0.052086,0.047233
[fold_4] 2325,0.002579,0.052048,0.047189
[fold_4] 2350,0.001042,0.051973,0.047129
[fold_4] 2375,0.088842,0.052081,0.047212
[fold_4] 2400,0.000982,0.052004,0.047158
[fold_4] 2425,0.001487,0.051971,0.047133
[fold_4] 2450,0.003849,0.051925,0.047101
[fold_4] 2475,0.003339,0.051954,0.047144
[fold_4] 2500,0.001297,0.051918,0.047101
[fold_4] 2525,0.002324,0.051896,0.047085
[fold_4] 2550,0.003992,0.051919,0.047109
[fold_4] 2575,0.000624,0.051891,0.047056
[fold_4] 2600,0.002135,0.051942,0.047142
[fold_4] 2625,0.001579,0.051882,0.047057
[fold_4] 2650,0.003148,0.051879,0.047042
[fold_4] 2675,0.003983,0.051866,0.047039
[fold_4] 2700,0.004302,0.051867,0.047033
[fold_3] 0,0.226982,1.136620,1.135628
[fold_3] 1,0.241671,1.110455,1.109420
[fold_3] 25,0.019508,0.771190,0.770295
[fold_3] 50,0.121635,0.251951,0.252473
[fold_3] 75,0.033863,0.135204,0.136738
[fold_3] 100,0.003389,0.106559,0.108549
[fold_3] 125,0.025807,0.097618,0.099851
[fold_3] 150,0.001398,0.094414,0.096787
[fold_3] 175,0.019190,0.090063,0.092626
[fold_3] 200,0.020662,0.086639,0.089315
[fold_3] 225,0.026642,0.086216,0.088847
[fold_3] 250,0.003105,0.081453,0.084449
[fold_3] 275,0.000287,0.077567,0.080458
[fold_3] 300,0.015798,0.078696,0.081647
[fold_3] 325,0.010692,0.074182,0.077205
[fold_3] 350,0.000828,0.073209,0.076319
[fold_3] 375,0.008272,0.070444,0.073775
[fold_3] 400,0.003137,0.070149,0.073436
[fold_3] 425,0.003898,0.067704,0.071018
[fold_3] 450,0.011918,0.071993,0.075271
[fold_3] 475,0.004921,0.064594,0.068020
[fold_3] 500,0.030115,0.063274,0.066676
[fold_3] 525,0.007047,0.070123,0.073220
[fold_3] 550,0.015977,0.067228,0.070414
[fold_3] 575,0.019263,0.064020,0.067514
[fold_3] 600,0.023446,0.065343,0.068814
[fold_3] 625,0.000716,0.065339,0.068785
[fold_3] 650,0.011310,0.061461,0.065011
[fold_3] 675,0.002062,0.060452,0.063983
[fold_3] 700,0.000244,0.059682,0.063384
[fold_3] 725,0.003500,0.060087,0.063671
[fold_3] 750,0.002757,0.059187,0.062867
[fold_3] 775,0.000263,0.060077,0.063709
[fold_3] 800,0.007372,0.059143,0.062750
[fold_3] 825,0.000317,0.059119,0.062709
[fold_3] 850,0.032794,0.058249,0.061915
[fold_3] 875,0.004787,0.057586,0.061202
[fold_3] 900,0.002020,0.058867,0.062367
[fold_3] 925,0.003305,0.057383,0.060993
[fold_3] 950,0.001983,0.057220,0.060844
[fold_3] 975,0.012387,0.059499,0.063077
[fold_3] 1000,0.023508,0.058351,0.061840
[fold_3] 1025,0.000444,0.058265,0.061860
[fold_3] 1050,0.007065,0.056817,0.060421
[fold_3] 1075,0.002522,0.056967,0.060553
[fold_3] 1100,0.003551,0.057661,0.061257
[fold_3] 1125,0.003048,0.057162,0.060799
[fold_3] 1150,0.008461,0.056026,0.059721
[fold_3] 1175,0.002568,0.055757,0.059475
[fold_3] 1200,0.007822,0.055805,0.059512
[fold_3] 1225,0.001147,0.055861,0.059585
[fold_3] 1250,0.006074,0.055811,0.059546
[fold_3] 1275,0.005315,0.055670,0.059379
[fold_3] 1300,0.001630,0.055553,0.059269
[fold_3] 1325,0.006042,0.055509,0.059226
[fold_3] 1350,0.026715,0.055660,0.059359
[fold_3] 1375,0.000248,0.055476,0.059178
[fold_3] 1400,0.042051,0.056095,0.059741
[fold_3] 1425,0.064610,0.055392,0.059082
[fold_3] 1450,0.000179,0.055449,0.059156
[fold_3] 1475,0.006977,0.055348,0.059038
[fold_3] 1500,0.041314,0.055438,0.059139
[fold_3] 1525,0.004970,0.055420,0.059115
[fold_3] 1550,0.002035,0.055416,0.059128
[fold_3] 1575,0.040061,0.055415,0.059127
[fold_3] 1600,0.006088,0.055278,0.058993
[fold_3] 1625,0.007484,0.055202,0.058911
[fold_3] 1650,0.006587,0.055215,0.058917
[fold_3] 1675,0.006160,0.055213,0.058925
[fold_3] 1700,0.001613,0.055159,0.058861
[fold_3] 1725,0.008094,0.055140,0.058838
[fold_3] 1750,0.001747,0.055235,0.058907
[fold_3] 1775,0.004406,0.055115,0.058807
[fold_3] 1800,0.007782,0.055123,0.058819
[fold_3] 1825,0.009020,0.055307,0.058980
[fold_3] 1850,0.000333,0.055195,0.058897
[fold_3] 1875,0.013654,0.055148,0.058857
[fold_3] 1900,0.000125,0.055099,0.058802
[fold_3] 1925,0.000758,0.055065,0.058783
[fold_3] 1950,0.009794,0.055053,0.058768
[fold_3] 1975,0.016844,0.055062,0.058773
[fold_3] 2000,0.003476,0.055116,0.058832
[fold_3] 2025,0.002193,0.055079,0.058797
[fold_3] 2050,0.002687,0.055082,0.058799
[fold_3] 2075,0.007368,0.055025,0.058750
[fold_3] 2100,0.001480,0.055049,0.058778
[fold_3] 2125,0.005066,0.055014,0.058741
[fold_3] 2150,0.048673,0.054997,0.058719
[fold_3] 2175,0.000210,0.055012,0.058732
[fold_3] 2200,0.003648,0.055016,0.058730
[fold_3] 2225,0.000244,0.054997,0.058716
[fold_3] 2250,0.021111,0.055017,0.058738
[fold_3] 2275,0.019414,0.054982,0.058702
[fold_3] 2300,0.008711,0.054971,0.058693
[fold_3] 2325,0.000134,0.054987,0.058710
[fold_3] 2350,0.001596,0.054951,0.058672
[fold_3] 2375,0.030215,0.054946,0.058661
[fold_3] 2400,0.001540,0.054942,0.058657
[fold_3] 2425,0.000647,0.054947,0.058655
[fold_3] 2450,0.000210,0.054929,0.058647
[fold_3] 2475,0.002600,0.054941,0.058654
[fold_3] 2500,0.005752,0.054947,0.058660
[fold_3] 2525,0.000247,0.054967,0.058682
[fold_3] 2550,0.005205,0.054924,0.058639
[fold_3] 2575,0.010029,0.054921,0.058631
[fold_3] 2600,0.000485,0.054913,0.058632
[fold_3] 2625,0.000521,0.054917,0.058632
[fold_3] 2650,0.000145,0.054889,0.058605
[fold_3] 2675,0.000743,0.054897,0.058621
[fold_3] 2700,0.007519,0.054946,0.058656
[fold_3] 2725,0.005652,0.054879,0.058591
[fold_3] 2750,0.002652,0.054879,0.058588
[fold_3] 2775,0.001754,0.054892,0.058603
[fold_3] 2800,0.005559,0.054900,0.058631
[fold_3] 2825,0.000601,0.054850,0.058578
[fold_3] 2850,0.001833,0.054831,0.058552
[fold_3] 2875,0.000132,0.054870,0.058585
[fold_3] 2900,0.001227,0.054848,0.058562
[fold_3] 2925,0.000135,0.054822,0.058542
[fold_3] 2950,0.001988,0.054855,0.058573
[fold_3] 2975,0.023135,0.054915,0.058624
[fold_3] 3000,0.000712,0.054794,0.058511
[fold_3] 3025,0.000652,0.054822,0.058535
[fold_3] 3050,0.000357,0.054826,0.058540
[fold_3] 3075,0.007287,0.054837,0.058549

Cross-validation summary
Mean train RMSE norm      : 0.053613
Mean validation RMSE norm : 0.053435
Median best epoch         : 2925
Best-so-far checkpoint    : kept previous
Training-curve plot       : plots/cross_validation_curves.png
