fold_2
epoch,window_loss_norm_mse,train_rmse_norm,val_rmse_norm
0,1.985044,1.024429,1.025808
1,1.135386,1.012382,1.013746
25,0.427513,0.589353,0.589445
50,0.038166,0.207408,0.206825
75,0.029315,0.126413,0.124495
100,0.019522,0.106268,0.103953
125,0.007301,0.094414,0.091793
150,0.008455,0.086894,0.083979
175,0.009528,0.081869,0.078717
200,0.010864,0.078817,0.075541
225,0.007977,0.075850,0.072382
250,0.010546,0.073570,0.069969
275,0.009154,0.072840,0.069132
300,0.007264,0.070898,0.067139
325,0.006922,0.069509,0.065634
350,0.006539,0.068146,0.064225
375,0.006792,0.067025,0.063050
400,0.005502,0.065985,0.061939
425,0.005935,0.065349,0.061239
450,0.009652,0.064670,0.060506
475,0.006656,0.063788,0.059604
500,0.002485,0.062827,0.058602
525,0.009200,0.062052,0.057786
550,0.004795,0.061287,0.056956
575,0.003673,0.060402,0.056022
600,0.004058,0.059583,0.055146
625,0.007625,0.060055,0.055640
650,0.007371,0.058655,0.054178
675,0.002913,0.058320,0.053835
700,0.003609,0.057572,0.052974
725,0.003637,0.056831,0.052233
750,0.006702,0.056301,0.051679
775,0.007521,0.055928,0.051217
800,0.005041,0.055796,0.051112
825,0.009212,0.055093,0.050331
850,0.004897,0.054428,0.049647
875,0.004997,0.054185,0.049389
900,0.006294,0.053800,0.048931
925,0.002077,0.053373,0.048505
950,0.004813,0.052980,0.048060
975,0.006863,0.052635,0.047713
1000,0.004678,0.053045,0.048158
1025,0.007256,0.052002,0.047033
1050,0.003941,0.052369,0.047430
1075,0.009016,0.051731,0.046688
1100,0.002934,0.051553,0.046474
1125,0.004010,0.051245,0.046150
1150,0.011555,0.050847,0.045712
1175,0.003424,0.051476,0.046365
1200,0.003077,0.050465,0.045271
1225,0.003039,0.050362,0.045139
1250,0.005967,0.050105,0.044865
1275,0.003826,0.050487,0.045278
1300,0.002434,0.050059,0.044802
1325,0.005370,0.050063,0.044812
1350,0.007663,0.049383,0.044076
1375,0.006139,0.049179,0.043857
1400,0.001064,0.049259,0.043973
1425,0.006249,0.048912,0.043560
1450,0.002187,0.048756,0.043404
