fold_3
epoch,window_loss_norm_mse,train_rmse_norm,val_rmse_norm
0,1.091105,1.024401,1.023924
1,0.928222,1.012345,1.011863
25,0.335283,0.588104,0.588378
50,0.043519,0.207104,0.208291
75,0.016578,0.124366,0.126382
100,0.006018,0.104128,0.106328
125,0.013805,0.092863,0.095228
150,0.016295,0.085510,0.088031
175,0.012466,0.080502,0.083189
200,0.003156,0.077522,0.080309
225,0.008350,0.074734,0.077551
250,0.008479,0.072536,0.075416
275,0.007031,0.070434,0.073407
300,0.008873,0.069612,0.072583
325,0.005359,0.068378,0.071432
350,0.007385,0.066924,0.070009
375,0.008331,0.065991,0.069103
400,0.002497,0.065062,0.068285
425,0.009330,0.064441,0.067573
450,0.007537,0.063660,0.066824
475,0.008291,0.062539,0.065789
500,0.004458,0.061626,0.064915
525,0.004725,0.060767,0.064056
550,0.006669,0.060799,0.064109
575,0.007334,0.059527,0.062852
600,0.005346,0.058477,0.061906
625,0.005575,0.058459,0.061867
650,0.004040,0.057303,0.060793
675,0.007308,0.056690,0.060226
700,0.006271,0.056071,0.059614
725,0.005972,0.056341,0.059850
750,0.003652,0.054962,0.058540
775,0.008434,0.055190,0.058725
800,0.004088,0.053897,0.057534
825,0.003842,0.053602,0.057288
850,0.006418,0.053794,0.057451
875,0.004449,0.052526,0.056266
900,0.002441,0.052259,0.055947
925,0.005161,0.052032,0.055734
950,0.003438,0.051937,0.055662
975,0.006011,0.052281,0.056025
1000,0.014578,0.050765,0.054588
1025,0.004569,0.050528,0.054326
1050,0.006693,0.050171,0.053998
1075,0.001993,0.049949,0.053842
1100,0.005663,0.049646,0.053569
1125,0.003264,0.049744,0.053627
1150,0.006530,0.049462,0.053422
1175,0.001167,0.049268,0.053246
1200,0.003680,0.048630,0.052624
1225,0.002933,0.050344,0.054183
1250,0.006105,0.048582,0.052546
1275,0.008495,0.048286,0.052300
1300,0.000935,0.048074,0.052126
1325,0.001087,0.050167,0.054040
1350,0.006921,0.049407,0.053297
1375,0.016455,0.048325,0.052358
1400,0.008659,0.047416,0.051482
1425,0.001681,0.047292,0.051356
1450,0.003611,0.047395,0.051460
1475,0.005341,0.047180,0.051280
